

================================================================
== Vitis HLS Report for 'NeuroRing'
================================================================
* Date:           Fri Feb 27 12:39:53 2026

* Version:        2025.1 (Build 6135595 on May 21 2025)
* Project:        NeuroRing
* Solution:       solution (Vitis Kernel Flow Target)
* Product family: virtexuplusHBM
* Target device:  xcu55c-fsvh2892-2L-e


================================================================
== Performance Estimates
================================================================
+ Timing: 
    * Summary: 
    +--------+---------+----------+------------+
    |  Clock |  Target | Estimated| Uncertainty|
    +--------+---------+----------+------------+
    |ap_clk  |  3.33 ns|  2.470 ns|     0.90 ns|
    +--------+---------+----------+------------+

+ Latency: 
    * Summary: 
    +---------+---------+----------+----------+-----+-----+---------+
    |  Latency (cycles) |  Latency (absolute) |  Interval | Pipeline|
    |   min   |   max   |    min   |    max   | min | max |   Type  |
    +---------+---------+----------+----------+-----+-----+---------+
    |        ?|        ?|         ?|         ?|    ?|    ?|       no|
    +---------+---------+----------+----------+-----+-----+---------+

    + Detail: 
        * Instance: 
        +----------------------------------------------------------+----------------------------------------------+---------+---------+-----------+-----------+------+------+------------------------------------------------+
        |                                                          |                                              |  Latency (cycles) |   Latency (absolute)  |   Interval  |                    Pipeline                    |
        |                         Instance                         |                    Module                    |   min   |   max   |    min    |    max    |  min |  max |                      Type                      |
        +----------------------------------------------------------+----------------------------------------------+---------+---------+-----------+-----------+------+------+------------------------------------------------+
        |grp_NeuroRing_Pipeline_VITIS_LOOP_94_1_fu_973             |NeuroRing_Pipeline_VITIS_LOOP_94_1            |     4180|     4180|  13.932 us|  13.932 us|  4097|  4097|  loop auto-rewind stp (delay=0 clock cycles(s))|
        |grp_NeuroRing_Pipeline_VITIS_LOOP_224_6_fu_1059           |NeuroRing_Pipeline_VITIS_LOOP_224_6           |      258|      258|   0.860 us|   0.860 us|   257|   257|  loop auto-rewind stp (delay=0 clock cycles(s))|
        |grp_NeuroRing_Pipeline_update_membrane_potential_fu_1071  |NeuroRing_Pipeline_update_membrane_potential  |      292|      292|   0.973 us|   0.973 us|   257|   257|  loop auto-rewind stp (delay=0 clock cycles(s))|
        |grp_NeuroRing_Pipeline_write_spike_status_fu_1190         |NeuroRing_Pipeline_write_spike_status         |       79|       79|   0.263 us|   0.263 us|     9|     9|  loop auto-rewind stp (delay=0 clock cycles(s))|
        +----------------------------------------------------------+----------------------------------------------+---------+---------+-----------+-----------+------+------+------------------------------------------------+

        * Loop: 
        +-------------------------+---------+---------------+---------------------+-----------+-----------+---------------+----------+
        |                         |     Latency (cycles)    |      Iteration      |  Initiation Interval  |      Trip     |          |
        |        Loop Name        |   min   |      max      |       Latency       |  achieved |   target  |     Count     | Pipelined|
        +-------------------------+---------+---------------+---------------------+-----------+-----------+---------------+----------+
        |- read_status_loop       |        ?|              ?|  426 ~ 1099511861689|          -|          -|              ?|        no|
        | + VITIS_LOOP_163_3      |      127|  1099511861311|      2 ~ 17179872833|          -|          -|             64|        no|
        |  ++ VITIS_LOOP_165_4    |       63|    17179872831|        2 ~ 536871026|          -|          -|             32|        no|
        |   +++ VITIS_LOOP_170_5  |        0|      536871021|                  112|          1|          1|  0 ~ 536870911|       yes|
        +-------------------------+---------+---------------+---------------------+-----------+-----------+---------------+----------+



================================================================
== Utilization Estimates
================================================================
* Summary: 
+---------------------+---------+------+---------+---------+-----+
|         Name        | BRAM_18K|  DSP |    FF   |   LUT   | URAM|
+---------------------+---------+------+---------+---------+-----+
|DSP                  |        -|     -|        -|        -|    -|
|Expression           |        -|     -|        0|      854|    -|
|FIFO                 |        -|     -|        -|        -|    -|
|Instance             |        8|   153|    42215|    34053|    0|
|Memory               |       40|     -|        0|        0|    -|
|Multiplexer          |        -|     -|        0|     2353|    -|
|Register             |        -|     -|     1279|       32|    -|
+---------------------+---------+------+---------+---------+-----+
|Total                |       48|   153|    43494|    37292|    0|
+---------------------+---------+------+---------+---------+-----+
|Available SLR        |     1344|  3008|   869120|   434560|  320|
+---------------------+---------+------+---------+---------+-----+
|Utilization SLR (%)  |        3|     5|        5|        8|    0|
+---------------------+---------+------+---------+---------+-----+
|Available            |     4032|  9024|  2607360|  1303680|  960|
+---------------------+---------+------+---------+---------+-----+
|Utilization (%)      |        1|     1|        1|        2|    0|
+---------------------+---------+------+---------+---------+-----+

+ Detail: 
    * Instance: 
    +----------------------------------------------------------+----------------------------------------------+---------+-----+-------+-------+-----+
    |                         Instance                         |                    Module                    | BRAM_18K| DSP |   FF  |  LUT  | URAM|
    +----------------------------------------------------------+----------------------------------------------+---------+-----+-------+-------+-----+
    |grp_NeuroRing_Pipeline_VITIS_LOOP_224_6_fu_1059           |NeuroRing_Pipeline_VITIS_LOOP_224_6           |        0|    0|     15|     68|    0|
    |grp_NeuroRing_Pipeline_VITIS_LOOP_94_1_fu_973             |NeuroRing_Pipeline_VITIS_LOOP_94_1            |        0|    1|    627|    398|    0|
    |grp_NeuroRing_Pipeline_update_membrane_potential_fu_1071  |NeuroRing_Pipeline_update_membrane_potential  |        0|  149|  34152|  26451|    0|
    |grp_NeuroRing_Pipeline_write_spike_status_fu_1190         |NeuroRing_Pipeline_write_spike_status         |        0|    0|    469|    498|    0|
    |control_s_axi_U                                           |control_s_axi                                 |        0|    0|    638|   1064|    0|
    |fadd_32ns_32ns_32_7_full_dsp_1_U378                       |fadd_32ns_32ns_32_7_full_dsp_1                |        0|    2|    318|    198|    0|
    |gmem_syn_m_axi_U                                          |gmem_syn_m_axi                                |        8|    0|   1430|   1625|    0|
    |mul_11ns_15ns_25_1_1_U375                                 |mul_11ns_15ns_25_1_1                          |        0|    1|      0|      2|    0|
    |sparsemux_129_6_32_1_1_U374                               |sparsemux_129_6_32_1_1                        |        0|    0|      0|    273|    0|
    |urem_32ns_32ns_32_36_1_U376                               |urem_32ns_32ns_32_36_1                        |        0|    0|   2283|   1738|    0|
    |urem_32ns_32ns_32_36_1_U377                               |urem_32ns_32ns_32_36_1                        |        0|    0|   2283|   1738|    0|
    +----------------------------------------------------------+----------------------------------------------+---------+-----+-------+-------+-----+
    |Total                                                     |                                              |        8|  153|  42215|  34053|    0|
    +----------------------------------------------------------+----------------------------------------------+---------+-----+-------+-------+-----+

    * DSP: 
    N/A

    * Memory: 
    +------------------+------------------------------+---------+---+----+-----+------+-----+------+-------------+
    |      Memory      |            Module            | BRAM_18K| FF| LUT| URAM| Words| Bits| Banks| W*Bits*Banks|
    +------------------+------------------------------+---------+---+----+-----+------+-----+------+-------------+
    |R_RefCnt_U        |R_RefCnt_RAM_2P_BRAM_1R1W     |        1|  0|   0|    0|   228|   16|     1|         3648|
    |R_RefCnt_1_U      |R_RefCnt_RAM_2P_BRAM_1R1W     |        1|  0|   0|    0|   228|   16|     1|         3648|
    |R_RefCnt_2_U      |R_RefCnt_RAM_2P_BRAM_1R1W     |        1|  0|   0|    0|   228|   16|     1|         3648|
    |R_RefCnt_3_U      |R_RefCnt_RAM_2P_BRAM_1R1W     |        1|  0|   0|    0|   228|   16|     1|         3648|
    |R_RefCnt_4_U      |R_RefCnt_RAM_2P_BRAM_1R1W     |        1|  0|   0|    0|   228|   16|     1|         3648|
    |R_RefCnt_5_U      |R_RefCnt_RAM_2P_BRAM_1R1W     |        1|  0|   0|    0|   228|   16|     1|         3648|
    |R_RefCnt_6_U      |R_RefCnt_RAM_2P_BRAM_1R1W     |        1|  0|   0|    0|   228|   16|     1|         3648|
    |R_RefCnt_7_U      |R_RefCnt_RAM_2P_BRAM_1R1W     |        1|  0|   0|    0|   228|   16|     1|         3648|
    |R_RefCnt_8_U      |R_RefCnt_RAM_2P_BRAM_1R1W     |        1|  0|   0|    0|   228|   16|     1|         3648|
    |SynapseSize_U     |SynapseSize_RAM_2P_BRAM_1R1W  |        4|  0|   0|    0|  2048|   32|     1|        65536|
    |U_membPot_U       |U_membPot_RAM_2P_BRAM_1R1W    |        1|  0|   0|    0|   228|   32|     1|         7296|
    |U_membPot_1_U     |U_membPot_RAM_2P_BRAM_1R1W    |        1|  0|   0|    0|   228|   32|     1|         7296|
    |U_membPot_2_U     |U_membPot_RAM_2P_BRAM_1R1W    |        1|  0|   0|    0|   228|   32|     1|         7296|
    |U_membPot_3_U     |U_membPot_RAM_2P_BRAM_1R1W    |        1|  0|   0|    0|   228|   32|     1|         7296|
    |U_membPot_4_U     |U_membPot_RAM_2P_BRAM_1R1W    |        1|  0|   0|    0|   228|   32|     1|         7296|
    |U_membPot_5_U     |U_membPot_RAM_2P_BRAM_1R1W    |        1|  0|   0|    0|   228|   32|     1|         7296|
    |U_membPot_6_U     |U_membPot_RAM_2P_BRAM_1R1W    |        1|  0|   0|    0|   228|   32|     1|         7296|
    |U_membPot_7_U     |U_membPot_RAM_2P_BRAM_1R1W    |        1|  0|   0|    0|   228|   32|     1|         7296|
    |U_membPot_8_U     |U_membPot_RAM_2P_BRAM_1R1W    |        1|  0|   0|    0|   228|   32|     1|         7296|
    |I_PreSynCurr_U    |U_membPot_RAM_2P_BRAM_1R1W    |        1|  0|   0|    0|   228|   32|     1|         7296|
    |I_PreSynCurr_1_U  |U_membPot_RAM_2P_BRAM_1R1W    |        1|  0|   0|    0|   228|   32|     1|         7296|
    |I_PreSynCurr_2_U  |U_membPot_RAM_2P_BRAM_1R1W    |        1|  0|   0|    0|   228|   32|     1|         7296|
    |I_PreSynCurr_3_U  |U_membPot_RAM_2P_BRAM_1R1W    |        1|  0|   0|    0|   228|   32|     1|         7296|
    |I_PreSynCurr_4_U  |U_membPot_RAM_2P_BRAM_1R1W    |        1|  0|   0|    0|   228|   32|     1|         7296|
    |I_PreSynCurr_5_U  |U_membPot_RAM_2P_BRAM_1R1W    |        1|  0|   0|    0|   228|   32|     1|         7296|
    |I_PreSynCurr_6_U  |U_membPot_RAM_2P_BRAM_1R1W    |        1|  0|   0|    0|   228|   32|     1|         7296|
    |I_PreSynCurr_7_U  |U_membPot_RAM_2P_BRAM_1R1W    |        1|  0|   0|    0|   228|   32|     1|         7296|
    |I_PreSynCurr_8_U  |U_membPot_RAM_2P_BRAM_1R1W    |        1|  0|   0|    0|   228|   32|     1|         7296|
    |I_bias_U          |U_membPot_RAM_2P_BRAM_1R1W    |        1|  0|   0|    0|   228|   32|     1|         7296|
    |I_bias_1_U        |U_membPot_RAM_2P_BRAM_1R1W    |        1|  0|   0|    0|   228|   32|     1|         7296|
    |I_bias_2_U        |U_membPot_RAM_2P_BRAM_1R1W    |        1|  0|   0|    0|   228|   32|     1|         7296|
    |I_bias_3_U        |U_membPot_RAM_2P_BRAM_1R1W    |        1|  0|   0|    0|   228|   32|     1|         7296|
    |I_bias_4_U        |U_membPot_RAM_2P_BRAM_1R1W    |        1|  0|   0|    0|   228|   32|     1|         7296|
    |I_bias_5_U        |U_membPot_RAM_2P_BRAM_1R1W    |        1|  0|   0|    0|   228|   32|     1|         7296|
    |I_bias_6_U        |U_membPot_RAM_2P_BRAM_1R1W    |        1|  0|   0|    0|   228|   32|     1|         7296|
    |I_bias_7_U        |U_membPot_RAM_2P_BRAM_1R1W    |        1|  0|   0|    0|   228|   32|     1|         7296|
    |I_bias_8_U        |U_membPot_RAM_2P_BRAM_1R1W    |        1|  0|   0|    0|   228|   32|     1|         7296|
    +------------------+------------------------------+---------+---+----+-----+------+-----+------+-------------+
    |Total             |                              |       40|  0|   0|    0| 10256| 1040|    37|       295360|
    +------------------+------------------------------+---------+---+----+-----+------+-----+------+-------------+

    * FIFO: 
    N/A

    * Expression: 
    +-------------------------------------------+----------+----+---+----+------------+------------+
    |               Variable Name               | Operation| DSP| FF| LUT| Bitwidth P0| Bitwidth P1|
    +-------------------------------------------+----------+----+---+----+------------+------------+
    |add_ln115_fu_1307_p2                       |         +|   0|  0|  39|          32|           1|
    |add_ln172_1_fu_1775_p2                     |         +|   0|  0|  32|          32|          23|
    |add_ln172_fu_1781_p2                       |         +|   0|  0|  32|          32|          32|
    |add_ln173_fu_1808_p2                       |         +|   0|  0|  71|          64|          64|
    |add_ln179_fu_1899_p2                       |         +|   0|  0|  32|          32|          32|
    |add_ln54_fu_1857_p2                        |         +|   0|  0|  32|          25|           2|
    |grp_fu_1894_p0                             |         +|   0|  0|  32|          32|          32|
    |i_fu_1711_p2                               |         +|   0|  0|  13|           6|           1|
    |j_fu_1738_p2                               |         +|   0|  0|  12|           5|           1|
    |k_1_fu_1823_p2                             |         +|   0|  0|  39|          32|           4|
    |grp_fu_1909_p0                             |         -|   0|  0|  32|          32|          32|
    |sub_ln177_fu_1884_p2                       |         -|   0|  0|  32|          32|          32|
    |and_ln166_fu_1727_p2                       |       and|   0|  0|  32|          32|          32|
    |ap_block_state125_on_subcall_done          |       and|   0|  0|   2|           1|           1|
    |ap_predicate_op638_write_state123          |       and|   0|  0|   2|           1|           1|
    |cmp233_fu_1282_p2                          |      icmp|   0|  0|  39|          32|           1|
    |icmp_ln115_fu_1302_p2                      |      icmp|   0|  0|  39|          32|          32|
    |icmp_ln163_fu_1940_p2                      |      icmp|   0|  0|  13|           6|           2|
    |icmp_ln164_fu_1705_p2                      |      icmp|   0|  0|  39|          32|           1|
    |icmp_ln165_fu_1934_p2                      |      icmp|   0|  0|  12|           5|           2|
    |icmp_ln166_fu_1732_p2                      |      icmp|   0|  0|  39|          32|           1|
    |icmp_ln170_fu_1770_p2                      |      icmp|   0|  0|  39|          32|          32|
    |icmp_ln181_fu_1914_p2                      |      icmp|   0|  0|  39|          32|          32|
    |icmp_ln53_fu_1852_p2                       |      icmp|   0|  0|  31|          24|           1|
    |ap_block_pp0_stage0_01001_grp1             |        or|   0|  0|   2|           1|           1|
    |ap_block_pp0_stage0_11001                  |        or|   0|  0|   2|           1|           1|
    |ap_block_state1                            |        or|   0|  0|   2|           1|           1|
    |ap_block_state120_pp0_stage0_iter110_grp1  |        or|   0|  0|   2|           1|           1|
    |ap_block_state121_pp0_stage0_iter111_grp1  |        or|   0|  0|   2|           1|           1|
    |ap_block_state123                          |        or|   0|  0|   2|           1|           1|
    |ap_block_state124                          |        or|   0|  0|   2|           1|           1|
    |ap_block_state126                          |        or|   0|  0|   2|           1|           1|
    |ap_predicate_op645_write_state123          |        or|   0|  0|   2|           1|           1|
    |core_fu_1873_p3                            |    select|   0|  0|  16|           1|          12|
    |shl_ln166_fu_1721_p2                       |       shl|   0|  0|  92|           1|          32|
    |ap_enable_pp0                              |       xor|   0|  0|   2|           1|           2|
    |ap_enable_reg_pp0_iter1                    |       xor|   0|  0|   2|           2|           1|
    +-------------------------------------------+----------+----+---+----+------------+------------+
    |Total                                      |          |   0|  0| 854|         631|         450|
    +-------------------------------------------+----------+----+---+----+------------+------------+

    * Multiplexer: 
    +---------------------------------------+----+-----------+-----+-----------+
    |                  Name                 | LUT| Input Size| Bits| Total Bits|
    +---------------------------------------+----+-----------+-----+-----------+
    |I_PreSynCurr_1_address1                |  14|          3|    8|         24|
    |I_PreSynCurr_1_ce0                     |   9|          2|    1|          2|
    |I_PreSynCurr_1_ce1                     |  14|          3|    1|          3|
    |I_PreSynCurr_1_d1                      |  14|          3|   32|         96|
    |I_PreSynCurr_1_we1                     |  14|          3|    1|          3|
    |I_PreSynCurr_2_address1                |  14|          3|    8|         24|
    |I_PreSynCurr_2_ce0                     |   9|          2|    1|          2|
    |I_PreSynCurr_2_ce1                     |  14|          3|    1|          3|
    |I_PreSynCurr_2_d1                      |  14|          3|   32|         96|
    |I_PreSynCurr_2_we1                     |  14|          3|    1|          3|
    |I_PreSynCurr_3_address1                |  14|          3|    8|         24|
    |I_PreSynCurr_3_ce0                     |   9|          2|    1|          2|
    |I_PreSynCurr_3_ce1                     |  14|          3|    1|          3|
    |I_PreSynCurr_3_d1                      |  14|          3|   32|         96|
    |I_PreSynCurr_3_we1                     |  14|          3|    1|          3|
    |I_PreSynCurr_4_address1                |  14|          3|    8|         24|
    |I_PreSynCurr_4_ce0                     |   9|          2|    1|          2|
    |I_PreSynCurr_4_ce1                     |  14|          3|    1|          3|
    |I_PreSynCurr_4_d1                      |  14|          3|   32|         96|
    |I_PreSynCurr_4_we1                     |  14|          3|    1|          3|
    |I_PreSynCurr_5_address1                |  14|          3|    8|         24|
    |I_PreSynCurr_5_ce0                     |   9|          2|    1|          2|
    |I_PreSynCurr_5_ce1                     |  14|          3|    1|          3|
    |I_PreSynCurr_5_d1                      |  14|          3|   32|         96|
    |I_PreSynCurr_5_we1                     |  14|          3|    1|          3|
    |I_PreSynCurr_6_address1                |  14|          3|    8|         24|
    |I_PreSynCurr_6_ce0                     |   9|          2|    1|          2|
    |I_PreSynCurr_6_ce1                     |  14|          3|    1|          3|
    |I_PreSynCurr_6_d1                      |  14|          3|   32|         96|
    |I_PreSynCurr_6_we1                     |  14|          3|    1|          3|
    |I_PreSynCurr_7_address1                |  14|          3|    8|         24|
    |I_PreSynCurr_7_ce0                     |   9|          2|    1|          2|
    |I_PreSynCurr_7_ce1                     |  14|          3|    1|          3|
    |I_PreSynCurr_7_d1                      |  14|          3|   32|         96|
    |I_PreSynCurr_7_we1                     |  14|          3|    1|          3|
    |I_PreSynCurr_8_address1                |  14|          3|    8|         24|
    |I_PreSynCurr_8_ce0                     |   9|          2|    1|          2|
    |I_PreSynCurr_8_ce1                     |  14|          3|    1|          3|
    |I_PreSynCurr_8_d1                      |  14|          3|   32|         96|
    |I_PreSynCurr_8_we1                     |  14|          3|    1|          3|
    |I_PreSynCurr_address1                  |  14|          3|    8|         24|
    |I_PreSynCurr_ce0                       |   9|          2|    1|          2|
    |I_PreSynCurr_ce1                       |  14|          3|    1|          3|
    |I_PreSynCurr_d1                        |  14|          3|   32|         96|
    |I_PreSynCurr_we1                       |  14|          3|    1|          3|
    |I_bias_1_ce0                           |   9|          2|    1|          2|
    |I_bias_1_ce1                           |   9|          2|    1|          2|
    |I_bias_1_we1                           |   9|          2|    1|          2|
    |I_bias_2_ce0                           |   9|          2|    1|          2|
    |I_bias_2_ce1                           |   9|          2|    1|          2|
    |I_bias_2_we1                           |   9|          2|    1|          2|
    |I_bias_3_ce0                           |   9|          2|    1|          2|
    |I_bias_3_ce1                           |   9|          2|    1|          2|
    |I_bias_3_we1                           |   9|          2|    1|          2|
    |I_bias_4_ce0                           |   9|          2|    1|          2|
    |I_bias_4_ce1                           |   9|          2|    1|          2|
    |I_bias_4_we1                           |   9|          2|    1|          2|
    |I_bias_5_ce0                           |   9|          2|    1|          2|
    |I_bias_5_ce1                           |   9|          2|    1|          2|
    |I_bias_5_we1                           |   9|          2|    1|          2|
    |I_bias_6_ce0                           |   9|          2|    1|          2|
    |I_bias_6_ce1                           |   9|          2|    1|          2|
    |I_bias_6_we1                           |   9|          2|    1|          2|
    |I_bias_7_ce0                           |   9|          2|    1|          2|
    |I_bias_7_ce1                           |   9|          2|    1|          2|
    |I_bias_7_we1                           |   9|          2|    1|          2|
    |I_bias_8_ce0                           |   9|          2|    1|          2|
    |I_bias_8_ce1                           |   9|          2|    1|          2|
    |I_bias_8_we1                           |   9|          2|    1|          2|
    |I_bias_ce0                             |   9|          2|    1|          2|
    |I_bias_ce1                             |   9|          2|    1|          2|
    |I_bias_we1                             |   9|          2|    1|          2|
    |R_RefCnt_1_address1                    |  14|          3|    8|         24|
    |R_RefCnt_1_ce0                         |   9|          2|    1|          2|
    |R_RefCnt_1_ce1                         |  14|          3|    1|          3|
    |R_RefCnt_1_d1                          |  14|          3|   16|         48|
    |R_RefCnt_1_we1                         |  14|          3|    1|          3|
    |R_RefCnt_2_address1                    |  14|          3|    8|         24|
    |R_RefCnt_2_ce0                         |   9|          2|    1|          2|
    |R_RefCnt_2_ce1                         |  14|          3|    1|          3|
    |R_RefCnt_2_d1                          |  14|          3|   16|         48|
    |R_RefCnt_2_we1                         |  14|          3|    1|          3|
    |R_RefCnt_3_address1                    |  14|          3|    8|         24|
    |R_RefCnt_3_ce0                         |   9|          2|    1|          2|
    |R_RefCnt_3_ce1                         |  14|          3|    1|          3|
    |R_RefCnt_3_d1                          |  14|          3|   16|         48|
    |R_RefCnt_3_we1                         |  14|          3|    1|          3|
    |R_RefCnt_4_address1                    |  14|          3|    8|         24|
    |R_RefCnt_4_ce0                         |   9|          2|    1|          2|
    |R_RefCnt_4_ce1                         |  14|          3|    1|          3|
    |R_RefCnt_4_d1                          |  14|          3|   16|         48|
    |R_RefCnt_4_we1                         |  14|          3|    1|          3|
    |R_RefCnt_5_address1                    |  14|          3|    8|         24|
    |R_RefCnt_5_ce0                         |   9|          2|    1|          2|
    |R_RefCnt_5_ce1                         |  14|          3|    1|          3|
    |R_RefCnt_5_d1                          |  14|          3|   16|         48|
    |R_RefCnt_5_we1                         |  14|          3|    1|          3|
    |R_RefCnt_6_address1                    |  14|          3|    8|         24|
    |R_RefCnt_6_ce0                         |   9|          2|    1|          2|
    |R_RefCnt_6_ce1                         |  14|          3|    1|          3|
    |R_RefCnt_6_d1                          |  14|          3|   16|         48|
    |R_RefCnt_6_we1                         |  14|          3|    1|          3|
    |R_RefCnt_7_address1                    |  14|          3|    8|         24|
    |R_RefCnt_7_ce0                         |   9|          2|    1|          2|
    |R_RefCnt_7_ce1                         |  14|          3|    1|          3|
    |R_RefCnt_7_d1                          |  14|          3|   16|         48|
    |R_RefCnt_7_we1                         |  14|          3|    1|          3|
    |R_RefCnt_8_address1                    |  14|          3|    8|         24|
    |R_RefCnt_8_ce0                         |   9|          2|    1|          2|
    |R_RefCnt_8_ce1                         |  14|          3|    1|          3|
    |R_RefCnt_8_d1                          |  14|          3|   16|         48|
    |R_RefCnt_8_we1                         |  14|          3|    1|          3|
    |R_RefCnt_address1                      |  14|          3|    8|         24|
    |R_RefCnt_ce0                           |   9|          2|    1|          2|
    |R_RefCnt_ce1                           |  14|          3|    1|          3|
    |R_RefCnt_d1                            |  14|          3|   16|         48|
    |R_RefCnt_we1                           |  14|          3|    1|          3|
    |SpikeInWeight_TREADY_int_regslice      |  14|          3|    1|          3|
    |SynapseSize_ce1                        |   9|          2|    1|          2|
    |SynapseSize_we1                        |   9|          2|    1|          2|
    |SynapseStreamLeft_TDATA_blk_n          |   9|          2|    1|          2|
    |SynapseStreamLeft_TDATA_int_regslice   |  14|          3|  256|        768|
    |SynapseStreamRight_TDATA_blk_n         |   9|          2|    1|          2|
    |SynapseStreamRight_TDATA_int_regslice  |  20|          4|  256|       1024|
    |U_membPot_1_address1                   |  14|          3|    8|         24|
    |U_membPot_1_ce0                        |   9|          2|    1|          2|
    |U_membPot_1_ce1                        |  14|          3|    1|          3|
    |U_membPot_1_d1                         |  14|          3|   32|         96|
    |U_membPot_1_we1                        |  14|          3|    1|          3|
    |U_membPot_2_address1                   |  14|          3|    8|         24|
    |U_membPot_2_ce0                        |   9|          2|    1|          2|
    |U_membPot_2_ce1                        |  14|          3|    1|          3|
    |U_membPot_2_d1                         |  14|          3|   32|         96|
    |U_membPot_2_we1                        |  14|          3|    1|          3|
    |U_membPot_3_address1                   |  14|          3|    8|         24|
    |U_membPot_3_ce0                        |   9|          2|    1|          2|
    |U_membPot_3_ce1                        |  14|          3|    1|          3|
    |U_membPot_3_d1                         |  14|          3|   32|         96|
    |U_membPot_3_we1                        |  14|          3|    1|          3|
    |U_membPot_4_address1                   |  14|          3|    8|         24|
    |U_membPot_4_ce0                        |   9|          2|    1|          2|
    |U_membPot_4_ce1                        |  14|          3|    1|          3|
    |U_membPot_4_d1                         |  14|          3|   32|         96|
    |U_membPot_4_we1                        |  14|          3|    1|          3|
    |U_membPot_5_address1                   |  14|          3|    8|         24|
    |U_membPot_5_ce0                        |   9|          2|    1|          2|
    |U_membPot_5_ce1                        |  14|          3|    1|          3|
    |U_membPot_5_d1                         |  14|          3|   32|         96|
    |U_membPot_5_we1                        |  14|          3|    1|          3|
    |U_membPot_6_address1                   |  14|          3|    8|         24|
    |U_membPot_6_ce0                        |   9|          2|    1|          2|
    |U_membPot_6_ce1                        |  14|          3|    1|          3|
    |U_membPot_6_d1                         |  14|          3|   32|         96|
    |U_membPot_6_we1                        |  14|          3|    1|          3|
    |U_membPot_7_address1                   |  14|          3|    8|         24|
    |U_membPot_7_ce0                        |   9|          2|    1|          2|
    |U_membPot_7_ce1                        |  14|          3|    1|          3|
    |U_membPot_7_d1                         |  14|          3|   32|         96|
    |U_membPot_7_we1                        |  14|          3|    1|          3|
    |U_membPot_8_address1                   |  14|          3|    8|         24|
    |U_membPot_8_ce0                        |   9|          2|    1|          2|
    |U_membPot_8_ce1                        |  14|          3|    1|          3|
    |U_membPot_8_d1                         |  14|          3|   32|         96|
    |U_membPot_8_we1                        |  14|          3|    1|          3|
    |U_membPot_address1                     |  14|          3|    8|         24|
    |U_membPot_ce0                          |   9|          2|    1|          2|
    |U_membPot_ce1                          |  14|          3|    1|          3|
    |U_membPot_d1                           |  14|          3|   32|         96|
    |U_membPot_we1                          |  14|          3|    1|          3|
    |ap_NS_fsm                              |  65|         16|    1|         16|
    |ap_done                                |   9|          2|    1|          2|
    |ap_enable_reg_pp0_iter1                |   9|          2|    1|          2|
    |ap_enable_reg_pp0_iter111              |   9|          2|    1|          2|
    |gmem_syn_0_ARADDR                      |  14|          3|   64|        192|
    |gmem_syn_0_ARLEN                       |  14|          3|   32|         96|
    |gmem_syn_0_ARVALID                     |  14|          3|    1|          3|
    |gmem_syn_0_AWVALID                     |   9|          2|    1|          2|
    |gmem_syn_0_BREADY                      |   9|          2|    1|          2|
    |gmem_syn_0_RREADY                      |  14|          3|    1|          3|
    |gmem_syn_0_WVALID                      |   9|          2|    1|          2|
    |gmem_syn_blk_n_AR                      |   9|          2|    1|          2|
    |gmem_syn_blk_n_R                       |   9|          2|    1|          2|
    |grp_fu_2731_ce                         |  14|          3|    1|          3|
    |grp_fu_2731_p0                         |  14|          3|   32|         96|
    |grp_fu_2731_p1                         |  14|          3|   32|         96|
    |j21_reg_950                            |   9|          2|    5|         10|
    |k_reg_962                              |   9|          2|   32|         64|
    |phi_ln163_reg_938                      |   9|          2|    6|         12|
    |t_reg_926                              |   9|          2|   32|         64|
    +---------------------------------------+----+-----------+-----+-----------+
    |Total                                  |2353|        511| 1808|       5552|
    +---------------------------------------+----+-----------+-----+-----------+

    * Register: 
    +-----------------------------------------------------------------------+-----+----+-----+-----------+
    |                                  Name                                 |  FF | LUT| Bits| Const Bits|
    +-----------------------------------------------------------------------+-----+----+-----+-----------+
    |E_L_read_reg_1951                                                      |   32|   0|   32|          0|
    |I_decay_read_reg_2372                                                  |   32|   0|   32|          0|
    |NeuronTotal_read_reg_1956                                              |   32|   0|   32|          0|
    |SimulationTime_read_reg_2382                                           |   32|   0|   32|          0|
    |SpikeRecorder_SynapseList_read_reg_1961                                |   64|   0|   64|          0|
    |V_decay_read_reg_2377                                                  |   32|   0|   32|          0|
    |V_reset_rel_read_reg_2352                                              |   32|   0|   32|          0|
    |V_th_rel_read_reg_2357                                                 |   32|   0|   32|          0|
    |add_ln115_reg_2424                                                     |   32|   0|   32|          0|
    |add_ln_reg_2644                                                        |   11|   0|   11|          0|
    |ap_CS_fsm                                                              |   15|   0|   15|          0|
    |ap_done_reg                                                            |    1|   0|    1|          0|
    |ap_enable_reg_pp0_iter0                                                |    1|   0|    1|          0|
    |ap_enable_reg_pp0_iter1                                                |    1|   0|    1|          0|
    |ap_enable_reg_pp0_iter10                                               |    1|   0|    1|          0|
    |ap_enable_reg_pp0_iter100                                              |    1|   0|    1|          0|
    |ap_enable_reg_pp0_iter101                                              |    1|   0|    1|          0|
    |ap_enable_reg_pp0_iter102                                              |    1|   0|    1|          0|
    |ap_enable_reg_pp0_iter103                                              |    1|   0|    1|          0|
    |ap_enable_reg_pp0_iter104                                              |    1|   0|    1|          0|
    |ap_enable_reg_pp0_iter105                                              |    1|   0|    1|          0|
    |ap_enable_reg_pp0_iter106                                              |    1|   0|    1|          0|
    |ap_enable_reg_pp0_iter107                                              |    1|   0|    1|          0|
    |ap_enable_reg_pp0_iter108                                              |    1|   0|    1|          0|
    |ap_enable_reg_pp0_iter109                                              |    1|   0|    1|          0|
    |ap_enable_reg_pp0_iter11                                               |    1|   0|    1|          0|
    |ap_enable_reg_pp0_iter110                                              |    1|   0|    1|          0|
    |ap_enable_reg_pp0_iter111                                              |    1|   0|    1|          0|
    |ap_enable_reg_pp0_iter12                                               |    1|   0|    1|          0|
    |ap_enable_reg_pp0_iter13                                               |    1|   0|    1|          0|
    |ap_enable_reg_pp0_iter14                                               |    1|   0|    1|          0|
    |ap_enable_reg_pp0_iter15                                               |    1|   0|    1|          0|
    |ap_enable_reg_pp0_iter16                                               |    1|   0|    1|          0|
    |ap_enable_reg_pp0_iter17                                               |    1|   0|    1|          0|
    |ap_enable_reg_pp0_iter18                                               |    1|   0|    1|          0|
    |ap_enable_reg_pp0_iter19                                               |    1|   0|    1|          0|
    |ap_enable_reg_pp0_iter2                                                |    1|   0|    1|          0|
    |ap_enable_reg_pp0_iter20                                               |    1|   0|    1|          0|
    |ap_enable_reg_pp0_iter21                                               |    1|   0|    1|          0|
    |ap_enable_reg_pp0_iter22                                               |    1|   0|    1|          0|
    |ap_enable_reg_pp0_iter23                                               |    1|   0|    1|          0|
    |ap_enable_reg_pp0_iter24                                               |    1|   0|    1|          0|
    |ap_enable_reg_pp0_iter25                                               |    1|   0|    1|          0|
    |ap_enable_reg_pp0_iter26                                               |    1|   0|    1|          0|
    |ap_enable_reg_pp0_iter27                                               |    1|   0|    1|          0|
    |ap_enable_reg_pp0_iter28                                               |    1|   0|    1|          0|
    |ap_enable_reg_pp0_iter29                                               |    1|   0|    1|          0|
    |ap_enable_reg_pp0_iter3                                                |    1|   0|    1|          0|
    |ap_enable_reg_pp0_iter30                                               |    1|   0|    1|          0|
    |ap_enable_reg_pp0_iter31                                               |    1|   0|    1|          0|
    |ap_enable_reg_pp0_iter32                                               |    1|   0|    1|          0|
    |ap_enable_reg_pp0_iter33                                               |    1|   0|    1|          0|
    |ap_enable_reg_pp0_iter34                                               |    1|   0|    1|          0|
    |ap_enable_reg_pp0_iter35                                               |    1|   0|    1|          0|
    |ap_enable_reg_pp0_iter36                                               |    1|   0|    1|          0|
    |ap_enable_reg_pp0_iter37                                               |    1|   0|    1|          0|
    |ap_enable_reg_pp0_iter38                                               |    1|   0|    1|          0|
    |ap_enable_reg_pp0_iter39                                               |    1|   0|    1|          0|
    |ap_enable_reg_pp0_iter4                                                |    1|   0|    1|          0|
    |ap_enable_reg_pp0_iter40                                               |    1|   0|    1|          0|
    |ap_enable_reg_pp0_iter41                                               |    1|   0|    1|          0|
    |ap_enable_reg_pp0_iter42                                               |    1|   0|    1|          0|
    |ap_enable_reg_pp0_iter43                                               |    1|   0|    1|          0|
    |ap_enable_reg_pp0_iter44                                               |    1|   0|    1|          0|
    |ap_enable_reg_pp0_iter45                                               |    1|   0|    1|          0|
    |ap_enable_reg_pp0_iter46                                               |    1|   0|    1|          0|
    |ap_enable_reg_pp0_iter47                                               |    1|   0|    1|          0|
    |ap_enable_reg_pp0_iter48                                               |    1|   0|    1|          0|
    |ap_enable_reg_pp0_iter49                                               |    1|   0|    1|          0|
    |ap_enable_reg_pp0_iter5                                                |    1|   0|    1|          0|
    |ap_enable_reg_pp0_iter50                                               |    1|   0|    1|          0|
    |ap_enable_reg_pp0_iter51                                               |    1|   0|    1|          0|
    |ap_enable_reg_pp0_iter52                                               |    1|   0|    1|          0|
    |ap_enable_reg_pp0_iter53                                               |    1|   0|    1|          0|
    |ap_enable_reg_pp0_iter54                                               |    1|   0|    1|          0|
    |ap_enable_reg_pp0_iter55                                               |    1|   0|    1|          0|
    |ap_enable_reg_pp0_iter56                                               |    1|   0|    1|          0|
    |ap_enable_reg_pp0_iter57                                               |    1|   0|    1|          0|
    |ap_enable_reg_pp0_iter58                                               |    1|   0|    1|          0|
    |ap_enable_reg_pp0_iter59                                               |    1|   0|    1|          0|
    |ap_enable_reg_pp0_iter6                                                |    1|   0|    1|          0|
    |ap_enable_reg_pp0_iter60                                               |    1|   0|    1|          0|
    |ap_enable_reg_pp0_iter61                                               |    1|   0|    1|          0|
    |ap_enable_reg_pp0_iter62                                               |    1|   0|    1|          0|
    |ap_enable_reg_pp0_iter63                                               |    1|   0|    1|          0|
    |ap_enable_reg_pp0_iter64                                               |    1|   0|    1|          0|
    |ap_enable_reg_pp0_iter65                                               |    1|   0|    1|          0|
    |ap_enable_reg_pp0_iter66                                               |    1|   0|    1|          0|
    |ap_enable_reg_pp0_iter67                                               |    1|   0|    1|          0|
    |ap_enable_reg_pp0_iter68                                               |    1|   0|    1|          0|
    |ap_enable_reg_pp0_iter69                                               |    1|   0|    1|          0|
    |ap_enable_reg_pp0_iter7                                                |    1|   0|    1|          0|
    |ap_enable_reg_pp0_iter70                                               |    1|   0|    1|          0|
    |ap_enable_reg_pp0_iter71                                               |    1|   0|    1|          0|
    |ap_enable_reg_pp0_iter72                                               |    1|   0|    1|          0|
    |ap_enable_reg_pp0_iter73                                               |    1|   0|    1|          0|
    |ap_enable_reg_pp0_iter74                                               |    1|   0|    1|          0|
    |ap_enable_reg_pp0_iter75                                               |    1|   0|    1|          0|
    |ap_enable_reg_pp0_iter76                                               |    1|   0|    1|          0|
    |ap_enable_reg_pp0_iter77                                               |    1|   0|    1|          0|
    |ap_enable_reg_pp0_iter78                                               |    1|   0|    1|          0|
    |ap_enable_reg_pp0_iter79                                               |    1|   0|    1|          0|
    |ap_enable_reg_pp0_iter8                                                |    1|   0|    1|          0|
    |ap_enable_reg_pp0_iter80                                               |    1|   0|    1|          0|
    |ap_enable_reg_pp0_iter81                                               |    1|   0|    1|          0|
    |ap_enable_reg_pp0_iter82                                               |    1|   0|    1|          0|
    |ap_enable_reg_pp0_iter83                                               |    1|   0|    1|          0|
    |ap_enable_reg_pp0_iter84                                               |    1|   0|    1|          0|
    |ap_enable_reg_pp0_iter85                                               |    1|   0|    1|          0|
    |ap_enable_reg_pp0_iter86                                               |    1|   0|    1|          0|
    |ap_enable_reg_pp0_iter87                                               |    1|   0|    1|          0|
    |ap_enable_reg_pp0_iter88                                               |    1|   0|    1|          0|
    |ap_enable_reg_pp0_iter89                                               |    1|   0|    1|          0|
    |ap_enable_reg_pp0_iter9                                                |    1|   0|    1|          0|
    |ap_enable_reg_pp0_iter90                                               |    1|   0|    1|          0|
    |ap_enable_reg_pp0_iter91                                               |    1|   0|    1|          0|
    |ap_enable_reg_pp0_iter92                                               |    1|   0|    1|          0|
    |ap_enable_reg_pp0_iter93                                               |    1|   0|    1|          0|
    |ap_enable_reg_pp0_iter94                                               |    1|   0|    1|          0|
    |ap_enable_reg_pp0_iter95                                               |    1|   0|    1|          0|
    |ap_enable_reg_pp0_iter96                                               |    1|   0|    1|          0|
    |ap_enable_reg_pp0_iter97                                               |    1|   0|    1|          0|
    |ap_enable_reg_pp0_iter98                                               |    1|   0|    1|          0|
    |ap_enable_reg_pp0_iter99                                               |    1|   0|    1|          0|
    |ap_rst_n_inv                                                           |    1|   0|    1|          0|
    |ap_rst_reg_1                                                           |    1|   0|    1|          0|
    |ap_rst_reg_2                                                           |    1|   0|    1|          0|
    |bias_to_vm_read_reg_2362                                               |   32|   0|   32|          0|
    |cmp233_reg_2411                                                        |    1|   0|    1|          0|
    |core_reg_2696                                                          |   16|   0|   16|          0|
    |current_synapse_count_reg_2654                                         |   32|   0|   32|          0|
    |empty_281_reg_2392                                                     |   32|   0|   32|          0|
    |empty_282_reg_2398                                                     |   32|   0|   32|          0|
    |empty_283_reg_2406                                                     |   22|   0|   22|          0|
    |empty_284_reg_2726                                                     |   26|   0|   26|          0|
    |empty_reg_2387                                                         |   16|   0|   16|          0|
    |grp_NeuroRing_Pipeline_VITIS_LOOP_224_6_fu_1059_ap_start_reg           |    1|   0|    1|          0|
    |grp_NeuroRing_Pipeline_VITIS_LOOP_94_1_fu_973_ap_start_reg             |    1|   0|    1|          0|
    |grp_NeuroRing_Pipeline_update_membrane_potential_fu_1071_ap_start_reg  |    1|   0|    1|          0|
    |grp_NeuroRing_Pipeline_write_spike_status_fu_1190_ap_start_reg         |    1|   0|    1|          0|
    |i_reg_2630                                                             |    6|   0|    6|          0|
    |icmp_ln164_reg_2626                                                    |    1|   0|    1|          0|
    |icmp_ln166_reg_2635                                                    |    1|   0|    1|          0|
    |icmp_ln181_reg_2711                                                    |    1|   0|    1|          0|
    |icmp_ln181_reg_2711_pp0_iter110_reg                                    |    1|   0|    1|          0|
    |j21_reg_950                                                            |    5|   0|    5|          0|
    |j_reg_2639                                                             |    5|   0|    5|          0|
    |k_reg_962                                                              |   32|   0|   32|          0|
    |phi_ln163_reg_938                                                      |    6|   0|    6|          0|
    |syn_to_vm_read_reg_2367                                                |   32|   0|   32|          0|
    |sync_packet_data_cast_cast_cast_cast_reg_2415                          |   22|   0|  256|        234|
    |t_reg_926                                                              |   32|   0|   32|          0|
    |tmp_49_reg_2690                                                        |   24|   0|   24|          0|
    |tmp_reg_2621                                                           |   32|   0|   32|          0|
    |trunc_ln9_reg_2668                                                     |   59|   0|   59|          0|
    |val_temp_reg_2684                                                      |  256|   0|  256|          0|
    |zext_ln170_reg_2659                                                    |   25|   0|   32|          7|
    |val_temp_reg_2684                                                      |   64|  32|  256|          0|
    +-----------------------------------------------------------------------+-----+----+-----+-----------+
    |Total                                                                  | 1279|  32| 1712|        241|
    +-----------------------------------------------------------------------+-----+----+-----+-----------+



================================================================
== Interface
================================================================
* Summary: 
+---------------------------+-----+-----+---------------+-----------------------------+--------------+
|         RTL Ports         | Dir | Bits|    Protocol   |        Source Object        |    C Type    |
+---------------------------+-----+-----+---------------+-----------------------------+--------------+
|s_axi_control_AWVALID      |   in|    1|          s_axi|                      control|        scalar|
|s_axi_control_AWREADY      |  out|    1|          s_axi|                      control|        scalar|
|s_axi_control_AWADDR       |   in|    8|          s_axi|                      control|        scalar|
|s_axi_control_WVALID       |   in|    1|          s_axi|                      control|        scalar|
|s_axi_control_WREADY       |  out|    1|          s_axi|                      control|        scalar|
|s_axi_control_WDATA        |   in|   32|          s_axi|                      control|        scalar|
|s_axi_control_WSTRB        |   in|    4|          s_axi|                      control|        scalar|
|s_axi_control_ARVALID      |   in|    1|          s_axi|                      control|        scalar|
|s_axi_control_ARREADY      |  out|    1|          s_axi|                      control|        scalar|
|s_axi_control_ARADDR       |   in|    8|          s_axi|                      control|        scalar|
|s_axi_control_RVALID       |  out|    1|          s_axi|                      control|        scalar|
|s_axi_control_RREADY       |   in|    1|          s_axi|                      control|        scalar|
|s_axi_control_RDATA        |  out|   32|          s_axi|                      control|        scalar|
|s_axi_control_RRESP        |  out|    2|          s_axi|                      control|        scalar|
|s_axi_control_BVALID       |  out|    1|          s_axi|                      control|        scalar|
|s_axi_control_BREADY       |   in|    1|          s_axi|                      control|        scalar|
|s_axi_control_BRESP        |  out|    2|          s_axi|                      control|        scalar|
|ap_clk                     |   in|    1|  ap_ctrl_chain|                    NeuroRing|  return value|
|ap_rst_n                   |   in|    1|  ap_ctrl_chain|                    NeuroRing|  return value|
|interrupt                  |  out|    1|  ap_ctrl_chain|                    NeuroRing|  return value|
|m_axi_gmem_syn_AWVALID     |  out|    1|          m_axi|                     gmem_syn|       pointer|
|m_axi_gmem_syn_AWREADY     |   in|    1|          m_axi|                     gmem_syn|       pointer|
|m_axi_gmem_syn_AWADDR      |  out|   64|          m_axi|                     gmem_syn|       pointer|
|m_axi_gmem_syn_AWID        |  out|    1|          m_axi|                     gmem_syn|       pointer|
|m_axi_gmem_syn_AWLEN       |  out|    8|          m_axi|                     gmem_syn|       pointer|
|m_axi_gmem_syn_AWSIZE      |  out|    3|          m_axi|                     gmem_syn|       pointer|
|m_axi_gmem_syn_AWBURST     |  out|    2|          m_axi|                     gmem_syn|       pointer|
|m_axi_gmem_syn_AWLOCK      |  out|    2|          m_axi|                     gmem_syn|       pointer|
|m_axi_gmem_syn_AWCACHE     |  out|    4|          m_axi|                     gmem_syn|       pointer|
|m_axi_gmem_syn_AWPROT      |  out|    3|          m_axi|                     gmem_syn|       pointer|
|m_axi_gmem_syn_AWQOS       |  out|    4|          m_axi|                     gmem_syn|       pointer|
|m_axi_gmem_syn_AWREGION    |  out|    4|          m_axi|                     gmem_syn|       pointer|
|m_axi_gmem_syn_AWUSER      |  out|    1|          m_axi|                     gmem_syn|       pointer|
|m_axi_gmem_syn_WVALID      |  out|    1|          m_axi|                     gmem_syn|       pointer|
|m_axi_gmem_syn_WREADY      |   in|    1|          m_axi|                     gmem_syn|       pointer|
|m_axi_gmem_syn_WDATA       |  out|  256|          m_axi|                     gmem_syn|       pointer|
|m_axi_gmem_syn_WSTRB       |  out|   32|          m_axi|                     gmem_syn|       pointer|
|m_axi_gmem_syn_WLAST       |  out|    1|          m_axi|                     gmem_syn|       pointer|
|m_axi_gmem_syn_WID         |  out|    1|          m_axi|                     gmem_syn|       pointer|
|m_axi_gmem_syn_WUSER       |  out|    1|          m_axi|                     gmem_syn|       pointer|
|m_axi_gmem_syn_ARVALID     |  out|    1|          m_axi|                     gmem_syn|       pointer|
|m_axi_gmem_syn_ARREADY     |   in|    1|          m_axi|                     gmem_syn|       pointer|
|m_axi_gmem_syn_ARADDR      |  out|   64|          m_axi|                     gmem_syn|       pointer|
|m_axi_gmem_syn_ARID        |  out|    1|          m_axi|                     gmem_syn|       pointer|
|m_axi_gmem_syn_ARLEN       |  out|    8|          m_axi|                     gmem_syn|       pointer|
|m_axi_gmem_syn_ARSIZE      |  out|    3|          m_axi|                     gmem_syn|       pointer|
|m_axi_gmem_syn_ARBURST     |  out|    2|          m_axi|                     gmem_syn|       pointer|
|m_axi_gmem_syn_ARLOCK      |  out|    2|          m_axi|                     gmem_syn|       pointer|
|m_axi_gmem_syn_ARCACHE     |  out|    4|          m_axi|                     gmem_syn|       pointer|
|m_axi_gmem_syn_ARPROT      |  out|    3|          m_axi|                     gmem_syn|       pointer|
|m_axi_gmem_syn_ARQOS       |  out|    4|          m_axi|                     gmem_syn|       pointer|
|m_axi_gmem_syn_ARREGION    |  out|    4|          m_axi|                     gmem_syn|       pointer|
|m_axi_gmem_syn_ARUSER      |  out|    1|          m_axi|                     gmem_syn|       pointer|
|m_axi_gmem_syn_RVALID      |   in|    1|          m_axi|                     gmem_syn|       pointer|
|m_axi_gmem_syn_RREADY      |  out|    1|          m_axi|                     gmem_syn|       pointer|
|m_axi_gmem_syn_RDATA       |   in|  256|          m_axi|                     gmem_syn|       pointer|
|m_axi_gmem_syn_RLAST       |   in|    1|          m_axi|                     gmem_syn|       pointer|
|m_axi_gmem_syn_RID         |   in|    1|          m_axi|                     gmem_syn|       pointer|
|m_axi_gmem_syn_RUSER       |   in|    1|          m_axi|                     gmem_syn|       pointer|
|m_axi_gmem_syn_RRESP       |   in|    2|          m_axi|                     gmem_syn|       pointer|
|m_axi_gmem_syn_BVALID      |   in|    1|          m_axi|                     gmem_syn|       pointer|
|m_axi_gmem_syn_BREADY      |  out|    1|          m_axi|                     gmem_syn|       pointer|
|m_axi_gmem_syn_BRESP       |   in|    2|          m_axi|                     gmem_syn|       pointer|
|m_axi_gmem_syn_BID         |   in|    1|          m_axi|                     gmem_syn|       pointer|
|m_axi_gmem_syn_BUSER       |   in|    1|          m_axi|                     gmem_syn|       pointer|
|SpikeInWeight_TDATA        |   in|  256|           axis|       SpikeInWeight_V_data_V|       pointer|
|SpikeInWeight_TVALID       |   in|    1|           axis|       SpikeInWeight_V_last_V|       pointer|
|SpikeInWeight_TREADY       |  out|    1|           axis|       SpikeInWeight_V_last_V|       pointer|
|SpikeInWeight_TLAST        |   in|    1|           axis|       SpikeInWeight_V_last_V|       pointer|
|SpikeInWeight_TKEEP        |   in|   32|           axis|       SpikeInWeight_V_keep_V|       pointer|
|SpikeInWeight_TSTRB        |   in|   32|           axis|       SpikeInWeight_V_strb_V|       pointer|
|SynapseStreamRight_TDATA   |  out|  256|           axis|  SynapseStreamRight_V_data_V|       pointer|
|SynapseStreamRight_TVALID  |  out|    1|           axis|  SynapseStreamRight_V_last_V|       pointer|
|SynapseStreamRight_TREADY  |   in|    1|           axis|  SynapseStreamRight_V_last_V|       pointer|
|SynapseStreamRight_TLAST   |  out|    1|           axis|  SynapseStreamRight_V_last_V|       pointer|
|SynapseStreamRight_TKEEP   |  out|   32|           axis|  SynapseStreamRight_V_keep_V|       pointer|
|SynapseStreamRight_TSTRB   |  out|   32|           axis|  SynapseStreamRight_V_strb_V|       pointer|
|SynapseStreamLeft_TDATA    |  out|  256|           axis|   SynapseStreamLeft_V_data_V|       pointer|
|SynapseStreamLeft_TVALID   |  out|    1|           axis|   SynapseStreamLeft_V_last_V|       pointer|
|SynapseStreamLeft_TREADY   |   in|    1|           axis|   SynapseStreamLeft_V_last_V|       pointer|
|SynapseStreamLeft_TLAST    |  out|    1|           axis|   SynapseStreamLeft_V_last_V|       pointer|
|SynapseStreamLeft_TKEEP    |  out|   32|           axis|   SynapseStreamLeft_V_keep_V|       pointer|
|SynapseStreamLeft_TSTRB    |  out|   32|           axis|   SynapseStreamLeft_V_strb_V|       pointer|
+---------------------------+-----+-----+---------------+-----------------------------+--------------+

