Copyright 1986-2022 Xilinx, Inc. All Rights Reserved. Copyright 2022-2025 Advanced Micro Devices, Inc. All Rights Reserved.
------------------------------------------------------------------------------------------------------------------------------------------------------------------------------------------------------------------------------------------------------------------------------------------------------------------------------------------------------------------------------------------------------------------------------------------------------------------------------------------------------------------------------------------------------------------------------------------------------------------------------------------------------------------------------------------------------------------------------------------------------------------------------------------------------------------------------------------------------------------------------------------------------------------------------------------------------------------------------------------------------------------------------------------------------------------------------------------------------------------------------------------------------------------------------------------------------------------------------------------------------------------------------------------------------------------------------------------------------------------------------------------------------------------------------------------------------
| Tool Version : Vivado v.2025.1 (lin64) Build 6140274 Wed May 21 22:58:25 MDT 2025
| Date         : Fri Feb 27 13:58:19 2026
| Host         : cyberdeck running 64-bit Ubuntu 22.04.5 LTS
| Command      : report_accelerator_utilization -kernels { NeuroRing:level0_i/ulp/NeuroRing_0/inst:NeuroRing_0 NeuroRing:level0_i/ulp/NeuroRing_1/inst:NeuroRing_1 NeuroRing:level0_i/ulp/NeuroRing_2/inst:NeuroRing_2 NeuroRing:level0_i/ulp/NeuroRing_3/inst:NeuroRing_3 NeuroRing:level0_i/ulp/NeuroRing_4/inst:NeuroRing_4 NeuroRing:level0_i/ulp/NeuroRing_5/inst:NeuroRing_5 NeuroRing:level0_i/ulp/NeuroRing_6/inst:NeuroRing_6 NeuroRing:level0_i/ulp/NeuroRing_7/inst:NeuroRing_7 NeuroRing:level0_i/ulp/NeuroRing_8/inst:NeuroRing_8 NeuroRing:level0_i/ulp/NeuroRing_9/inst:NeuroRing_9 SynapseRouter:level0_i/ulp/SynapseRouter_0/inst:SynapseRouter_0 SynapseRouter:level0_i/ulp/SynapseRouter_1/inst:SynapseRouter_1 SynapseRouter:level0_i/ulp/SynapseRouter_2/inst:SynapseRouter_2 SynapseRouter:level0_i/ulp/SynapseRouter_3/inst:SynapseRouter_3 SynapseRouter:level0_i/ulp/SynapseRouter_4/inst:SynapseRouter_4 SynapseRouter:level0_i/ulp/SynapseRouter_5/inst:SynapseRouter_5 SynapseRouter:level0_i/ulp/SynapseRouter_6/inst:SynapseRouter_6 SynapseRouter:level0_i/ulp/SynapseRouter_7/inst:SynapseRouter_7 SynapseRouter:level0_i/ulp/SynapseRouter_8/inst:SynapseRouter_8 SynapseRouter:level0_i/ulp/SynapseRouter_9/inst:SynapseRouter_9 krnl_aurora:level0_i/ulp/krnl_aurora_0/inst:krnl_aurora_0 krnl_aurora:level0_i/ulp/krnl_aurora_1/inst:krnl_aurora_1} -file kernel_util_synthed.rpt -name kernel_util_synthed -json
| Design       : level0_wrapper
| Device       : xcu55c
| Design State : Synthesized
------------------------------------------------------------------------------------------------------------------------------------------------------------------------------------------------------------------------------------------------------------------------------------------------------------------------------------------------------------------------------------------------------------------------------------------------------------------------------------------------------------------------------------------------------------------------------------------------------------------------------------------------------------------------------------------------------------------------------------------------------------------------------------------------------------------------------------------------------------------------------------------------------------------------------------------------------------------------------------------------------------------------------------------------------------------------------------------------------------------------------------------------------------------------------------------------------------------------------------------------------------------------------------------------------------------------------------------------------------------------------------------------------------------------------------------------------

Accelerator Utilization Design Information

Table of Contents
-----------------
1. System Utilization

1. System Utilization
---------------------

+---------------------+-------------------+------------------+-------------------+----------------+---------------+----------------+
| Name                | LUT               | LUTAsMem         | REG               | BRAM           | URAM          | DSP            |
+---------------------+-------------------+------------------+-------------------+----------------+---------------+----------------+
| Platform            |  157522 [ 12.08%] |  14290 [  2.38%] |  209618 [  8.04%] |  592 [ 29.37%] |  90 [  9.38%] |    4 [  0.04%] |
| User Budget         | 1146158 [100.00%] | 586670 [100.00%] | 2397742 [100.00%] | 1424 [100.00%] | 870 [100.00%] | 9020 [100.00%] |
|    Used Resources   |  539176 [ 47.04%] |  68674 [ 11.71%] |  764000 [ 31.86%] |  306 [ 21.49%] | 160 [ 18.39%] | 1700 [ 18.85%] |
|    Unused Resources |  606982 [ 52.96%] | 517996 [ 88.29%] | 1633742 [ 68.14%] | 1118 [ 78.51%] | 710 [ 81.61%] | 7320 [ 81.15%] |
| NeuroRing           |  254170 [ 22.18%] |  19320 [  3.29%] |  275230 [ 11.48%] |  240 [ 16.85%] |   0 [  0.00%] | 1540 [ 17.07%] |
|    NeuroRing_0      |   25417 [  2.22%] |   1932 [  0.33%] |   27523 [  1.15%] |   24 [  1.69%] |   0 [  0.00%] |  154 [  1.71%] |
|    NeuroRing_1      |   25417 [  2.22%] |   1932 [  0.33%] |   27523 [  1.15%] |   24 [  1.69%] |   0 [  0.00%] |  154 [  1.71%] |
|    NeuroRing_2      |   25417 [  2.22%] |   1932 [  0.33%] |   27523 [  1.15%] |   24 [  1.69%] |   0 [  0.00%] |  154 [  1.71%] |
|    NeuroRing_3      |   25417 [  2.22%] |   1932 [  0.33%] |   27523 [  1.15%] |   24 [  1.69%] |   0 [  0.00%] |  154 [  1.71%] |
|    NeuroRing_4      |   25417 [  2.22%] |   1932 [  0.33%] |   27523 [  1.15%] |   24 [  1.69%] |   0 [  0.00%] |  154 [  1.71%] |
|    NeuroRing_5      |   25417 [  2.22%] |   1932 [  0.33%] |   27523 [  1.15%] |   24 [  1.69%] |   0 [  0.00%] |  154 [  1.71%] |
|    NeuroRing_6      |   25417 [  2.22%] |   1932 [  0.33%] |   27523 [  1.15%] |   24 [  1.69%] |   0 [  0.00%] |  154 [  1.71%] |
|    NeuroRing_7      |   25417 [  2.22%] |   1932 [  0.33%] |   27523 [  1.15%] |   24 [  1.69%] |   0 [  0.00%] |  154 [  1.71%] |
|    NeuroRing_8      |   25417 [  2.22%] |   1932 [  0.33%] |   27523 [  1.15%] |   24 [  1.69%] |   0 [  0.00%] |  154 [  1.71%] |
|    NeuroRing_9      |   25417 [  2.22%] |   1932 [  0.33%] |   27523 [  1.15%] |   24 [  1.69%] |   0 [  0.00%] |  154 [  1.71%] |
| SynapseRouter       |  269740 [ 23.53%] |  49280 [  8.40%] |  474540 [ 19.79%] |   40 [  2.81%] | 160 [ 18.39%] |  160 [  1.77%] |
|    SynapseRouter_0  |   26974 [  2.35%] |   4928 [  0.84%] |   47454 [  1.98%] |    4 [  0.28%] |  16 [  1.84%] |   16 [  0.18%] |
|    SynapseRouter_1  |   26974 [  2.35%] |   4928 [  0.84%] |   47454 [  1.98%] |    4 [  0.28%] |  16 [  1.84%] |   16 [  0.18%] |
|    SynapseRouter_2  |   26974 [  2.35%] |   4928 [  0.84%] |   47454 [  1.98%] |    4 [  0.28%] |  16 [  1.84%] |   16 [  0.18%] |
|    SynapseRouter_3  |   26974 [  2.35%] |   4928 [  0.84%] |   47454 [  1.98%] |    4 [  0.28%] |  16 [  1.84%] |   16 [  0.18%] |
|    SynapseRouter_4  |   26974 [  2.35%] |   4928 [  0.84%] |   47454 [  1.98%] |    4 [  0.28%] |  16 [  1.84%] |   16 [  0.18%] |
|    SynapseRouter_5  |   26974 [  2.35%] |   4928 [  0.84%] |   47454 [  1.98%] |    4 [  0.28%] |  16 [  1.84%] |   16 [  0.18%] |
|    SynapseRouter_6  |   26974 [  2.35%] |   4928 [  0.84%] |   47454 [  1.98%] |    4 [  0.28%] |  16 [  1.84%] |   16 [  0.18%] |
|    SynapseRouter_7  |   26974 [  2.35%] |   4928 [  0.84%] |   47454 [  1.98%] |    4 [  0.28%] |  16 [  1.84%] |   16 [  0.18%] |
|    SynapseRouter_8  |   26974 [  2.35%] |   4928 [  0.84%] |   47454 [  1.98%] |    4 [  0.28%] |  16 [  1.84%] |   16 [  0.18%] |
|    SynapseRouter_9  |   26974 [  2.35%] |   4928 [  0.84%] |   47454 [  1.98%] |    4 [  0.28%] |  16 [  1.84%] |   16 [  0.18%] |
| krnl_aurora         |   15266 [  1.33%] |     74 [  0.01%] |   14230 [  0.59%] |   26 [  1.83%] |   0 [  0.00%] |    0 [  0.00%] |
|    krnl_aurora_0    |    7633 [  0.67%] |     37 [ <0.01%] |    7115 [  0.30%] |   13 [  0.91%] |   0 [  0.00%] |    0 [  0.00%] |
|    krnl_aurora_1    |    7633 [  0.67%] |     37 [ <0.01%] |    7115 [  0.30%] |   13 [  0.91%] |   0 [  0.00%] |    0 [  0.00%] |
+---------------------+-------------------+------------------+-------------------+----------------+---------------+----------------+


