Copyright 1986-2022 Xilinx, Inc. All Rights Reserved. Copyright 2022-2025 Advanced Micro Devices, Inc. All Rights Reserved.
---------------------------------------------------------------------------------------------------------------------------------------------
| Tool Version : Vivado v.2025.1 (lin64) Build 6140274 Wed May 21 22:58:25 MDT 2025
| Date         : Fri Feb 27 19:01:08 2026
| Host         : cyberdeck running 64-bit Ubuntu 22.04.5 LTS
| Command      : report_utilization -slr -file slr_util_routed.rpt -pb slr_util_routed.pb
| Design       : level0_wrapper
| Device       : xcu55c-fsvh2892-2L-e
| Speed File   : -2L
| Design State : Routed
---------------------------------------------------------------------------------------------------------------------------------------------

Utilization Design Information

Table of Contents
-----------------
1. SLR Connectivity
2. SLR Connectivity Matrix
3. SLR CLB Logic and Dedicated Block Utilization
4. SLR IO Utilization

1. SLR Connectivity
-------------------

+----------------------------------+-------+-------+-----------+-------+
|                                  |  Used | Fixed | Available | Util% |
+----------------------------------+-------+-------+-----------+-------+
| SLR2 <-> SLR1                    | 10201 |       |     23040 | 44.28 |
|   SLR1 -> SLR2                   |  5651 |       |           | 24.53 |
|     Using TX_REG only            |     0 |     0 |           |       |
|     Using RX_REG only            |     0 |     0 |           |       |
|     Using Both TX_REG and RX_REG |     0 |     0 |           |       |
|   SLR2 -> SLR1                   |  4550 |       |           | 19.75 |
|     Using TX_REG only            |     0 |     0 |           |       |
|     Using RX_REG only            |     0 |     0 |           |       |
|     Using Both TX_REG and RX_REG |     0 |     0 |           |       |
| SLR1 <-> SLR0                    | 12527 |       |     23040 | 54.37 |
|   SLR0 -> SLR1                   |  6333 |       |           | 27.49 |
|     Using TX_REG only            |     0 |     0 |           |       |
|     Using RX_REG only            |     0 |     0 |           |       |
|     Using Both TX_REG and RX_REG |     0 |     0 |           |       |
|   SLR1 -> SLR0                   |  6194 |       |           | 26.88 |
|     Using TX_REG only            |    13 |     0 |           |       |
|     Using RX_REG only            |     0 |     0 |           |       |
|     Using Both TX_REG and RX_REG |     0 |     0 |           |       |
+----------------------------------+-------+-------+-----------+-------+
| Total SLLs Used                  | 22728 |       |           |       |
+----------------------------------+-------+-------+-----------+-------+


2. SLR Connectivity Matrix
--------------------------

+-----------+------+------+------+
| FROM \ TO | SLR2 | SLR1 | SLR0 |
+-----------+------+------+------+
| SLR2      |    0 | 4303 |  247 |
| SLR1      | 5491 |    0 | 5947 |
| SLR0      |  160 | 6173 |    0 |
+-----------+------+------+------+


3. SLR CLB Logic and Dedicated Block Utilization
------------------------------------------------

+----------------------------+--------+--------+--------+--------+--------+--------+
|          Site Type         |  SLR0  |  SLR1  |  SLR2  | SLR0 % | SLR1 % | SLR2 % |
+----------------------------+--------+--------+--------+--------+--------+--------+
| CLB                        |  51085 |  51497 |  38591 |  92.95 |  95.36 |  71.46 |
|   CLBL                     |  27079 |  27867 |  20487 |  92.48 |  95.17 |  69.97 |
|   CLBM                     |  24006 |  23630 |  18104 |  93.48 |  95.59 |  73.24 |
| CLB LUTs                   | 243304 | 262651 | 136270 |  55.34 |  60.80 |  31.54 |
|   LUT as Logic             | 215063 | 237786 | 118153 |  48.91 |  55.04 |  27.35 |
|     using O5 output only   |   2926 |   2367 |   1287 |   0.67 |   0.55 |   0.30 |
|     using O6 output only   | 147049 | 169821 |  79407 |  33.44 |  39.31 |  18.38 |
|     using O5 and O6        |  65088 |  65598 |  37459 |  14.80 |  15.18 |   8.67 |
|   LUT as Memory            |  28241 |  24865 |  18117 |  13.75 |  12.57 |   9.16 |
|     LUT as Distributed RAM |  12200 |  10636 |  10292 |   5.94 |   5.38 |   5.20 |
|       using O6 output only |    240 |    386 |      0 |   0.12 |   0.20 |   0.00 |
|       using O5 and O6      |  11960 |  10250 |  10292 |   5.82 |   5.18 |   5.20 |
|     LUT as Shift Register  |  16041 |  14229 |   7825 |   7.81 |   7.20 |   3.96 |
|       using O5 output only |      0 |      0 |      1 |   0.00 |   0.00 |  <0.01 |
|       using O6 output only |  12892 |  11736 |   4654 |   6.28 |   5.93 |   2.35 |
|       using O5 and O6      |   3149 |   2493 |   3170 |   1.53 |   1.26 |   1.60 |
| CLB Registers              | 359170 | 368905 | 237589 |  40.84 |  42.70 |  27.50 |
| CARRY8                     |   6821 |   7022 |   3214 |  12.41 |  13.00 |   5.95 |
| F7 Muxes                   |   5030 |   5227 |    893 |   2.29 |   2.42 |   0.41 |
| F8 Muxes                   |    831 |    900 |     12 |   0.76 |   0.83 |   0.01 |
| F9 Muxes                   |      0 |      0 |      0 |   0.00 |   0.00 |   0.00 |
| Block RAM Tile             |    366 |  288.5 |  243.5 |  54.46 |  42.93 |  36.24 |
|   RAMB36/FIFO              |    255 |    180 |    222 |  37.95 |  26.79 |  33.04 |
|   RAMB18                   |    222 |    217 |     43 |  16.52 |  16.15 |   3.20 |
| URAM                       |     73 |     73 |    104 |  22.81 |  22.81 |  32.50 |
| DSPs                       |    818 |    818 |     68 |  28.40 |  26.63 |   2.21 |
| Unique Control Sets        |   7391 |   8981 |   4902 |   6.72 |   8.32 |   4.54 |
+----------------------------+--------+--------+--------+--------+--------+--------+
* Note: Available Control Sets based on CLB Registers / 8


4. SLR IO Utilization
---------------------

+-----------+-----------+---------+------------+----------+------------+----------+-----+
| SLR Index | Used IOBs | (%)IOBs | Used IPADs | (%)IPADs | Used OPADs | (%)OPADs | GTs |
+-----------+-----------+---------+------------+----------+------------+----------+-----+
| SLR2      |         0 |    0.00 |          0 |     0.00 |          0 |     0.00 |   0 |
| SLR1      |         0 |    0.00 |          0 |     0.00 |          0 |     0.00 |   8 |
| SLR0      |        12 |    5.77 |          0 |     0.00 |          0 |     0.00 |  16 |
+-----------+-----------+---------+------------+----------+------------+----------+-----+
| Total     |        12 |         |          0 |          |          0 |          |  24 |
+-----------+-----------+---------+------------+----------+------------+----------+-----+


