Copyright 1986-2022 Xilinx, Inc. All Rights Reserved. Copyright 2022-2025 Advanced Micro Devices, Inc. All Rights Reserved.
----------------------------------------------------------------------------------------------------------------------------------------------------------------------------------------------------------------------------------------------------------------------------------------------------------------------------------------------------------------------------------------------------------------------------------------------------------------------------------------------------------------------------------------------------------------------------------------------------------------------------------------------------------------------------------------------------------------------------------------------------------------------------------------------------------------------------------------------------------------------------------------------------------------------------------------------------------------------------------------------------------------------------------------------------------------------------------------------------------------------------------------------------------------------------------------------------------------------------------------------------------------------------------------------------------------------------------------------------------------------------------------------------------------------------------------------------
| Tool Version : Vivado v.2025.1 (lin64) Build 6140274 Wed May 21 22:58:25 MDT 2025
| Date         : Fri Feb 27 15:59:35 2026
| Host         : cyberdeck running 64-bit Ubuntu 22.04.5 LTS
| Command      : report_accelerator_utilization -kernels { NeuroRing:level0_i/ulp/NeuroRing_0/inst:NeuroRing_0 NeuroRing:level0_i/ulp/NeuroRing_1/inst:NeuroRing_1 NeuroRing:level0_i/ulp/NeuroRing_2/inst:NeuroRing_2 NeuroRing:level0_i/ulp/NeuroRing_3/inst:NeuroRing_3 NeuroRing:level0_i/ulp/NeuroRing_4/inst:NeuroRing_4 NeuroRing:level0_i/ulp/NeuroRing_5/inst:NeuroRing_5 NeuroRing:level0_i/ulp/NeuroRing_6/inst:NeuroRing_6 NeuroRing:level0_i/ulp/NeuroRing_7/inst:NeuroRing_7 NeuroRing:level0_i/ulp/NeuroRing_8/inst:NeuroRing_8 NeuroRing:level0_i/ulp/NeuroRing_9/inst:NeuroRing_9 SynapseRouter:level0_i/ulp/SynapseRouter_0/inst:SynapseRouter_0 SynapseRouter:level0_i/ulp/SynapseRouter_1/inst:SynapseRouter_1 SynapseRouter:level0_i/ulp/SynapseRouter_2/inst:SynapseRouter_2 SynapseRouter:level0_i/ulp/SynapseRouter_3/inst:SynapseRouter_3 SynapseRouter:level0_i/ulp/SynapseRouter_4/inst:SynapseRouter_4 SynapseRouter:level0_i/ulp/SynapseRouter_5/inst:SynapseRouter_5 SynapseRouter:level0_i/ulp/SynapseRouter_6/inst:SynapseRouter_6 SynapseRouter:level0_i/ulp/SynapseRouter_7/inst:SynapseRouter_7 SynapseRouter:level0_i/ulp/SynapseRouter_8/inst:SynapseRouter_8 SynapseRouter:level0_i/ulp/SynapseRouter_9/inst:SynapseRouter_9 krnl_aurora:level0_i/ulp/krnl_aurora_0/inst:krnl_aurora_0 krnl_aurora:level0_i/ulp/krnl_aurora_1/inst:krnl_aurora_1} -file kernel_util_placed.rpt -name kernel_util_placed -json
| Design       : level0_wrapper
| Device       : xcu55c
| Design State : Fully Placed
----------------------------------------------------------------------------------------------------------------------------------------------------------------------------------------------------------------------------------------------------------------------------------------------------------------------------------------------------------------------------------------------------------------------------------------------------------------------------------------------------------------------------------------------------------------------------------------------------------------------------------------------------------------------------------------------------------------------------------------------------------------------------------------------------------------------------------------------------------------------------------------------------------------------------------------------------------------------------------------------------------------------------------------------------------------------------------------------------------------------------------------------------------------------------------------------------------------------------------------------------------------------------------------------------------------------------------------------------------------------------------------------------------------------------------------------------

Accelerator Utilization Design Information

Table of Contents
-----------------
1. System Utilization

1. System Utilization
---------------------

+---------------------+-------------------+------------------+-------------------+----------------+---------------+----------------+
| Name                | LUT               | LUTAsMem         | REG               | BRAM           | URAM          | DSP            |
+---------------------+-------------------+------------------+-------------------+----------------+---------------+----------------+
| Platform            |  140397 [ 10.77%] |  12329 [  2.05%] |  205072 [  7.87%] |  592 [ 29.37%] |  90 [  9.38%] |    4 [  0.04%] |
| User Budget         | 1163283 [100.00%] | 588631 [100.00%] | 2402288 [100.00%] | 1424 [100.00%] | 870 [100.00%] | 9020 [100.00%] |
|    Used Resources   |  501803 [ 43.14%] |  58894 [ 10.01%] |  760395 [ 31.65%] |  306 [ 21.49%] | 160 [ 18.39%] | 1700 [ 18.85%] |
|    Unused Resources |  661480 [ 56.86%] | 529737 [ 89.99%] | 1641893 [ 68.35%] | 1118 [ 78.51%] | 710 [ 81.61%] | 7320 [ 81.15%] |
| NeuroRing           |  241679 [ 20.78%] |  17380 [  2.95%] |  271221 [ 11.29%] |  240 [ 16.85%] |   0 [  0.00%] | 1540 [ 17.07%] |
|    NeuroRing_0      |   24073 [  2.07%] |   1738 [  0.30%] |   27166 [  1.13%] |   24 [  1.69%] |   0 [  0.00%] |  154 [  1.71%] |
|    NeuroRing_1      |   24045 [  2.07%] |   1738 [  0.30%] |   27142 [  1.13%] |   24 [  1.69%] |   0 [  0.00%] |  154 [  1.71%] |
|    NeuroRing_2      |   24112 [  2.07%] |   1738 [  0.30%] |   27136 [  1.13%] |   24 [  1.69%] |   0 [  0.00%] |  154 [  1.71%] |
|    NeuroRing_3      |   23896 [  2.05%] |   1738 [  0.30%] |   27146 [  1.13%] |   24 [  1.69%] |   0 [  0.00%] |  154 [  1.71%] |
|    NeuroRing_4      |   23906 [  2.06%] |   1738 [  0.30%] |   27138 [  1.13%] |   24 [  1.69%] |   0 [  0.00%] |  154 [  1.71%] |
|    NeuroRing_5      |   24261 [  2.09%] |   1738 [  0.30%] |   27145 [  1.13%] |   24 [  1.69%] |   0 [  0.00%] |  154 [  1.71%] |
|    NeuroRing_6      |   24180 [  2.08%] |   1738 [  0.30%] |   27102 [  1.13%] |   24 [  1.69%] |   0 [  0.00%] |  154 [  1.71%] |
|    NeuroRing_7      |   24104 [  2.07%] |   1738 [  0.30%] |   27136 [  1.13%] |   24 [  1.69%] |   0 [  0.00%] |  154 [  1.71%] |
|    NeuroRing_8      |   24452 [  2.10%] |   1738 [  0.30%] |   27066 [  1.13%] |   24 [  1.69%] |   0 [  0.00%] |  154 [  1.71%] |
|    NeuroRing_9      |   24650 [  2.12%] |   1738 [  0.30%] |   27044 [  1.13%] |   24 [  1.69%] |   0 [  0.00%] |  154 [  1.71%] |
| SynapseRouter       |  257178 [ 22.11%] |  41440 [  7.04%] |  475318 [ 19.79%] |   40 [  2.81%] | 160 [ 18.39%] |  160 [  1.77%] |
|    SynapseRouter_0  |   25457 [  2.19%] |   4144 [  0.70%] |   47496 [  1.98%] |    4 [  0.28%] |  16 [  1.84%] |   16 [  0.18%] |
|    SynapseRouter_1  |   25430 [  2.19%] |   4144 [  0.70%] |   47532 [  1.98%] |    4 [  0.28%] |  16 [  1.84%] |   16 [  0.18%] |
|    SynapseRouter_2  |   25399 [  2.18%] |   4144 [  0.70%] |   47517 [  1.98%] |    4 [  0.28%] |  16 [  1.84%] |   16 [  0.18%] |
|    SynapseRouter_3  |   25509 [  2.19%] |   4144 [  0.70%] |   47551 [  1.98%] |    4 [  0.28%] |  16 [  1.84%] |   16 [  0.18%] |
|    SynapseRouter_4  |   25628 [  2.20%] |   4144 [  0.70%] |   47559 [  1.98%] |    4 [  0.28%] |  16 [  1.84%] |   16 [  0.18%] |
|    SynapseRouter_5  |   25783 [  2.22%] |   4144 [  0.70%] |   47568 [  1.98%] |    4 [  0.28%] |  16 [  1.84%] |   16 [  0.18%] |
|    SynapseRouter_6  |   26114 [  2.24%] |   4144 [  0.70%] |   47411 [  1.97%] |    4 [  0.28%] |  16 [  1.84%] |   16 [  0.18%] |
|    SynapseRouter_7  |   25822 [  2.22%] |   4144 [  0.70%] |   47548 [  1.98%] |    4 [  0.28%] |  16 [  1.84%] |   16 [  0.18%] |
|    SynapseRouter_8  |   25951 [  2.23%] |   4144 [  0.70%] |   47557 [  1.98%] |    4 [  0.28%] |  16 [  1.84%] |   16 [  0.18%] |
|    SynapseRouter_9  |   26085 [  2.24%] |   4144 [  0.70%] |   47579 [  1.98%] |    4 [  0.28%] |  16 [  1.84%] |   16 [  0.18%] |
| krnl_aurora         |    2946 [  0.25%] |     74 [  0.01%] |   13856 [  0.58%] |   26 [  1.83%] |   0 [  0.00%] |    0 [  0.00%] |
|    krnl_aurora_0    |    1472 [  0.13%] |     37 [ <0.01%] |    6820 [  0.28%] |   13 [  0.91%] |   0 [  0.00%] |    0 [  0.00%] |
|    krnl_aurora_1    |    1474 [  0.13%] |     37 [ <0.01%] |    7036 [  0.29%] |   13 [  0.91%] |   0 [  0.00%] |    0 [  0.00%] |
+---------------------+-------------------+------------------+-------------------+----------------+---------------+----------------+


