Copyright 1986-2022 Xilinx, Inc. All Rights Reserved. Copyright 2022-2025 Advanced Micro Devices, Inc. All Rights Reserved.
---------------------------------------------------------------------------------------------------------------------------------------------
| Tool Version : Vivado v.2025.1 (lin64) Build 6140274 Wed May 21 22:58:25 MDT 2025
| Date         : Fri Feb 27 19:03:38 2026
| Host         : cyberdeck running 64-bit Ubuntu 22.04.5 LTS
| Command      : report_utilization -file full_util_routed.rpt -pb full_util_routed.pb
| Design       : level0_wrapper
| Device       : xcu55c-fsvh2892-2L-e
| Speed File   : -2L
| Design State : Routed
---------------------------------------------------------------------------------------------------------------------------------------------

Utilization Design Information

Table of Contents
-----------------
1. CLB Logic
1.1 Summary of Registers by Type
2. CLB Logic Distribution
3. BLOCKRAM
4. ARITHMETIC
5. I/O
6. CLOCK
7. ADVANCED
8. CONFIGURATION
9. Primitives
10. Black Boxes
11. Instantiated Netlists
12. SLR Connectivity
13. SLR Connectivity Matrix
14. SLR CLB Logic and Dedicated Block Utilization
15. SLR IO Utilization

1. CLB Logic
------------

+----------------------------+--------+--------+------------+-----------+-------+
|          Site Type         |  Used  |  Fixed | Prohibited | Available | Util% |
+----------------------------+--------+--------+------------+-----------+-------+
| CLB LUTs                   | 642225 | 107889 |          0 |   1303680 | 49.26 |
|   LUT as Logic             | 571002 | 101912 |          0 |   1303680 | 43.80 |
|   LUT as Memory            |  71223 |   5977 |          0 |    600960 | 11.85 |
|     LUT as Distributed RAM |  33128 |   4564 |            |           |       |
|     LUT as Shift Register  |  38095 |   1413 |            |           |       |
| CLB Registers              | 965664 | 136116 |          0 |   2607360 | 37.04 |
|   Register as Flip Flop    | 965660 | 136112 |          0 |   2607360 | 37.04 |
|   Register as Latch        |      0 |      0 |          0 |   2607360 |  0.00 |
|   Register as AND/OR       |      4 |      4 |          0 |   2607360 | <0.01 |
| CARRY8                     |  17057 |    946 |          0 |    162960 | 10.47 |
| F7 Muxes                   |  11150 |   1684 |          0 |    651840 |  1.71 |
| F8 Muxes                   |   1743 |    451 |          0 |    325920 |  0.53 |
| F9 Muxes                   |      0 |      0 |          0 |    162960 |  0.00 |
+----------------------------+--------+--------+------------+-----------+-------+
* Warning! LUT value is adjusted to account for LUT combining.


1.1 Summary of Registers by Type
--------------------------------

+--------+--------------+-------------+--------------+
|  Total | Clock Enable | Synchronous | Asynchronous |
+--------+--------------+-------------+--------------+
| 4      |            _ |           - |            - |
| 0      |            _ |           - |          Set |
| 0      |            _ |           - |        Reset |
| 0      |            _ |         Set |            - |
| 0      |            _ |       Reset |            - |
| 0      |          Yes |           - |            - |
| 484    |          Yes |           - |          Set |
| 4614   |          Yes |           - |        Reset |
| 7159   |          Yes |         Set |            - |
| 953403 |          Yes |       Reset |            - |
+--------+--------------+-------------+--------------+


2. CLB Logic Distribution
-------------------------

+--------------------------------------------+--------+--------+------------+-----------+-------+
|                  Site Type                 |  Used  |  Fixed | Prohibited | Available | Util% |
+--------------------------------------------+--------+--------+------------+-----------+-------+
| CLB                                        | 141173 |      0 |          0 |    162960 | 86.63 |
|   CLBL                                     |  75433 |      0 |            |           |       |
|   CLBM                                     |  65740 |      0 |            |           |       |
| LUT as Logic                               | 571002 | 101912 |          0 |   1303680 | 43.80 |
|   using O5 output only                     |   6580 |        |            |           |       |
|   using O6 output only                     | 396277 |        |            |           |       |
|   using O5 and O6                          | 168145 |        |            |           |       |
| LUT as Memory                              |  71223 |   5977 |          0 |    600960 | 11.85 |
|   LUT as Distributed RAM                   |  33128 |   4564 |            |           |       |
|     using O5 output only                   |      0 |        |            |           |       |
|     using O6 output only                   |    626 |        |            |           |       |
|     using O5 and O6                        |  32502 |        |            |           |       |
|   LUT as Shift Register                    |  38095 |   1413 |            |           |       |
|     using O5 output only                   |      1 |        |            |           |       |
|     using O6 output only                   |  29282 |        |            |           |       |
|     using O5 and O6                        |   8812 |        |            |           |       |
| CLB Registers                              | 965664 |      0 |          0 |   2607360 | 37.04 |
|   Register driven from within the CLB      | 455176 |        |            |           |       |
|   Register driven from outside the CLB     | 510488 |        |            |           |       |
|     LUT in front of the register is unused | 328304 |        |            |           |       |
|     LUT in front of the register is used   | 182184 |        |            |           |       |
| Unique Control Sets                        |  21174 |        |          0 |    325920 |  6.50 |
+--------------------------------------------+--------+--------+------------+-----------+-------+
* * Note: Available Control Sets calculated as Slices * 2, Review the Control Sets Report for more information regarding control sets.


3. BLOCKRAM
-----------

+-------------------+------+-------+------------+-----------+-------+
|     Site Type     | Used | Fixed | Prohibited | Available | Util% |
+-------------------+------+-------+------------+-----------+-------+
| Block RAM Tile    |  898 |     0 |          0 |      2016 | 44.54 |
|   RAMB36/FIFO*    |  657 |   193 |          0 |      2016 | 32.59 |
|     FIFO36E2 only |    8 |       |            |           |       |
|     RAMB36E2 only |  649 |       |            |           |       |
|   RAMB18          |  482 |     6 |          0 |      4032 | 11.95 |
|     RAMB18E2 only |  482 |       |            |           |       |
| URAM              |  250 |     0 |          0 |       960 | 26.04 |
+-------------------+------+-------+------------+-----------+-------+
* Note: Each Block RAM Tile only has one FIFO logic available and therefore can accommodate only one FIFO36E2 or one FIFO18E2. However, if a FIFO18E2 occupies a Block RAM Tile, that tile can still accommodate a RAMB18E2


4. ARITHMETIC
-------------

+----------------+------+-------+------------+-----------+-------+
|    Site Type   | Used | Fixed | Prohibited | Available | Util% |
+----------------+------+-------+------------+-----------+-------+
| DSPs           | 1704 |     4 |          0 |      9024 | 18.88 |
|   DSP48E2 only | 1704 |       |            |           |       |
+----------------+------+-------+------------+-----------+-------+


5. I/O
------

+------------------+------+-------+------------+-----------+-------+
|     Site Type    | Used | Fixed | Prohibited | Available | Util% |
+------------------+------+-------+------------+-----------+-------+
| Bonded IOB       |   12 |    12 |          0 |       624 |  1.92 |
|   HPIOB_M        |    6 |     6 |          0 |       288 |  2.08 |
|     INPUT        |    3 |       |            |           |       |
|     OUTPUT       |    3 |       |            |           |       |
|     BIDIR        |    0 |       |            |           |       |
|   HPIOB_S        |    5 |     5 |          0 |       288 |  1.74 |
|     INPUT        |    5 |       |            |           |       |
|     OUTPUT       |    0 |       |            |           |       |
|     BIDIR        |    0 |       |            |           |       |
|   HPIOB_SNGL     |    1 |     1 |          0 |        48 |  2.08 |
|     INPUT        |    1 |       |            |           |       |
|     OUTPUT       |    0 |       |            |           |       |
|     BIDIR        |    0 |       |            |           |       |
| HPIOBDIFFINBUF   |    1 |     1 |          0 |       288 |  0.35 |
|   DIFFINBUF      |    1 |     1 |            |           |       |
| HPIOBDIFFOUTBUF  |    0 |     0 |          0 |       288 |  0.00 |
| BITSLICE_CONTROL |    0 |     0 |          0 |        96 |  0.00 |
| BITSLICE_RX_TX   |    0 |     0 |          0 |      3744 |  0.00 |
| BITSLICE_TX      |    0 |     0 |          0 |        96 |  0.00 |
| RIU_OR           |    0 |     0 |          0 |        48 |  0.00 |
+------------------+------+-------+------------+-----------+-------+


6. CLOCK
--------

+------------+------+-------+------------+-----------+-------+
|  Site Type | Used | Fixed | Prohibited | Available | Util% |
+------------+------+-------+------------+-----------+-------+
| BUFGCE     |   29 |     6 |          0 |       288 | 10.07 |
| BUFGCE_DIV |    1 |     1 |          0 |        48 |  2.08 |
| BUFG_GT    |   26 |    22 |          0 |       576 |  4.51 |
| BUFGCTRL*  |    1 |     1 |          0 |        96 |  1.04 |
| PLL        |    1 |     1 |          0 |        24 |  4.17 |
| MMCM       |    3 |     1 |          0 |        12 | 25.00 |
+------------+------+-------+------------+-----------+-------+
* Note: Each used BUFGCTRL counts as two GLOBAL CLOCK BUFFERs. This table does not include global clocking resources, only buffer cell usage. See the Clock Utilization Report (report_clock_utilization) for detailed accounting of global clocking resource availability.


7. ADVANCED
-----------

+----------------------+------+-------+------------+-----------+--------+
|       Site Type      | Used | Fixed | Prohibited | Available |  Util% |
+----------------------+------+-------+------------+-----------+--------+
| CMACE4               |    0 |     0 |          0 |         8 |   0.00 |
| GTYE4_CHANNEL        |   24 |    24 |          0 |        40 |  60.00 |
| GTYE4_COMMON         |    6 |     4 |          0 |        10 |  60.00 |
| HBM_REF_CLK          |    2 |     2 |          0 |         2 | 100.00 |
| HBM_SNGLBLI_INTF_APB |    2 |     2 |          0 |        32 |   6.25 |
| HBM_SNGLBLI_INTF_AXI |   32 |    32 |          0 |        32 | 100.00 |
| ILKNE4               |    0 |     0 |          0 |         4 |   0.00 |
| OBUFDS_GTE4          |    0 |     0 |          0 |        20 |   0.00 |
| OBUFDS_GTE4_ADV      |    0 |     0 |          0 |        20 |   0.00 |
| PCIE40E4             |    0 |     0 |          0 |         2 |   0.00 |
| PCIE4CE4             |    1 |     1 |          0 |         4 |  25.00 |
| SYSMONE4             |    0 |     0 |          0 |         3 |   0.00 |
+----------------------+------+-------+------------+-----------+--------+


8. CONFIGURATION
----------------

+-------------+------+-------+------------+-----------+-------+
|  Site Type  | Used | Fixed | Prohibited | Available | Util% |
+-------------+------+-------+------------+-----------+-------+
| BSCANE2     |    1 |     1 |          0 |        12 |  8.33 |
| DNA_PORTE2  |    0 |     0 |          0 |         3 |  0.00 |
| EFUSE_USR   |    0 |     0 |          0 |         3 |  0.00 |
| FRAME_ECCE4 |    0 |     0 |          0 |         3 |  0.00 |
| ICAPE3      |    1 |     1 |          0 |         6 | 16.67 |
| MASTER_JTAG |    0 |     0 |          0 |         3 |  0.00 |
| STARTUPE3   |    1 |     1 |          0 |         3 | 33.33 |
+-------------+------+-------+------------+-----------+-------+


9. Primitives
-------------

+----------------------+--------+---------------------+
|       Ref Name       |  Used  | Functional Category |
+----------------------+--------+---------------------+
| FDRE                 | 953416 |            Register |
| LUT3                 | 225219 |                 CLB |
| LUT6                 | 188575 |                 CLB |
| LUT5                 | 133491 |                 CLB |
| LUT4                 |  93854 |                 CLB |
| LUT2                 |  87789 |                 CLB |
| RAMD32               |  56796 |                 CLB |
| SRL16E               |  31745 |                 CLB |
| CARRY8               |  17057 |                 CLB |
| SRLC32E              |  15148 |                 CLB |
| MUXF7                |  11150 |                 CLB |
| LUT1                 |  10219 |                 CLB |
| RAMS32               |   8266 |                 CLB |
| FDSE                 |   7159 |            Register |
| FDCE                 |   4614 |            Register |
| MUXF8                |   1743 |                 CLB |
| DSP48E2              |   1704 |          Arithmetic |
| RAMB36E2             |    649 |            BLOCKRAM |
| RAMD64E              |    528 |                 CLB |
| FDPE                 |    484 |            Register |
| RAMB18E2             |    482 |            BLOCKRAM |
| URAM288              |    250 |            BLOCKRAM |
| RAMS64E              |     40 |                 CLB |
| HBM_SNGLBLI_INTF_AXI |     32 |            Advanced |
| BUFGCE               |     29 |               Clock |
| BUFG_GT              |     26 |               Clock |
| GTYE4_CHANNEL        |     24 |            Advanced |
| BUFG_GT_SYNC         |     21 |               Clock |
| SRLC16E              |     14 |                 CLB |
| IBUFCTRL             |      8 |              Others |
| FIFO36E2             |      8 |            BLOCKRAM |
| INBUF                |      7 |                 I/O |
| GTYE4_COMMON         |      6 |            Advanced |
| AND2B1L              |      4 |              Others |
| OBUF                 |      3 |                 I/O |
| MMCME4_ADV           |      3 |               Clock |
| IBUFDS_GTE4          |      3 |                 I/O |
| HBM_SNGLBLI_INTF_APB |      2 |            Advanced |
| HBM_REF_CLK          |      2 |            Advanced |
| STARTUPE3            |      1 |       Configuration |
| PLLE4_ADV            |      1 |               Clock |
| PCIE4CE4             |      1 |            Advanced |
| ICAPE3               |      1 |       Configuration |
| DIFFINBUF            |      1 |                 I/O |
| BUFGCTRL             |      1 |               Clock |
| BUFGCE_DIV           |      1 |               Clock |
| BSCANE2              |      1 |       Configuration |
+----------------------+--------+---------------------+


10. Black Boxes
---------------

+----------+------+
| Ref Name | Used |
+----------+------+


11. Instantiated Netlists
-------------------------

+-------------------------------------------------------+------+
|                        Ref Name                       | Used |
+-------------------------------------------------------+------+
| xsdbm                                                 |    1 |
| ulp_ulp_ucs_0                                         |    1 |
| ulp_ulp_cmp_0                                         |    1 |
| ulp_regslice_control_userpf_2                         |    1 |
| ulp_regslice_control_userpf_1                         |    1 |
| ulp_regslice_control_userpf_0                         |    1 |
| ulp_proc_sys_reset_kernel_slr1_0                      |    1 |
| ulp_proc_sys_reset_kernel_slr0_0                      |    1 |
| ulp_proc_sys_reset_ctrl_slr2_0                        |    1 |
| ulp_proc_sys_reset_ctrl_slr1_0                        |    1 |
| ulp_proc_sys_reset_ctrl_slr0_0                        |    1 |
| ulp_krnl_aurora_1_0                                   |    1 |
| ulp_krnl_aurora_0_0                                   |    1 |
| ulp_interconnect_axilite_user_upgraded_ipi_imp_xbar_0 |    1 |
| ulp_interconnect_axilite_user_imp_tier2_xbar_2_0      |    1 |
| ulp_interconnect_axilite_user_imp_tier2_xbar_1_0      |    1 |
| ulp_interconnect_axilite_user_imp_tier2_xbar_0_0      |    1 |
| ulp_interconnect_axilite_user_imp_s00_regslice_2      |    1 |
| ulp_interconnect_axilite_user_imp_s00_regslice_1      |    1 |
| ulp_interconnect_axilite_user_imp_s00_regslice_0      |    1 |
| ulp_interconnect_axilite_user_imp_m22_regslice_0      |    1 |
| ulp_interconnect_axilite_user_imp_m21_regslice_0      |    1 |
| ulp_interconnect_axilite_user_imp_m20_regslice_0      |    1 |
| ulp_interconnect_axilite_user_imp_m19_regslice_0      |    1 |
| ulp_interconnect_axilite_user_imp_m18_regslice_0      |    1 |
| ulp_interconnect_axilite_user_imp_m17_regslice_0      |    1 |
| ulp_interconnect_axilite_user_imp_m16_regslice_0      |    1 |
| ulp_interconnect_axilite_user_imp_m15_regslice_0      |    1 |
| ulp_interconnect_axilite_user_imp_m14_regslice_0      |    1 |
| ulp_interconnect_axilite_user_imp_m13_regslice_0      |    1 |
| ulp_interconnect_axilite_user_imp_m12_regslice_0      |    1 |
| ulp_interconnect_axilite_user_imp_m11_regslice_0      |    1 |
| ulp_interconnect_axilite_user_imp_m10_regslice_0      |    1 |
| ulp_interconnect_axilite_user_imp_m09_regslice_0      |    1 |
| ulp_interconnect_axilite_user_imp_m08_regslice_0      |    1 |
| ulp_interconnect_axilite_user_imp_m07_regslice_0      |    1 |
| ulp_interconnect_axilite_user_imp_m06_regslice_0      |    1 |
| ulp_interconnect_axilite_user_imp_m05_regslice_0      |    1 |
| ulp_interconnect_axilite_user_imp_m04_regslice_0      |    1 |
| ulp_interconnect_axilite_user_imp_m03_regslice_0      |    1 |
| ulp_interconnect_axilite_user_imp_m02_regslice_0      |    1 |
| ulp_interconnect_axilite_user_imp_m01_regslice_0      |    1 |
| ulp_interconnect_axilite_user_imp_m00_regslice_0      |    1 |
| ulp_interconnect_axilite_user_imp_auto_cc_9           |    1 |
| ulp_interconnect_axilite_user_imp_auto_cc_8           |    1 |
| ulp_interconnect_axilite_user_imp_auto_cc_7           |    1 |
| ulp_interconnect_axilite_user_imp_auto_cc_6           |    1 |
| ulp_interconnect_axilite_user_imp_auto_cc_5           |    1 |
| ulp_interconnect_axilite_user_imp_auto_cc_4           |    1 |
| ulp_interconnect_axilite_user_imp_auto_cc_3           |    1 |
| ulp_interconnect_axilite_user_imp_auto_cc_24          |    1 |
| ulp_interconnect_axilite_user_imp_auto_cc_23          |    1 |
| ulp_interconnect_axilite_user_imp_auto_cc_22          |    1 |
| ulp_interconnect_axilite_user_imp_auto_cc_21          |    1 |
| ulp_interconnect_axilite_user_imp_auto_cc_20          |    1 |
| ulp_interconnect_axilite_user_imp_auto_cc_2           |    1 |
| ulp_interconnect_axilite_user_imp_auto_cc_19          |    1 |
| ulp_interconnect_axilite_user_imp_auto_cc_18          |    1 |
| ulp_interconnect_axilite_user_imp_auto_cc_17          |    1 |
| ulp_interconnect_axilite_user_imp_auto_cc_16          |    1 |
| ulp_interconnect_axilite_user_imp_auto_cc_15          |    1 |
| ulp_interconnect_axilite_user_imp_auto_cc_14          |    1 |
| ulp_interconnect_axilite_user_imp_auto_cc_13          |    1 |
| ulp_interconnect_axilite_user_imp_auto_cc_12          |    1 |
| ulp_interconnect_axilite_user_imp_auto_cc_11          |    1 |
| ulp_interconnect_axilite_user_imp_auto_cc_10          |    1 |
| ulp_interconnect_axilite_user_imp_auto_cc_1           |    1 |
| ulp_interconnect_axilite_user_imp_auto_cc_0           |    1 |
| ulp_ii_level0_wire_0                                  |    1 |
| ulp_hmss_0_0                                          |    1 |
| ulp_buffer_krnl_aurora_1_rx_axis_0                    |    1 |
| ulp_buffer_krnl_aurora_0_rx_axis_0                    |    1 |
| ulp_buffer_SynapseRouter_9_syn_forward_rt_right_0     |    1 |
| ulp_buffer_SynapseRouter_9_syn_forward_rt_left_0      |    1 |
| ulp_buffer_SynapseRouter_9_SpikeOutWeight_0           |    1 |
| ulp_buffer_SynapseRouter_8_syn_forward_rt_right_0     |    1 |
| ulp_buffer_SynapseRouter_8_syn_forward_rt_left_0      |    1 |
| ulp_buffer_SynapseRouter_8_SpikeOutWeight_0           |    1 |
| ulp_buffer_SynapseRouter_7_syn_forward_rt_right_0     |    1 |
| ulp_buffer_SynapseRouter_7_syn_forward_rt_left_0      |    1 |
| ulp_buffer_SynapseRouter_7_SpikeOutWeight_0           |    1 |
| ulp_buffer_SynapseRouter_6_syn_forward_rt_right_0     |    1 |
| ulp_buffer_SynapseRouter_6_syn_forward_rt_left_0      |    1 |
| ulp_buffer_SynapseRouter_6_SpikeOutWeight_0           |    1 |
| ulp_buffer_SynapseRouter_5_syn_forward_rt_right_0     |    1 |
| ulp_buffer_SynapseRouter_5_syn_forward_rt_left_0      |    1 |
| ulp_buffer_SynapseRouter_5_SpikeOutWeight_0           |    1 |
| ulp_buffer_SynapseRouter_4_syn_forward_rt_right_0     |    1 |
| ulp_buffer_SynapseRouter_4_syn_forward_rt_left_0      |    1 |
| ulp_buffer_SynapseRouter_4_SpikeOutWeight_0           |    1 |
| ulp_buffer_SynapseRouter_3_syn_forward_rt_right_0     |    1 |
| ulp_buffer_SynapseRouter_3_syn_forward_rt_left_0      |    1 |
| ulp_buffer_SynapseRouter_3_SpikeOutWeight_0           |    1 |
| ulp_buffer_SynapseRouter_2_syn_forward_rt_right_0     |    1 |
| ulp_buffer_SynapseRouter_2_syn_forward_rt_left_0      |    1 |
| ulp_buffer_SynapseRouter_2_SpikeOutWeight_0           |    1 |
| ulp_buffer_SynapseRouter_1_syn_forward_rt_right_0     |    1 |
| ulp_buffer_SynapseRouter_1_syn_forward_rt_left_0      |    1 |
| ulp_buffer_SynapseRouter_1_SpikeOutWeight_0           |    1 |
| ulp_buffer_SynapseRouter_0_syn_forward_rt_right_0     |    1 |
| ulp_buffer_SynapseRouter_0_syn_forward_rt_left_0      |    1 |
| ulp_buffer_SynapseRouter_0_SpikeOutWeight_0           |    1 |
| ulp_buffer_NeuroRing_9_SynapseStreamRight_0           |    1 |
| ulp_buffer_NeuroRing_9_SynapseStreamLeft_0            |    1 |
| ulp_buffer_NeuroRing_8_SynapseStreamRight_0           |    1 |
| ulp_buffer_NeuroRing_8_SynapseStreamLeft_0            |    1 |
| ulp_buffer_NeuroRing_7_SynapseStreamRight_0           |    1 |
| ulp_buffer_NeuroRing_7_SynapseStreamLeft_0            |    1 |
| ulp_buffer_NeuroRing_6_SynapseStreamRight_0           |    1 |
| ulp_buffer_NeuroRing_6_SynapseStreamLeft_0            |    1 |
| ulp_buffer_NeuroRing_5_SynapseStreamRight_0           |    1 |
| ulp_buffer_NeuroRing_5_SynapseStreamLeft_0            |    1 |
| ulp_buffer_NeuroRing_4_SynapseStreamRight_0           |    1 |
| ulp_buffer_NeuroRing_4_SynapseStreamLeft_0            |    1 |
| ulp_buffer_NeuroRing_3_SynapseStreamRight_0           |    1 |
| ulp_buffer_NeuroRing_3_SynapseStreamLeft_0            |    1 |
| ulp_buffer_NeuroRing_2_SynapseStreamRight_0           |    1 |
| ulp_buffer_NeuroRing_2_SynapseStreamLeft_0            |    1 |
| ulp_buffer_NeuroRing_1_SynapseStreamRight_0           |    1 |
| ulp_buffer_NeuroRing_1_SynapseStreamLeft_0            |    1 |
| ulp_buffer_NeuroRing_0_SynapseStreamRight_0           |    1 |
| ulp_buffer_NeuroRing_0_SynapseStreamLeft_0            |    1 |
| ulp_axi_vip_data_0                                    |    1 |
| ulp_axi_vip_ctrl_userpf_2                             |    1 |
| ulp_axi_vip_ctrl_userpf_1                             |    1 |
| ulp_axi_vip_ctrl_userpf_0                             |    1 |
| ulp_axi_ic_ctrl_mgmt_slr1_upgraded_ipi_imp_xbar_0     |    1 |
| ulp_axi_gpio_null_2                                   |    1 |
| ulp_axi_gpio_null_1                                   |    1 |
| ulp_axi_gpio_null_0                                   |    1 |
| ulp_SynapseRouter_9_0                                 |    1 |
| ulp_SynapseRouter_8_0                                 |    1 |
| ulp_SynapseRouter_7_0                                 |    1 |
| ulp_SynapseRouter_6_0                                 |    1 |
| ulp_SynapseRouter_5_0                                 |    1 |
| ulp_SynapseRouter_4_0                                 |    1 |
| ulp_SynapseRouter_3_0                                 |    1 |
| ulp_SynapseRouter_2_0                                 |    1 |
| ulp_SynapseRouter_1_0                                 |    1 |
| ulp_SynapseRouter_0_0                                 |    1 |
| ulp_NeuroRing_9_0                                     |    1 |
| ulp_NeuroRing_8_0                                     |    1 |
| ulp_NeuroRing_7_0                                     |    1 |
| ulp_NeuroRing_6_0                                     |    1 |
| ulp_NeuroRing_5_0                                     |    1 |
| ulp_NeuroRing_4_0                                     |    1 |
| ulp_NeuroRing_3_0                                     |    1 |
| ulp_NeuroRing_2_0                                     |    1 |
| ulp_NeuroRing_1_0                                     |    1 |
| ulp_NeuroRing_0_0                                     |    1 |
| ulp                                                   |    1 |
| level0_ii_level0_pipe_0                               |    1 |
| blp_wrapper                                           |    1 |
| bd_85ad_vip_S10_0                                     |    1 |
| bd_85ad_vip_S09_0                                     |    1 |
| bd_85ad_vip_S08_0                                     |    1 |
| bd_85ad_vip_S07_0                                     |    1 |
| bd_85ad_vip_S06_0                                     |    1 |
| bd_85ad_vip_S05_0                                     |    1 |
| bd_85ad_vip_S04_0                                     |    1 |
| bd_85ad_vip_S03_0                                     |    1 |
| bd_85ad_vip_S02_0                                     |    1 |
| bd_85ad_vip_S01_0                                     |    1 |
| bd_85ad_vip_S00_0                                     |    1 |
| bd_85ad_util_vector_logic_0                           |    1 |
| bd_85ad_slice9_20_0                                   |    1 |
| bd_85ad_slice8_17_0                                   |    1 |
| bd_85ad_slice7_16_0                                   |    1 |
| bd_85ad_slice6_13_0                                   |    1 |
| bd_85ad_slice5_12_0                                   |    1 |
| bd_85ad_slice4_9_0                                    |    1 |
| bd_85ad_slice3_8_0                                    |    1 |
| bd_85ad_slice2_4_0                                    |    1 |
| bd_85ad_slice1_0_0                                    |    1 |
| bd_85ad_slice10_21_0                                  |    1 |
| bd_85ad_slice0_14_0                                   |    1 |
| bd_85ad_interconnect9_20_0                            |    1 |
| bd_85ad_interconnect8_17_0                            |    1 |
| bd_85ad_interconnect7_16_0                            |    1 |
| bd_85ad_interconnect6_13_0                            |    1 |
| bd_85ad_interconnect5_12_0                            |    1 |
| bd_85ad_interconnect4_9_0                             |    1 |
| bd_85ad_interconnect3_8_0                             |    1 |
| bd_85ad_interconnect2_4_0                             |    1 |
| bd_85ad_interconnect1_0_0                             |    1 |
| bd_85ad_interconnect10_21_0                           |    1 |
| bd_85ad_interconnect0_14_0                            |    1 |
| bd_85ad_init_reduce_0                                 |    1 |
| bd_85ad_hbm_reset_sync_SLR2_0                         |    1 |
| bd_85ad_hbm_reset_sync_SLR0_0                         |    1 |
| bd_85ad_hbm_inst_0                                    |    1 |
| bd_85ad_axi_apb_bridge_inst_0                         |    1 |
| bd_7cf0_bsip_0                                        |    1 |
| bd_7cf0_bs_switch_1_0                                 |    1 |
| bd_7cf0_axi_jtag_0                                    |    1 |
| bd_58f6_xsdbm_0                                       |    1 |
| bd_58f6_lut_buffer_0                                  |    1 |
| bd_22c0_psreset_kernel_01_0                           |    1 |
| bd_22c0_psreset_kernel_00_0                           |    1 |
| bd_22c0_psreset_hbm_0                                 |    1 |
| bd_22c0_psreset_aclk_freerun_0                        |    1 |
| bd_22c0_gpio_ucs_control_status_0                     |    1 |
| bd_22c0_gpio_gapping_demand_0                         |    1 |
| bd_22c0_gapping_demand_update_0                       |    1 |
| bd_22c0_gapping_demand_toggle_0                       |    1 |
| bd_22c0_frequency_counter_aclk_kernel_01_0            |    1 |
| bd_22c0_frequency_counter_aclk_kernel_00_0            |    1 |
| bd_22c0_frequency_counter_aclk_hbm_0                  |    1 |
| bd_22c0_frequency_counter_aclk_0                      |    1 |
| bd_22c0_fanout_aresetn_pcie_slr2_4_0                  |    1 |
| bd_22c0_fanout_aresetn_pcie_slr2_3_0                  |    1 |
| bd_22c0_fanout_aresetn_pcie_slr2_2_0                  |    1 |
| bd_22c0_fanout_aresetn_pcie_slr2_1_0                  |    1 |
| bd_22c0_fanout_aresetn_pcie_slr1_4_0                  |    1 |
| bd_22c0_fanout_aresetn_pcie_slr1_3_0                  |    1 |
| bd_22c0_fanout_aresetn_pcie_slr1_2_0                  |    1 |
| bd_22c0_fanout_aresetn_pcie_slr1_1_0                  |    1 |
| bd_22c0_fanout_aresetn_pcie_slr0_4_0                  |    1 |
| bd_22c0_fanout_aresetn_pcie_slr0_3_0                  |    1 |
| bd_22c0_fanout_aresetn_pcie_slr0_2_0                  |    1 |
| bd_22c0_fanout_aresetn_pcie_slr0_1_0                  |    1 |
| bd_22c0_fanout_aresetn_kernel_01_slr2_4_0             |    1 |
| bd_22c0_fanout_aresetn_kernel_01_slr2_3_0             |    1 |
| bd_22c0_fanout_aresetn_kernel_01_slr2_2_0             |    1 |
| bd_22c0_fanout_aresetn_kernel_01_slr2_1_0             |    1 |
| bd_22c0_fanout_aresetn_kernel_01_slr1_4_0             |    1 |
| bd_22c0_fanout_aresetn_kernel_01_slr1_3_0             |    1 |
| bd_22c0_fanout_aresetn_kernel_01_slr1_2_0             |    1 |
| bd_22c0_fanout_aresetn_kernel_01_slr1_1_0             |    1 |
| bd_22c0_fanout_aresetn_kernel_01_slr0_4_0             |    1 |
| bd_22c0_fanout_aresetn_kernel_01_slr0_3_0             |    1 |
| bd_22c0_fanout_aresetn_kernel_01_slr0_2_0             |    1 |
| bd_22c0_fanout_aresetn_kernel_01_slr0_1_0             |    1 |
| bd_22c0_fanout_aresetn_kernel_00_slr2_4_0             |    1 |
| bd_22c0_fanout_aresetn_kernel_00_slr2_3_0             |    1 |
| bd_22c0_fanout_aresetn_kernel_00_slr2_2_0             |    1 |
| bd_22c0_fanout_aresetn_kernel_00_slr2_1_0             |    1 |
| bd_22c0_fanout_aresetn_kernel_00_slr1_4_0             |    1 |
| bd_22c0_fanout_aresetn_kernel_00_slr1_3_0             |    1 |
| bd_22c0_fanout_aresetn_kernel_00_slr1_2_0             |    1 |
| bd_22c0_fanout_aresetn_kernel_00_slr1_1_0             |    1 |
| bd_22c0_fanout_aresetn_kernel_00_slr0_4_0             |    1 |
| bd_22c0_fanout_aresetn_kernel_00_slr0_3_0             |    1 |
| bd_22c0_fanout_aresetn_kernel_00_slr0_2_0             |    1 |
| bd_22c0_fanout_aresetn_kernel_00_slr0_1_0             |    1 |
| bd_22c0_fanout_aresetn_hbm_0                          |    1 |
| bd_22c0_fanout_aresetn_ctrl_slr2_4_0                  |    1 |
| bd_22c0_fanout_aresetn_ctrl_slr2_3_0                  |    1 |
| bd_22c0_fanout_aresetn_ctrl_slr2_2_0                  |    1 |
| bd_22c0_fanout_aresetn_ctrl_slr2_1_0                  |    1 |
| bd_22c0_fanout_aresetn_ctrl_slr1_4_0                  |    1 |
| bd_22c0_fanout_aresetn_ctrl_slr1_3_0                  |    1 |
| bd_22c0_fanout_aresetn_ctrl_slr1_2_0                  |    1 |
| bd_22c0_fanout_aresetn_ctrl_slr1_1_0                  |    1 |
| bd_22c0_fanout_aresetn_ctrl_slr0_4_0                  |    1 |
| bd_22c0_fanout_aresetn_ctrl_slr0_3_0                  |    1 |
| bd_22c0_fanout_aresetn_ctrl_slr0_2_0                  |    1 |
| bd_22c0_fanout_aresetn_ctrl_slr0_1_0                  |    1 |
| bd_22c0_clock_throttling_avg_0                        |    1 |
| bd_22c0_clock_throttling_aclk_kernel_01_0             |    1 |
| bd_22c0_clock_throttling_aclk_kernel_00_0             |    1 |
| bd_22c0_clock_shutdown_latch_0                        |    1 |
| bd_22c0_clkwiz_hbm_0                                  |    1 |
| bd_22c0_clkwiz_aclk_kernel_01_0                       |    1 |
| bd_22c0_clkwiz_aclk_kernel_00_0                       |    1 |
| bd_22c0_clk_hbm_adapt_0                               |    1 |
| bd_22c0_build_info_0                                  |    1 |
| bd_22c0_axi_ic_ctrl_mgmt_top_imp_xbar_0               |    1 |
| bd_22c0_axi_ic_ctrl_mgmt_freq_imp_xbar_0              |    1 |
| bd_22c0_axi_ic_ctrl_mgmt_freq_imp_auto_cc_0           |    1 |
| bd_22c0_aclk_kernel_01_cont_adapt_0                   |    1 |
| bd_22c0_aclk_kernel_01_adapt_0                        |    1 |
| bd_22c0_aclk_kernel_00_cont_adapt_0                   |    1 |
| bd_22c0_aclk_kernel_00_adapt_0                        |    1 |
| bd_097b_user_debug_hub_0                              |    1 |
| bd_097b_user_debug_bridge_0                           |    1 |
| bd_097b_build_info_0                                  |    1 |
+-------------------------------------------------------+------+


12. SLR Connectivity
--------------------

+----------------------------------+-------+-------+-----------+-------+
|                                  |  Used | Fixed | Available | Util% |
+----------------------------------+-------+-------+-----------+-------+
| SLR2 <-> SLR1                    | 10201 |       |     23040 | 44.28 |
|   SLR1 -> SLR2                   |  5651 |       |           | 24.53 |
|     Using TX_REG only            |     0 |     0 |           |       |
|     Using RX_REG only            |     0 |     0 |           |       |
|     Using Both TX_REG and RX_REG |     0 |     0 |           |       |
|   SLR2 -> SLR1                   |  4550 |       |           | 19.75 |
|     Using TX_REG only            |     0 |     0 |           |       |
|     Using RX_REG only            |     0 |     0 |           |       |
|     Using Both TX_REG and RX_REG |     0 |     0 |           |       |
| SLR1 <-> SLR0                    | 12527 |       |     23040 | 54.37 |
|   SLR0 -> SLR1                   |  6333 |       |           | 27.49 |
|     Using TX_REG only            |     0 |     0 |           |       |
|     Using RX_REG only            |     0 |     0 |           |       |
|     Using Both TX_REG and RX_REG |     0 |     0 |           |       |
|   SLR1 -> SLR0                   |  6194 |       |           | 26.88 |
|     Using TX_REG only            |    13 |     0 |           |       |
|     Using RX_REG only            |     0 |     0 |           |       |
|     Using Both TX_REG and RX_REG |     0 |     0 |           |       |
+----------------------------------+-------+-------+-----------+-------+
| Total SLLs Used                  | 22728 |       |           |       |
+----------------------------------+-------+-------+-----------+-------+


13. SLR Connectivity Matrix
---------------------------

+-----------+------+------+------+
| FROM \ TO | SLR2 | SLR1 | SLR0 |
+-----------+------+------+------+
| SLR2      |    0 | 4303 |  247 |
| SLR1      | 5491 |    0 | 5947 |
| SLR0      |  160 | 6173 |    0 |
+-----------+------+------+------+


14. SLR CLB Logic and Dedicated Block Utilization
-------------------------------------------------

+----------------------------+--------+--------+--------+--------+--------+--------+
|          Site Type         |  SLR0  |  SLR1  |  SLR2  | SLR0 % | SLR1 % | SLR2 % |
+----------------------------+--------+--------+--------+--------+--------+--------+
| CLB                        |  51085 |  51497 |  38591 |  92.95 |  95.36 |  71.46 |
|   CLBL                     |  27079 |  27867 |  20487 |  92.48 |  95.17 |  69.97 |
|   CLBM                     |  24006 |  23630 |  18104 |  93.48 |  95.59 |  73.24 |
| CLB LUTs                   | 243304 | 262651 | 136270 |  55.34 |  60.80 |  31.54 |
|   LUT as Logic             | 215063 | 237786 | 118153 |  48.91 |  55.04 |  27.35 |
|     using O5 output only   |   2926 |   2367 |   1287 |   0.67 |   0.55 |   0.30 |
|     using O6 output only   | 147049 | 169821 |  79407 |  33.44 |  39.31 |  18.38 |
|     using O5 and O6        |  65088 |  65598 |  37459 |  14.80 |  15.18 |   8.67 |
|   LUT as Memory            |  28241 |  24865 |  18117 |  13.75 |  12.57 |   9.16 |
|     LUT as Distributed RAM |  12200 |  10636 |  10292 |   5.94 |   5.38 |   5.20 |
|       using O6 output only |    240 |    386 |      0 |   0.12 |   0.20 |   0.00 |
|       using O5 and O6      |  11960 |  10250 |  10292 |   5.82 |   5.18 |   5.20 |
|     LUT as Shift Register  |  16041 |  14229 |   7825 |   7.81 |   7.20 |   3.96 |
|       using O5 output only |      0 |      0 |      1 |   0.00 |   0.00 |  <0.01 |
|       using O6 output only |  12892 |  11736 |   4654 |   6.28 |   5.93 |   2.35 |
|       using O5 and O6      |   3149 |   2493 |   3170 |   1.53 |   1.26 |   1.60 |
| CLB Registers              | 359170 | 368905 | 237589 |  40.84 |  42.70 |  27.50 |
| CARRY8                     |   6821 |   7022 |   3214 |  12.41 |  13.00 |   5.95 |
| F7 Muxes                   |   5030 |   5227 |    893 |   2.29 |   2.42 |   0.41 |
| F8 Muxes                   |    831 |    900 |     12 |   0.76 |   0.83 |   0.01 |
| F9 Muxes                   |      0 |      0 |      0 |   0.00 |   0.00 |   0.00 |
| Block RAM Tile             |    366 |  288.5 |  243.5 |  54.46 |  42.93 |  36.24 |
|   RAMB36/FIFO              |    255 |    180 |    222 |  37.95 |  26.79 |  33.04 |
|   RAMB18                   |    222 |    217 |     43 |  16.52 |  16.15 |   3.20 |
| URAM                       |     73 |     73 |    104 |  22.81 |  22.81 |  32.50 |
| DSPs                       |    818 |    818 |     68 |  28.40 |  26.63 |   2.21 |
| Unique Control Sets        |   7391 |   8981 |   4902 |   6.72 |   8.32 |   4.54 |
+----------------------------+--------+--------+--------+--------+--------+--------+
* Note: Available Control Sets based on CLB Registers / 8


15. SLR IO Utilization
----------------------

+-----------+-----------+---------+------------+----------+------------+----------+-----+
| SLR Index | Used IOBs | (%)IOBs | Used IPADs | (%)IPADs | Used OPADs | (%)OPADs | GTs |
+-----------+-----------+---------+------------+----------+------------+----------+-----+
| SLR2      |         0 |    0.00 |          0 |     0.00 |          0 |     0.00 |   0 |
| SLR1      |         0 |    0.00 |          0 |     0.00 |          0 |     0.00 |   8 |
| SLR0      |        12 |    5.77 |          0 |     0.00 |          0 |     0.00 |  16 |
+-----------+-----------+---------+------------+----------+------------+----------+-----+
| Total     |        12 |         |          0 |          |          0 |          |  24 |
+-----------+-----------+---------+------------+----------+------------+----------+-----+


