Copyright 1986-2022 Xilinx, Inc. All Rights Reserved. Copyright 2022-2025 Advanced Micro Devices, Inc. All Rights Reserved.
------------------------------------------------------------------------------------------------------------------------------------------------------------------------------------------------------------------------------------------------------------------------------------------------------------------------------------------------------------------------------------------------------------------------------------------------------------------------------------------------------------------------------------------------------------------------------------------------------------------------------------------------------------------------------------------------------------------------------------------------------------------------------------------------------------------------------------------------------------------------------------------------------------------------------------------------------------------------------------------------------------------------------------------------------------------------------------------
| Tool Version : Vivado v.2025.1 (lin64) Build 6140274 Wed May 21 22:58:25 MDT 2025
| Date         : Thu Feb 26 06:13:48 2026
| Host         : cyberdeck running 64-bit Ubuntu 22.04.5 LTS
| Command      : report_accelerator_utilization -kernels { NeuroRing:level0_i/ulp/NeuroRing_0/inst:NeuroRing_0 NeuroRing:level0_i/ulp/NeuroRing_1/inst:NeuroRing_1 NeuroRing:level0_i/ulp/NeuroRing_2/inst:NeuroRing_2 NeuroRing:level0_i/ulp/NeuroRing_3/inst:NeuroRing_3 NeuroRing:level0_i/ulp/NeuroRing_4/inst:NeuroRing_4 NeuroRing:level0_i/ulp/NeuroRing_5/inst:NeuroRing_5 NeuroRing:level0_i/ulp/NeuroRing_6/inst:NeuroRing_6 SynapseRouter:level0_i/ulp/SynapseRouter_0/inst:SynapseRouter_0 SynapseRouter:level0_i/ulp/SynapseRouter_1/inst:SynapseRouter_1 SynapseRouter:level0_i/ulp/SynapseRouter_2/inst:SynapseRouter_2 SynapseRouter:level0_i/ulp/SynapseRouter_3/inst:SynapseRouter_3 SynapseRouter:level0_i/ulp/SynapseRouter_4/inst:SynapseRouter_4 SynapseRouter:level0_i/ulp/SynapseRouter_5/inst:SynapseRouter_5 SynapseRouter:level0_i/ulp/SynapseRouter_6/inst:SynapseRouter_6 krnl_aurora:level0_i/ulp/krnl_aurora_0/inst:krnl_aurora_0 krnl_aurora:level0_i/ulp/krnl_aurora_1/inst:krnl_aurora_1} -file kernel_util_synthed.rpt -name kernel_util_synthed -json
| Design       : level0_wrapper
| Device       : xcu55c
| Design State : Synthesized
------------------------------------------------------------------------------------------------------------------------------------------------------------------------------------------------------------------------------------------------------------------------------------------------------------------------------------------------------------------------------------------------------------------------------------------------------------------------------------------------------------------------------------------------------------------------------------------------------------------------------------------------------------------------------------------------------------------------------------------------------------------------------------------------------------------------------------------------------------------------------------------------------------------------------------------------------------------------------------------------------------------------------------------------------------------------------------------

Accelerator Utilization Design Information

Table of Contents
-----------------
1. System Utilization

1. System Utilization
---------------------

+---------------------+-------------------+------------------+-------------------+----------------+---------------+----------------+
| Name                | LUT               | LUTAsMem         | REG               | BRAM           | URAM          | DSP            |
+---------------------+-------------------+------------------+-------------------+----------------+---------------+----------------+
| Platform            |  150820 [ 11.57%] |  12814 [  2.13%] |  196234 [  7.53%] |  551 [ 27.33%] |  60 [  6.25%] |    4 [  0.04%] |
| User Budget         | 1152860 [100.00%] | 588146 [100.00%] | 2411126 [100.00%] | 1465 [100.00%] | 900 [100.00%] | 9020 [100.00%] |
|    Used Resources   |  402051 [ 34.87%] |  33366 [  5.67%] |  572634 [ 23.75%] |  789 [ 53.86%] | 336 [ 37.33%] | 1260 [ 13.97%] |
|    Unused Resources |  750809 [ 65.13%] | 554780 [ 94.33%] | 1838492 [ 76.25%] |  676 [ 46.14%] | 564 [ 62.67%] | 7760 [ 86.03%] |
| NeuroRing           |  209692 [ 18.19%] |  12908 [  2.19%] |  220801 [  9.16%] |  287 [ 19.59%] |   0 [  0.00%] | 1092 [ 12.11%] |
|    NeuroRing_0      |   29956 [  2.60%] |   1844 [  0.31%] |   31543 [  1.31%] |   41 [  2.80%] |   0 [  0.00%] |  156 [  1.73%] |
|    NeuroRing_1      |   29956 [  2.60%] |   1844 [  0.31%] |   31543 [  1.31%] |   41 [  2.80%] |   0 [  0.00%] |  156 [  1.73%] |
|    NeuroRing_2      |   29956 [  2.60%] |   1844 [  0.31%] |   31543 [  1.31%] |   41 [  2.80%] |   0 [  0.00%] |  156 [  1.73%] |
|    NeuroRing_3      |   29956 [  2.60%] |   1844 [  0.31%] |   31543 [  1.31%] |   41 [  2.80%] |   0 [  0.00%] |  156 [  1.73%] |
|    NeuroRing_4      |   29956 [  2.60%] |   1844 [  0.31%] |   31543 [  1.31%] |   41 [  2.80%] |   0 [  0.00%] |  156 [  1.73%] |
|    NeuroRing_5      |   29956 [  2.60%] |   1844 [  0.31%] |   31543 [  1.31%] |   41 [  2.80%] |   0 [  0.00%] |  156 [  1.73%] |
|    NeuroRing_6      |   29956 [  2.60%] |   1844 [  0.31%] |   31543 [  1.31%] |   41 [  2.80%] |   0 [  0.00%] |  156 [  1.73%] |
| SynapseRouter       |  177093 [ 15.36%] |  20384 [  3.47%] |  337603 [ 14.00%] |  476 [ 32.49%] | 336 [ 37.33%] |  168 [  1.86%] |
|    SynapseRouter_0  |   25299 [  2.19%] |   2912 [  0.50%] |   48229 [  2.00%] |   68 [  4.64%] |  48 [  5.33%] |   24 [  0.27%] |
|    SynapseRouter_1  |   25299 [  2.19%] |   2912 [  0.50%] |   48229 [  2.00%] |   68 [  4.64%] |  48 [  5.33%] |   24 [  0.27%] |
|    SynapseRouter_2  |   25299 [  2.19%] |   2912 [  0.50%] |   48229 [  2.00%] |   68 [  4.64%] |  48 [  5.33%] |   24 [  0.27%] |
|    SynapseRouter_3  |   25299 [  2.19%] |   2912 [  0.50%] |   48229 [  2.00%] |   68 [  4.64%] |  48 [  5.33%] |   24 [  0.27%] |
|    SynapseRouter_4  |   25299 [  2.19%] |   2912 [  0.50%] |   48229 [  2.00%] |   68 [  4.64%] |  48 [  5.33%] |   24 [  0.27%] |
|    SynapseRouter_5  |   25299 [  2.19%] |   2912 [  0.50%] |   48229 [  2.00%] |   68 [  4.64%] |  48 [  5.33%] |   24 [  0.27%] |
|    SynapseRouter_6  |   25299 [  2.19%] |   2912 [  0.50%] |   48229 [  2.00%] |   68 [  4.64%] |  48 [  5.33%] |   24 [  0.27%] |
| krnl_aurora         |   15266 [  1.32%] |     74 [  0.01%] |   14230 [  0.59%] |   26 [  1.77%] |   0 [  0.00%] |    0 [  0.00%] |
|    krnl_aurora_0    |    7633 [  0.66%] |     37 [ <0.01%] |    7115 [  0.30%] |   13 [  0.89%] |   0 [  0.00%] |    0 [  0.00%] |
|    krnl_aurora_1    |    7633 [  0.66%] |     37 [ <0.01%] |    7115 [  0.30%] |   13 [  0.89%] |   0 [  0.00%] |    0 [  0.00%] |
+---------------------+-------------------+------------------+-------------------+----------------+---------------+----------------+


