Copyright 1986-2022 Xilinx, Inc. All Rights Reserved. Copyright 2022-2025 Advanced Micro Devices, Inc. All Rights Reserved.
---------------------------------------------------------------------------------------------------------------------------------------------
| Tool Version : Vivado v.2025.1 (lin64) Build 6140274 Wed May 21 22:58:25 MDT 2025
| Date         : Thu Feb 26 07:59:29 2026
| Host         : cyberdeck running 64-bit Ubuntu 22.04.5 LTS
| Command      : report_utilization -slr -file slr_util_placed.rpt -pb slr_util_placed.pb
| Design       : level0_wrapper
| Device       : xcu55c-fsvh2892-2L-e
| Speed File   : -2L
| Design State : Fully Placed
---------------------------------------------------------------------------------------------------------------------------------------------

Utilization Design Information

Table of Contents
-----------------
1. SLR Connectivity
2. SLR Connectivity Matrix
3. SLR CLB Logic and Dedicated Block Utilization
4. SLR IO Utilization

1. SLR Connectivity
-------------------

+----------------------------------+-------+-------+-----------+-------+
|                                  |  Used | Fixed | Available | Util% |
+----------------------------------+-------+-------+-----------+-------+
| SLR2 <-> SLR1                    |  8072 |       |     23040 | 35.03 |
|   SLR1 -> SLR2                   |  4355 |       |           | 18.90 |
|     Using TX_REG only            |     0 |     0 |           |       |
|     Using RX_REG only            |     0 |     0 |           |       |
|     Using Both TX_REG and RX_REG |     0 |     0 |           |       |
|   SLR2 -> SLR1                   |  3717 |       |           | 16.13 |
|     Using TX_REG only            |     0 |     0 |           |       |
|     Using RX_REG only            |     0 |     0 |           |       |
|     Using Both TX_REG and RX_REG |     0 |     0 |           |       |
| SLR1 <-> SLR0                    |  9737 |       |     23040 | 42.26 |
|   SLR0 -> SLR1                   |  4689 |       |           | 20.35 |
|     Using TX_REG only            |     0 |     0 |           |       |
|     Using RX_REG only            |     0 |     0 |           |       |
|     Using Both TX_REG and RX_REG |     0 |     0 |           |       |
|   SLR1 -> SLR0                   |  5048 |       |           | 21.91 |
|     Using TX_REG only            |     0 |     0 |           |       |
|     Using RX_REG only            |     0 |     0 |           |       |
|     Using Both TX_REG and RX_REG |     0 |     0 |           |       |
+----------------------------------+-------+-------+-----------+-------+
| Total SLLs Used                  | 17809 |       |           |       |
+----------------------------------+-------+-------+-----------+-------+


2. SLR Connectivity Matrix
--------------------------

+-----------+------+------+------+
| FROM \ TO | SLR2 | SLR1 | SLR0 |
+-----------+------+------+------+
| SLR2      |    0 | 3527 |  190 |
| SLR1      | 4241 |    0 | 4858 |
| SLR0      |  114 | 4575 |    0 |
+-----------+------+------+------+


3. SLR CLB Logic and Dedicated Block Utilization
------------------------------------------------

+----------------------------+--------+--------+--------+--------+--------+--------+
|          Site Type         |  SLR0  |  SLR1  |  SLR2  | SLR0 % | SLR1 % | SLR2 % |
+----------------------------+--------+--------+--------+--------+--------+--------+
| CLB                        |  42322 |  43857 |  19717 |  77.01 |  81.22 |  36.51 |
|   CLBL                     |  22384 |  23555 |  10467 |  76.45 |  80.45 |  35.75 |
|   CLBM                     |  19938 |  20302 |   9250 |  77.64 |  82.13 |  37.42 |
| CLB LUTs                   | 199880 | 224543 |  78519 |  45.46 |  51.98 |  18.18 |
|   LUT as Logic             | 183507 | 210543 |  73173 |  41.74 |  48.74 |  16.94 |
|     using O5 output only   |   2196 |   1982 |    740 |   0.50 |   0.46 |   0.17 |
|     using O6 output only   | 129655 | 155260 |  49443 |  29.49 |  35.94 |  11.45 |
|     using O5 and O6        |  51656 |  53301 |  22990 |  11.75 |  12.34 |   5.32 |
|   LUT as Memory            |  16373 |  14000 |   5346 |   7.97 |   7.08 |   2.70 |
|     LUT as Distributed RAM |   3848 |   3532 |    820 |   1.87 |   1.79 |   0.41 |
|       using O6 output only |    240 |    386 |      0 |   0.12 |   0.20 |   0.00 |
|       using O5 and O6      |   3608 |   3146 |    820 |   1.76 |   1.59 |   0.41 |
|     LUT as Shift Register  |  12525 |  10468 |   4526 |   6.10 |   5.29 |   2.29 |
|       using O6 output only |   8624 |   8176 |   2476 |   4.20 |   4.13 |   1.25 |
|       using O5 and O6      |   3901 |   2292 |   2050 |   1.90 |   1.16 |   1.04 |
| CLB Registers              | 312234 | 309432 | 140937 |  35.51 |  35.81 |  16.31 |
| CARRY8                     |   5737 |   5880 |   2047 |  10.44 |  10.89 |   3.79 |
| F7 Muxes                   |   6930 |   9157 |    893 |   3.15 |   4.24 |   0.41 |
| F8 Muxes                   |   2021 |   2700 |     12 |   1.84 |   2.50 |   0.01 |
| F9 Muxes                   |      0 |      0 |      0 |   0.00 |   0.00 |   0.00 |
| Block RAM Tile             |  500.5 |    502 |  341.5 |  74.48 |  74.70 |  50.82 |
|   RAMB36/FIFO              |    467 |    471 |    330 |  69.49 |  70.09 |  49.11 |
|   RAMB18                   |     67 |     62 |     23 |   4.99 |   4.61 |   1.71 |
| URAM                       |    169 |    116 |    111 |  52.81 |  36.25 |  34.69 |
| DSPs                       |    540 |    672 |     52 |  18.75 |  21.88 |   1.69 |
| Unique Control Sets        |   6441 |   7838 |   2814 |   5.86 |   7.26 |   2.61 |
+----------------------------+--------+--------+--------+--------+--------+--------+
* Note: Available Control Sets based on CLB Registers / 8


4. SLR IO Utilization
---------------------

+-----------+-----------+---------+------------+----------+------------+----------+-----+
| SLR Index | Used IOBs | (%)IOBs | Used IPADs | (%)IPADs | Used OPADs | (%)OPADs | GTs |
+-----------+-----------+---------+------------+----------+------------+----------+-----+
| SLR2      |         0 |    0.00 |          0 |     0.00 |          0 |     0.00 |   0 |
| SLR1      |         0 |    0.00 |          0 |     0.00 |          0 |     0.00 |   8 |
| SLR0      |        12 |    5.77 |          0 |     0.00 |          0 |     0.00 |  16 |
+-----------+-----------+---------+------------+----------+------------+----------+-----+
| Total     |        12 |         |          0 |          |          0 |          |  24 |
+-----------+-----------+---------+------------+----------+------------+----------+-----+


