Copyright 1986-2022 Xilinx, Inc. All Rights Reserved. Copyright 2022-2025 Advanced Micro Devices, Inc. All Rights Reserved.
---------------------------------------------------------------------------------------------------------------------------------------------
| Tool Version : Vivado v.2025.1 (lin64) Build 6140274 Wed May 21 22:58:25 MDT 2025
| Date         : Thu Feb 26 18:09:31 2026
| Host         : cyberdeck running 64-bit Ubuntu 22.04.5 LTS
| Command      : report_utilization -file full_util_routed.rpt -pb full_util_routed.pb
| Design       : level0_wrapper
| Device       : xcu55c-fsvh2892-2L-e
| Speed File   : -2L
| Design State : Routed
---------------------------------------------------------------------------------------------------------------------------------------------

Utilization Design Information

Table of Contents
-----------------
1. CLB Logic
1.1 Summary of Registers by Type
2. CLB Logic Distribution
3. BLOCKRAM
4. ARITHMETIC
5. I/O
6. CLOCK
7. ADVANCED
8. CONFIGURATION
9. Primitives
10. Black Boxes
11. Instantiated Netlists
12. SLR Connectivity
13. SLR Connectivity Matrix
14. SLR CLB Logic and Dedicated Block Utilization
15. SLR IO Utilization

1. CLB Logic
------------

+----------------------------+--------+--------+------------+-----------+-------+
|          Site Type         |  Used  |  Fixed | Prohibited | Available | Util% |
+----------------------------+--------+--------+------------+-----------+-------+
| CLB LUTs                   | 503075 | 107889 |          0 |   1303680 | 38.59 |
|   LUT as Logic             | 467356 | 101912 |          0 |   1303680 | 35.85 |
|   LUT as Memory            |  35719 |   5977 |          0 |    600960 |  5.94 |
|     LUT as Distributed RAM |   8200 |   4564 |            |           |       |
|     LUT as Shift Register  |  27519 |   1413 |            |           |       |
| CLB Registers              | 762871 | 136116 |          0 |   2607360 | 29.26 |
|   Register as Flip Flop    | 762867 | 136112 |          0 |   2607360 | 29.26 |
|   Register as Latch        |      0 |      0 |          0 |   2607360 |  0.00 |
|   Register as AND/OR       |      4 |      4 |          0 |   2607360 | <0.01 |
| CARRY8                     |  13664 |    946 |          0 |    162960 |  8.38 |
| F7 Muxes                   |  16980 |   1684 |          0 |    651840 |  2.60 |
| F8 Muxes                   |   4733 |    451 |          0 |    325920 |  1.45 |
| F9 Muxes                   |      0 |      0 |          0 |    162960 |  0.00 |
+----------------------------+--------+--------+------------+-----------+-------+
* Warning! LUT value is adjusted to account for LUT combining.


1.1 Summary of Registers by Type
--------------------------------

+--------+--------------+-------------+--------------+
|  Total | Clock Enable | Synchronous | Asynchronous |
+--------+--------------+-------------+--------------+
| 4      |            _ |           - |            - |
| 0      |            _ |           - |          Set |
| 0      |            _ |           - |        Reset |
| 0      |            _ |         Set |            - |
| 0      |            _ |       Reset |            - |
| 0      |          Yes |           - |            - |
| 482    |          Yes |           - |          Set |
| 4472   |          Yes |           - |        Reset |
| 6438   |          Yes |         Set |            - |
| 751475 |          Yes |       Reset |            - |
+--------+--------------+-------------+--------------+


2. CLB Logic Distribution
-------------------------

+--------------------------------------------+--------+--------+------------+-----------+-------+
|                  Site Type                 |  Used  |  Fixed | Prohibited | Available | Util% |
+--------------------------------------------+--------+--------+------------+-----------+-------+
| CLB                                        | 105942 |      0 |          0 |    162960 | 65.01 |
|   CLBL                                     |  56438 |      0 |            |           |       |
|   CLBM                                     |  49504 |      0 |            |           |       |
| LUT as Logic                               | 467356 | 101912 |          0 |   1303680 | 35.85 |
|   using O5 output only                     |   4924 |        |            |           |       |
|   using O6 output only                     | 334488 |        |            |           |       |
|   using O5 and O6                          | 127944 |        |            |           |       |
| LUT as Memory                              |  35719 |   5977 |          0 |    600960 |  5.94 |
|   LUT as Distributed RAM                   |   8200 |   4564 |            |           |       |
|     using O5 output only                   |      0 |        |            |           |       |
|     using O6 output only                   |    626 |        |            |           |       |
|     using O5 and O6                        |   7574 |        |            |           |       |
|   LUT as Shift Register                    |  27519 |   1413 |            |           |       |
|     using O5 output only                   |      0 |        |            |           |       |
|     using O6 output only                   |  19276 |        |            |           |       |
|     using O5 and O6                        |   8243 |        |            |           |       |
| CLB Registers                              | 762871 |      0 |          0 |   2607360 | 29.26 |
|   Register driven from within the CLB      | 327898 |        |            |           |       |
|   Register driven from outside the CLB     | 434973 |        |            |           |       |
|     LUT in front of the register is unused | 276850 |        |            |           |       |
|     LUT in front of the register is used   | 158123 |        |            |           |       |
| Unique Control Sets                        |  17175 |        |          0 |    325920 |  5.27 |
+--------------------------------------------+--------+--------+------------+-----------+-------+
* * Note: Available Control Sets calculated as Slices * 2, Review the Control Sets Report for more information regarding control sets.


3. BLOCKRAM
-----------

+-------------------+------+-------+------------+-----------+-------+
|     Site Type     | Used | Fixed | Prohibited | Available | Util% |
+-------------------+------+-------+------------+-----------+-------+
| Block RAM Tile    | 1344 |     0 |          0 |      2016 | 66.67 |
|   RAMB36/FIFO*    | 1268 |   193 |          0 |      2016 | 62.90 |
|     FIFO36E2 only |    8 |       |            |           |       |
|     RAMB36E2 only | 1260 |       |            |           |       |
|   RAMB18          |  152 |     6 |          0 |      4032 |  3.77 |
|     RAMB18E2 only |  152 |       |            |           |       |
| URAM              |  396 |     0 |          0 |       960 | 41.25 |
+-------------------+------+-------+------------+-----------+-------+
* Note: Each Block RAM Tile only has one FIFO logic available and therefore can accommodate only one FIFO36E2 or one FIFO18E2. However, if a FIFO18E2 occupies a Block RAM Tile, that tile can still accommodate a RAMB18E2


4. ARITHMETIC
-------------

+----------------+------+-------+------------+-----------+-------+
|    Site Type   | Used | Fixed | Prohibited | Available | Util% |
+----------------+------+-------+------------+-----------+-------+
| DSPs           | 1264 |     4 |          0 |      9024 | 14.01 |
|   DSP48E2 only | 1264 |       |            |           |       |
+----------------+------+-------+------------+-----------+-------+


5. I/O
------

+------------------+------+-------+------------+-----------+-------+
|     Site Type    | Used | Fixed | Prohibited | Available | Util% |
+------------------+------+-------+------------+-----------+-------+
| Bonded IOB       |   12 |    12 |          0 |       624 |  1.92 |
|   HPIOB_M        |    6 |     6 |          0 |       288 |  2.08 |
|     INPUT        |    3 |       |            |           |       |
|     OUTPUT       |    3 |       |            |           |       |
|     BIDIR        |    0 |       |            |           |       |
|   HPIOB_S        |    5 |     5 |          0 |       288 |  1.74 |
|     INPUT        |    5 |       |            |           |       |
|     OUTPUT       |    0 |       |            |           |       |
|     BIDIR        |    0 |       |            |           |       |
|   HPIOB_SNGL     |    1 |     1 |          0 |        48 |  2.08 |
|     INPUT        |    1 |       |            |           |       |
|     OUTPUT       |    0 |       |            |           |       |
|     BIDIR        |    0 |       |            |           |       |
| HPIOBDIFFINBUF   |    1 |     1 |          0 |       288 |  0.35 |
|   DIFFINBUF      |    1 |     1 |            |           |       |
| HPIOBDIFFOUTBUF  |    0 |     0 |          0 |       288 |  0.00 |
| BITSLICE_CONTROL |    0 |     0 |          0 |        96 |  0.00 |
| BITSLICE_RX_TX   |    0 |     0 |          0 |      3744 |  0.00 |
| BITSLICE_TX      |    0 |     0 |          0 |        96 |  0.00 |
| RIU_OR           |    0 |     0 |          0 |        48 |  0.00 |
+------------------+------+-------+------------+-----------+-------+


6. CLOCK
--------

+------------+------+-------+------------+-----------+-------+
|  Site Type | Used | Fixed | Prohibited | Available | Util% |
+------------+------+-------+------------+-----------+-------+
| BUFGCE     |   19 |     6 |          0 |       288 |  6.60 |
| BUFGCE_DIV |    1 |     1 |          0 |        48 |  2.08 |
| BUFG_GT    |   26 |    22 |          0 |       576 |  4.51 |
| BUFGCTRL*  |    1 |     1 |          0 |        96 |  1.04 |
| PLL        |    1 |     1 |          0 |        24 |  4.17 |
| MMCM       |    3 |     1 |          0 |        12 | 25.00 |
+------------+------+-------+------------+-----------+-------+
* Note: Each used BUFGCTRL counts as two GLOBAL CLOCK BUFFERs. This table does not include global clocking resources, only buffer cell usage. See the Clock Utilization Report (report_clock_utilization) for detailed accounting of global clocking resource availability.


7. ADVANCED
-----------

+----------------------+------+-------+------------+-----------+--------+
|       Site Type      | Used | Fixed | Prohibited | Available |  Util% |
+----------------------+------+-------+------------+-----------+--------+
| CMACE4               |    0 |     0 |          0 |         8 |   0.00 |
| GTYE4_CHANNEL        |   24 |    24 |          0 |        40 |  60.00 |
| GTYE4_COMMON         |    6 |     4 |          0 |        10 |  60.00 |
| HBM_REF_CLK          |    2 |     2 |          0 |         2 | 100.00 |
| HBM_SNGLBLI_INTF_APB |    2 |     2 |          0 |        32 |   6.25 |
| HBM_SNGLBLI_INTF_AXI |   32 |    32 |          0 |        32 | 100.00 |
| ILKNE4               |    0 |     0 |          0 |         4 |   0.00 |
| OBUFDS_GTE4          |    0 |     0 |          0 |        20 |   0.00 |
| OBUFDS_GTE4_ADV      |    0 |     0 |          0 |        20 |   0.00 |
| PCIE40E4             |    0 |     0 |          0 |         2 |   0.00 |
| PCIE4CE4             |    1 |     1 |          0 |         4 |  25.00 |
| SYSMONE4             |    0 |     0 |          0 |         3 |   0.00 |
+----------------------+------+-------+------------+-----------+--------+


8. CONFIGURATION
----------------

+-------------+------+-------+------------+-----------+-------+
|  Site Type  | Used | Fixed | Prohibited | Available | Util% |
+-------------+------+-------+------------+-----------+-------+
| BSCANE2     |    1 |     1 |          0 |        12 |  8.33 |
| DNA_PORTE2  |    0 |     0 |          0 |         3 |  0.00 |
| EFUSE_USR   |    0 |     0 |          0 |         3 |  0.00 |
| FRAME_ECCE4 |    0 |     0 |          0 |         3 |  0.00 |
| ICAPE3      |    1 |     1 |          0 |         6 | 16.67 |
| MASTER_JTAG |    0 |     0 |          0 |         3 |  0.00 |
| STARTUPE3   |    1 |     1 |          0 |         3 | 33.33 |
+-------------+------+-------+------------+-----------+-------+


9. Primitives
-------------

+----------------------+--------+---------------------+
|       Ref Name       |  Used  | Functional Category |
+----------------------+--------+---------------------+
| FDRE                 | 751475 |            Register |
| LUT6                 | 188699 |                 CLB |
| LUT3                 | 163413 |                 CLB |
| LUT4                 |  94530 |                 CLB |
| LUT2                 |  73270 |                 CLB |
| LUT5                 |  66578 |                 CLB |
| SRL16E               |  25801 |                 CLB |
| MUXF7                |  16980 |                 CLB |
| CARRY8               |  13664 |                 CLB |
| RAMD32               |  13332 |                 CLB |
| SRLC32E              |   9947 |                 CLB |
| LUT1                 |   8810 |                 CLB |
| FDSE                 |   6438 |            Register |
| MUXF8                |   4733 |                 CLB |
| FDCE                 |   4472 |            Register |
| RAMS32               |   1874 |                 CLB |
| DSP48E2              |   1264 |          Arithmetic |
| RAMB36E2             |   1260 |            BLOCKRAM |
| RAMD64E              |    528 |                 CLB |
| FDPE                 |    482 |            Register |
| URAM288              |    396 |            BLOCKRAM |
| RAMB18E2             |    152 |            BLOCKRAM |
| RAMS64E              |     40 |                 CLB |
| HBM_SNGLBLI_INTF_AXI |     32 |            Advanced |
| BUFG_GT              |     26 |               Clock |
| GTYE4_CHANNEL        |     24 |            Advanced |
| BUFG_GT_SYNC         |     21 |               Clock |
| BUFGCE               |     19 |               Clock |
| SRLC16E              |     14 |                 CLB |
| IBUFCTRL             |      8 |              Others |
| FIFO36E2             |      8 |            BLOCKRAM |
| INBUF                |      7 |                 I/O |
| GTYE4_COMMON         |      6 |            Advanced |
| AND2B1L              |      4 |              Others |
| OBUF                 |      3 |                 I/O |
| MMCME4_ADV           |      3 |               Clock |
| IBUFDS_GTE4          |      3 |                 I/O |
| HBM_SNGLBLI_INTF_APB |      2 |            Advanced |
| HBM_REF_CLK          |      2 |            Advanced |
| STARTUPE3            |      1 |       Configuration |
| PLLE4_ADV            |      1 |               Clock |
| PCIE4CE4             |      1 |            Advanced |
| ICAPE3               |      1 |       Configuration |
| DIFFINBUF            |      1 |                 I/O |
| BUFGCTRL             |      1 |               Clock |
| BUFGCE_DIV           |      1 |               Clock |
| BSCANE2              |      1 |       Configuration |
+----------------------+--------+---------------------+


10. Black Boxes
---------------

+----------+------+
| Ref Name | Used |
+----------+------+


11. Instantiated Netlists
-------------------------

+-------------------------------------------------------+------+
|                        Ref Name                       | Used |
+-------------------------------------------------------+------+
| xsdbm                                                 |    1 |
| ulp_ulp_ucs_0                                         |    1 |
| ulp_ulp_cmp_0                                         |    1 |
| ulp_regslice_control_userpf_2                         |    1 |
| ulp_regslice_control_userpf_1                         |    1 |
| ulp_regslice_control_userpf_0                         |    1 |
| ulp_proc_sys_reset_kernel_slr1_0                      |    1 |
| ulp_proc_sys_reset_kernel_slr0_0                      |    1 |
| ulp_proc_sys_reset_ctrl_slr2_0                        |    1 |
| ulp_proc_sys_reset_ctrl_slr1_0                        |    1 |
| ulp_proc_sys_reset_ctrl_slr0_0                        |    1 |
| ulp_krnl_aurora_1_0                                   |    1 |
| ulp_krnl_aurora_0_0                                   |    1 |
| ulp_interconnect_axilite_user_upgraded_ipi_imp_xbar_0 |    1 |
| ulp_interconnect_axilite_user_imp_tier2_xbar_2_0      |    1 |
| ulp_interconnect_axilite_user_imp_tier2_xbar_1_0      |    1 |
| ulp_interconnect_axilite_user_imp_tier2_xbar_0_0      |    1 |
| ulp_interconnect_axilite_user_imp_s00_regslice_2      |    1 |
| ulp_interconnect_axilite_user_imp_s00_regslice_1      |    1 |
| ulp_interconnect_axilite_user_imp_s00_regslice_0      |    1 |
| ulp_interconnect_axilite_user_imp_m16_regslice_0      |    1 |
| ulp_interconnect_axilite_user_imp_m15_regslice_0      |    1 |
| ulp_interconnect_axilite_user_imp_m14_regslice_0      |    1 |
| ulp_interconnect_axilite_user_imp_m13_regslice_0      |    1 |
| ulp_interconnect_axilite_user_imp_m12_regslice_0      |    1 |
| ulp_interconnect_axilite_user_imp_m11_regslice_0      |    1 |
| ulp_interconnect_axilite_user_imp_m10_regslice_0      |    1 |
| ulp_interconnect_axilite_user_imp_m09_regslice_0      |    1 |
| ulp_interconnect_axilite_user_imp_m08_regslice_0      |    1 |
| ulp_interconnect_axilite_user_imp_m07_regslice_0      |    1 |
| ulp_interconnect_axilite_user_imp_m06_regslice_0      |    1 |
| ulp_interconnect_axilite_user_imp_m05_regslice_0      |    1 |
| ulp_interconnect_axilite_user_imp_m04_regslice_0      |    1 |
| ulp_interconnect_axilite_user_imp_m03_regslice_0      |    1 |
| ulp_interconnect_axilite_user_imp_m02_regslice_0      |    1 |
| ulp_interconnect_axilite_user_imp_m01_regslice_0      |    1 |
| ulp_interconnect_axilite_user_imp_m00_regslice_0      |    1 |
| ulp_interconnect_axilite_user_imp_auto_cc_9           |    1 |
| ulp_interconnect_axilite_user_imp_auto_cc_8           |    1 |
| ulp_interconnect_axilite_user_imp_auto_cc_7           |    1 |
| ulp_interconnect_axilite_user_imp_auto_cc_6           |    1 |
| ulp_interconnect_axilite_user_imp_auto_cc_5           |    1 |
| ulp_interconnect_axilite_user_imp_auto_cc_4           |    1 |
| ulp_interconnect_axilite_user_imp_auto_cc_3           |    1 |
| ulp_interconnect_axilite_user_imp_auto_cc_2           |    1 |
| ulp_interconnect_axilite_user_imp_auto_cc_18          |    1 |
| ulp_interconnect_axilite_user_imp_auto_cc_17          |    1 |
| ulp_interconnect_axilite_user_imp_auto_cc_16          |    1 |
| ulp_interconnect_axilite_user_imp_auto_cc_15          |    1 |
| ulp_interconnect_axilite_user_imp_auto_cc_14          |    1 |
| ulp_interconnect_axilite_user_imp_auto_cc_13          |    1 |
| ulp_interconnect_axilite_user_imp_auto_cc_12          |    1 |
| ulp_interconnect_axilite_user_imp_auto_cc_11          |    1 |
| ulp_interconnect_axilite_user_imp_auto_cc_10          |    1 |
| ulp_interconnect_axilite_user_imp_auto_cc_1           |    1 |
| ulp_interconnect_axilite_user_imp_auto_cc_0           |    1 |
| ulp_ii_level0_wire_0                                  |    1 |
| ulp_hmss_0_0                                          |    1 |
| ulp_buffer_krnl_aurora_1_rx_axis_0                    |    1 |
| ulp_buffer_krnl_aurora_0_rx_axis_0                    |    1 |
| ulp_buffer_SynapseRouter_6_syn_forward_rt_right_0     |    1 |
| ulp_buffer_SynapseRouter_6_syn_forward_rt_left_0      |    1 |
| ulp_buffer_SynapseRouter_6_SpikeOutWeight_0           |    1 |
| ulp_buffer_SynapseRouter_5_syn_forward_rt_right_0     |    1 |
| ulp_buffer_SynapseRouter_5_syn_forward_rt_left_0      |    1 |
| ulp_buffer_SynapseRouter_5_SpikeOutWeight_0           |    1 |
| ulp_buffer_SynapseRouter_4_syn_forward_rt_right_0     |    1 |
| ulp_buffer_SynapseRouter_4_syn_forward_rt_left_0      |    1 |
| ulp_buffer_SynapseRouter_4_SpikeOutWeight_0           |    1 |
| ulp_buffer_SynapseRouter_3_syn_forward_rt_right_0     |    1 |
| ulp_buffer_SynapseRouter_3_syn_forward_rt_left_0      |    1 |
| ulp_buffer_SynapseRouter_3_SpikeOutWeight_0           |    1 |
| ulp_buffer_SynapseRouter_2_syn_forward_rt_right_0     |    1 |
| ulp_buffer_SynapseRouter_2_syn_forward_rt_left_0      |    1 |
| ulp_buffer_SynapseRouter_2_SpikeOutWeight_0           |    1 |
| ulp_buffer_SynapseRouter_1_syn_forward_rt_right_0     |    1 |
| ulp_buffer_SynapseRouter_1_syn_forward_rt_left_0      |    1 |
| ulp_buffer_SynapseRouter_1_SpikeOutWeight_0           |    1 |
| ulp_buffer_SynapseRouter_0_syn_forward_rt_right_0     |    1 |
| ulp_buffer_SynapseRouter_0_syn_forward_rt_left_0      |    1 |
| ulp_buffer_SynapseRouter_0_SpikeOutWeight_0           |    1 |
| ulp_buffer_NeuroRing_6_SynapseStreamRight_0           |    1 |
| ulp_buffer_NeuroRing_6_SynapseStreamLeft_0            |    1 |
| ulp_buffer_NeuroRing_5_SynapseStreamRight_0           |    1 |
| ulp_buffer_NeuroRing_5_SynapseStreamLeft_0            |    1 |
| ulp_buffer_NeuroRing_4_SynapseStreamRight_0           |    1 |
| ulp_buffer_NeuroRing_4_SynapseStreamLeft_0            |    1 |
| ulp_buffer_NeuroRing_3_SynapseStreamRight_0           |    1 |
| ulp_buffer_NeuroRing_3_SynapseStreamLeft_0            |    1 |
| ulp_buffer_NeuroRing_2_SynapseStreamRight_0           |    1 |
| ulp_buffer_NeuroRing_2_SynapseStreamLeft_0            |    1 |
| ulp_buffer_NeuroRing_1_SynapseStreamRight_0           |    1 |
| ulp_buffer_NeuroRing_1_SynapseStreamLeft_0            |    1 |
| ulp_buffer_NeuroRing_0_SynapseStreamRight_0           |    1 |
| ulp_buffer_NeuroRing_0_SynapseStreamLeft_0            |    1 |
| ulp_axi_vip_data_0                                    |    1 |
| ulp_axi_vip_ctrl_userpf_2                             |    1 |
| ulp_axi_vip_ctrl_userpf_1                             |    1 |
| ulp_axi_vip_ctrl_userpf_0                             |    1 |
| ulp_axi_ic_ctrl_mgmt_slr1_upgraded_ipi_imp_xbar_0     |    1 |
| ulp_axi_gpio_null_2                                   |    1 |
| ulp_axi_gpio_null_1                                   |    1 |
| ulp_axi_gpio_null_0                                   |    1 |
| ulp_SynapseRouter_6_0                                 |    1 |
| ulp_SynapseRouter_5_0                                 |    1 |
| ulp_SynapseRouter_4_0                                 |    1 |
| ulp_SynapseRouter_3_0                                 |    1 |
| ulp_SynapseRouter_2_0                                 |    1 |
| ulp_SynapseRouter_1_0                                 |    1 |
| ulp_SynapseRouter_0_0                                 |    1 |
| ulp_NeuroRing_6_0                                     |    1 |
| ulp_NeuroRing_5_0                                     |    1 |
| ulp_NeuroRing_4_0                                     |    1 |
| ulp_NeuroRing_3_0                                     |    1 |
| ulp_NeuroRing_2_0                                     |    1 |
| ulp_NeuroRing_1_0                                     |    1 |
| ulp_NeuroRing_0_0                                     |    1 |
| ulp                                                   |    1 |
| level0_ii_level0_pipe_0                               |    1 |
| blp_wrapper                                           |    1 |
| bd_85ad_vip_S07_0                                     |    1 |
| bd_85ad_vip_S06_0                                     |    1 |
| bd_85ad_vip_S05_0                                     |    1 |
| bd_85ad_vip_S04_0                                     |    1 |
| bd_85ad_vip_S03_0                                     |    1 |
| bd_85ad_vip_S02_0                                     |    1 |
| bd_85ad_vip_S01_0                                     |    1 |
| bd_85ad_vip_S00_0                                     |    1 |
| bd_85ad_util_vector_logic_0                           |    1 |
| bd_85ad_slice7_24_0                                   |    1 |
| bd_85ad_slice6_20_0                                   |    1 |
| bd_85ad_slice5_16_0                                   |    1 |
| bd_85ad_slice4_12_0                                   |    1 |
| bd_85ad_slice3_8_0                                    |    1 |
| bd_85ad_slice2_4_0                                    |    1 |
| bd_85ad_slice1_0_0                                    |    1 |
| bd_85ad_slice0_13_0                                   |    1 |
| bd_85ad_interconnect7_24_0                            |    1 |
| bd_85ad_interconnect6_20_0                            |    1 |
| bd_85ad_interconnect5_16_0                            |    1 |
| bd_85ad_interconnect4_12_0                            |    1 |
| bd_85ad_interconnect3_8_0                             |    1 |
| bd_85ad_interconnect2_4_0                             |    1 |
| bd_85ad_interconnect1_0_0                             |    1 |
| bd_85ad_interconnect0_13_0                            |    1 |
| bd_85ad_init_reduce_0                                 |    1 |
| bd_85ad_hbm_reset_sync_SLR2_0                         |    1 |
| bd_85ad_hbm_reset_sync_SLR0_0                         |    1 |
| bd_85ad_hbm_inst_0                                    |    1 |
| bd_85ad_axi_apb_bridge_inst_0                         |    1 |
| bd_7cf0_bsip_0                                        |    1 |
| bd_7cf0_bs_switch_1_0                                 |    1 |
| bd_7cf0_axi_jtag_0                                    |    1 |
| bd_58f6_xsdbm_0                                       |    1 |
| bd_58f6_lut_buffer_0                                  |    1 |
| bd_22c0_psreset_kernel_01_0                           |    1 |
| bd_22c0_psreset_kernel_00_0                           |    1 |
| bd_22c0_psreset_hbm_0                                 |    1 |
| bd_22c0_psreset_aclk_freerun_0                        |    1 |
| bd_22c0_gpio_ucs_control_status_0                     |    1 |
| bd_22c0_gpio_gapping_demand_0                         |    1 |
| bd_22c0_gapping_demand_update_0                       |    1 |
| bd_22c0_gapping_demand_toggle_0                       |    1 |
| bd_22c0_frequency_counter_aclk_kernel_01_0            |    1 |
| bd_22c0_frequency_counter_aclk_kernel_00_0            |    1 |
| bd_22c0_frequency_counter_aclk_hbm_0                  |    1 |
| bd_22c0_frequency_counter_aclk_0                      |    1 |
| bd_22c0_fanout_aresetn_pcie_slr2_4_0                  |    1 |
| bd_22c0_fanout_aresetn_pcie_slr2_3_0                  |    1 |
| bd_22c0_fanout_aresetn_pcie_slr2_2_0                  |    1 |
| bd_22c0_fanout_aresetn_pcie_slr2_1_0                  |    1 |
| bd_22c0_fanout_aresetn_pcie_slr1_4_0                  |    1 |
| bd_22c0_fanout_aresetn_pcie_slr1_3_0                  |    1 |
| bd_22c0_fanout_aresetn_pcie_slr1_2_0                  |    1 |
| bd_22c0_fanout_aresetn_pcie_slr1_1_0                  |    1 |
| bd_22c0_fanout_aresetn_pcie_slr0_4_0                  |    1 |
| bd_22c0_fanout_aresetn_pcie_slr0_3_0                  |    1 |
| bd_22c0_fanout_aresetn_pcie_slr0_2_0                  |    1 |
| bd_22c0_fanout_aresetn_pcie_slr0_1_0                  |    1 |
| bd_22c0_fanout_aresetn_kernel_01_slr2_4_0             |    1 |
| bd_22c0_fanout_aresetn_kernel_01_slr2_3_0             |    1 |
| bd_22c0_fanout_aresetn_kernel_01_slr2_2_0             |    1 |
| bd_22c0_fanout_aresetn_kernel_01_slr2_1_0             |    1 |
| bd_22c0_fanout_aresetn_kernel_01_slr1_4_0             |    1 |
| bd_22c0_fanout_aresetn_kernel_01_slr1_3_0             |    1 |
| bd_22c0_fanout_aresetn_kernel_01_slr1_2_0             |    1 |
| bd_22c0_fanout_aresetn_kernel_01_slr1_1_0             |    1 |
| bd_22c0_fanout_aresetn_kernel_01_slr0_4_0             |    1 |
| bd_22c0_fanout_aresetn_kernel_01_slr0_3_0             |    1 |
| bd_22c0_fanout_aresetn_kernel_01_slr0_2_0             |    1 |
| bd_22c0_fanout_aresetn_kernel_01_slr0_1_0             |    1 |
| bd_22c0_fanout_aresetn_kernel_00_slr2_4_0             |    1 |
| bd_22c0_fanout_aresetn_kernel_00_slr2_3_0             |    1 |
| bd_22c0_fanout_aresetn_kernel_00_slr2_2_0             |    1 |
| bd_22c0_fanout_aresetn_kernel_00_slr2_1_0             |    1 |
| bd_22c0_fanout_aresetn_kernel_00_slr1_4_0             |    1 |
| bd_22c0_fanout_aresetn_kernel_00_slr1_3_0             |    1 |
| bd_22c0_fanout_aresetn_kernel_00_slr1_2_0             |    1 |
| bd_22c0_fanout_aresetn_kernel_00_slr1_1_0             |    1 |
| bd_22c0_fanout_aresetn_kernel_00_slr0_4_0             |    1 |
| bd_22c0_fanout_aresetn_kernel_00_slr0_3_0             |    1 |
| bd_22c0_fanout_aresetn_kernel_00_slr0_2_0             |    1 |
| bd_22c0_fanout_aresetn_kernel_00_slr0_1_0             |    1 |
| bd_22c0_fanout_aresetn_hbm_0                          |    1 |
| bd_22c0_fanout_aresetn_ctrl_slr2_4_0                  |    1 |
| bd_22c0_fanout_aresetn_ctrl_slr2_3_0                  |    1 |
| bd_22c0_fanout_aresetn_ctrl_slr2_2_0                  |    1 |
| bd_22c0_fanout_aresetn_ctrl_slr2_1_0                  |    1 |
| bd_22c0_fanout_aresetn_ctrl_slr1_4_0                  |    1 |
| bd_22c0_fanout_aresetn_ctrl_slr1_3_0                  |    1 |
| bd_22c0_fanout_aresetn_ctrl_slr1_2_0                  |    1 |
| bd_22c0_fanout_aresetn_ctrl_slr1_1_0                  |    1 |
| bd_22c0_fanout_aresetn_ctrl_slr0_4_0                  |    1 |
| bd_22c0_fanout_aresetn_ctrl_slr0_3_0                  |    1 |
| bd_22c0_fanout_aresetn_ctrl_slr0_2_0                  |    1 |
| bd_22c0_fanout_aresetn_ctrl_slr0_1_0                  |    1 |
| bd_22c0_clock_throttling_avg_0                        |    1 |
| bd_22c0_clock_throttling_aclk_kernel_01_0             |    1 |
| bd_22c0_clock_throttling_aclk_kernel_00_0             |    1 |
| bd_22c0_clock_shutdown_latch_0                        |    1 |
| bd_22c0_clkwiz_hbm_0                                  |    1 |
| bd_22c0_clkwiz_aclk_kernel_01_0                       |    1 |
| bd_22c0_clkwiz_aclk_kernel_00_0                       |    1 |
| bd_22c0_clk_hbm_adapt_0                               |    1 |
| bd_22c0_build_info_0                                  |    1 |
| bd_22c0_axi_ic_ctrl_mgmt_top_imp_xbar_0               |    1 |
| bd_22c0_axi_ic_ctrl_mgmt_freq_imp_xbar_0              |    1 |
| bd_22c0_axi_ic_ctrl_mgmt_freq_imp_auto_cc_0           |    1 |
| bd_22c0_aclk_kernel_01_cont_adapt_0                   |    1 |
| bd_22c0_aclk_kernel_01_adapt_0                        |    1 |
| bd_22c0_aclk_kernel_00_cont_adapt_0                   |    1 |
| bd_22c0_aclk_kernel_00_adapt_0                        |    1 |
| bd_097b_user_debug_hub_0                              |    1 |
| bd_097b_user_debug_bridge_0                           |    1 |
| bd_097b_build_info_0                                  |    1 |
+-------------------------------------------------------+------+


12. SLR Connectivity
--------------------

+----------------------------------+-------+-------+-----------+-------+
|                                  |  Used | Fixed | Available | Util% |
+----------------------------------+-------+-------+-----------+-------+
| SLR2 <-> SLR1                    |  8073 |       |     23040 | 35.04 |
|   SLR1 -> SLR2                   |  4356 |       |           | 18.91 |
|     Using TX_REG only            |     0 |     0 |           |       |
|     Using RX_REG only            |     0 |     0 |           |       |
|     Using Both TX_REG and RX_REG |     0 |     0 |           |       |
|   SLR2 -> SLR1                   |  3717 |       |           | 16.13 |
|     Using TX_REG only            |     0 |     0 |           |       |
|     Using RX_REG only            |     0 |     0 |           |       |
|     Using Both TX_REG and RX_REG |     0 |     0 |           |       |
| SLR1 <-> SLR0                    |  9747 |       |     23040 | 42.30 |
|   SLR0 -> SLR1                   |  4694 |       |           | 20.37 |
|     Using TX_REG only            |     0 |     0 |           |       |
|     Using RX_REG only            |     0 |     0 |           |       |
|     Using Both TX_REG and RX_REG |     0 |     0 |           |       |
|   SLR1 -> SLR0                   |  5053 |       |           | 21.93 |
|     Using TX_REG only            |     0 |     0 |           |       |
|     Using RX_REG only            |     0 |     0 |           |       |
|     Using Both TX_REG and RX_REG |     0 |     0 |           |       |
+----------------------------------+-------+-------+-----------+-------+
| Total SLLs Used                  | 17820 |       |           |       |
+----------------------------------+-------+-------+-----------+-------+


13. SLR Connectivity Matrix
---------------------------

+-----------+------+------+------+
| FROM \ TO | SLR2 | SLR1 | SLR0 |
+-----------+------+------+------+
| SLR2      |    0 | 3527 |  190 |
| SLR1      | 4241 |    0 | 4863 |
| SLR0      |  115 | 4579 |    0 |
+-----------+------+------+------+


14. SLR CLB Logic and Dedicated Block Utilization
-------------------------------------------------

+----------------------------+--------+--------+--------+--------+--------+--------+
|          Site Type         |  SLR0  |  SLR1  |  SLR2  | SLR0 % | SLR1 % | SLR2 % |
+----------------------------+--------+--------+--------+--------+--------+--------+
| CLB                        |  42351 |  43870 |  19721 |  77.06 |  81.24 |  36.52 |
|   CLBL                     |  22406 |  23560 |  10472 |  76.52 |  80.46 |  35.77 |
|   CLBM                     |  19945 |  20310 |   9249 |  77.67 |  82.16 |  37.42 |
| CLB LUTs                   | 199941 | 224584 |  78550 |  45.47 |  51.99 |  18.18 |
|   LUT as Logic             | 183568 | 210584 |  73204 |  41.75 |  48.75 |  16.95 |
|     using O5 output only   |   2200 |   1985 |    739 |   0.50 |   0.46 |   0.17 |
|     using O6 output only   | 129712 | 155300 |  49476 |  29.50 |  35.95 |  11.45 |
|     using O5 and O6        |  51656 |  53299 |  22989 |  11.75 |  12.34 |   5.32 |
|   LUT as Memory            |  16373 |  14000 |   5346 |   7.97 |   7.08 |   2.70 |
|     LUT as Distributed RAM |   3848 |   3532 |    820 |   1.87 |   1.79 |   0.41 |
|       using O6 output only |    240 |    386 |      0 |   0.12 |   0.20 |   0.00 |
|       using O5 and O6      |   3608 |   3146 |    820 |   1.76 |   1.59 |   0.41 |
|     LUT as Shift Register  |  12525 |  10468 |   4526 |   6.10 |   5.29 |   2.29 |
|       using O6 output only |   8624 |   8176 |   2476 |   4.20 |   4.13 |   1.25 |
|       using O5 and O6      |   3901 |   2292 |   2050 |   1.90 |   1.16 |   1.04 |
| CLB Registers              | 312392 | 309539 | 140940 |  35.52 |  35.83 |  16.31 |
| CARRY8                     |   5737 |   5880 |   2047 |  10.44 |  10.89 |   3.79 |
| F7 Muxes                   |   6930 |   9157 |    893 |   3.15 |   4.24 |   0.41 |
| F8 Muxes                   |   2021 |   2700 |     12 |   1.84 |   2.50 |   0.01 |
| F9 Muxes                   |      0 |      0 |      0 |   0.00 |   0.00 |   0.00 |
| Block RAM Tile             |  500.5 |    502 |  341.5 |  74.48 |  74.70 |  50.82 |
|   RAMB36/FIFO              |    467 |    471 |    330 |  69.49 |  70.09 |  49.11 |
|   RAMB18                   |     67 |     62 |     23 |   4.99 |   4.61 |   1.71 |
| URAM                       |    169 |    116 |    111 |  52.81 |  36.25 |  34.69 |
| DSPs                       |    540 |    672 |     52 |  18.75 |  21.88 |   1.69 |
| Unique Control Sets        |   6536 |   7884 |   2823 |   5.95 |   7.30 |   2.61 |
+----------------------------+--------+--------+--------+--------+--------+--------+
* Note: Available Control Sets based on CLB Registers / 8


15. SLR IO Utilization
----------------------

+-----------+-----------+---------+------------+----------+------------+----------+-----+
| SLR Index | Used IOBs | (%)IOBs | Used IPADs | (%)IPADs | Used OPADs | (%)OPADs | GTs |
+-----------+-----------+---------+------------+----------+------------+----------+-----+
| SLR2      |         0 |    0.00 |          0 |     0.00 |          0 |     0.00 |   0 |
| SLR1      |         0 |    0.00 |          0 |     0.00 |          0 |     0.00 |   8 |
| SLR0      |        12 |    5.77 |          0 |     0.00 |          0 |     0.00 |  16 |
+-----------+-----------+---------+------------+----------+------------+----------+-----+
| Total     |        12 |         |          0 |          |          0 |          |  24 |
+-----------+-----------+---------+------------+----------+------------+----------+-----+


