Copyright 1986-2022 Xilinx, Inc. All Rights Reserved. Copyright 2022-2025 Advanced Micro Devices, Inc. All Rights Reserved.
---------------------------------------------------------------------------------------------------------------------------------------------
| Tool Version : Vivado v.2025.1 (lin64) Build 6140274 Wed May 21 22:58:25 MDT 2025
| Date         : Thu Feb 26 18:07:01 2026
| Host         : cyberdeck running 64-bit Ubuntu 22.04.5 LTS
| Command      : report_utilization -slr -file slr_util_routed.rpt -pb slr_util_routed.pb
| Design       : level0_wrapper
| Device       : xcu55c-fsvh2892-2L-e
| Speed File   : -2L
| Design State : Routed
---------------------------------------------------------------------------------------------------------------------------------------------

Utilization Design Information

Table of Contents
-----------------
1. SLR Connectivity
2. SLR Connectivity Matrix
3. SLR CLB Logic and Dedicated Block Utilization
4. SLR IO Utilization

1. SLR Connectivity
-------------------

+----------------------------------+-------+-------+-----------+-------+
|                                  |  Used | Fixed | Available | Util% |
+----------------------------------+-------+-------+-----------+-------+
| SLR2 <-> SLR1                    |  8073 |       |     23040 | 35.04 |
|   SLR1 -> SLR2                   |  4356 |       |           | 18.91 |
|     Using TX_REG only            |     0 |     0 |           |       |
|     Using RX_REG only            |     0 |     0 |           |       |
|     Using Both TX_REG and RX_REG |     0 |     0 |           |       |
|   SLR2 -> SLR1                   |  3717 |       |           | 16.13 |
|     Using TX_REG only            |     0 |     0 |           |       |
|     Using RX_REG only            |     0 |     0 |           |       |
|     Using Both TX_REG and RX_REG |     0 |     0 |           |       |
| SLR1 <-> SLR0                    |  9747 |       |     23040 | 42.30 |
|   SLR0 -> SLR1                   |  4694 |       |           | 20.37 |
|     Using TX_REG only            |     0 |     0 |           |       |
|     Using RX_REG only            |     0 |     0 |           |       |
|     Using Both TX_REG and RX_REG |     0 |     0 |           |       |
|   SLR1 -> SLR0                   |  5053 |       |           | 21.93 |
|     Using TX_REG only            |     0 |     0 |           |       |
|     Using RX_REG only            |     0 |     0 |           |       |
|     Using Both TX_REG and RX_REG |     0 |     0 |           |       |
+----------------------------------+-------+-------+-----------+-------+
| Total SLLs Used                  | 17820 |       |           |       |
+----------------------------------+-------+-------+-----------+-------+


2. SLR Connectivity Matrix
--------------------------

+-----------+------+------+------+
| FROM \ TO | SLR2 | SLR1 | SLR0 |
+-----------+------+------+------+
| SLR2      |    0 | 3527 |  190 |
| SLR1      | 4241 |    0 | 4863 |
| SLR0      |  115 | 4579 |    0 |
+-----------+------+------+------+


3. SLR CLB Logic and Dedicated Block Utilization
------------------------------------------------

+----------------------------+--------+--------+--------+--------+--------+--------+
|          Site Type         |  SLR0  |  SLR1  |  SLR2  | SLR0 % | SLR1 % | SLR2 % |
+----------------------------+--------+--------+--------+--------+--------+--------+
| CLB                        |  42351 |  43870 |  19721 |  77.06 |  81.24 |  36.52 |
|   CLBL                     |  22406 |  23560 |  10472 |  76.52 |  80.46 |  35.77 |
|   CLBM                     |  19945 |  20310 |   9249 |  77.67 |  82.16 |  37.42 |
| CLB LUTs                   | 199941 | 224584 |  78550 |  45.47 |  51.99 |  18.18 |
|   LUT as Logic             | 183568 | 210584 |  73204 |  41.75 |  48.75 |  16.95 |
|     using O5 output only   |   2200 |   1985 |    739 |   0.50 |   0.46 |   0.17 |
|     using O6 output only   | 129712 | 155300 |  49476 |  29.50 |  35.95 |  11.45 |
|     using O5 and O6        |  51656 |  53299 |  22989 |  11.75 |  12.34 |   5.32 |
|   LUT as Memory            |  16373 |  14000 |   5346 |   7.97 |   7.08 |   2.70 |
|     LUT as Distributed RAM |   3848 |   3532 |    820 |   1.87 |   1.79 |   0.41 |
|       using O6 output only |    240 |    386 |      0 |   0.12 |   0.20 |   0.00 |
|       using O5 and O6      |   3608 |   3146 |    820 |   1.76 |   1.59 |   0.41 |
|     LUT as Shift Register  |  12525 |  10468 |   4526 |   6.10 |   5.29 |   2.29 |
|       using O6 output only |   8624 |   8176 |   2476 |   4.20 |   4.13 |   1.25 |
|       using O5 and O6      |   3901 |   2292 |   2050 |   1.90 |   1.16 |   1.04 |
| CLB Registers              | 312392 | 309539 | 140940 |  35.52 |  35.83 |  16.31 |
| CARRY8                     |   5737 |   5880 |   2047 |  10.44 |  10.89 |   3.79 |
| F7 Muxes                   |   6930 |   9157 |    893 |   3.15 |   4.24 |   0.41 |
| F8 Muxes                   |   2021 |   2700 |     12 |   1.84 |   2.50 |   0.01 |
| F9 Muxes                   |      0 |      0 |      0 |   0.00 |   0.00 |   0.00 |
| Block RAM Tile             |  500.5 |    502 |  341.5 |  74.48 |  74.70 |  50.82 |
|   RAMB36/FIFO              |    467 |    471 |    330 |  69.49 |  70.09 |  49.11 |
|   RAMB18                   |     67 |     62 |     23 |   4.99 |   4.61 |   1.71 |
| URAM                       |    169 |    116 |    111 |  52.81 |  36.25 |  34.69 |
| DSPs                       |    540 |    672 |     52 |  18.75 |  21.88 |   1.69 |
| Unique Control Sets        |   6536 |   7884 |   2823 |   5.95 |   7.30 |   2.61 |
+----------------------------+--------+--------+--------+--------+--------+--------+
* Note: Available Control Sets based on CLB Registers / 8


4. SLR IO Utilization
---------------------

+-----------+-----------+---------+------------+----------+------------+----------+-----+
| SLR Index | Used IOBs | (%)IOBs | Used IPADs | (%)IPADs | Used OPADs | (%)OPADs | GTs |
+-----------+-----------+---------+------------+----------+------------+----------+-----+
| SLR2      |         0 |    0.00 |          0 |     0.00 |          0 |     0.00 |   0 |
| SLR1      |         0 |    0.00 |          0 |     0.00 |          0 |     0.00 |   8 |
| SLR0      |        12 |    5.77 |          0 |     0.00 |          0 |     0.00 |  16 |
+-----------+-----------+---------+------------+----------+------------+----------+-----+
| Total     |        12 |         |          0 |          |          0 |          |  24 |
+-----------+-----------+---------+------------+----------+------------+----------+-----+


