Copyright 1986-2022 Xilinx, Inc. All Rights Reserved. Copyright 2022-2025 Advanced Micro Devices, Inc. All Rights Reserved.
----------------------------------------------------------------------------------------------------------------------------------------------------------------------------------------------------------------------------------------------------------------------------------------------------------------------------------------------------------------------------------------------------------------------------------------------------------------------------------------------------------------------------------------------------------------------------------------------------------------------------------------------------------------------------------------------------------------------------------------------------------------------------------------------------------------------------------------------------------------------------------------------------------------------------------------------------------------------------------------------------------------------------------------------------------------------------------------
| Tool Version : Vivado v.2025.1 (lin64) Build 6140274 Wed May 21 22:58:25 MDT 2025
| Date         : Thu Feb 26 18:05:38 2026
| Host         : cyberdeck running 64-bit Ubuntu 22.04.5 LTS
| Command      : report_accelerator_utilization -kernels { NeuroRing:level0_i/ulp/NeuroRing_0/inst:NeuroRing_0 NeuroRing:level0_i/ulp/NeuroRing_1/inst:NeuroRing_1 NeuroRing:level0_i/ulp/NeuroRing_2/inst:NeuroRing_2 NeuroRing:level0_i/ulp/NeuroRing_3/inst:NeuroRing_3 NeuroRing:level0_i/ulp/NeuroRing_4/inst:NeuroRing_4 NeuroRing:level0_i/ulp/NeuroRing_5/inst:NeuroRing_5 NeuroRing:level0_i/ulp/NeuroRing_6/inst:NeuroRing_6 SynapseRouter:level0_i/ulp/SynapseRouter_0/inst:SynapseRouter_0 SynapseRouter:level0_i/ulp/SynapseRouter_1/inst:SynapseRouter_1 SynapseRouter:level0_i/ulp/SynapseRouter_2/inst:SynapseRouter_2 SynapseRouter:level0_i/ulp/SynapseRouter_3/inst:SynapseRouter_3 SynapseRouter:level0_i/ulp/SynapseRouter_4/inst:SynapseRouter_4 SynapseRouter:level0_i/ulp/SynapseRouter_5/inst:SynapseRouter_5 SynapseRouter:level0_i/ulp/SynapseRouter_6/inst:SynapseRouter_6 krnl_aurora:level0_i/ulp/krnl_aurora_0/inst:krnl_aurora_0 krnl_aurora:level0_i/ulp/krnl_aurora_1/inst:krnl_aurora_1} -file kernel_util_routed.rpt -name kernel_util_routed -json
| Design       : level0_wrapper
| Device       : xcu55c
| Design State : Routed
----------------------------------------------------------------------------------------------------------------------------------------------------------------------------------------------------------------------------------------------------------------------------------------------------------------------------------------------------------------------------------------------------------------------------------------------------------------------------------------------------------------------------------------------------------------------------------------------------------------------------------------------------------------------------------------------------------------------------------------------------------------------------------------------------------------------------------------------------------------------------------------------------------------------------------------------------------------------------------------------------------------------------------------------------------------------------------------

Accelerator Utilization Design Information

Table of Contents
-----------------
1. System Utilization

1. System Utilization
---------------------

+---------------------+-------------------+------------------+-------------------+----------------+---------------+----------------+
| Name                | LUT               | LUTAsMem         | REG               | BRAM           | URAM          | DSP            |
+---------------------+-------------------+------------------+-------------------+----------------+---------------+----------------+
| Platform            |  134669 [ 10.33%] |  11033 [  1.84%] |  192333 [  7.38%] |  551 [ 27.33%] |  60 [  6.25%] |    4 [  0.04%] |
| User Budget         | 1169011 [100.00%] | 589927 [100.00%] | 2415027 [100.00%] | 1465 [100.00%] | 900 [100.00%] | 9020 [100.00%] |
|    Used Resources   |  368439 [ 31.52%] |  24686 [  4.18%] |  570538 [ 23.62%] |  789 [ 53.86%] | 336 [ 37.33%] | 1260 [ 13.97%] |
|    Unused Resources |  800572 [ 68.48%] | 565241 [ 95.82%] | 1844489 [ 76.38%] |  676 [ 46.14%] | 564 [ 62.67%] | 7760 [ 86.03%] |
| NeuroRing           |  199137 [ 17.03%] |  11284 [  1.91%] |  218466 [  9.05%] |  287 [ 19.59%] |   0 [  0.00%] | 1092 [ 12.11%] |
|    NeuroRing_0      |   28334 [  2.42%] |   1612 [  0.27%] |   31212 [  1.29%] |   41 [  2.80%] |   0 [  0.00%] |  156 [  1.73%] |
|    NeuroRing_1      |   28517 [  2.44%] |   1612 [  0.27%] |   31193 [  1.29%] |   41 [  2.80%] |   0 [  0.00%] |  156 [  1.73%] |
|    NeuroRing_2      |   28440 [  2.43%] |   1612 [  0.27%] |   31288 [  1.30%] |   41 [  2.80%] |   0 [  0.00%] |  156 [  1.73%] |
|    NeuroRing_3      |   28486 [  2.44%] |   1612 [  0.27%] |   31171 [  1.29%] |   41 [  2.80%] |   0 [  0.00%] |  156 [  1.73%] |
|    NeuroRing_4      |   28415 [  2.43%] |   1612 [  0.27%] |   31206 [  1.29%] |   41 [  2.80%] |   0 [  0.00%] |  156 [  1.73%] |
|    NeuroRing_5      |   28455 [  2.43%] |   1612 [  0.27%] |   31173 [  1.29%] |   41 [  2.80%] |   0 [  0.00%] |  156 [  1.73%] |
|    NeuroRing_6      |   28490 [  2.44%] |   1612 [  0.27%] |   31223 [  1.29%] |   41 [  2.80%] |   0 [  0.00%] |  156 [  1.73%] |
| SynapseRouter       |  166351 [ 14.23%] |  13328 [  2.26%] |  338144 [ 14.00%] |  476 [ 32.49%] | 336 [ 37.33%] |  168 [  1.86%] |
|    SynapseRouter_0  |   23747 [  2.03%] |   1904 [  0.32%] |   48310 [  2.00%] |   68 [  4.64%] |  48 [  5.33%] |   24 [  0.27%] |
|    SynapseRouter_1  |   23745 [  2.03%] |   1904 [  0.32%] |   48312 [  2.00%] |   68 [  4.64%] |  48 [  5.33%] |   24 [  0.27%] |
|    SynapseRouter_2  |   23756 [  2.03%] |   1904 [  0.32%] |   48304 [  2.00%] |   68 [  4.64%] |  48 [  5.33%] |   24 [  0.27%] |
|    SynapseRouter_3  |   23811 [  2.04%] |   1904 [  0.32%] |   48329 [  2.00%] |   68 [  4.64%] |  48 [  5.33%] |   24 [  0.27%] |
|    SynapseRouter_4  |   23730 [  2.03%] |   1904 [  0.32%] |   48301 [  2.00%] |   68 [  4.64%] |  48 [  5.33%] |   24 [  0.27%] |
|    SynapseRouter_5  |   23761 [  2.03%] |   1904 [  0.32%] |   48291 [  2.00%] |   68 [  4.64%] |  48 [  5.33%] |   24 [  0.27%] |
|    SynapseRouter_6  |   23801 [  2.04%] |   1904 [  0.32%] |   48297 [  2.00%] |   68 [  4.64%] |  48 [  5.33%] |   24 [  0.27%] |
| krnl_aurora         |    2951 [  0.25%] |     74 [  0.01%] |   13928 [  0.58%] |   26 [  1.77%] |   0 [  0.00%] |    0 [  0.00%] |
|    krnl_aurora_0    |    1470 [  0.13%] |     37 [ <0.01%] |    6820 [  0.28%] |   13 [  0.89%] |   0 [  0.00%] |    0 [  0.00%] |
|    krnl_aurora_1    |    1481 [  0.13%] |     37 [ <0.01%] |    7108 [  0.29%] |   13 [  0.89%] |   0 [  0.00%] |    0 [  0.00%] |
+---------------------+-------------------+------------------+-------------------+----------------+---------------+----------------+


