Copyright 1986-2022 Xilinx, Inc. All Rights Reserved. Copyright 2022-2025 Advanced Micro Devices, Inc. All Rights Reserved.
----------------------------------------------------------------------------------------------------------------------------------------------------------------------------------------------------------------------------------------------------------------------------------------------------------------------------------------------------------------------------------------------------------------------------------------------------------------------------------------------------------------------------------------------------------------------------------------------------------------------------------------------------------------------------------------------------------------------------------------------------------------------------------------------------------------------------------------------------------------------------------------------------------------------------------------------------------------------------------------------------------------------------------------------------------------------------------------
| Tool Version : Vivado v.2025.1 (lin64) Build 6140274 Wed May 21 22:58:25 MDT 2025
| Date         : Thu Feb 26 07:58:49 2026
| Host         : cyberdeck running 64-bit Ubuntu 22.04.5 LTS
| Command      : report_accelerator_utilization -kernels { NeuroRing:level0_i/ulp/NeuroRing_0/inst:NeuroRing_0 NeuroRing:level0_i/ulp/NeuroRing_1/inst:NeuroRing_1 NeuroRing:level0_i/ulp/NeuroRing_2/inst:NeuroRing_2 NeuroRing:level0_i/ulp/NeuroRing_3/inst:NeuroRing_3 NeuroRing:level0_i/ulp/NeuroRing_4/inst:NeuroRing_4 NeuroRing:level0_i/ulp/NeuroRing_5/inst:NeuroRing_5 NeuroRing:level0_i/ulp/NeuroRing_6/inst:NeuroRing_6 SynapseRouter:level0_i/ulp/SynapseRouter_0/inst:SynapseRouter_0 SynapseRouter:level0_i/ulp/SynapseRouter_1/inst:SynapseRouter_1 SynapseRouter:level0_i/ulp/SynapseRouter_2/inst:SynapseRouter_2 SynapseRouter:level0_i/ulp/SynapseRouter_3/inst:SynapseRouter_3 SynapseRouter:level0_i/ulp/SynapseRouter_4/inst:SynapseRouter_4 SynapseRouter:level0_i/ulp/SynapseRouter_5/inst:SynapseRouter_5 SynapseRouter:level0_i/ulp/SynapseRouter_6/inst:SynapseRouter_6 krnl_aurora:level0_i/ulp/krnl_aurora_0/inst:krnl_aurora_0 krnl_aurora:level0_i/ulp/krnl_aurora_1/inst:krnl_aurora_1} -file kernel_util_placed.rpt -name kernel_util_placed -json
| Design       : level0_wrapper
| Device       : xcu55c
| Design State : Fully Placed
----------------------------------------------------------------------------------------------------------------------------------------------------------------------------------------------------------------------------------------------------------------------------------------------------------------------------------------------------------------------------------------------------------------------------------------------------------------------------------------------------------------------------------------------------------------------------------------------------------------------------------------------------------------------------------------------------------------------------------------------------------------------------------------------------------------------------------------------------------------------------------------------------------------------------------------------------------------------------------------------------------------------------------------------------------------------------------------

Accelerator Utilization Design Information

Table of Contents
-----------------
1. System Utilization

1. System Utilization
---------------------

+---------------------+-------------------+------------------+-------------------+----------------+---------------+----------------+
| Name                | LUT               | LUTAsMem         | REG               | BRAM           | URAM          | DSP            |
+---------------------+-------------------+------------------+-------------------+----------------+---------------+----------------+
| Platform            |  134615 [ 10.33%] |  11033 [  1.84%] |  192330 [  7.38%] |  551 [ 27.33%] |  60 [  6.25%] |    4 [  0.04%] |
| User Budget         | 1169065 [100.00%] | 589927 [100.00%] | 2415030 [100.00%] | 1465 [100.00%] | 900 [100.00%] | 9020 [100.00%] |
|    Used Resources   |  368360 [ 31.51%] |  24686 [  4.18%] |  570273 [ 23.61%] |  789 [ 53.86%] | 336 [ 37.33%] | 1260 [ 13.97%] |
|    Unused Resources |  800705 [ 68.49%] | 565241 [ 95.82%] | 1844757 [ 76.39%] |  676 [ 46.14%] | 564 [ 62.67%] | 7760 [ 86.03%] |
| NeuroRing           |  199083 [ 17.03%] |  11284 [  1.91%] |  218364 [  9.04%] |  287 [ 19.59%] |   0 [  0.00%] | 1092 [ 12.11%] |
|    NeuroRing_0      |   28334 [  2.42%] |   1612 [  0.27%] |   31212 [  1.29%] |   41 [  2.80%] |   0 [  0.00%] |  156 [  1.73%] |
|    NeuroRing_1      |   28509 [  2.44%] |   1612 [  0.27%] |   31190 [  1.29%] |   41 [  2.80%] |   0 [  0.00%] |  156 [  1.73%] |
|    NeuroRing_2      |   28424 [  2.43%] |   1612 [  0.27%] |   31193 [  1.29%] |   41 [  2.80%] |   0 [  0.00%] |  156 [  1.73%] |
|    NeuroRing_3      |   28480 [  2.44%] |   1612 [  0.27%] |   31171 [  1.29%] |   41 [  2.80%] |   0 [  0.00%] |  156 [  1.73%] |
|    NeuroRing_4      |   28406 [  2.43%] |   1612 [  0.27%] |   31206 [  1.29%] |   41 [  2.80%] |   0 [  0.00%] |  156 [  1.73%] |
|    NeuroRing_5      |   28446 [  2.43%] |   1612 [  0.27%] |   31169 [  1.29%] |   41 [  2.80%] |   0 [  0.00%] |  156 [  1.73%] |
|    NeuroRing_6      |   28484 [  2.44%] |   1612 [  0.27%] |   31223 [  1.29%] |   41 [  2.80%] |   0 [  0.00%] |  156 [  1.73%] |
| SynapseRouter       |  166326 [ 14.23%] |  13328 [  2.26%] |  338053 [ 14.00%] |  476 [ 32.49%] | 336 [ 37.33%] |  168 [  1.86%] |
|    SynapseRouter_0  |   23743 [  2.03%] |   1904 [  0.32%] |   48287 [  2.00%] |   68 [  4.64%] |  48 [  5.33%] |   24 [  0.27%] |
|    SynapseRouter_1  |   23743 [  2.03%] |   1904 [  0.32%] |   48290 [  2.00%] |   68 [  4.64%] |  48 [  5.33%] |   24 [  0.27%] |
|    SynapseRouter_2  |   23750 [  2.03%] |   1904 [  0.32%] |   48292 [  2.00%] |   68 [  4.64%] |  48 [  5.33%] |   24 [  0.27%] |
|    SynapseRouter_3  |   23805 [  2.04%] |   1904 [  0.32%] |   48303 [  2.00%] |   68 [  4.64%] |  48 [  5.33%] |   24 [  0.27%] |
|    SynapseRouter_4  |   23730 [  2.03%] |   1904 [  0.32%] |   48296 [  2.00%] |   68 [  4.64%] |  48 [  5.33%] |   24 [  0.27%] |
|    SynapseRouter_5  |   23759 [  2.03%] |   1904 [  0.32%] |   48291 [  2.00%] |   68 [  4.64%] |  48 [  5.33%] |   24 [  0.27%] |
|    SynapseRouter_6  |   23796 [  2.04%] |   1904 [  0.32%] |   48294 [  2.00%] |   68 [  4.64%] |  48 [  5.33%] |   24 [  0.27%] |
| krnl_aurora         |    2951 [  0.25%] |     74 [  0.01%] |   13856 [  0.57%] |   26 [  1.77%] |   0 [  0.00%] |    0 [  0.00%] |
|    krnl_aurora_0    |    1470 [  0.13%] |     37 [ <0.01%] |    6820 [  0.28%] |   13 [  0.89%] |   0 [  0.00%] |    0 [  0.00%] |
|    krnl_aurora_1    |    1481 [  0.13%] |     37 [ <0.01%] |    7036 [  0.29%] |   13 [  0.89%] |   0 [  0.00%] |    0 [  0.00%] |
+---------------------+-------------------+------------------+-------------------+----------------+---------------+----------------+


