

================================================================
== Vitis HLS Report for 'SerialOut'
================================================================
* Date:           Thu Feb 12 14:42:53 2026

* Version:        2025.1 (Build 6135595 on May 21 2025)
* Project:        SerialOut
* Solution:       solution (Vitis Kernel Flow Target)
* Product family: virtexuplusHBM
* Target device:  xcu55c-fsvh2892-2L-e


================================================================
== Performance Estimates
================================================================
+ Timing: 
    * Summary: 
    +--------+---------+----------+------------+
    |  Clock |  Target | Estimated| Uncertainty|
    +--------+---------+----------+------------+
    |ap_clk  |  3.33 ns|  0.778 ns|     0.90 ns|
    +--------+---------+----------+------------+

+ Latency: 
    * Summary: 
    +---------+---------+----------+----------+-----+-----+---------+
    |  Latency (cycles) |  Latency (absolute) |  Interval | Pipeline|
    |   min   |   max   |    min   |    max   | min | max |   Type  |
    +---------+---------+----------+----------+-----+-----+---------+
    |        ?|        ?|         ?|         ?|    ?|    ?|       no|
    +---------+---------+----------+----------+-----+-----+---------+

    + Detail: 
        * Instance: 
        N/A

        * Loop: 
        +-------------------+---------+---------+----------+-----------+-----------+------+----------+
        |                   |  Latency (cycles) | Iteration|  Initiation Interval  | Trip |          |
        |     Loop Name     |   min   |   max   |  Latency |  achieved |   target  | Count| Pipelined|
        +-------------------+---------+---------+----------+-----------+-----------+------+----------+
        |- VITIS_LOOP_22_1  |        ?|        ?|         2|          1|          1|   inf|       yes|
        +-------------------+---------+---------+----------+-----------+-----------+------+----------+



================================================================
== Utilization Estimates
================================================================
* Summary: 
+---------------------+---------+------+---------+---------+-----+
|         Name        | BRAM_18K|  DSP |    FF   |   LUT   | URAM|
+---------------------+---------+------+---------+---------+-----+
|DSP                  |        -|     -|        -|        -|    -|
|Expression           |        -|     -|        0|        6|    -|
|FIFO                 |        -|     -|        -|        -|    -|
|Instance             |        -|     -|        -|        -|    -|
|Memory               |        -|     -|        -|        -|    -|
|Multiplexer          |        -|     -|        0|       41|    -|
|Register             |        -|     -|        7|        -|    -|
+---------------------+---------+------+---------+---------+-----+
|Total                |        0|     0|        7|       47|    0|
+---------------------+---------+------+---------+---------+-----+
|Available SLR        |     1344|  3008|   869120|   434560|  320|
+---------------------+---------+------+---------+---------+-----+
|Utilization SLR (%)  |        0|     0|       ~0|       ~0|    0|
+---------------------+---------+------+---------+---------+-----+
|Available            |     4032|  9024|  2607360|  1303680|  960|
+---------------------+---------+------+---------+---------+-----+
|Utilization (%)      |        0|     0|       ~0|       ~0|    0|
+---------------------+---------+------+---------+---------+-----+

+ Detail: 
    * Instance: 
    N/A

    * DSP: 
    N/A

    * Memory: 
    N/A

    * FIFO: 
    N/A

    * Expression: 
    +---------------------------------------+----------+----+---+----+------------+------------+
    |             Variable Name             | Operation| DSP| FF| LUT| Bitwidth P0| Bitwidth P1|
    +---------------------------------------+----------+----+---+----+------------+------------+
    |ap_block_pp0_stage0_01001_grp1         |        or|   0|  0|   2|           1|           1|
    |ap_block_state2_pp0_stage0_iter0_grp1  |        or|   0|  0|   2|           1|           1|
    |ap_enable_pp0                          |       xor|   0|  0|   2|           1|           2|
    +---------------------------------------+----------+----+---+----+------------+------------+
    |Total                                  |          |   0|  0|   6|           3|           4|
    +---------------------------------------+----------+----+---+----+------------+------------+

    * Multiplexer: 
    +-------------------------+----+-----------+-----+-----------+
    |           Name          | LUT| Input Size| Bits| Total Bits|
    +-------------------------+----+-----------+-----+-----------+
    |SynapseIn_TDATA_blk_n    |   9|          2|    1|          2|
    |ap_NS_fsm                |  14|          3|    1|          3|
    |ap_enable_reg_pp0_iter1  |   9|          2|    1|          2|
    |data_output_TDATA_blk_n  |   9|          2|    1|          2|
    +-------------------------+----+-----------+-----+-----------+
    |Total                    |  41|          9|    4|          9|
    +-------------------------+----+-----------+-----+-----------+

    * Register: 
    +-------------------------+---+----+-----+-----------+
    |           Name          | FF| LUT| Bits| Const Bits|
    +-------------------------+---+----+-----+-----------+
    |ap_CS_fsm                |  2|   0|    2|          0|
    |ap_enable_reg_pp0_iter0  |  1|   0|    1|          0|
    |ap_enable_reg_pp0_iter1  |  1|   0|    1|          0|
    |ap_rst_n_inv             |  1|   0|    1|          0|
    |ap_rst_reg_1             |  1|   0|    1|          0|
    |ap_rst_reg_2             |  1|   0|    1|          0|
    +-------------------------+---+----+-----+-----------+
    |Total                    |  7|   0|    7|          0|
    +-------------------------+---+----+-----+-----------+



================================================================
== Interface
================================================================
* Summary: 
+--------------------+-----+-----+--------------+----------------------+--------------+
|      RTL Ports     | Dir | Bits|   Protocol   |     Source Object    |    C Type    |
+--------------------+-----+-----+--------------+----------------------+--------------+
|ap_clk              |   in|    1|  ap_ctrl_none|             SerialOut|  return value|
|ap_rst_n            |   in|    1|  ap_ctrl_none|             SerialOut|  return value|
|SynapseIn_TDATA     |   in|  256|          axis|    SynapseIn_V_data_V|       pointer|
|SynapseIn_TVALID    |   in|    1|          axis|    SynapseIn_V_last_V|       pointer|
|SynapseIn_TREADY    |  out|    1|          axis|    SynapseIn_V_last_V|       pointer|
|SynapseIn_TLAST     |   in|    1|          axis|    SynapseIn_V_last_V|       pointer|
|SynapseIn_TKEEP     |   in|   32|          axis|    SynapseIn_V_keep_V|       pointer|
|SynapseIn_TSTRB     |   in|   32|          axis|    SynapseIn_V_strb_V|       pointer|
|data_output_TDATA   |  out|  256|          axis|  data_output_V_data_V|       pointer|
|data_output_TVALID  |  out|    1|          axis|  data_output_V_last_V|       pointer|
|data_output_TREADY  |   in|    1|          axis|  data_output_V_last_V|       pointer|
|data_output_TLAST   |  out|    1|          axis|  data_output_V_last_V|       pointer|
|data_output_TKEEP   |  out|   32|          axis|  data_output_V_keep_V|       pointer|
|data_output_TSTRB   |  out|   32|          axis|  data_output_V_strb_V|       pointer|
+--------------------+-----+-----+--------------+----------------------+--------------+

