INFO: [v++ 60-1306] Additional information associated with this v++ compile can be found at:
	Reports: /home/miahafiz/NeuroRing_a_8192_5c/_x.hw.NUM_8192.CORE_5.FREQ_300/reports/krnl_neuroring
	Log files: /home/miahafiz/NeuroRing_a_8192_5c/_x.hw.NUM_8192.CORE_5.FREQ_300/logs/krnl_neuroring
INFO: [v++ 60-1548] Creating build summary session with primary output /home/miahafiz/NeuroRing_a_8192_5c/_x.hw.NUM_8192.CORE_5.FREQ_300/krnl_neuroring.xo.compile_summary, at Fri Feb 27 05:01:24 2026
INFO: [v++ 60-1315] Creating rulecheck session with output '/home/miahafiz/NeuroRing_a_8192_5c/_x.hw.NUM_8192.CORE_5.FREQ_300/reports/krnl_neuroring/v++_compile_krnl_neuroring_guidance.html', at Fri Feb 27 05:01:24 2026
INFO: [v++ 60-895]   Target platform: /opt/xilinx/platforms/xilinx_u55c_gen3x16_xdma_3_202210_1/xilinx_u55c_gen3x16_xdma_3_202210_1.xpfm
INFO: [v++ 60-1578]   This platform contains Xilinx Shell Archive '/opt/xilinx/platforms/xilinx_u55c_gen3x16_xdma_3_202210_1/hw/hw.xsa'
INFO: [v++ 74-78] Compiler Version string: 2025.1
INFO: [v++ 60-1302] Platform 'xilinx_u55c_gen3x16_xdma_3_202210_1.xpfm' has been explicitly enabled for this release.
INFO: [v++ 60-585] Compiling for hardware target
INFO: [v++ 60-423]   Target device: xilinx_u55c_gen3x16_xdma_3_202210_1
WARNING: [v++ 60-889] User-specified kernel frequency for ID 0 is the same as the default frequency 300 MHz, so it will be ignored
INFO: [v++ 60-242] Creating kernel: 'NeuroRing'

===>The following messages were generated while  performing high-level synthesis for kernel: NeuroRing Log file: /home/miahafiz/NeuroRing_a_8192_5c/_x.hw.NUM_8192.CORE_5.FREQ_300/krnl_neuroring/NeuroRing/vitis_hls.log :
INFO: [v++ 204-61] Pipelining loop 'VITIS_LOOP_94_1'.
INFO: [v++ 200-1470] Pipelining result : Target II = 1, Final II = 1, Depth = 84, loop 'VITIS_LOOP_94_1'
INFO: [v++ 204-61] Pipelining loop 'update_membrane_potential'.
INFO: [v++ 200-1470] Pipelining result : Target II = 1, Final II = 1, Depth = 36, loop 'update_membrane_potential'
INFO: [v++ 204-61] Pipelining loop 'write_spike_status'.
INFO: [v++ 200-1470] Pipelining result : Target II = 1, Final II = 1, Depth = 71, loop 'write_spike_status'
INFO: [v++ 204-61] Pipelining loop 'VITIS_LOOP_224_6'.
INFO: [v++ 200-1470] Pipelining result : Target II = NA, Final II = 1, Depth = 2, loop 'VITIS_LOOP_224_6'
INFO: [v++ 204-61] Pipelining loop 'VITIS_LOOP_170_5'.
INFO: [v++ 200-1470] Pipelining result : Target II = 1, Final II = 1, Depth = 112, loop 'VITIS_LOOP_170_5'
INFO: [v++ 200-790] **** Loop Constraint Status: All loop constraints were satisfied.
INFO: [v++ 200-789] **** Estimated Fmax: 397.61 MHz
INFO: [v++ 60-594] Finished kernel compilation
INFO: [v++ 60-244] Generating system estimate report...
INFO: [v++ 60-1092] Generated system estimate report: /home/miahafiz/NeuroRing_a_8192_5c/_x.hw.NUM_8192.CORE_5.FREQ_300/reports/krnl_neuroring/system_estimate_krnl_neuroring.xtxt
INFO: [v++ 60-586] Created _x.hw.NUM_8192.CORE_5.FREQ_300/krnl_neuroring.xo
INFO: [v++ 60-2343] Use the Vitis Unified IDE to visualize and navigate the reports. Run the following command. 
    vitis --analyze /home/miahafiz/NeuroRing_a_8192_5c/_x.hw.NUM_8192.CORE_5.FREQ_300/krnl_neuroring.xo.compile_summary 
INFO: [v++ 60-791] Total elapsed time: 0h 3m 46s
