

================================================================
== Vitis HLS Report for 'NeuroRing'
================================================================
* Date:           Wed Feb 25 12:36:35 2026

* Version:        2025.1 (Build 6135595 on May 21 2025)
* Project:        NeuroRing
* Solution:       solution (Vitis Kernel Flow Target)
* Product family: virtexuplusHBM
* Target device:  xcu55c-fsvh2892-2L-e


================================================================
== Performance Estimates
================================================================
+ Timing: 
    * Summary: 
    +--------+---------+----------+------------+
    |  Clock |  Target | Estimated| Uncertainty|
    +--------+---------+----------+------------+
    |ap_clk  |  3.33 ns|  2.433 ns|     0.90 ns|
    +--------+---------+----------+------------+

+ Latency: 
    * Summary: 
    +---------+---------+----------+----------+-----+-----+---------+
    |  Latency (cycles) |  Latency (absolute) |  Interval | Pipeline|
    |   min   |   max   |    min   |    max   | min | max |   Type  |
    +---------+---------+----------+----------+-----+-----+---------+
    |        ?|        ?|         ?|         ?|    ?|    ?|       no|
    +---------+---------+----------+----------+-----+-----+---------+

    + Detail: 
        * Instance: 
        +----------------------------------------------------------+----------------------------------------------+---------+---------+-----------+-----------+------+------+------------------------------------------------+
        |                                                          |                                              |  Latency (cycles) |   Latency (absolute)  |   Interval  |                    Pipeline                    |
        |                         Instance                         |                    Module                    |   min   |   max   |    min    |    max    |  min |  max |                      Type                      |
        +----------------------------------------------------------+----------------------------------------------+---------+---------+-----------+-----------+------+------+------------------------------------------------+
        |grp_NeuroRing_Pipeline_VITIS_LOOP_94_1_fu_1367            |NeuroRing_Pipeline_VITIS_LOOP_94_1            |     4180|     4180|  13.932 us|  13.932 us|  4097|  4097|  loop auto-rewind stp (delay=0 clock cycles(s))|
        |grp_NeuroRing_Pipeline_VITIS_LOOP_224_6_fu_1415           |NeuroRing_Pipeline_VITIS_LOOP_224_6           |     4174|     4174|  13.912 us|  13.912 us|  4097|  4097|  loop auto-rewind stp (delay=0 clock cycles(s))|
        |grp_NeuroRing_Pipeline_VITIS_LOOP_240_7_fu_1443           |NeuroRing_Pipeline_VITIS_LOOP_240_7           |      514|      514|   1.713 us|   1.713 us|   513|   513|  loop auto-rewind stp (delay=0 clock cycles(s))|
        |grp_NeuroRing_Pipeline_update_membrane_potential_fu_1455  |NeuroRing_Pipeline_update_membrane_potential  |      548|      548|   1.826 us|   1.826 us|   513|   513|  loop auto-rewind stp (delay=0 clock cycles(s))|
        |grp_NeuroRing_Pipeline_write_spike_status_fu_1638         |NeuroRing_Pipeline_write_spike_status         |       87|       87|   0.290 us|   0.290 us|    17|    17|  loop auto-rewind stp (delay=0 clock cycles(s))|
        +----------------------------------------------------------+----------------------------------------------+---------+---------+-----------+-----------+------+------+------------------------------------------------+

        * Loop: 
        +-------------------------+---------+---------------+---------------------+-----------+-----------+---------------+----------+
        |                         |     Latency (cycles)    |      Iteration      |  Initiation Interval  |      Trip     |          |
        |        Loop Name        |   min   |      max      |       Latency       |  achieved |   target  |     Count     | Pipelined|
        +-------------------------+---------+---------------+---------------------+-----------+-----------+---------------+----------+
        |- read_status_loop       |        ?|              ?|  810 ~ 2199023723265|          -|          -|              ?|        no|
        | + VITIS_LOOP_162_3      |      255|  2199023722623|      2 ~ 17179872833|          -|          -|            128|        no|
        |  ++ VITIS_LOOP_164_4    |       63|    17179872831|        2 ~ 536871026|          -|          -|             32|        no|
        |   +++ VITIS_LOOP_169_5  |        0|      536871021|                  112|          1|          1|  0 ~ 536870911|       yes|
        +-------------------------+---------+---------------+---------------------+-----------+-----------+---------------+----------+



================================================================
== Utilization Estimates
================================================================
* Summary: 
+---------------------+---------+------+---------+---------+-----+
|         Name        | BRAM_18K|  DSP |    FF   |   LUT   | URAM|
+---------------------+---------+------+---------+---------+-----+
|DSP                  |        -|     -|        -|        -|    -|
|Expression           |        -|     -|        0|      889|    -|
|FIFO                 |        -|     -|        -|        -|    -|
|Instance             |        8|   154|    40808|    31117|    0|
|Memory               |       44|     -|        0|        0|    -|
|Multiplexer          |        -|     -|        0|     2864|    -|
|Register             |        -|     -|     1352|       32|    -|
+---------------------+---------+------+---------+---------+-----+
|Total                |       52|   154|    42160|    34902|    0|
+---------------------+---------+------+---------+---------+-----+
|Available SLR        |     1344|  3008|   869120|   434560|  320|
+---------------------+---------+------+---------+---------+-----+
|Utilization SLR (%)  |        3|     5|        4|        8|    0|
+---------------------+---------+------+---------+---------+-----+
|Available            |     4032|  9024|  2607360|  1303680|  960|
+---------------------+---------+------+---------+---------+-----+
|Utilization (%)      |        1|     1|        1|        2|    0|
+---------------------+---------+------+---------+---------+-----+

+ Detail: 
    * Instance: 
    +----------------------------------------------------------+----------------------------------------------+---------+-----+-------+-------+-----+
    |                         Instance                         |                    Module                    | BRAM_18K| DSP |   FF  |  LUT  | URAM|
    +----------------------------------------------------------+----------------------------------------------+---------+-----+-------+-------+-----+
    |grp_NeuroRing_Pipeline_VITIS_LOOP_224_6_fu_1415           |NeuroRing_Pipeline_VITIS_LOOP_224_6           |        0|    0|    904|    581|    0|
    |grp_NeuroRing_Pipeline_VITIS_LOOP_240_7_fu_1443           |NeuroRing_Pipeline_VITIS_LOOP_240_7           |        0|    0|     16|     69|    0|
    |grp_NeuroRing_Pipeline_VITIS_LOOP_94_1_fu_1367            |NeuroRing_Pipeline_VITIS_LOOP_94_1            |        0|    1|    633|    404|    0|
    |grp_NeuroRing_Pipeline_update_membrane_potential_fu_1455  |NeuroRing_Pipeline_update_membrane_potential  |        0|  150|  31794|  22286|    0|
    |grp_NeuroRing_Pipeline_write_spike_status_fu_1638         |NeuroRing_Pipeline_write_spike_status         |        0|    0|    471|    675|    0|
    |control_s_axi_U                                           |control_s_axi                                 |        0|    0|    676|   1128|    0|
    |faddfsub_32ns_32ns_32_7_full_dsp_1_U534                   |faddfsub_32ns_32ns_32_7_full_dsp_1            |        0|    2|    318|    198|    0|
    |gmem_syn_m_axi_U                                          |gmem_syn_m_axi                                |        8|    0|   1430|   1625|    0|
    |mul_12ns_15ns_26_1_1_U531                                 |mul_12ns_15ns_26_1_1                          |        0|    1|      0|      2|    0|
    |sparsemux_257_7_32_1_1_U530                               |sparsemux_257_7_32_1_1                        |        0|    0|      0|    673|    0|
    |uitofp_32ns_32_5_no_dsp_1_U529                            |uitofp_32ns_32_5_no_dsp_1                     |        0|    0|      0|      0|    0|
    |urem_32ns_32ns_32_36_1_U532                               |urem_32ns_32ns_32_36_1                        |        0|    0|   2283|   1738|    0|
    |urem_32ns_32ns_32_36_1_U533                               |urem_32ns_32ns_32_36_1                        |        0|    0|   2283|   1738|    0|
    +----------------------------------------------------------+----------------------------------------------+---------+-----+-------+-------+-----+
    |Total                                                     |                                              |        8|  154|  40808|  31117|    0|
    +----------------------------------------------------------+----------------------------------------------+---------+-----+-------+-------+-----+

    * DSP: 
    N/A

    * Memory: 
    +------------------+------------------------------+---------+---+----+-----+------+-----+------+-------------+
    |      Memory      |            Module            | BRAM_18K| FF| LUT| URAM| Words| Bits| Banks| W*Bits*Banks|
    +------------------+------------------------------+---------+---+----+-----+------+-----+------+-------------+
    |R_RefCnt_U        |R_RefCnt_RAM_2P_BRAM_1R1W     |        1|  0|   0|    0|   456|   16|     1|         7296|
    |R_RefCnt_1_U      |R_RefCnt_RAM_2P_BRAM_1R1W     |        1|  0|   0|    0|   456|   16|     1|         7296|
    |R_RefCnt_2_U      |R_RefCnt_RAM_2P_BRAM_1R1W     |        1|  0|   0|    0|   456|   16|     1|         7296|
    |R_RefCnt_3_U      |R_RefCnt_RAM_2P_BRAM_1R1W     |        1|  0|   0|    0|   456|   16|     1|         7296|
    |R_RefCnt_4_U      |R_RefCnt_RAM_2P_BRAM_1R1W     |        1|  0|   0|    0|   456|   16|     1|         7296|
    |R_RefCnt_5_U      |R_RefCnt_RAM_2P_BRAM_1R1W     |        1|  0|   0|    0|   456|   16|     1|         7296|
    |R_RefCnt_6_U      |R_RefCnt_RAM_2P_BRAM_1R1W     |        1|  0|   0|    0|   456|   16|     1|         7296|
    |R_RefCnt_7_U      |R_RefCnt_RAM_2P_BRAM_1R1W     |        1|  0|   0|    0|   456|   16|     1|         7296|
    |R_RefCnt_8_U      |R_RefCnt_RAM_2P_BRAM_1R1W     |        1|  0|   0|    0|   456|   16|     1|         7296|
    |SynapseSize_U     |SynapseSize_RAM_2P_BRAM_1R1W  |        8|  0|   0|    0|  4096|   32|     1|       131072|
    |U_membPot_U       |U_membPot_RAM_2P_BRAM_1R1W    |        1|  0|   0|    0|   456|   32|     1|        14592|
    |U_membPot_1_U     |U_membPot_RAM_2P_BRAM_1R1W    |        1|  0|   0|    0|   456|   32|     1|        14592|
    |U_membPot_2_U     |U_membPot_RAM_2P_BRAM_1R1W    |        1|  0|   0|    0|   456|   32|     1|        14592|
    |U_membPot_3_U     |U_membPot_RAM_2P_BRAM_1R1W    |        1|  0|   0|    0|   456|   32|     1|        14592|
    |U_membPot_4_U     |U_membPot_RAM_2P_BRAM_1R1W    |        1|  0|   0|    0|   456|   32|     1|        14592|
    |U_membPot_5_U     |U_membPot_RAM_2P_BRAM_1R1W    |        1|  0|   0|    0|   456|   32|     1|        14592|
    |U_membPot_6_U     |U_membPot_RAM_2P_BRAM_1R1W    |        1|  0|   0|    0|   456|   32|     1|        14592|
    |U_membPot_7_U     |U_membPot_RAM_2P_BRAM_1R1W    |        1|  0|   0|    0|   456|   32|     1|        14592|
    |U_membPot_8_U     |U_membPot_RAM_2P_BRAM_1R1W    |        1|  0|   0|    0|   456|   32|     1|        14592|
    |I_PreSynCurr_U    |U_membPot_RAM_2P_BRAM_1R1W    |        1|  0|   0|    0|   456|   32|     1|        14592|
    |I_PreSynCurr_1_U  |U_membPot_RAM_2P_BRAM_1R1W    |        1|  0|   0|    0|   456|   32|     1|        14592|
    |I_PreSynCurr_2_U  |U_membPot_RAM_2P_BRAM_1R1W    |        1|  0|   0|    0|   456|   32|     1|        14592|
    |I_PreSynCurr_3_U  |U_membPot_RAM_2P_BRAM_1R1W    |        1|  0|   0|    0|   456|   32|     1|        14592|
    |I_PreSynCurr_4_U  |U_membPot_RAM_2P_BRAM_1R1W    |        1|  0|   0|    0|   456|   32|     1|        14592|
    |I_PreSynCurr_5_U  |U_membPot_RAM_2P_BRAM_1R1W    |        1|  0|   0|    0|   456|   32|     1|        14592|
    |I_PreSynCurr_6_U  |U_membPot_RAM_2P_BRAM_1R1W    |        1|  0|   0|    0|   456|   32|     1|        14592|
    |I_PreSynCurr_7_U  |U_membPot_RAM_2P_BRAM_1R1W    |        1|  0|   0|    0|   456|   32|     1|        14592|
    |I_PreSynCurr_8_U  |U_membPot_RAM_2P_BRAM_1R1W    |        1|  0|   0|    0|   456|   32|     1|        14592|
    |I_bias_U          |U_membPot_RAM_2P_BRAM_1R1W    |        1|  0|   0|    0|   456|   32|     1|        14592|
    |I_bias_1_U        |U_membPot_RAM_2P_BRAM_1R1W    |        1|  0|   0|    0|   456|   32|     1|        14592|
    |I_bias_2_U        |U_membPot_RAM_2P_BRAM_1R1W    |        1|  0|   0|    0|   456|   32|     1|        14592|
    |I_bias_3_U        |U_membPot_RAM_2P_BRAM_1R1W    |        1|  0|   0|    0|   456|   32|     1|        14592|
    |I_bias_4_U        |U_membPot_RAM_2P_BRAM_1R1W    |        1|  0|   0|    0|   456|   32|     1|        14592|
    |I_bias_5_U        |U_membPot_RAM_2P_BRAM_1R1W    |        1|  0|   0|    0|   456|   32|     1|        14592|
    |I_bias_6_U        |U_membPot_RAM_2P_BRAM_1R1W    |        1|  0|   0|    0|   456|   32|     1|        14592|
    |I_bias_7_U        |U_membPot_RAM_2P_BRAM_1R1W    |        1|  0|   0|    0|   456|   32|     1|        14592|
    |I_bias_8_U        |U_membPot_RAM_2P_BRAM_1R1W    |        1|  0|   0|    0|   456|   32|     1|        14592|
    +------------------+------------------------------+---------+---+----+-----+------+-----+------+-------------+
    |Total             |                              |       44|  0|   0|    0| 20512| 1040|    37|       590720|
    +------------------+------------------------------+---------+---+----+-----+------+-----+------+-------------+

    * FIFO: 
    N/A

    * Expression: 
    +-------------------------------------------+----------+----+---+----+------------+------------+
    |               Variable Name               | Operation| DSP| FF| LUT| Bitwidth P0| Bitwidth P1|
    +-------------------------------------------+----------+----+---+----+------------+------------+
    |add_ln114_fu_2878_p2                       |         +|   0|  0|  71|          64|           1|
    |add_ln171_1_fu_2707_p2                     |         +|   0|  0|  32|          32|          24|
    |add_ln171_fu_2713_p2                       |         +|   0|  0|  32|          32|          32|
    |add_ln172_fu_2740_p2                       |         +|   0|  0|  71|          64|          64|
    |add_ln178_fu_2831_p2                       |         +|   0|  0|  32|          32|          32|
    |add_ln55_fu_2789_p2                        |         +|   0|  0|  32|          25|           2|
    |grp_fu_2826_p0                             |         +|   0|  0|  32|          32|          32|
    |i_fu_2643_p2                               |         +|   0|  0|  14|           7|           1|
    |j_fu_2670_p2                               |         +|   0|  0|  12|           5|           1|
    |k_1_fu_2755_p2                             |         +|   0|  0|  39|          32|           4|
    |grp_fu_2841_p0                             |         -|   0|  0|  32|          32|          32|
    |sub_ln176_fu_2816_p2                       |         -|   0|  0|  32|          32|          32|
    |and_ln165_fu_2659_p2                       |       and|   0|  0|  32|          32|          32|
    |ap_block_state131_on_subcall_done          |       and|   0|  0|   2|           1|           1|
    |ap_predicate_op791_write_state129          |       and|   0|  0|   2|           1|           1|
    |cmp247_fu_1824_p2                          |      icmp|   0|  0|  39|          32|           1|
    |icmp_ln114_fu_1852_p2                      |      icmp|   0|  0|  39|          32|          32|
    |icmp_ln162_fu_2872_p2                      |      icmp|   0|  0|  14|           7|           2|
    |icmp_ln163_fu_2637_p2                      |      icmp|   0|  0|  39|          32|           1|
    |icmp_ln164_fu_2866_p2                      |      icmp|   0|  0|  12|           5|           2|
    |icmp_ln165_fu_2664_p2                      |      icmp|   0|  0|  39|          32|           1|
    |icmp_ln169_fu_2702_p2                      |      icmp|   0|  0|  39|          32|          32|
    |icmp_ln180_fu_2846_p2                      |      icmp|   0|  0|  39|          32|          32|
    |icmp_ln54_fu_2784_p2                       |      icmp|   0|  0|  31|          24|           1|
    |ap_block_pp0_stage0_01001_grp1             |        or|   0|  0|   2|           1|           1|
    |ap_block_pp0_stage0_11001                  |        or|   0|  0|   2|           1|           1|
    |ap_block_state1                            |        or|   0|  0|   2|           1|           1|
    |ap_block_state126_pp0_stage0_iter110_grp1  |        or|   0|  0|   2|           1|           1|
    |ap_block_state127_pp0_stage0_iter111_grp1  |        or|   0|  0|   2|           1|           1|
    |ap_block_state129                          |        or|   0|  0|   2|           1|           1|
    |ap_block_state130                          |        or|   0|  0|   2|           1|           1|
    |ap_block_state132                          |        or|   0|  0|   2|           1|           1|
    |ap_block_state132_on_subcall_done          |        or|   0|  0|   2|           1|           1|
    |ap_predicate_op798_write_state129          |        or|   0|  0|   2|           1|           1|
    |core_fu_2805_p3                            |    select|   0|  0|  15|           1|          12|
    |shl_ln165_fu_2653_p2                       |       shl|   0|  0|  92|           1|          32|
    |ap_enable_pp0                              |       xor|   0|  0|   2|           1|           2|
    |ap_enable_reg_pp0_iter1                    |       xor|   0|  0|   2|           2|           1|
    +-------------------------------------------+----------+----+---+----+------------+------------+
    |Total                                      |          |   0|  0| 889|         666|         452|
    +-------------------------------------------+----------+----+---+----+------------+------------+

    * Multiplexer: 
    +---------------------------------------+-----+-----------+-----+-----------+
    |                  Name                 | LUT | Input Size| Bits| Total Bits|
    +---------------------------------------+-----+-----------+-----+-----------+
    |I_PreSynCurr_1_address1                |   14|          3|    9|         27|
    |I_PreSynCurr_1_ce0                     |    9|          2|    1|          2|
    |I_PreSynCurr_1_ce1                     |   14|          3|    1|          3|
    |I_PreSynCurr_1_d1                      |   14|          3|   32|         96|
    |I_PreSynCurr_1_we1                     |   14|          3|    1|          3|
    |I_PreSynCurr_2_address1                |   14|          3|    9|         27|
    |I_PreSynCurr_2_ce0                     |    9|          2|    1|          2|
    |I_PreSynCurr_2_ce1                     |   14|          3|    1|          3|
    |I_PreSynCurr_2_d1                      |   14|          3|   32|         96|
    |I_PreSynCurr_2_we1                     |   14|          3|    1|          3|
    |I_PreSynCurr_3_address1                |   14|          3|    9|         27|
    |I_PreSynCurr_3_ce0                     |    9|          2|    1|          2|
    |I_PreSynCurr_3_ce1                     |   14|          3|    1|          3|
    |I_PreSynCurr_3_d1                      |   14|          3|   32|         96|
    |I_PreSynCurr_3_we1                     |   14|          3|    1|          3|
    |I_PreSynCurr_4_address1                |   14|          3|    9|         27|
    |I_PreSynCurr_4_ce0                     |    9|          2|    1|          2|
    |I_PreSynCurr_4_ce1                     |   14|          3|    1|          3|
    |I_PreSynCurr_4_d1                      |   14|          3|   32|         96|
    |I_PreSynCurr_4_we1                     |   14|          3|    1|          3|
    |I_PreSynCurr_5_address1                |   14|          3|    9|         27|
    |I_PreSynCurr_5_ce0                     |    9|          2|    1|          2|
    |I_PreSynCurr_5_ce1                     |   14|          3|    1|          3|
    |I_PreSynCurr_5_d1                      |   14|          3|   32|         96|
    |I_PreSynCurr_5_we1                     |   14|          3|    1|          3|
    |I_PreSynCurr_6_address1                |   14|          3|    9|         27|
    |I_PreSynCurr_6_ce0                     |    9|          2|    1|          2|
    |I_PreSynCurr_6_ce1                     |   14|          3|    1|          3|
    |I_PreSynCurr_6_d1                      |   14|          3|   32|         96|
    |I_PreSynCurr_6_we1                     |   14|          3|    1|          3|
    |I_PreSynCurr_7_address1                |   14|          3|    9|         27|
    |I_PreSynCurr_7_ce0                     |    9|          2|    1|          2|
    |I_PreSynCurr_7_ce1                     |   14|          3|    1|          3|
    |I_PreSynCurr_7_d1                      |   14|          3|   32|         96|
    |I_PreSynCurr_7_we1                     |   14|          3|    1|          3|
    |I_PreSynCurr_8_address1                |   14|          3|    9|         27|
    |I_PreSynCurr_8_ce0                     |    9|          2|    1|          2|
    |I_PreSynCurr_8_ce1                     |   14|          3|    1|          3|
    |I_PreSynCurr_8_d1                      |   14|          3|   32|         96|
    |I_PreSynCurr_8_we1                     |   14|          3|    1|          3|
    |I_PreSynCurr_address1                  |   14|          3|    9|         27|
    |I_PreSynCurr_ce0                       |    9|          2|    1|          2|
    |I_PreSynCurr_ce1                       |   14|          3|    1|          3|
    |I_PreSynCurr_d1                        |   14|          3|   32|         96|
    |I_PreSynCurr_we1                       |   14|          3|    1|          3|
    |I_bias_1_address0                      |   14|          3|    9|         27|
    |I_bias_1_ce0                           |   14|          3|    1|          3|
    |I_bias_1_ce1                           |    9|          2|    1|          2|
    |I_bias_1_we1                           |    9|          2|    1|          2|
    |I_bias_2_address0                      |   14|          3|    9|         27|
    |I_bias_2_ce0                           |   14|          3|    1|          3|
    |I_bias_2_ce1                           |    9|          2|    1|          2|
    |I_bias_2_we1                           |    9|          2|    1|          2|
    |I_bias_3_address0                      |   14|          3|    9|         27|
    |I_bias_3_ce0                           |   14|          3|    1|          3|
    |I_bias_3_ce1                           |    9|          2|    1|          2|
    |I_bias_3_we1                           |    9|          2|    1|          2|
    |I_bias_4_address0                      |   14|          3|    9|         27|
    |I_bias_4_ce0                           |   14|          3|    1|          3|
    |I_bias_4_ce1                           |    9|          2|    1|          2|
    |I_bias_4_we1                           |    9|          2|    1|          2|
    |I_bias_5_address0                      |   14|          3|    9|         27|
    |I_bias_5_ce0                           |   14|          3|    1|          3|
    |I_bias_5_ce1                           |    9|          2|    1|          2|
    |I_bias_5_we1                           |    9|          2|    1|          2|
    |I_bias_6_address0                      |   14|          3|    9|         27|
    |I_bias_6_ce0                           |   14|          3|    1|          3|
    |I_bias_6_ce1                           |    9|          2|    1|          2|
    |I_bias_6_we1                           |    9|          2|    1|          2|
    |I_bias_7_address0                      |   14|          3|    9|         27|
    |I_bias_7_ce0                           |   14|          3|    1|          3|
    |I_bias_7_ce1                           |    9|          2|    1|          2|
    |I_bias_7_we1                           |    9|          2|    1|          2|
    |I_bias_8_address0                      |   14|          3|    9|         27|
    |I_bias_8_ce0                           |   14|          3|    1|          3|
    |I_bias_8_ce1                           |    9|          2|    1|          2|
    |I_bias_8_we1                           |    9|          2|    1|          2|
    |I_bias_address0                        |   14|          3|    9|         27|
    |I_bias_ce0                             |   14|          3|    1|          3|
    |I_bias_ce1                             |    9|          2|    1|          2|
    |I_bias_we1                             |    9|          2|    1|          2|
    |R_RefCnt_1_address1                    |   14|          3|    9|         27|
    |R_RefCnt_1_ce0                         |    9|          2|    1|          2|
    |R_RefCnt_1_ce1                         |   14|          3|    1|          3|
    |R_RefCnt_1_d1                          |   14|          3|   16|         48|
    |R_RefCnt_1_we1                         |   14|          3|    1|          3|
    |R_RefCnt_2_address1                    |   14|          3|    9|         27|
    |R_RefCnt_2_ce0                         |    9|          2|    1|          2|
    |R_RefCnt_2_ce1                         |   14|          3|    1|          3|
    |R_RefCnt_2_d1                          |   14|          3|   16|         48|
    |R_RefCnt_2_we1                         |   14|          3|    1|          3|
    |R_RefCnt_3_address1                    |   14|          3|    9|         27|
    |R_RefCnt_3_ce0                         |    9|          2|    1|          2|
    |R_RefCnt_3_ce1                         |   14|          3|    1|          3|
    |R_RefCnt_3_d1                          |   14|          3|   16|         48|
    |R_RefCnt_3_we1                         |   14|          3|    1|          3|
    |R_RefCnt_4_address1                    |   14|          3|    9|         27|
    |R_RefCnt_4_ce0                         |    9|          2|    1|          2|
    |R_RefCnt_4_ce1                         |   14|          3|    1|          3|
    |R_RefCnt_4_d1                          |   14|          3|   16|         48|
    |R_RefCnt_4_we1                         |   14|          3|    1|          3|
    |R_RefCnt_5_address1                    |   14|          3|    9|         27|
    |R_RefCnt_5_ce0                         |    9|          2|    1|          2|
    |R_RefCnt_5_ce1                         |   14|          3|    1|          3|
    |R_RefCnt_5_d1                          |   14|          3|   16|         48|
    |R_RefCnt_5_we1                         |   14|          3|    1|          3|
    |R_RefCnt_6_address1                    |   14|          3|    9|         27|
    |R_RefCnt_6_ce0                         |    9|          2|    1|          2|
    |R_RefCnt_6_ce1                         |   14|          3|    1|          3|
    |R_RefCnt_6_d1                          |   14|          3|   16|         48|
    |R_RefCnt_6_we1                         |   14|          3|    1|          3|
    |R_RefCnt_7_address1                    |   14|          3|    9|         27|
    |R_RefCnt_7_ce0                         |    9|          2|    1|          2|
    |R_RefCnt_7_ce1                         |   14|          3|    1|          3|
    |R_RefCnt_7_d1                          |   14|          3|   16|         48|
    |R_RefCnt_7_we1                         |   14|          3|    1|          3|
    |R_RefCnt_8_address1                    |   14|          3|    9|         27|
    |R_RefCnt_8_ce0                         |    9|          2|    1|          2|
    |R_RefCnt_8_ce1                         |   14|          3|    1|          3|
    |R_RefCnt_8_d1                          |   14|          3|   16|         48|
    |R_RefCnt_8_we1                         |   14|          3|    1|          3|
    |R_RefCnt_address1                      |   14|          3|    9|         27|
    |R_RefCnt_ce0                           |    9|          2|    1|          2|
    |R_RefCnt_ce1                           |   14|          3|    1|          3|
    |R_RefCnt_d1                            |   14|          3|   16|         48|
    |R_RefCnt_we1                           |   14|          3|    1|          3|
    |SpikeInWeight_TREADY_int_regslice      |   14|          3|    1|          3|
    |SynapseSize_address0                   |    9|          2|   12|         24|
    |SynapseSize_ce0                        |    9|          2|    1|          2|
    |SynapseSize_ce1                        |    9|          2|    1|          2|
    |SynapseSize_we1                        |    9|          2|    1|          2|
    |SynapseStreamLeft_TDATA_blk_n          |    9|          2|    1|          2|
    |SynapseStreamLeft_TDATA_int_regslice   |   14|          3|  256|        768|
    |SynapseStreamRight_TDATA_blk_n         |    9|          2|    1|          2|
    |SynapseStreamRight_TDATA_int_regslice  |   20|          4|  256|       1024|
    |U_membPot_1_address0                   |   14|          3|    9|         27|
    |U_membPot_1_address1                   |   14|          3|    9|         27|
    |U_membPot_1_ce0                        |   14|          3|    1|          3|
    |U_membPot_1_ce1                        |   14|          3|    1|          3|
    |U_membPot_1_d1                         |   14|          3|   32|         96|
    |U_membPot_1_we1                        |   14|          3|    1|          3|
    |U_membPot_2_address0                   |   14|          3|    9|         27|
    |U_membPot_2_address1                   |   14|          3|    9|         27|
    |U_membPot_2_ce0                        |   14|          3|    1|          3|
    |U_membPot_2_ce1                        |   14|          3|    1|          3|
    |U_membPot_2_d1                         |   14|          3|   32|         96|
    |U_membPot_2_we1                        |   14|          3|    1|          3|
    |U_membPot_3_address0                   |   14|          3|    9|         27|
    |U_membPot_3_address1                   |   14|          3|    9|         27|
    |U_membPot_3_ce0                        |   14|          3|    1|          3|
    |U_membPot_3_ce1                        |   14|          3|    1|          3|
    |U_membPot_3_d1                         |   14|          3|   32|         96|
    |U_membPot_3_we1                        |   14|          3|    1|          3|
    |U_membPot_4_address0                   |   14|          3|    9|         27|
    |U_membPot_4_address1                   |   14|          3|    9|         27|
    |U_membPot_4_ce0                        |   14|          3|    1|          3|
    |U_membPot_4_ce1                        |   14|          3|    1|          3|
    |U_membPot_4_d1                         |   14|          3|   32|         96|
    |U_membPot_4_we1                        |   14|          3|    1|          3|
    |U_membPot_5_address0                   |   14|          3|    9|         27|
    |U_membPot_5_address1                   |   14|          3|    9|         27|
    |U_membPot_5_ce0                        |   14|          3|    1|          3|
    |U_membPot_5_ce1                        |   14|          3|    1|          3|
    |U_membPot_5_d1                         |   14|          3|   32|         96|
    |U_membPot_5_we1                        |   14|          3|    1|          3|
    |U_membPot_6_address0                   |   14|          3|    9|         27|
    |U_membPot_6_address1                   |   14|          3|    9|         27|
    |U_membPot_6_ce0                        |   14|          3|    1|          3|
    |U_membPot_6_ce1                        |   14|          3|    1|          3|
    |U_membPot_6_d1                         |   14|          3|   32|         96|
    |U_membPot_6_we1                        |   14|          3|    1|          3|
    |U_membPot_7_address0                   |   14|          3|    9|         27|
    |U_membPot_7_address1                   |   14|          3|    9|         27|
    |U_membPot_7_ce0                        |   14|          3|    1|          3|
    |U_membPot_7_ce1                        |   14|          3|    1|          3|
    |U_membPot_7_d1                         |   14|          3|   32|         96|
    |U_membPot_7_we1                        |   14|          3|    1|          3|
    |U_membPot_8_address0                   |   14|          3|    9|         27|
    |U_membPot_8_address1                   |   14|          3|    9|         27|
    |U_membPot_8_ce0                        |   14|          3|    1|          3|
    |U_membPot_8_ce1                        |   14|          3|    1|          3|
    |U_membPot_8_d1                         |   14|          3|   32|         96|
    |U_membPot_8_we1                        |   14|          3|    1|          3|
    |U_membPot_address0                     |   14|          3|    9|         27|
    |U_membPot_address1                     |   14|          3|    9|         27|
    |U_membPot_ce0                          |   14|          3|    1|          3|
    |U_membPot_ce1                          |   14|          3|    1|          3|
    |U_membPot_d1                           |   14|          3|   32|         96|
    |U_membPot_we1                          |   14|          3|    1|          3|
    |ap_NS_fsm                              |  107|         22|    1|         22|
    |ap_done                                |    9|          2|    1|          2|
    |ap_enable_reg_pp0_iter1                |    9|          2|    1|          2|
    |ap_enable_reg_pp0_iter111              |    9|          2|    1|          2|
    |gmem_syn_0_ARADDR                      |   14|          3|   64|        192|
    |gmem_syn_0_ARLEN                       |   14|          3|   32|         96|
    |gmem_syn_0_ARVALID                     |   14|          3|    1|          3|
    |gmem_syn_0_AWADDR                      |   14|          3|   64|        192|
    |gmem_syn_0_AWLEN                       |   14|          3|   32|         96|
    |gmem_syn_0_AWVALID                     |   14|          3|    1|          3|
    |gmem_syn_0_BREADY                      |   14|          3|    1|          3|
    |gmem_syn_0_RREADY                      |   14|          3|    1|          3|
    |gmem_syn_0_WDATA                       |   14|          3|  256|        768|
    |gmem_syn_0_WSTRB                       |   14|          3|   32|         96|
    |gmem_syn_0_WVALID                      |   14|          3|    1|          3|
    |gmem_syn_blk_n_AR                      |    9|          2|    1|          2|
    |gmem_syn_blk_n_R                       |    9|          2|    1|          2|
    |grp_fu_4258_ce                         |   20|          4|    1|          4|
    |grp_fu_4258_opcode                     |   20|          4|    2|          8|
    |grp_fu_4258_p0                         |   20|          4|   32|        128|
    |grp_fu_4258_p1                         |   20|          4|   32|        128|
    |j25_reg_1344                           |    9|          2|    5|         10|
    |k_reg_1356                             |    9|          2|   32|         64|
    |phi_ln162_reg_1332                     |    9|          2|    7|         14|
    |t_reg_1322                             |    9|          2|   64|        128|
    +---------------------------------------+-----+-----------+-----+-----------+
    |Total                                  | 2864|        615| 2429|       7463|
    +---------------------------------------+-----+-----------+-----+-----------+

    * Register: 
    +-----------------------------------------------------------------------+-----+----+-----+-----------+
    |                                  Name                                 |  FF | LUT| Bits| Const Bits|
    +-----------------------------------------------------------------------+-----+----+-----+-----------+
    |E_L_read_reg_2884                                                      |   32|   0|   32|          0|
    |NeuronTotal_read_reg_3663                                              |   32|   0|   32|          0|
    |SimulationTimeEnd_read_reg_3677                                        |   32|   0|   32|          0|
    |SpikeRecorder_SynapseList_read_reg_3669                                |   64|   0|   64|          0|
    |add_ln_reg_4171                                                        |   12|   0|   12|          0|
    |ap_CS_fsm                                                              |   21|   0|   21|          0|
    |ap_done_reg                                                            |    1|   0|    1|          0|
    |ap_enable_reg_pp0_iter0                                                |    1|   0|    1|          0|
    |ap_enable_reg_pp0_iter1                                                |    1|   0|    1|          0|
    |ap_enable_reg_pp0_iter10                                               |    1|   0|    1|          0|
    |ap_enable_reg_pp0_iter100                                              |    1|   0|    1|          0|
    |ap_enable_reg_pp0_iter101                                              |    1|   0|    1|          0|
    |ap_enable_reg_pp0_iter102                                              |    1|   0|    1|          0|
    |ap_enable_reg_pp0_iter103                                              |    1|   0|    1|          0|
    |ap_enable_reg_pp0_iter104                                              |    1|   0|    1|          0|
    |ap_enable_reg_pp0_iter105                                              |    1|   0|    1|          0|
    |ap_enable_reg_pp0_iter106                                              |    1|   0|    1|          0|
    |ap_enable_reg_pp0_iter107                                              |    1|   0|    1|          0|
    |ap_enable_reg_pp0_iter108                                              |    1|   0|    1|          0|
    |ap_enable_reg_pp0_iter109                                              |    1|   0|    1|          0|
    |ap_enable_reg_pp0_iter11                                               |    1|   0|    1|          0|
    |ap_enable_reg_pp0_iter110                                              |    1|   0|    1|          0|
    |ap_enable_reg_pp0_iter111                                              |    1|   0|    1|          0|
    |ap_enable_reg_pp0_iter12                                               |    1|   0|    1|          0|
    |ap_enable_reg_pp0_iter13                                               |    1|   0|    1|          0|
    |ap_enable_reg_pp0_iter14                                               |    1|   0|    1|          0|
    |ap_enable_reg_pp0_iter15                                               |    1|   0|    1|          0|
    |ap_enable_reg_pp0_iter16                                               |    1|   0|    1|          0|
    |ap_enable_reg_pp0_iter17                                               |    1|   0|    1|          0|
    |ap_enable_reg_pp0_iter18                                               |    1|   0|    1|          0|
    |ap_enable_reg_pp0_iter19                                               |    1|   0|    1|          0|
    |ap_enable_reg_pp0_iter2                                                |    1|   0|    1|          0|
    |ap_enable_reg_pp0_iter20                                               |    1|   0|    1|          0|
    |ap_enable_reg_pp0_iter21                                               |    1|   0|    1|          0|
    |ap_enable_reg_pp0_iter22                                               |    1|   0|    1|          0|
    |ap_enable_reg_pp0_iter23                                               |    1|   0|    1|          0|
    |ap_enable_reg_pp0_iter24                                               |    1|   0|    1|          0|
    |ap_enable_reg_pp0_iter25                                               |    1|   0|    1|          0|
    |ap_enable_reg_pp0_iter26                                               |    1|   0|    1|          0|
    |ap_enable_reg_pp0_iter27                                               |    1|   0|    1|          0|
    |ap_enable_reg_pp0_iter28                                               |    1|   0|    1|          0|
    |ap_enable_reg_pp0_iter29                                               |    1|   0|    1|          0|
    |ap_enable_reg_pp0_iter3                                                |    1|   0|    1|          0|
    |ap_enable_reg_pp0_iter30                                               |    1|   0|    1|          0|
    |ap_enable_reg_pp0_iter31                                               |    1|   0|    1|          0|
    |ap_enable_reg_pp0_iter32                                               |    1|   0|    1|          0|
    |ap_enable_reg_pp0_iter33                                               |    1|   0|    1|          0|
    |ap_enable_reg_pp0_iter34                                               |    1|   0|    1|          0|
    |ap_enable_reg_pp0_iter35                                               |    1|   0|    1|          0|
    |ap_enable_reg_pp0_iter36                                               |    1|   0|    1|          0|
    |ap_enable_reg_pp0_iter37                                               |    1|   0|    1|          0|
    |ap_enable_reg_pp0_iter38                                               |    1|   0|    1|          0|
    |ap_enable_reg_pp0_iter39                                               |    1|   0|    1|          0|
    |ap_enable_reg_pp0_iter4                                                |    1|   0|    1|          0|
    |ap_enable_reg_pp0_iter40                                               |    1|   0|    1|          0|
    |ap_enable_reg_pp0_iter41                                               |    1|   0|    1|          0|
    |ap_enable_reg_pp0_iter42                                               |    1|   0|    1|          0|
    |ap_enable_reg_pp0_iter43                                               |    1|   0|    1|          0|
    |ap_enable_reg_pp0_iter44                                               |    1|   0|    1|          0|
    |ap_enable_reg_pp0_iter45                                               |    1|   0|    1|          0|
    |ap_enable_reg_pp0_iter46                                               |    1|   0|    1|          0|
    |ap_enable_reg_pp0_iter47                                               |    1|   0|    1|          0|
    |ap_enable_reg_pp0_iter48                                               |    1|   0|    1|          0|
    |ap_enable_reg_pp0_iter49                                               |    1|   0|    1|          0|
    |ap_enable_reg_pp0_iter5                                                |    1|   0|    1|          0|
    |ap_enable_reg_pp0_iter50                                               |    1|   0|    1|          0|
    |ap_enable_reg_pp0_iter51                                               |    1|   0|    1|          0|
    |ap_enable_reg_pp0_iter52                                               |    1|   0|    1|          0|
    |ap_enable_reg_pp0_iter53                                               |    1|   0|    1|          0|
    |ap_enable_reg_pp0_iter54                                               |    1|   0|    1|          0|
    |ap_enable_reg_pp0_iter55                                               |    1|   0|    1|          0|
    |ap_enable_reg_pp0_iter56                                               |    1|   0|    1|          0|
    |ap_enable_reg_pp0_iter57                                               |    1|   0|    1|          0|
    |ap_enable_reg_pp0_iter58                                               |    1|   0|    1|          0|
    |ap_enable_reg_pp0_iter59                                               |    1|   0|    1|          0|
    |ap_enable_reg_pp0_iter6                                                |    1|   0|    1|          0|
    |ap_enable_reg_pp0_iter60                                               |    1|   0|    1|          0|
    |ap_enable_reg_pp0_iter61                                               |    1|   0|    1|          0|
    |ap_enable_reg_pp0_iter62                                               |    1|   0|    1|          0|
    |ap_enable_reg_pp0_iter63                                               |    1|   0|    1|          0|
    |ap_enable_reg_pp0_iter64                                               |    1|   0|    1|          0|
    |ap_enable_reg_pp0_iter65                                               |    1|   0|    1|          0|
    |ap_enable_reg_pp0_iter66                                               |    1|   0|    1|          0|
    |ap_enable_reg_pp0_iter67                                               |    1|   0|    1|          0|
    |ap_enable_reg_pp0_iter68                                               |    1|   0|    1|          0|
    |ap_enable_reg_pp0_iter69                                               |    1|   0|    1|          0|
    |ap_enable_reg_pp0_iter7                                                |    1|   0|    1|          0|
    |ap_enable_reg_pp0_iter70                                               |    1|   0|    1|          0|
    |ap_enable_reg_pp0_iter71                                               |    1|   0|    1|          0|
    |ap_enable_reg_pp0_iter72                                               |    1|   0|    1|          0|
    |ap_enable_reg_pp0_iter73                                               |    1|   0|    1|          0|
    |ap_enable_reg_pp0_iter74                                               |    1|   0|    1|          0|
    |ap_enable_reg_pp0_iter75                                               |    1|   0|    1|          0|
    |ap_enable_reg_pp0_iter76                                               |    1|   0|    1|          0|
    |ap_enable_reg_pp0_iter77                                               |    1|   0|    1|          0|
    |ap_enable_reg_pp0_iter78                                               |    1|   0|    1|          0|
    |ap_enable_reg_pp0_iter79                                               |    1|   0|    1|          0|
    |ap_enable_reg_pp0_iter8                                                |    1|   0|    1|          0|
    |ap_enable_reg_pp0_iter80                                               |    1|   0|    1|          0|
    |ap_enable_reg_pp0_iter81                                               |    1|   0|    1|          0|
    |ap_enable_reg_pp0_iter82                                               |    1|   0|    1|          0|
    |ap_enable_reg_pp0_iter83                                               |    1|   0|    1|          0|
    |ap_enable_reg_pp0_iter84                                               |    1|   0|    1|          0|
    |ap_enable_reg_pp0_iter85                                               |    1|   0|    1|          0|
    |ap_enable_reg_pp0_iter86                                               |    1|   0|    1|          0|
    |ap_enable_reg_pp0_iter87                                               |    1|   0|    1|          0|
    |ap_enable_reg_pp0_iter88                                               |    1|   0|    1|          0|
    |ap_enable_reg_pp0_iter89                                               |    1|   0|    1|          0|
    |ap_enable_reg_pp0_iter9                                                |    1|   0|    1|          0|
    |ap_enable_reg_pp0_iter90                                               |    1|   0|    1|          0|
    |ap_enable_reg_pp0_iter91                                               |    1|   0|    1|          0|
    |ap_enable_reg_pp0_iter92                                               |    1|   0|    1|          0|
    |ap_enable_reg_pp0_iter93                                               |    1|   0|    1|          0|
    |ap_enable_reg_pp0_iter94                                               |    1|   0|    1|          0|
    |ap_enable_reg_pp0_iter95                                               |    1|   0|    1|          0|
    |ap_enable_reg_pp0_iter96                                               |    1|   0|    1|          0|
    |ap_enable_reg_pp0_iter97                                               |    1|   0|    1|          0|
    |ap_enable_reg_pp0_iter98                                               |    1|   0|    1|          0|
    |ap_enable_reg_pp0_iter99                                               |    1|   0|    1|          0|
    |ap_rst_n_inv                                                           |    1|   0|    1|          0|
    |ap_rst_reg_1                                                           |    1|   0|    1|          0|
    |ap_rst_reg_2                                                           |    1|   0|    1|          0|
    |bitcast_ln94_1_reg_3687                                                |   32|   0|   32|          0|
    |bitcast_ln94_2_reg_3692                                                |   32|   0|   32|          0|
    |bitcast_ln94_3_reg_3702                                                |   32|   0|   32|          0|
    |bitcast_ln94_4_reg_3707                                                |   32|   0|   32|          0|
    |bitcast_ln94_5_reg_3712                                                |   32|   0|   32|          0|
    |bitcast_ln94_6_reg_3717                                                |   32|   0|   32|          0|
    |bitcast_ln94_reg_3682                                                  |   32|   0|   32|          0|
    |cmp247_reg_3741                                                        |    1|   0|    1|          0|
    |conv_reg_3658                                                          |   32|   0|   32|          0|
    |core_reg_4223                                                          |   15|   0|   15|          0|
    |current_synapse_count_reg_4181                                         |   32|   0|   32|          0|
    |empty_391_reg_3728                                                     |   32|   0|   32|          0|
    |empty_392_reg_3736                                                     |   22|   0|   22|          0|
    |empty_393_reg_3759                                                     |   25|   0|   25|          0|
    |empty_reg_3722                                                         |   32|   0|   32|          0|
    |grp_NeuroRing_Pipeline_VITIS_LOOP_224_6_fu_1415_ap_start_reg           |    1|   0|    1|          0|
    |grp_NeuroRing_Pipeline_VITIS_LOOP_240_7_fu_1443_ap_start_reg           |    1|   0|    1|          0|
    |grp_NeuroRing_Pipeline_VITIS_LOOP_94_1_fu_1367_ap_start_reg            |    1|   0|    1|          0|
    |grp_NeuroRing_Pipeline_update_membrane_potential_fu_1455_ap_start_reg  |    1|   0|    1|          0|
    |grp_NeuroRing_Pipeline_write_spike_status_fu_1638_ap_start_reg         |    1|   0|    1|          0|
    |i_reg_4157                                                             |    7|   0|    7|          0|
    |icmp_ln163_reg_4153                                                    |    1|   0|    1|          0|
    |icmp_ln165_reg_4162                                                    |    1|   0|    1|          0|
    |icmp_ln180_reg_4238                                                    |    1|   0|    1|          0|
    |icmp_ln180_reg_4238_pp0_iter110_reg                                    |    1|   0|    1|          0|
    |j25_reg_1344                                                           |    5|   0|    5|          0|
    |j_reg_4166                                                             |    5|   0|    5|          0|
    |k_reg_1356                                                             |   32|   0|   32|          0|
    |phi_ln162_reg_1332                                                     |    7|   0|    7|          0|
    |t_ref_steps_temp_reg_3697                                              |   16|   0|   16|          0|
    |t_reg_1322                                                             |   64|   0|   64|          0|
    |tmp_51_reg_4217                                                        |   24|   0|   24|          0|
    |tmp_reg_4148                                                           |   32|   0|   32|          0|
    |trunc_ln_reg_4195                                                      |   59|   0|   59|          0|
    |val_temp_reg_4211                                                      |  256|   0|  256|          0|
    |zext_ln114_reg_3745                                                    |   22|   0|  256|        234|
    |zext_ln169_reg_4186                                                    |   26|   0|   32|          6|
    |val_temp_reg_4211                                                      |   64|  32|  256|          0|
    +-----------------------------------------------------------------------+-----+----+-----+-----------+
    |Total                                                                  | 1352|  32| 1784|        240|
    +-----------------------------------------------------------------------+-----+----+-----+-----------+



================================================================
== Interface
================================================================
* Summary: 
+---------------------------+-----+-----+---------------+-----------------------------+--------------+
|         RTL Ports         | Dir | Bits|    Protocol   |        Source Object        |    C Type    |
+---------------------------+-----+-----+---------------+-----------------------------+--------------+
|s_axi_control_AWVALID      |   in|    1|          s_axi|                      control|        scalar|
|s_axi_control_AWREADY      |  out|    1|          s_axi|                      control|        scalar|
|s_axi_control_AWADDR       |   in|    8|          s_axi|                      control|        scalar|
|s_axi_control_WVALID       |   in|    1|          s_axi|                      control|        scalar|
|s_axi_control_WREADY       |  out|    1|          s_axi|                      control|        scalar|
|s_axi_control_WDATA        |   in|   32|          s_axi|                      control|        scalar|
|s_axi_control_WSTRB        |   in|    4|          s_axi|                      control|        scalar|
|s_axi_control_ARVALID      |   in|    1|          s_axi|                      control|        scalar|
|s_axi_control_ARREADY      |  out|    1|          s_axi|                      control|        scalar|
|s_axi_control_ARADDR       |   in|    8|          s_axi|                      control|        scalar|
|s_axi_control_RVALID       |  out|    1|          s_axi|                      control|        scalar|
|s_axi_control_RREADY       |   in|    1|          s_axi|                      control|        scalar|
|s_axi_control_RDATA        |  out|   32|          s_axi|                      control|        scalar|
|s_axi_control_RRESP        |  out|    2|          s_axi|                      control|        scalar|
|s_axi_control_BVALID       |  out|    1|          s_axi|                      control|        scalar|
|s_axi_control_BREADY       |   in|    1|          s_axi|                      control|        scalar|
|s_axi_control_BRESP        |  out|    2|          s_axi|                      control|        scalar|
|ap_clk                     |   in|    1|  ap_ctrl_chain|                    NeuroRing|  return value|
|ap_rst_n                   |   in|    1|  ap_ctrl_chain|                    NeuroRing|  return value|
|interrupt                  |  out|    1|  ap_ctrl_chain|                    NeuroRing|  return value|
|m_axi_gmem_syn_AWVALID     |  out|    1|          m_axi|                     gmem_syn|       pointer|
|m_axi_gmem_syn_AWREADY     |   in|    1|          m_axi|                     gmem_syn|       pointer|
|m_axi_gmem_syn_AWADDR      |  out|   64|          m_axi|                     gmem_syn|       pointer|
|m_axi_gmem_syn_AWID        |  out|    1|          m_axi|                     gmem_syn|       pointer|
|m_axi_gmem_syn_AWLEN       |  out|    8|          m_axi|                     gmem_syn|       pointer|
|m_axi_gmem_syn_AWSIZE      |  out|    3|          m_axi|                     gmem_syn|       pointer|
|m_axi_gmem_syn_AWBURST     |  out|    2|          m_axi|                     gmem_syn|       pointer|
|m_axi_gmem_syn_AWLOCK      |  out|    2|          m_axi|                     gmem_syn|       pointer|
|m_axi_gmem_syn_AWCACHE     |  out|    4|          m_axi|                     gmem_syn|       pointer|
|m_axi_gmem_syn_AWPROT      |  out|    3|          m_axi|                     gmem_syn|       pointer|
|m_axi_gmem_syn_AWQOS       |  out|    4|          m_axi|                     gmem_syn|       pointer|
|m_axi_gmem_syn_AWREGION    |  out|    4|          m_axi|                     gmem_syn|       pointer|
|m_axi_gmem_syn_AWUSER      |  out|    1|          m_axi|                     gmem_syn|       pointer|
|m_axi_gmem_syn_WVALID      |  out|    1|          m_axi|                     gmem_syn|       pointer|
|m_axi_gmem_syn_WREADY      |   in|    1|          m_axi|                     gmem_syn|       pointer|
|m_axi_gmem_syn_WDATA       |  out|  256|          m_axi|                     gmem_syn|       pointer|
|m_axi_gmem_syn_WSTRB       |  out|   32|          m_axi|                     gmem_syn|       pointer|
|m_axi_gmem_syn_WLAST       |  out|    1|          m_axi|                     gmem_syn|       pointer|
|m_axi_gmem_syn_WID         |  out|    1|          m_axi|                     gmem_syn|       pointer|
|m_axi_gmem_syn_WUSER       |  out|    1|          m_axi|                     gmem_syn|       pointer|
|m_axi_gmem_syn_ARVALID     |  out|    1|          m_axi|                     gmem_syn|       pointer|
|m_axi_gmem_syn_ARREADY     |   in|    1|          m_axi|                     gmem_syn|       pointer|
|m_axi_gmem_syn_ARADDR      |  out|   64|          m_axi|                     gmem_syn|       pointer|
|m_axi_gmem_syn_ARID        |  out|    1|          m_axi|                     gmem_syn|       pointer|
|m_axi_gmem_syn_ARLEN       |  out|    8|          m_axi|                     gmem_syn|       pointer|
|m_axi_gmem_syn_ARSIZE      |  out|    3|          m_axi|                     gmem_syn|       pointer|
|m_axi_gmem_syn_ARBURST     |  out|    2|          m_axi|                     gmem_syn|       pointer|
|m_axi_gmem_syn_ARLOCK      |  out|    2|          m_axi|                     gmem_syn|       pointer|
|m_axi_gmem_syn_ARCACHE     |  out|    4|          m_axi|                     gmem_syn|       pointer|
|m_axi_gmem_syn_ARPROT      |  out|    3|          m_axi|                     gmem_syn|       pointer|
|m_axi_gmem_syn_ARQOS       |  out|    4|          m_axi|                     gmem_syn|       pointer|
|m_axi_gmem_syn_ARREGION    |  out|    4|          m_axi|                     gmem_syn|       pointer|
|m_axi_gmem_syn_ARUSER      |  out|    1|          m_axi|                     gmem_syn|       pointer|
|m_axi_gmem_syn_RVALID      |   in|    1|          m_axi|                     gmem_syn|       pointer|
|m_axi_gmem_syn_RREADY      |  out|    1|          m_axi|                     gmem_syn|       pointer|
|m_axi_gmem_syn_RDATA       |   in|  256|          m_axi|                     gmem_syn|       pointer|
|m_axi_gmem_syn_RLAST       |   in|    1|          m_axi|                     gmem_syn|       pointer|
|m_axi_gmem_syn_RID         |   in|    1|          m_axi|                     gmem_syn|       pointer|
|m_axi_gmem_syn_RUSER       |   in|    1|          m_axi|                     gmem_syn|       pointer|
|m_axi_gmem_syn_RRESP       |   in|    2|          m_axi|                     gmem_syn|       pointer|
|m_axi_gmem_syn_BVALID      |   in|    1|          m_axi|                     gmem_syn|       pointer|
|m_axi_gmem_syn_BREADY      |  out|    1|          m_axi|                     gmem_syn|       pointer|
|m_axi_gmem_syn_BRESP       |   in|    2|          m_axi|                     gmem_syn|       pointer|
|m_axi_gmem_syn_BID         |   in|    1|          m_axi|                     gmem_syn|       pointer|
|m_axi_gmem_syn_BUSER       |   in|    1|          m_axi|                     gmem_syn|       pointer|
|SpikeInWeight_TDATA        |   in|  256|           axis|       SpikeInWeight_V_data_V|       pointer|
|SpikeInWeight_TVALID       |   in|    1|           axis|       SpikeInWeight_V_last_V|       pointer|
|SpikeInWeight_TREADY       |  out|    1|           axis|       SpikeInWeight_V_last_V|       pointer|
|SpikeInWeight_TLAST        |   in|    1|           axis|       SpikeInWeight_V_last_V|       pointer|
|SpikeInWeight_TKEEP        |   in|   32|           axis|       SpikeInWeight_V_keep_V|       pointer|
|SpikeInWeight_TSTRB        |   in|   32|           axis|       SpikeInWeight_V_strb_V|       pointer|
|SynapseStreamRight_TDATA   |  out|  256|           axis|  SynapseStreamRight_V_data_V|       pointer|
|SynapseStreamRight_TVALID  |  out|    1|           axis|  SynapseStreamRight_V_last_V|       pointer|
|SynapseStreamRight_TREADY  |   in|    1|           axis|  SynapseStreamRight_V_last_V|       pointer|
|SynapseStreamRight_TLAST   |  out|    1|           axis|  SynapseStreamRight_V_last_V|       pointer|
|SynapseStreamRight_TKEEP   |  out|   32|           axis|  SynapseStreamRight_V_keep_V|       pointer|
|SynapseStreamRight_TSTRB   |  out|   32|           axis|  SynapseStreamRight_V_strb_V|       pointer|
|SynapseStreamLeft_TDATA    |  out|  256|           axis|   SynapseStreamLeft_V_data_V|       pointer|
|SynapseStreamLeft_TVALID   |  out|    1|           axis|   SynapseStreamLeft_V_last_V|       pointer|
|SynapseStreamLeft_TREADY   |   in|    1|           axis|   SynapseStreamLeft_V_last_V|       pointer|
|SynapseStreamLeft_TLAST    |  out|    1|           axis|   SynapseStreamLeft_V_last_V|       pointer|
|SynapseStreamLeft_TKEEP    |  out|   32|           axis|   SynapseStreamLeft_V_keep_V|       pointer|
|SynapseStreamLeft_TSTRB    |  out|   32|           axis|   SynapseStreamLeft_V_strb_V|       pointer|
+---------------------------+-----+-----+---------------+-----------------------------+--------------+

