

================================================================
== Vitis HLS Report for 'NeuroRing'
================================================================
* Date:           Fri Feb 13 09:09:04 2026

* Version:        2025.1 (Build 6135595 on May 21 2025)
* Project:        NeuroRing
* Solution:       solution (Vitis Kernel Flow Target)
* Product family: virtexuplusHBM
* Target device:  xcu55c-fsvh2892-2L-e


================================================================
== Performance Estimates
================================================================
+ Timing: 
    * Summary: 
    +--------+---------+----------+------------+
    |  Clock |  Target | Estimated| Uncertainty|
    +--------+---------+----------+------------+
    |ap_clk  |  3.33 ns|  2.433 ns|     0.90 ns|
    +--------+---------+----------+------------+

+ Latency: 
    * Summary: 
    +---------+---------+----------+----------+-----+-----+---------+
    |  Latency (cycles) |  Latency (absolute) |  Interval | Pipeline|
    |   min   |   max   |    min   |    max   | min | max |   Type  |
    +---------+---------+----------+----------+-----+-----+---------+
    |        ?|        ?|         ?|         ?|    ?|    ?|       no|
    +---------+---------+----------+----------+-----+-----+---------+

    + Detail: 
        * Instance: 
        +----------------------------------------------------------+----------------------------------------------+---------+-----------+-----------+-----------+------+-----------+------------------------------------------------+
        |                                                          |                                              |   Latency (cycles)  |   Latency (absolute)  |     Interval     |                    Pipeline                    |
        |                         Instance                         |                    Module                    |   min   |    max    |    min    |    max    |  min |    max    |                      Type                      |
        +----------------------------------------------------------+----------------------------------------------+---------+-----------+-----------+-----------+------+-----------+------------------------------------------------+
        |grp_NeuroRing_Pipeline_VITIS_LOOP_84_1_fu_1106            |NeuroRing_Pipeline_VITIS_LOOP_84_1            |     4177|       4177|  13.922 us|  13.922 us|  4097|       4097|  loop auto-rewind stp (delay=0 clock cycles(s))|
        |grp_NeuroRing_Pipeline_update_membrane_potential_fu_1190  |NeuroRing_Pipeline_update_membrane_potential  |      388|        388|   1.293 us|   1.293 us|   353|        353|  loop auto-rewind stp (delay=0 clock cycles(s))|
        |grp_NeuroRing_Pipeline_fetch_synapses_fu_1326             |NeuroRing_Pipeline_fetch_synapses             |       75|  536870986|   0.250 us|  1.789 sec|     2|  536870913|  loop auto-rewind stp (delay=0 clock cycles(s))|
        |grp_NeuroRing_Pipeline_write_spike_status_fu_1343         |NeuroRing_Pipeline_write_spike_status         |       82|         82|   0.273 us|   0.273 us|    12|         12|  loop auto-rewind stp (delay=0 clock cycles(s))|
        |grp_NeuroRing_Pipeline_VITIS_LOOP_392_2_fu_1439           |NeuroRing_Pipeline_VITIS_LOOP_392_2           |      354|        354|   1.180 us|   1.180 us|   353|        353|  loop auto-rewind stp (delay=0 clock cycles(s))|
        +----------------------------------------------------------+----------------------------------------------+---------+-----------+-----------+-----------+------+-----------+------------------------------------------------+

        * Loop: 
        +---------------------------+---------+---------+----------------+-----------+-----------+------+----------+
        |                           |  Latency (cycles) |    Iteration   |  Initiation Interval  | Trip |          |
        |         Loop Name         |   min   |   max   |     Latency    |  achieved |   target  | Count| Pipelined|
        +---------------------------+---------+---------+----------------+-----------+-----------+------+----------+
        |- read_status_loop         |        ?|        ?|               ?|          -|          -|     ?|        no|
        | + process_spikes_outer    |        ?|        ?|               ?|          -|          -|     ?|        no|
        |  ++ process_spikes_inner  |        ?|        ?|  81 ~ 536870992|          -|          -|     ?|        no|
        +---------------------------+---------+---------+----------------+-----------+-----------+------+----------+



================================================================
== Utilization Estimates
================================================================
* Summary: 
+---------------------+---------+------+---------+---------+-----+
|         Name        | BRAM_18K|  DSP |    FF   |   LUT   | URAM|
+---------------------+---------+------+---------+---------+-----+
|DSP                  |        -|     -|        -|        -|    -|
|Expression           |        -|     -|        0|    11131|    -|
|FIFO                 |        -|     -|        -|        -|    -|
|Instance             |        8|   151|    34749|    26765|    0|
|Memory               |       44|     -|        0|        0|    -|
|Multiplexer          |        -|     -|        0|     2430|    -|
|Register             |        -|     -|     2064|        -|    -|
+---------------------+---------+------+---------+---------+-----+
|Total                |       52|   151|    36813|    40326|    0|
+---------------------+---------+------+---------+---------+-----+
|Available SLR        |     1344|  3008|   869120|   434560|  320|
+---------------------+---------+------+---------+---------+-----+
|Utilization SLR (%)  |        3|     5|        4|        9|    0|
+---------------------+---------+------+---------+---------+-----+
|Available            |     4032|  9024|  2607360|  1303680|  960|
+---------------------+---------+------+---------+---------+-----+
|Utilization (%)      |        1|     1|        1|        3|    0|
+---------------------+---------+------+---------+---------+-----+

+ Detail: 
    * Instance: 
    +----------------------------------------------------------+----------------------------------------------+---------+-----+-------+-------+-----+
    |                         Instance                         |                    Module                    | BRAM_18K| DSP |   FF  |  LUT  | URAM|
    +----------------------------------------------------------+----------------------------------------------+---------+-----+-------+-------+-----+
    |grp_NeuroRing_Pipeline_VITIS_LOOP_392_2_fu_1439           |NeuroRing_Pipeline_VITIS_LOOP_392_2           |        0|    0|     15|     87|    0|
    |grp_NeuroRing_Pipeline_VITIS_LOOP_84_1_fu_1106            |NeuroRing_Pipeline_VITIS_LOOP_84_1            |        0|    0|    648|    462|    0|
    |grp_NeuroRing_Pipeline_fetch_synapses_fu_1326             |NeuroRing_Pipeline_fetch_synapses             |        0|    0|    494|    282|    0|
    |grp_NeuroRing_Pipeline_update_membrane_potential_fu_1190  |NeuroRing_Pipeline_update_membrane_potential  |        0|  149|  31040|  22137|    0|
    |grp_NeuroRing_Pipeline_write_spike_status_fu_1343         |NeuroRing_Pipeline_write_spike_status         |        0|    0|    470|    679|    0|
    |bitset_88ns_88ns_7ns_1ns_88_1_1_U424                      |bitset_88ns_88ns_7ns_1ns_88_1_1               |        0|    0|      0|    144|    0|
    |control_s_axi_U                                           |control_s_axi                                 |        0|    0|    334|    552|    0|
    |cttz_32_32_1_1_U423                                       |cttz_32_32_1_1                                |        0|    0|      0|     46|    0|
    |cttz_64_64_1_1_U420                                       |cttz_64_64_1_1                                |        0|    0|      0|     92|    0|
    |cttz_64_64_1_1_U421                                       |cttz_64_64_1_1                                |        0|    0|      0|     32|    0|
    |fadd_32ns_32ns_32_7_full_dsp_1_U425                       |fadd_32ns_32ns_32_7_full_dsp_1                |        0|    2|    318|    198|    0|
    |gmem_syn_m_axi_U                                          |gmem_syn_m_axi                                |        8|    0|   1430|   1625|    0|
    |sparsemux_177_7_32_1_1_U422                               |sparsemux_177_7_32_1_1                        |        0|    0|      0|    429|    0|
    +----------------------------------------------------------+----------------------------------------------+---------+-----+-------+-------+-----+
    |Total                                                     |                                              |        8|  151|  34749|  26765|    0|
    +----------------------------------------------------------+----------------------------------------------+---------+-----+-------+-------+-----+

    * DSP: 
    N/A

    * Memory: 
    +------------------+------------------------------+---------+---+----+-----+------+-----+------+-------------+
    |      Memory      |            Module            | BRAM_18K| FF| LUT| URAM| Words| Bits| Banks| W*Bits*Banks|
    +------------------+------------------------------+---------+---+----+-----+------+-----+------+-------------+
    |R_RefCnt_U        |R_RefCnt_RAM_2P_BRAM_1R1W     |        1|  0|   0|    0|   313|   16|     1|         5008|
    |R_RefCnt_1_U      |R_RefCnt_RAM_2P_BRAM_1R1W     |        1|  0|   0|    0|   313|   16|     1|         5008|
    |R_RefCnt_2_U      |R_RefCnt_RAM_2P_BRAM_1R1W     |        1|  0|   0|    0|   313|   16|     1|         5008|
    |R_RefCnt_3_U      |R_RefCnt_RAM_2P_BRAM_1R1W     |        1|  0|   0|    0|   313|   16|     1|         5008|
    |R_RefCnt_4_U      |R_RefCnt_RAM_2P_BRAM_1R1W     |        1|  0|   0|    0|   313|   16|     1|         5008|
    |R_RefCnt_5_U      |R_RefCnt_RAM_2P_BRAM_1R1W     |        1|  0|   0|    0|   313|   16|     1|         5008|
    |R_RefCnt_6_U      |R_RefCnt_RAM_2P_BRAM_1R1W     |        1|  0|   0|    0|   313|   16|     1|         5008|
    |R_RefCnt_7_U      |R_RefCnt_RAM_2P_BRAM_1R1W     |        1|  0|   0|    0|   313|   16|     1|         5008|
    |R_RefCnt_8_U      |R_RefCnt_RAM_2P_BRAM_1R1W     |        1|  0|   0|    0|   313|   16|     1|         5008|
    |SynapseSize_U     |SynapseSize_RAM_2P_BRAM_1R1W  |        8|  0|   0|    0|  2816|   32|     1|        90112|
    |U_membPot_U       |U_membPot_RAM_2P_BRAM_1R1W    |        1|  0|   0|    0|   313|   32|     1|        10016|
    |U_membPot_1_U     |U_membPot_RAM_2P_BRAM_1R1W    |        1|  0|   0|    0|   313|   32|     1|        10016|
    |U_membPot_2_U     |U_membPot_RAM_2P_BRAM_1R1W    |        1|  0|   0|    0|   313|   32|     1|        10016|
    |U_membPot_3_U     |U_membPot_RAM_2P_BRAM_1R1W    |        1|  0|   0|    0|   313|   32|     1|        10016|
    |U_membPot_4_U     |U_membPot_RAM_2P_BRAM_1R1W    |        1|  0|   0|    0|   313|   32|     1|        10016|
    |U_membPot_5_U     |U_membPot_RAM_2P_BRAM_1R1W    |        1|  0|   0|    0|   313|   32|     1|        10016|
    |U_membPot_6_U     |U_membPot_RAM_2P_BRAM_1R1W    |        1|  0|   0|    0|   313|   32|     1|        10016|
    |U_membPot_7_U     |U_membPot_RAM_2P_BRAM_1R1W    |        1|  0|   0|    0|   313|   32|     1|        10016|
    |U_membPot_8_U     |U_membPot_RAM_2P_BRAM_1R1W    |        1|  0|   0|    0|   313|   32|     1|        10016|
    |I_PreSynCurr_U    |U_membPot_RAM_2P_BRAM_1R1W    |        1|  0|   0|    0|   313|   32|     1|        10016|
    |I_PreSynCurr_1_U  |U_membPot_RAM_2P_BRAM_1R1W    |        1|  0|   0|    0|   313|   32|     1|        10016|
    |I_PreSynCurr_2_U  |U_membPot_RAM_2P_BRAM_1R1W    |        1|  0|   0|    0|   313|   32|     1|        10016|
    |I_PreSynCurr_3_U  |U_membPot_RAM_2P_BRAM_1R1W    |        1|  0|   0|    0|   313|   32|     1|        10016|
    |I_PreSynCurr_4_U  |U_membPot_RAM_2P_BRAM_1R1W    |        1|  0|   0|    0|   313|   32|     1|        10016|
    |I_PreSynCurr_5_U  |U_membPot_RAM_2P_BRAM_1R1W    |        1|  0|   0|    0|   313|   32|     1|        10016|
    |I_PreSynCurr_6_U  |U_membPot_RAM_2P_BRAM_1R1W    |        1|  0|   0|    0|   313|   32|     1|        10016|
    |I_PreSynCurr_7_U  |U_membPot_RAM_2P_BRAM_1R1W    |        1|  0|   0|    0|   313|   32|     1|        10016|
    |I_PreSynCurr_8_U  |U_membPot_RAM_2P_BRAM_1R1W    |        1|  0|   0|    0|   313|   32|     1|        10016|
    |I_bias_U          |U_membPot_RAM_2P_BRAM_1R1W    |        1|  0|   0|    0|   313|   32|     1|        10016|
    |I_bias_1_U        |U_membPot_RAM_2P_BRAM_1R1W    |        1|  0|   0|    0|   313|   32|     1|        10016|
    |I_bias_2_U        |U_membPot_RAM_2P_BRAM_1R1W    |        1|  0|   0|    0|   313|   32|     1|        10016|
    |I_bias_3_U        |U_membPot_RAM_2P_BRAM_1R1W    |        1|  0|   0|    0|   313|   32|     1|        10016|
    |I_bias_4_U        |U_membPot_RAM_2P_BRAM_1R1W    |        1|  0|   0|    0|   313|   32|     1|        10016|
    |I_bias_5_U        |U_membPot_RAM_2P_BRAM_1R1W    |        1|  0|   0|    0|   313|   32|     1|        10016|
    |I_bias_6_U        |U_membPot_RAM_2P_BRAM_1R1W    |        1|  0|   0|    0|   313|   32|     1|        10016|
    |I_bias_7_U        |U_membPot_RAM_2P_BRAM_1R1W    |        1|  0|   0|    0|   313|   32|     1|        10016|
    |I_bias_8_U        |U_membPot_RAM_2P_BRAM_1R1W    |        1|  0|   0|    0|   313|   32|     1|        10016|
    +------------------+------------------------------+---------+---+----+-----+------+-----+------+-------------+
    |Total             |                              |       44|  0|   0|    0| 14084| 1040|    37|       405616|
    +------------------+------------------------------+---------+---+----+-----+------+-----+------+-------------+

    * FIFO: 
    N/A

    * Expression: 
    +--------------------------------------------------------------------+----------+----+---+-----+------------+------------+
    |                            Variable Name                           | Operation| DSP| FF| LUT | Bitwidth P0| Bitwidth P1|
    +--------------------------------------------------------------------+----------+----+---+-----+------------+------------+
    |next_mul64_fu_1502_p2                                               |         +|   0|  0|   39|          32|           7|
    |t_fu_1493_p2                                                        |         +|   0|  0|   39|          32|           1|
    |sub_ln345_1_fu_4248_p2                                              |         -|   0|  0|   32|          32|          32|
    |sub_ln345_2_fu_4259_p2                                              |         -|   0|  0|   32|          32|          32|
    |sub_ln345_3_fu_4270_p2                                              |         -|   0|  0|   32|          32|          32|
    |sub_ln345_fu_4237_p2                                                |         -|   0|  0|   32|          32|          32|
    |ap_block_state19                                                    |       and|   0|  0|    2|           1|           1|
    |ap_block_state28_on_subcall_done                                    |       and|   0|  0|    2|           1|           1|
    |current_status_3_fu_4212_p2                                         |       and|   0|  0|   32|          32|          32|
    |grp_NeuroRing_Pipeline_fetch_synapses_fu_1326_SynapseStream_TREADY  |       and|   0|  0|    2|           1|           1|
    |active_groups_fu_1532_p2                                            |      icmp|   0|  0|   39|          32|           1|
    |cmp583_fu_1465_p2                                                   |      icmp|   0|  0|   39|          32|           1|
    |icmp_ln104_fu_1488_p2                                               |      icmp|   0|  0|   39|          32|          32|
    |icmp_ln312_10_fu_1802_p2                                            |      icmp|   0|  0|   39|          32|           1|
    |icmp_ln312_11_fu_1826_p2                                            |      icmp|   0|  0|   39|          32|           1|
    |icmp_ln312_12_fu_1832_p2                                            |      icmp|   0|  0|   39|          32|           1|
    |icmp_ln312_13_fu_1838_p2                                            |      icmp|   0|  0|   39|          32|           1|
    |icmp_ln312_14_fu_1914_p2                                            |      icmp|   0|  0|   39|          32|           1|
    |icmp_ln312_15_fu_1938_p2                                            |      icmp|   0|  0|   39|          32|           1|
    |icmp_ln312_16_fu_1962_p2                                            |      icmp|   0|  0|   39|          32|           1|
    |icmp_ln312_17_fu_1986_p2                                            |      icmp|   0|  0|   39|          32|           1|
    |icmp_ln312_18_fu_2010_p2                                            |      icmp|   0|  0|   39|          32|           1|
    |icmp_ln312_19_fu_2016_p2                                            |      icmp|   0|  0|   39|          32|           1|
    |icmp_ln312_1_fu_1568_p2                                             |      icmp|   0|  0|   39|          32|           1|
    |icmp_ln312_20_fu_2022_p2                                            |      icmp|   0|  0|   39|          32|           1|
    |icmp_ln312_21_fu_2098_p2                                            |      icmp|   0|  0|   39|          32|           1|
    |icmp_ln312_22_fu_2122_p2                                            |      icmp|   0|  0|   39|          32|           1|
    |icmp_ln312_23_fu_2146_p2                                            |      icmp|   0|  0|   39|          32|           1|
    |icmp_ln312_24_fu_2170_p2                                            |      icmp|   0|  0|   39|          32|           1|
    |icmp_ln312_25_fu_2194_p2                                            |      icmp|   0|  0|   39|          32|           1|
    |icmp_ln312_26_fu_2200_p2                                            |      icmp|   0|  0|   39|          32|           1|
    |icmp_ln312_27_fu_2206_p2                                            |      icmp|   0|  0|   39|          32|           1|
    |icmp_ln312_28_fu_2282_p2                                            |      icmp|   0|  0|   39|          32|           1|
    |icmp_ln312_29_fu_2306_p2                                            |      icmp|   0|  0|   39|          32|           1|
    |icmp_ln312_2_fu_1594_p2                                             |      icmp|   0|  0|   39|          32|           1|
    |icmp_ln312_30_fu_2330_p2                                            |      icmp|   0|  0|   39|          32|           1|
    |icmp_ln312_31_fu_2354_p2                                            |      icmp|   0|  0|   39|          32|           1|
    |icmp_ln312_32_fu_2378_p2                                            |      icmp|   0|  0|   39|          32|           1|
    |icmp_ln312_33_fu_2384_p2                                            |      icmp|   0|  0|   39|          32|           1|
    |icmp_ln312_34_fu_2390_p2                                            |      icmp|   0|  0|   39|          32|           1|
    |icmp_ln312_35_fu_2466_p2                                            |      icmp|   0|  0|   39|          32|           1|
    |icmp_ln312_36_fu_2490_p2                                            |      icmp|   0|  0|   39|          32|           1|
    |icmp_ln312_37_fu_2514_p2                                            |      icmp|   0|  0|   39|          32|           1|
    |icmp_ln312_38_fu_2538_p2                                            |      icmp|   0|  0|   39|          32|           1|
    |icmp_ln312_39_fu_2562_p2                                            |      icmp|   0|  0|   39|          32|           1|
    |icmp_ln312_3_fu_1618_p2                                             |      icmp|   0|  0|   39|          32|           1|
    |icmp_ln312_40_fu_2568_p2                                            |      icmp|   0|  0|   39|          32|           1|
    |icmp_ln312_41_fu_2574_p2                                            |      icmp|   0|  0|   39|          32|           1|
    |icmp_ln312_42_fu_2650_p2                                            |      icmp|   0|  0|   39|          32|           1|
    |icmp_ln312_43_fu_2674_p2                                            |      icmp|   0|  0|   39|          32|           1|
    |icmp_ln312_44_fu_2698_p2                                            |      icmp|   0|  0|   39|          32|           1|
    |icmp_ln312_45_fu_2722_p2                                            |      icmp|   0|  0|   39|          32|           1|
    |icmp_ln312_46_fu_2746_p2                                            |      icmp|   0|  0|   39|          32|           1|
    |icmp_ln312_47_fu_2752_p2                                            |      icmp|   0|  0|   39|          32|           1|
    |icmp_ln312_48_fu_2758_p2                                            |      icmp|   0|  0|   39|          32|           1|
    |icmp_ln312_49_fu_2834_p2                                            |      icmp|   0|  0|   39|          32|           1|
    |icmp_ln312_4_fu_1642_p2                                             |      icmp|   0|  0|   39|          32|           1|
    |icmp_ln312_50_fu_2858_p2                                            |      icmp|   0|  0|   39|          32|           1|
    |icmp_ln312_51_fu_2882_p2                                            |      icmp|   0|  0|   39|          32|           1|
    |icmp_ln312_52_fu_2906_p2                                            |      icmp|   0|  0|   39|          32|           1|
    |icmp_ln312_53_fu_2930_p2                                            |      icmp|   0|  0|   39|          32|           1|
    |icmp_ln312_54_fu_2936_p2                                            |      icmp|   0|  0|   39|          32|           1|
    |icmp_ln312_55_fu_2942_p2                                            |      icmp|   0|  0|   39|          32|           1|
    |icmp_ln312_56_fu_3018_p2                                            |      icmp|   0|  0|   39|          32|           1|
    |icmp_ln312_57_fu_3042_p2                                            |      icmp|   0|  0|   39|          32|           1|
    |icmp_ln312_58_fu_3066_p2                                            |      icmp|   0|  0|   39|          32|           1|
    |icmp_ln312_59_fu_3090_p2                                            |      icmp|   0|  0|   39|          32|           1|
    |icmp_ln312_5_fu_1648_p2                                             |      icmp|   0|  0|   39|          32|           1|
    |icmp_ln312_60_fu_3114_p2                                            |      icmp|   0|  0|   39|          32|           1|
    |icmp_ln312_61_fu_3120_p2                                            |      icmp|   0|  0|   39|          32|           1|
    |icmp_ln312_62_fu_3126_p2                                            |      icmp|   0|  0|   39|          32|           1|
    |icmp_ln312_63_fu_3202_p2                                            |      icmp|   0|  0|   39|          32|           1|
    |icmp_ln312_64_fu_3226_p2                                            |      icmp|   0|  0|   39|          32|           1|
    |icmp_ln312_65_fu_3250_p2                                            |      icmp|   0|  0|   39|          32|           1|
    |icmp_ln312_66_fu_3274_p2                                            |      icmp|   0|  0|   39|          32|           1|
    |icmp_ln312_67_fu_3298_p2                                            |      icmp|   0|  0|   39|          32|           1|
    |icmp_ln312_68_fu_3304_p2                                            |      icmp|   0|  0|   39|          32|           1|
    |icmp_ln312_69_fu_3310_p2                                            |      icmp|   0|  0|   39|          32|           1|
    |icmp_ln312_6_fu_1654_p2                                             |      icmp|   0|  0|   39|          32|           1|
    |icmp_ln312_70_fu_3386_p2                                            |      icmp|   0|  0|   39|          32|           1|
    |icmp_ln312_71_fu_3410_p2                                            |      icmp|   0|  0|   39|          32|           1|
    |icmp_ln312_72_fu_3434_p2                                            |      icmp|   0|  0|   39|          32|           1|
    |icmp_ln312_73_fu_3458_p2                                            |      icmp|   0|  0|   39|          32|           1|
    |icmp_ln312_74_fu_3482_p2                                            |      icmp|   0|  0|   39|          32|           1|
    |icmp_ln312_75_fu_3488_p2                                            |      icmp|   0|  0|   39|          32|           1|
    |icmp_ln312_76_fu_3494_p2                                            |      icmp|   0|  0|   39|          32|           1|
    |icmp_ln312_77_fu_3570_p2                                            |      icmp|   0|  0|   39|          32|           1|
    |icmp_ln312_78_fu_3594_p2                                            |      icmp|   0|  0|   39|          32|           1|
    |icmp_ln312_79_fu_3618_p2                                            |      icmp|   0|  0|   39|          32|           1|
    |icmp_ln312_7_fu_1730_p2                                             |      icmp|   0|  0|   39|          32|           1|
    |icmp_ln312_80_fu_3642_p2                                            |      icmp|   0|  0|   39|          32|           1|
    |icmp_ln312_81_fu_3666_p2                                            |      icmp|   0|  0|   39|          32|           1|
    |icmp_ln312_82_fu_3672_p2                                            |      icmp|   0|  0|   39|          32|           1|
    |icmp_ln312_83_fu_3678_p2                                            |      icmp|   0|  0|   39|          32|           1|
    |icmp_ln312_84_fu_3742_p2                                            |      icmp|   0|  0|   39|          32|           1|
    |icmp_ln312_85_fu_3766_p2                                            |      icmp|   0|  0|   39|          32|           1|
    |icmp_ln312_86_fu_3790_p2                                            |      icmp|   0|  0|   39|          32|           1|
    |icmp_ln312_8_fu_1754_p2                                             |      icmp|   0|  0|   39|          32|           1|
    |icmp_ln312_9_fu_1778_p2                                             |      icmp|   0|  0|   39|          32|           1|
    |icmp_ln312_fu_1542_p2                                               |      icmp|   0|  0|   39|          32|           1|
    |icmp_ln316_fu_3814_p2                                               |      icmp|   0|  0|  107|          88|           1|
    |icmp_ln322_fu_3824_p2                                               |      icmp|   0|  0|   71|          64|           1|
    |icmp_ln339_fu_4176_p2                                               |      icmp|   0|  0|   39|          32|           1|
    |ap_block_state1                                                     |        or|   0|  0|    2|           1|           1|
    |neuron_idx_fu_4202_p2                                               |        or|   0|  0|   32|          32|          32|
    |active_groups_101_fu_2850_p3                                        |    select|   0|  0|   82|           1|          88|
    |active_groups_103_fu_2874_p3                                        |    select|   0|  0|   82|           1|          88|
    |active_groups_105_fu_2898_p3                                        |    select|   0|  0|   82|           1|          88|
    |active_groups_107_fu_2922_p3                                        |    select|   0|  0|   82|           1|          88|
    |active_groups_109_fu_2978_p3                                        |    select|   0|  0|   82|           1|          88|
    |active_groups_111_fu_2994_p3                                        |    select|   0|  0|   82|           1|          88|
    |active_groups_113_fu_3011_p3                                        |    select|   0|  0|   82|           1|          88|
    |active_groups_115_fu_3034_p3                                        |    select|   0|  0|   82|           1|          88|
    |active_groups_117_fu_3058_p3                                        |    select|   0|  0|   82|           1|          88|
    |active_groups_119_fu_3082_p3                                        |    select|   0|  0|   82|           1|          88|
    |active_groups_11_fu_1690_p3                                         |    select|   0|  0|   82|           1|          88|
    |active_groups_121_fu_3106_p3                                        |    select|   0|  0|   82|           1|          88|
    |active_groups_123_fu_3162_p3                                        |    select|   0|  0|   82|           1|          88|
    |active_groups_125_fu_3178_p3                                        |    select|   0|  0|   82|           1|          88|
    |active_groups_127_fu_3195_p3                                        |    select|   0|  0|   82|           1|          88|
    |active_groups_129_fu_3218_p3                                        |    select|   0|  0|   82|           1|          88|
    |active_groups_131_fu_3242_p3                                        |    select|   0|  0|   82|           1|          88|
    |active_groups_133_fu_3266_p3                                        |    select|   0|  0|   82|           1|          88|
    |active_groups_135_fu_3290_p3                                        |    select|   0|  0|   82|           1|          88|
    |active_groups_137_fu_3346_p3                                        |    select|   0|  0|   82|           1|          88|
    |active_groups_139_fu_3362_p3                                        |    select|   0|  0|   82|           1|          88|
    |active_groups_13_fu_1706_p3                                         |    select|   0|  0|   82|           1|          88|
    |active_groups_141_fu_3379_p3                                        |    select|   0|  0|   82|           1|          88|
    |active_groups_143_fu_3402_p3                                        |    select|   0|  0|   82|           1|          88|
    |active_groups_145_fu_3426_p3                                        |    select|   0|  0|   82|           1|          88|
    |active_groups_147_fu_3450_p3                                        |    select|   0|  0|   82|           1|          88|
    |active_groups_149_fu_3474_p3                                        |    select|   0|  0|   82|           1|          88|
    |active_groups_151_fu_3530_p3                                        |    select|   0|  0|   82|           1|          88|
    |active_groups_153_fu_3546_p3                                        |    select|   0|  0|   82|           1|          88|
    |active_groups_155_fu_3563_p3                                        |    select|   0|  0|   82|           1|          88|
    |active_groups_157_fu_3586_p3                                        |    select|   0|  0|   82|           1|          88|
    |active_groups_159_fu_3610_p3                                        |    select|   0|  0|   82|           1|          88|
    |active_groups_15_fu_1723_p3                                         |    select|   0|  0|   82|           1|          88|
    |active_groups_161_fu_3634_p3                                        |    select|   0|  0|   82|           1|          88|
    |active_groups_163_fu_3658_p3                                        |    select|   0|  0|   82|           1|          88|
    |active_groups_165_fu_3702_p3                                        |    select|   0|  0|   82|           1|          88|
    |active_groups_167_fu_3718_p3                                        |    select|   0|  0|   82|           1|          88|
    |active_groups_169_fu_3735_p3                                        |    select|   0|  0|   82|           1|          88|
    |active_groups_171_fu_3758_p3                                        |    select|   0|  0|   82|           1|          88|
    |active_groups_173_fu_3782_p3                                        |    select|   0|  0|   82|           1|          88|
    |active_groups_175_fu_3806_p3                                        |    select|   0|  0|   82|           1|          88|
    |active_groups_17_fu_1746_p3                                         |    select|   0|  0|   82|           1|          88|
    |active_groups_19_fu_1770_p3                                         |    select|   0|  0|   82|           1|          88|
    |active_groups_21_fu_1794_p3                                         |    select|   0|  0|   82|           1|          88|
    |active_groups_23_fu_1818_p3                                         |    select|   0|  0|   82|           1|          88|
    |active_groups_25_fu_1874_p3                                         |    select|   0|  0|   82|           1|          88|
    |active_groups_27_fu_1890_p3                                         |    select|   0|  0|   82|           1|          88|
    |active_groups_29_fu_1907_p3                                         |    select|   0|  0|   82|           1|          88|
    |active_groups_31_fu_1930_p3                                         |    select|   0|  0|   82|           1|          88|
    |active_groups_33_fu_1954_p3                                         |    select|   0|  0|   82|           1|          88|
    |active_groups_35_fu_1978_p3                                         |    select|   0|  0|   82|           1|          88|
    |active_groups_37_fu_2002_p3                                         |    select|   0|  0|   82|           1|          88|
    |active_groups_39_fu_2058_p3                                         |    select|   0|  0|   82|           1|          88|
    |active_groups_3_fu_1556_p3                                          |    select|   0|  0|    2|           1|           2|
    |active_groups_41_fu_2074_p3                                         |    select|   0|  0|   82|           1|          88|
    |active_groups_43_fu_2091_p3                                         |    select|   0|  0|   82|           1|          88|
    |active_groups_45_fu_2114_p3                                         |    select|   0|  0|   82|           1|          88|
    |active_groups_47_fu_2138_p3                                         |    select|   0|  0|   82|           1|          88|
    |active_groups_49_fu_2162_p3                                         |    select|   0|  0|   82|           1|          88|
    |active_groups_51_fu_2186_p3                                         |    select|   0|  0|   82|           1|          88|
    |active_groups_53_fu_2242_p3                                         |    select|   0|  0|   82|           1|          88|
    |active_groups_55_fu_2258_p3                                         |    select|   0|  0|   82|           1|          88|
    |active_groups_57_fu_2275_p3                                         |    select|   0|  0|   82|           1|          88|
    |active_groups_59_fu_2298_p3                                         |    select|   0|  0|   82|           1|          88|
    |active_groups_5_fu_1582_p3                                          |    select|   0|  0|    3|           1|           3|
    |active_groups_61_fu_2322_p3                                         |    select|   0|  0|   82|           1|          88|
    |active_groups_63_fu_2346_p3                                         |    select|   0|  0|   82|           1|          88|
    |active_groups_65_fu_2370_p3                                         |    select|   0|  0|   82|           1|          88|
    |active_groups_67_fu_2426_p3                                         |    select|   0|  0|   82|           1|          88|
    |active_groups_69_fu_2442_p3                                         |    select|   0|  0|   82|           1|          88|
    |active_groups_71_fu_2459_p3                                         |    select|   0|  0|   82|           1|          88|
    |active_groups_73_fu_2482_p3                                         |    select|   0|  0|   82|           1|          88|
    |active_groups_75_fu_2506_p3                                         |    select|   0|  0|   82|           1|          88|
    |active_groups_77_fu_2530_p3                                         |    select|   0|  0|   82|           1|          88|
    |active_groups_79_fu_2554_p3                                         |    select|   0|  0|   82|           1|          88|
    |active_groups_7_fu_1610_p3                                          |    select|   0|  0|   82|           1|          88|
    |active_groups_81_fu_2610_p3                                         |    select|   0|  0|   82|           1|          88|
    |active_groups_83_fu_2626_p3                                         |    select|   0|  0|   82|           1|          88|
    |active_groups_85_fu_2643_p3                                         |    select|   0|  0|   82|           1|          88|
    |active_groups_87_fu_2666_p3                                         |    select|   0|  0|   82|           1|          88|
    |active_groups_89_fu_2690_p3                                         |    select|   0|  0|   82|           1|          88|
    |active_groups_91_fu_2714_p3                                         |    select|   0|  0|   82|           1|          88|
    |active_groups_93_fu_2738_p3                                         |    select|   0|  0|   82|           1|          88|
    |active_groups_95_fu_2794_p3                                         |    select|   0|  0|   82|           1|          88|
    |active_groups_97_fu_2810_p3                                         |    select|   0|  0|   82|           1|          88|
    |active_groups_99_fu_2827_p3                                         |    select|   0|  0|   82|           1|          88|
    |active_groups_9_fu_1634_p3                                          |    select|   0|  0|   82|           1|          88|
    |i_5_fu_3886_p3                                                      |    select|   0|  0|   27|           1|          27|
    |shl_ln341_fu_4190_p2                                                |       shl|   0|  0|   92|           1|          32|
    |xor_ln341_fu_4196_p2                                                |       xor|   0|  0|   32|          32|           2|
    +--------------------------------------------------------------------+----------+----+---+-----+------------+------------+
    |Total                                                               |          |   0|  0|11131|        3445|        7874|
    +--------------------------------------------------------------------+----------+----+---+-----+------------+------------+

    * Multiplexer: 
    +-----------------------------------+-----+-----------+-----+-----------+
    |                Name               | LUT | Input Size| Bits| Total Bits|
    +-----------------------------------+-----+-----------+-----+-----------+
    |I_PreSynCurr_1_address1            |   14|          3|    9|         27|
    |I_PreSynCurr_1_ce0                 |    9|          2|    1|          2|
    |I_PreSynCurr_1_ce1                 |   14|          3|    1|          3|
    |I_PreSynCurr_1_d1                  |   14|          3|   32|         96|
    |I_PreSynCurr_1_we1                 |   14|          3|    1|          3|
    |I_PreSynCurr_2_address1            |   14|          3|    9|         27|
    |I_PreSynCurr_2_ce0                 |    9|          2|    1|          2|
    |I_PreSynCurr_2_ce1                 |   14|          3|    1|          3|
    |I_PreSynCurr_2_d1                  |   14|          3|   32|         96|
    |I_PreSynCurr_2_we1                 |   14|          3|    1|          3|
    |I_PreSynCurr_3_address1            |   14|          3|    9|         27|
    |I_PreSynCurr_3_ce0                 |    9|          2|    1|          2|
    |I_PreSynCurr_3_ce1                 |   14|          3|    1|          3|
    |I_PreSynCurr_3_d1                  |   14|          3|   32|         96|
    |I_PreSynCurr_3_we1                 |   14|          3|    1|          3|
    |I_PreSynCurr_4_address1            |   14|          3|    9|         27|
    |I_PreSynCurr_4_ce0                 |    9|          2|    1|          2|
    |I_PreSynCurr_4_ce1                 |   14|          3|    1|          3|
    |I_PreSynCurr_4_d1                  |   14|          3|   32|         96|
    |I_PreSynCurr_4_we1                 |   14|          3|    1|          3|
    |I_PreSynCurr_5_address1            |   14|          3|    9|         27|
    |I_PreSynCurr_5_ce0                 |    9|          2|    1|          2|
    |I_PreSynCurr_5_ce1                 |   14|          3|    1|          3|
    |I_PreSynCurr_5_d1                  |   14|          3|   32|         96|
    |I_PreSynCurr_5_we1                 |   14|          3|    1|          3|
    |I_PreSynCurr_6_address1            |   14|          3|    9|         27|
    |I_PreSynCurr_6_ce0                 |    9|          2|    1|          2|
    |I_PreSynCurr_6_ce1                 |   14|          3|    1|          3|
    |I_PreSynCurr_6_d1                  |   14|          3|   32|         96|
    |I_PreSynCurr_6_we1                 |   14|          3|    1|          3|
    |I_PreSynCurr_7_address1            |   14|          3|    9|         27|
    |I_PreSynCurr_7_ce0                 |    9|          2|    1|          2|
    |I_PreSynCurr_7_ce1                 |   14|          3|    1|          3|
    |I_PreSynCurr_7_d1                  |   14|          3|   32|         96|
    |I_PreSynCurr_7_we1                 |   14|          3|    1|          3|
    |I_PreSynCurr_8_address1            |   14|          3|    9|         27|
    |I_PreSynCurr_8_ce0                 |    9|          2|    1|          2|
    |I_PreSynCurr_8_ce1                 |   14|          3|    1|          3|
    |I_PreSynCurr_8_d1                  |   14|          3|   32|         96|
    |I_PreSynCurr_8_we1                 |   14|          3|    1|          3|
    |I_PreSynCurr_address1              |   14|          3|    9|         27|
    |I_PreSynCurr_ce0                   |    9|          2|    1|          2|
    |I_PreSynCurr_ce1                   |   14|          3|    1|          3|
    |I_PreSynCurr_d1                    |   14|          3|   32|         96|
    |I_PreSynCurr_we1                   |   14|          3|    1|          3|
    |I_bias_1_ce0                       |    9|          2|    1|          2|
    |I_bias_1_ce1                       |    9|          2|    1|          2|
    |I_bias_1_we1                       |    9|          2|    1|          2|
    |I_bias_2_ce0                       |    9|          2|    1|          2|
    |I_bias_2_ce1                       |    9|          2|    1|          2|
    |I_bias_2_we1                       |    9|          2|    1|          2|
    |I_bias_3_ce0                       |    9|          2|    1|          2|
    |I_bias_3_ce1                       |    9|          2|    1|          2|
    |I_bias_3_we1                       |    9|          2|    1|          2|
    |I_bias_4_ce0                       |    9|          2|    1|          2|
    |I_bias_4_ce1                       |    9|          2|    1|          2|
    |I_bias_4_we1                       |    9|          2|    1|          2|
    |I_bias_5_ce0                       |    9|          2|    1|          2|
    |I_bias_5_ce1                       |    9|          2|    1|          2|
    |I_bias_5_we1                       |    9|          2|    1|          2|
    |I_bias_6_ce0                       |    9|          2|    1|          2|
    |I_bias_6_ce1                       |    9|          2|    1|          2|
    |I_bias_6_we1                       |    9|          2|    1|          2|
    |I_bias_7_ce0                       |    9|          2|    1|          2|
    |I_bias_7_ce1                       |    9|          2|    1|          2|
    |I_bias_7_we1                       |    9|          2|    1|          2|
    |I_bias_8_ce0                       |    9|          2|    1|          2|
    |I_bias_8_ce1                       |    9|          2|    1|          2|
    |I_bias_8_we1                       |    9|          2|    1|          2|
    |I_bias_ce0                         |    9|          2|    1|          2|
    |I_bias_ce1                         |    9|          2|    1|          2|
    |I_bias_we1                         |    9|          2|    1|          2|
    |R_RefCnt_1_address1                |   14|          3|    9|         27|
    |R_RefCnt_1_ce0                     |    9|          2|    1|          2|
    |R_RefCnt_1_ce1                     |   14|          3|    1|          3|
    |R_RefCnt_1_d1                      |   14|          3|   16|         48|
    |R_RefCnt_1_we1                     |   14|          3|    1|          3|
    |R_RefCnt_2_address1                |   14|          3|    9|         27|
    |R_RefCnt_2_ce0                     |    9|          2|    1|          2|
    |R_RefCnt_2_ce1                     |   14|          3|    1|          3|
    |R_RefCnt_2_d1                      |   14|          3|   16|         48|
    |R_RefCnt_2_we1                     |   14|          3|    1|          3|
    |R_RefCnt_3_address1                |   14|          3|    9|         27|
    |R_RefCnt_3_ce0                     |    9|          2|    1|          2|
    |R_RefCnt_3_ce1                     |   14|          3|    1|          3|
    |R_RefCnt_3_d1                      |   14|          3|   16|         48|
    |R_RefCnt_3_we1                     |   14|          3|    1|          3|
    |R_RefCnt_4_address1                |   14|          3|    9|         27|
    |R_RefCnt_4_ce0                     |    9|          2|    1|          2|
    |R_RefCnt_4_ce1                     |   14|          3|    1|          3|
    |R_RefCnt_4_d1                      |   14|          3|   16|         48|
    |R_RefCnt_4_we1                     |   14|          3|    1|          3|
    |R_RefCnt_5_address1                |   14|          3|    9|         27|
    |R_RefCnt_5_ce0                     |    9|          2|    1|          2|
    |R_RefCnt_5_ce1                     |   14|          3|    1|          3|
    |R_RefCnt_5_d1                      |   14|          3|   16|         48|
    |R_RefCnt_5_we1                     |   14|          3|    1|          3|
    |R_RefCnt_6_address1                |   14|          3|    9|         27|
    |R_RefCnt_6_ce0                     |    9|          2|    1|          2|
    |R_RefCnt_6_ce1                     |   14|          3|    1|          3|
    |R_RefCnt_6_d1                      |   14|          3|   16|         48|
    |R_RefCnt_6_we1                     |   14|          3|    1|          3|
    |R_RefCnt_7_address1                |   14|          3|    9|         27|
    |R_RefCnt_7_ce0                     |    9|          2|    1|          2|
    |R_RefCnt_7_ce1                     |   14|          3|    1|          3|
    |R_RefCnt_7_d1                      |   14|          3|   16|         48|
    |R_RefCnt_7_we1                     |   14|          3|    1|          3|
    |R_RefCnt_8_address1                |   14|          3|    9|         27|
    |R_RefCnt_8_ce0                     |    9|          2|    1|          2|
    |R_RefCnt_8_ce1                     |   14|          3|    1|          3|
    |R_RefCnt_8_d1                      |   14|          3|   16|         48|
    |R_RefCnt_8_we1                     |   14|          3|    1|          3|
    |R_RefCnt_address1                  |   14|          3|    9|         27|
    |R_RefCnt_ce0                       |    9|          2|    1|          2|
    |R_RefCnt_ce1                       |   14|          3|    1|          3|
    |R_RefCnt_d1                        |   14|          3|   16|         48|
    |R_RefCnt_we1                       |   14|          3|    1|          3|
    |SpikeInWeight_TREADY_int_regslice  |   14|          3|    1|          3|
    |SynapseSize_ce1                    |    9|          2|    1|          2|
    |SynapseSize_we1                    |    9|          2|    1|          2|
    |SynapseStream_TDATA_blk_n          |    9|          2|    1|          2|
    |SynapseStream_TDATA_int_regslice   |   20|          4|  256|       1024|
    |SynapseStream_TKEEP_int_regslice   |   14|          3|   32|         96|
    |SynapseStream_TLAST_int_regslice   |   14|          3|    1|          3|
    |SynapseStream_TSTRB_int_regslice   |   14|          3|   32|         96|
    |SynapseStream_TVALID_int_regslice  |   14|          3|    1|          3|
    |U_membPot_1_address1               |   14|          3|    9|         27|
    |U_membPot_1_ce0                    |    9|          2|    1|          2|
    |U_membPot_1_ce1                    |   14|          3|    1|          3|
    |U_membPot_1_d1                     |   14|          3|   32|         96|
    |U_membPot_1_we1                    |   14|          3|    1|          3|
    |U_membPot_2_address1               |   14|          3|    9|         27|
    |U_membPot_2_ce0                    |    9|          2|    1|          2|
    |U_membPot_2_ce1                    |   14|          3|    1|          3|
    |U_membPot_2_d1                     |   14|          3|   32|         96|
    |U_membPot_2_we1                    |   14|          3|    1|          3|
    |U_membPot_3_address1               |   14|          3|    9|         27|
    |U_membPot_3_ce0                    |    9|          2|    1|          2|
    |U_membPot_3_ce1                    |   14|          3|    1|          3|
    |U_membPot_3_d1                     |   14|          3|   32|         96|
    |U_membPot_3_we1                    |   14|          3|    1|          3|
    |U_membPot_4_address1               |   14|          3|    9|         27|
    |U_membPot_4_ce0                    |    9|          2|    1|          2|
    |U_membPot_4_ce1                    |   14|          3|    1|          3|
    |U_membPot_4_d1                     |   14|          3|   32|         96|
    |U_membPot_4_we1                    |   14|          3|    1|          3|
    |U_membPot_5_address1               |   14|          3|    9|         27|
    |U_membPot_5_ce0                    |    9|          2|    1|          2|
    |U_membPot_5_ce1                    |   14|          3|    1|          3|
    |U_membPot_5_d1                     |   14|          3|   32|         96|
    |U_membPot_5_we1                    |   14|          3|    1|          3|
    |U_membPot_6_address1               |   14|          3|    9|         27|
    |U_membPot_6_ce0                    |    9|          2|    1|          2|
    |U_membPot_6_ce1                    |   14|          3|    1|          3|
    |U_membPot_6_d1                     |   14|          3|   32|         96|
    |U_membPot_6_we1                    |   14|          3|    1|          3|
    |U_membPot_7_address1               |   14|          3|    9|         27|
    |U_membPot_7_ce0                    |    9|          2|    1|          2|
    |U_membPot_7_ce1                    |   14|          3|    1|          3|
    |U_membPot_7_d1                     |   14|          3|   32|         96|
    |U_membPot_7_we1                    |   14|          3|    1|          3|
    |U_membPot_8_address1               |   14|          3|    9|         27|
    |U_membPot_8_ce0                    |    9|          2|    1|          2|
    |U_membPot_8_ce1                    |   14|          3|    1|          3|
    |U_membPot_8_d1                     |   14|          3|   32|         96|
    |U_membPot_8_we1                    |   14|          3|    1|          3|
    |U_membPot_address1                 |   14|          3|    9|         27|
    |U_membPot_ce0                      |    9|          2|    1|          2|
    |U_membPot_ce1                      |   14|          3|    1|          3|
    |U_membPot_d1                       |   14|          3|   32|         96|
    |U_membPot_we1                      |   14|          3|    1|          3|
    |active_groups_2_reg_1087           |    9|          2|   88|        176|
    |ap_NS_fsm                          |  145|         31|    1|         31|
    |ap_done                            |    9|          2|    1|          2|
    |current_status_1_reg_1097          |    9|          2|   32|         64|
    |gmem_syn_0_ARADDR                  |   14|          3|   64|        192|
    |gmem_syn_0_ARLEN                   |   14|          3|   32|         96|
    |gmem_syn_0_ARVALID                 |   14|          3|    1|          3|
    |gmem_syn_0_AWVALID                 |    9|          2|    1|          2|
    |gmem_syn_0_BREADY                  |    9|          2|    1|          2|
    |gmem_syn_0_RREADY                  |   14|          3|    1|          3|
    |gmem_syn_0_WVALID                  |    9|          2|    1|          2|
    |grp_fu_5479_ce                     |   14|          3|    1|          3|
    |grp_fu_5479_p0                     |   14|          3|   32|         96|
    |grp_fu_5479_p1                     |   14|          3|   32|         96|
    |phi_mul63_fu_518                   |    9|          2|   32|         64|
    |t_temporary_fu_522                 |    9|          2|   32|         64|
    +-----------------------------------+-----+-----------+-----+-----------+
    |Total                              | 2430|        525| 1749|       5286|
    +-----------------------------------+-----+-----------+-----+-----------+

    * Register: 
    +-----------------------------------------------------------------------+-----+----+-----+-----------+
    |                                  Name                                 |  FF | LUT| Bits| Const Bits|
    +-----------------------------------------------------------------------+-----+----+-----+-----------+
    |NeuronTotal_read_reg_4312                                              |   32|   0|   32|          0|
    |SimulationTime_read_reg_4852                                           |   32|   0|   32|          0|
    |SpikeRecorder_SynapseList_read_reg_4317                                |   64|   0|   64|          0|
    |SynapseStream_TDATA_reg                                                |  256|   0|  256|          0|
    |SynapseStream_TKEEP_reg                                                |   32|   0|   32|          0|
    |SynapseStream_TLAST_reg                                                |    1|   0|    1|          0|
    |SynapseStream_TSTRB_reg                                                |   32|   0|   32|          0|
    |active_groups_107_reg_5206                                             |   88|   0|   88|          0|
    |active_groups_121_reg_5248                                             |   88|   0|   88|          0|
    |active_groups_135_reg_5290                                             |   88|   0|   88|          0|
    |active_groups_149_reg_5332                                             |   88|   0|   88|          0|
    |active_groups_163_reg_5374                                             |   88|   0|   88|          0|
    |active_groups_23_reg_4954                                              |   88|   0|   88|          0|
    |active_groups_2_reg_1087                                               |   88|   0|   88|          0|
    |active_groups_37_reg_4996                                              |   88|   0|   88|          0|
    |active_groups_51_reg_5038                                              |   88|   0|   88|          0|
    |active_groups_65_reg_5080                                              |   88|   0|   88|          0|
    |active_groups_79_reg_5122                                              |   88|   0|   88|          0|
    |active_groups_93_reg_5164                                              |   88|   0|   88|          0|
    |active_groups_9_reg_4912                                               |   88|   0|   88|          0|
    |ap_CS_fsm                                                              |   30|   0|   30|          0|
    |ap_done_reg                                                            |    1|   0|    1|          0|
    |ap_rst_n_inv                                                           |    1|   0|    1|          0|
    |ap_rst_reg_1                                                           |    1|   0|    1|          0|
    |ap_rst_reg_2                                                           |    1|   0|    1|          0|
    |cmp583_reg_4862                                                        |    1|   0|    1|          0|
    |current_status_1_reg_1097                                              |   32|   0|   32|          0|
    |current_status_3_reg_5454                                              |   32|   0|   32|          0|
    |current_synapse_count_reg_5464                                         |   32|   0|   32|          0|
    |empty_reg_4857                                                         |   22|   0|   22|          0|
    |grp_NeuroRing_Pipeline_VITIS_LOOP_392_2_fu_1439_ap_start_reg           |    1|   0|    1|          0|
    |grp_NeuroRing_Pipeline_VITIS_LOOP_84_1_fu_1106_ap_start_reg            |    1|   0|    1|          0|
    |grp_NeuroRing_Pipeline_fetch_synapses_fu_1326_ap_start_reg             |    1|   0|    1|          0|
    |grp_NeuroRing_Pipeline_update_membrane_potential_fu_1190_ap_start_reg  |    1|   0|    1|          0|
    |grp_NeuroRing_Pipeline_write_spike_status_fu_1343_ap_start_reg         |    1|   0|    1|          0|
    |i_reg_5417                                                             |   27|   0|   27|          0|
    |icmp_ln104_reg_4871                                                    |    1|   0|    1|          0|
    |icmp_ln312_11_reg_4960                                                 |    1|   0|    1|          0|
    |icmp_ln312_12_reg_4965                                                 |    1|   0|    1|          0|
    |icmp_ln312_13_reg_4970                                                 |    1|   0|    1|          0|
    |icmp_ln312_18_reg_5002                                                 |    1|   0|    1|          0|
    |icmp_ln312_19_reg_5007                                                 |    1|   0|    1|          0|
    |icmp_ln312_20_reg_5012                                                 |    1|   0|    1|          0|
    |icmp_ln312_25_reg_5044                                                 |    1|   0|    1|          0|
    |icmp_ln312_26_reg_5049                                                 |    1|   0|    1|          0|
    |icmp_ln312_27_reg_5054                                                 |    1|   0|    1|          0|
    |icmp_ln312_32_reg_5086                                                 |    1|   0|    1|          0|
    |icmp_ln312_33_reg_5091                                                 |    1|   0|    1|          0|
    |icmp_ln312_34_reg_5096                                                 |    1|   0|    1|          0|
    |icmp_ln312_39_reg_5128                                                 |    1|   0|    1|          0|
    |icmp_ln312_40_reg_5133                                                 |    1|   0|    1|          0|
    |icmp_ln312_41_reg_5138                                                 |    1|   0|    1|          0|
    |icmp_ln312_46_reg_5170                                                 |    1|   0|    1|          0|
    |icmp_ln312_47_reg_5175                                                 |    1|   0|    1|          0|
    |icmp_ln312_48_reg_5180                                                 |    1|   0|    1|          0|
    |icmp_ln312_4_reg_4918                                                  |    1|   0|    1|          0|
    |icmp_ln312_53_reg_5212                                                 |    1|   0|    1|          0|
    |icmp_ln312_54_reg_5217                                                 |    1|   0|    1|          0|
    |icmp_ln312_55_reg_5222                                                 |    1|   0|    1|          0|
    |icmp_ln312_5_reg_4923                                                  |    1|   0|    1|          0|
    |icmp_ln312_60_reg_5254                                                 |    1|   0|    1|          0|
    |icmp_ln312_61_reg_5259                                                 |    1|   0|    1|          0|
    |icmp_ln312_62_reg_5264                                                 |    1|   0|    1|          0|
    |icmp_ln312_67_reg_5296                                                 |    1|   0|    1|          0|
    |icmp_ln312_68_reg_5301                                                 |    1|   0|    1|          0|
    |icmp_ln312_69_reg_5306                                                 |    1|   0|    1|          0|
    |icmp_ln312_6_reg_4928                                                  |    1|   0|    1|          0|
    |icmp_ln312_74_reg_5338                                                 |    1|   0|    1|          0|
    |icmp_ln312_75_reg_5343                                                 |    1|   0|    1|          0|
    |icmp_ln312_76_reg_5348                                                 |    1|   0|    1|          0|
    |icmp_ln312_81_reg_5380                                                 |    1|   0|    1|          0|
    |icmp_ln312_82_reg_5385                                                 |    1|   0|    1|          0|
    |icmp_ln312_83_reg_5390                                                 |    1|   0|    1|          0|
    |icmp_ln322_reg_5412                                                    |    1|   0|    1|          0|
    |mul_reg_5432                                                           |   27|   0|   32|          5|
    |neuron_idx_reg_5440                                                    |   32|   0|   32|          0|
    |next_mul64_reg_4883                                                    |   32|   0|   32|          0|
    |phi_mul63_fu_518                                                       |   32|   0|   32|          0|
    |sub_ln345_3_reg_5469                                                   |   32|   0|   32|          0|
    |t_reg_4875                                                             |   32|   0|   32|          0|
    |t_temporary_fu_522                                                     |   32|   0|   32|          0|
    |trunc_ln319_reg_5422                                                   |    7|   0|    7|          0|
    |zext_ln104_reg_4866                                                    |   22|   0|  256|        234|
    +-----------------------------------------------------------------------+-----+----+-----+-----------+
    |Total                                                                  | 2064|   0| 2303|        239|
    +-----------------------------------------------------------------------+-----+----+-----+-----------+



================================================================
== Interface
================================================================
* Summary: 
+-------------------------+-----+-----+---------------+------------------------+--------------+
|        RTL Ports        | Dir | Bits|    Protocol   |      Source Object     |    C Type    |
+-------------------------+-----+-----+---------------+------------------------+--------------+
|s_axi_control_AWVALID    |   in|    1|          s_axi|                 control|        scalar|
|s_axi_control_AWREADY    |  out|    1|          s_axi|                 control|        scalar|
|s_axi_control_AWADDR     |   in|    7|          s_axi|                 control|        scalar|
|s_axi_control_WVALID     |   in|    1|          s_axi|                 control|        scalar|
|s_axi_control_WREADY     |  out|    1|          s_axi|                 control|        scalar|
|s_axi_control_WDATA      |   in|   32|          s_axi|                 control|        scalar|
|s_axi_control_WSTRB      |   in|    4|          s_axi|                 control|        scalar|
|s_axi_control_ARVALID    |   in|    1|          s_axi|                 control|        scalar|
|s_axi_control_ARREADY    |  out|    1|          s_axi|                 control|        scalar|
|s_axi_control_ARADDR     |   in|    7|          s_axi|                 control|        scalar|
|s_axi_control_RVALID     |  out|    1|          s_axi|                 control|        scalar|
|s_axi_control_RREADY     |   in|    1|          s_axi|                 control|        scalar|
|s_axi_control_RDATA      |  out|   32|          s_axi|                 control|        scalar|
|s_axi_control_RRESP      |  out|    2|          s_axi|                 control|        scalar|
|s_axi_control_BVALID     |  out|    1|          s_axi|                 control|        scalar|
|s_axi_control_BREADY     |   in|    1|          s_axi|                 control|        scalar|
|s_axi_control_BRESP      |  out|    2|          s_axi|                 control|        scalar|
|ap_clk                   |   in|    1|  ap_ctrl_chain|               NeuroRing|  return value|
|ap_rst_n                 |   in|    1|  ap_ctrl_chain|               NeuroRing|  return value|
|interrupt                |  out|    1|  ap_ctrl_chain|               NeuroRing|  return value|
|m_axi_gmem_syn_AWVALID   |  out|    1|          m_axi|                gmem_syn|       pointer|
|m_axi_gmem_syn_AWREADY   |   in|    1|          m_axi|                gmem_syn|       pointer|
|m_axi_gmem_syn_AWADDR    |  out|   64|          m_axi|                gmem_syn|       pointer|
|m_axi_gmem_syn_AWID      |  out|    1|          m_axi|                gmem_syn|       pointer|
|m_axi_gmem_syn_AWLEN     |  out|    8|          m_axi|                gmem_syn|       pointer|
|m_axi_gmem_syn_AWSIZE    |  out|    3|          m_axi|                gmem_syn|       pointer|
|m_axi_gmem_syn_AWBURST   |  out|    2|          m_axi|                gmem_syn|       pointer|
|m_axi_gmem_syn_AWLOCK    |  out|    2|          m_axi|                gmem_syn|       pointer|
|m_axi_gmem_syn_AWCACHE   |  out|    4|          m_axi|                gmem_syn|       pointer|
|m_axi_gmem_syn_AWPROT    |  out|    3|          m_axi|                gmem_syn|       pointer|
|m_axi_gmem_syn_AWQOS     |  out|    4|          m_axi|                gmem_syn|       pointer|
|m_axi_gmem_syn_AWREGION  |  out|    4|          m_axi|                gmem_syn|       pointer|
|m_axi_gmem_syn_AWUSER    |  out|    1|          m_axi|                gmem_syn|       pointer|
|m_axi_gmem_syn_WVALID    |  out|    1|          m_axi|                gmem_syn|       pointer|
|m_axi_gmem_syn_WREADY    |   in|    1|          m_axi|                gmem_syn|       pointer|
|m_axi_gmem_syn_WDATA     |  out|  256|          m_axi|                gmem_syn|       pointer|
|m_axi_gmem_syn_WSTRB     |  out|   32|          m_axi|                gmem_syn|       pointer|
|m_axi_gmem_syn_WLAST     |  out|    1|          m_axi|                gmem_syn|       pointer|
|m_axi_gmem_syn_WID       |  out|    1|          m_axi|                gmem_syn|       pointer|
|m_axi_gmem_syn_WUSER     |  out|    1|          m_axi|                gmem_syn|       pointer|
|m_axi_gmem_syn_ARVALID   |  out|    1|          m_axi|                gmem_syn|       pointer|
|m_axi_gmem_syn_ARREADY   |   in|    1|          m_axi|                gmem_syn|       pointer|
|m_axi_gmem_syn_ARADDR    |  out|   64|          m_axi|                gmem_syn|       pointer|
|m_axi_gmem_syn_ARID      |  out|    1|          m_axi|                gmem_syn|       pointer|
|m_axi_gmem_syn_ARLEN     |  out|    8|          m_axi|                gmem_syn|       pointer|
|m_axi_gmem_syn_ARSIZE    |  out|    3|          m_axi|                gmem_syn|       pointer|
|m_axi_gmem_syn_ARBURST   |  out|    2|          m_axi|                gmem_syn|       pointer|
|m_axi_gmem_syn_ARLOCK    |  out|    2|          m_axi|                gmem_syn|       pointer|
|m_axi_gmem_syn_ARCACHE   |  out|    4|          m_axi|                gmem_syn|       pointer|
|m_axi_gmem_syn_ARPROT    |  out|    3|          m_axi|                gmem_syn|       pointer|
|m_axi_gmem_syn_ARQOS     |  out|    4|          m_axi|                gmem_syn|       pointer|
|m_axi_gmem_syn_ARREGION  |  out|    4|          m_axi|                gmem_syn|       pointer|
|m_axi_gmem_syn_ARUSER    |  out|    1|          m_axi|                gmem_syn|       pointer|
|m_axi_gmem_syn_RVALID    |   in|    1|          m_axi|                gmem_syn|       pointer|
|m_axi_gmem_syn_RREADY    |  out|    1|          m_axi|                gmem_syn|       pointer|
|m_axi_gmem_syn_RDATA     |   in|  256|          m_axi|                gmem_syn|       pointer|
|m_axi_gmem_syn_RLAST     |   in|    1|          m_axi|                gmem_syn|       pointer|
|m_axi_gmem_syn_RID       |   in|    1|          m_axi|                gmem_syn|       pointer|
|m_axi_gmem_syn_RUSER     |   in|    1|          m_axi|                gmem_syn|       pointer|
|m_axi_gmem_syn_RRESP     |   in|    2|          m_axi|                gmem_syn|       pointer|
|m_axi_gmem_syn_BVALID    |   in|    1|          m_axi|                gmem_syn|       pointer|
|m_axi_gmem_syn_BREADY    |  out|    1|          m_axi|                gmem_syn|       pointer|
|m_axi_gmem_syn_BRESP     |   in|    2|          m_axi|                gmem_syn|       pointer|
|m_axi_gmem_syn_BID       |   in|    1|          m_axi|                gmem_syn|       pointer|
|m_axi_gmem_syn_BUSER     |   in|    1|          m_axi|                gmem_syn|       pointer|
|SpikeInWeight_TDATA      |   in|  256|           axis|  SpikeInWeight_V_data_V|       pointer|
|SpikeInWeight_TVALID     |   in|    1|           axis|  SpikeInWeight_V_last_V|       pointer|
|SpikeInWeight_TREADY     |  out|    1|           axis|  SpikeInWeight_V_last_V|       pointer|
|SpikeInWeight_TLAST      |   in|    1|           axis|  SpikeInWeight_V_last_V|       pointer|
|SpikeInWeight_TKEEP      |   in|   32|           axis|  SpikeInWeight_V_keep_V|       pointer|
|SpikeInWeight_TSTRB      |   in|   32|           axis|  SpikeInWeight_V_strb_V|       pointer|
|SynapseStream_TDATA      |  out|  256|           axis|  SynapseStream_V_data_V|       pointer|
|SynapseStream_TVALID     |  out|    1|           axis|  SynapseStream_V_last_V|       pointer|
|SynapseStream_TREADY     |   in|    1|           axis|  SynapseStream_V_last_V|       pointer|
|SynapseStream_TLAST      |  out|    1|           axis|  SynapseStream_V_last_V|       pointer|
|SynapseStream_TKEEP      |  out|   32|           axis|  SynapseStream_V_keep_V|       pointer|
|SynapseStream_TSTRB      |  out|   32|           axis|  SynapseStream_V_strb_V|       pointer|
+-------------------------+-----+-----+---------------+------------------------+--------------+

