INFO: [v++ 60-1306] Additional information associated with this v++ link can be found at:
	Reports: /home/miahafiz/NeuroRing_a_4096_10c/_x.hw.NUM_4096.CORE_10.FREQ_300/reports/link
	Log files: /home/miahafiz/NeuroRing_a_4096_10c/_x.hw.NUM_4096.CORE_10.FREQ_300/logs/link
INFO: [v++ 60-1548] Creating build summary session with primary output /home/miahafiz/NeuroRing_a_4096_10c/_build_dir.hw.NUM_4096.CORE_10.FREQ_300/krnl_neuroring_hw.xclbin.link_summary, at Fri Feb 27 05:32:46 2026
INFO: [v++ 60-1315] Creating rulecheck session with output '/home/miahafiz/NeuroRing_a_4096_10c/_x.hw.NUM_4096.CORE_10.FREQ_300/reports/link/v++_link_krnl_neuroring_hw_guidance.html', at Fri Feb 27 05:32:46 2026
INFO: [v++ 60-895]   Target platform: /opt/xilinx/platforms/xilinx_u55c_gen3x16_xdma_3_202210_1/xilinx_u55c_gen3x16_xdma_3_202210_1.xpfm
INFO: [v++ 60-1578]   This platform contains Xilinx Shell Archive '/opt/xilinx/platforms/xilinx_u55c_gen3x16_xdma_3_202210_1/hw/hw.xsa'
INFO: [v++ 74-78] Compiler Version string: 2025.1
INFO: [v++ 60-1302] Platform 'xilinx_u55c_gen3x16_xdma_3_202210_1.xpfm' has been explicitly enabled for this release.
INFO: [v++ 60-629] Linking for hardware target
INFO: [v++ 60-423]   Target device: xilinx_u55c_gen3x16_xdma_3_202210_1
WARNING: [v++ 60-889] User-specified kernel frequency for ID 0 is the same as the default frequency 300 MHz, so it will be ignored
INFO: [v++ 60-1332] Run 'run_link' status: Not started
INFO: [v++ 60-1443] [05:32:59] Run run_link: Step system_link: Started
INFO: [v++ 60-1453] Command Line: system_link --xo /home/miahafiz/NeuroRing_a_4096_10c/_x.hw.NUM_4096.CORE_10.FREQ_300/krnl_neuroring.xo --xo /home/miahafiz/NeuroRing_a_4096_10c/_x.hw.NUM_4096.CORE_10.FREQ_300/krnl_synapserouter.xo -keep --config /home/miahafiz/NeuroRing_a_4096_10c/_x.hw.NUM_4096.CORE_10.FREQ_300/link/int/syslinkConfig.ini --xpfm /opt/xilinx/platforms/xilinx_u55c_gen3x16_xdma_3_202210_1/xilinx_u55c_gen3x16_xdma_3_202210_1.xpfm --target hw --output_dir /home/miahafiz/NeuroRing_a_4096_10c/_x.hw.NUM_4096.CORE_10.FREQ_300/link/int --temp_dir /home/miahafiz/NeuroRing_a_4096_10c/_x.hw.NUM_4096.CORE_10.FREQ_300/link/sys_link
INFO: [v++ 60-1454] Run Directory: /home/miahafiz/NeuroRing_a_4096_10c/_x.hw.NUM_4096.CORE_10.FREQ_300/link/run_link
INFO: [SYSTEM_LINK 82-70] Extracting xo v3 file /home/miahafiz/NeuroRing_a_4096_10c/_x.hw.NUM_4096.CORE_10.FREQ_300/krnl_neuroring.xo
INFO: [SYSTEM_LINK 82-70] Extracting xo v3 file /home/miahafiz/NeuroRing_a_4096_10c/_x.hw.NUM_4096.CORE_10.FREQ_300/krnl_synapserouter.xo
INFO: [SYSTEM_LINK 82-53] Creating IP database /home/miahafiz/NeuroRing_a_4096_10c/_x.hw.NUM_4096.CORE_10.FREQ_300/link/sys_link/_sysl/.cdb/xd_ip_db.xml
INFO: [SYSTEM_LINK 82-38] [05:33:11] build_xd_ip_db started: /opt/xilinx/2025.1/Vitis/bin/build_xd_ip_db -ip_search 0  -sds-pf /home/miahafiz/NeuroRing_a_4096_10c/_x.hw.NUM_4096.CORE_10.FREQ_300/link/sys_link/hw.hpfm -clkid 0 -ip /home/miahafiz/NeuroRing_a_4096_10c/_x.hw.NUM_4096.CORE_10.FREQ_300/link/sys_link/iprepo/xilinx_com_hls_NeuroRing_1_0,NeuroRing -ip /home/miahafiz/NeuroRing_a_4096_10c/_x.hw.NUM_4096.CORE_10.FREQ_300/link/sys_link/iprepo/xilinx_com_hls_SynapseRouter_1_0,SynapseRouter -o /home/miahafiz/NeuroRing_a_4096_10c/_x.hw.NUM_4096.CORE_10.FREQ_300/link/sys_link/_sysl/.cdb/xd_ip_db.xml
INFO: [SYSTEM_LINK 82-37] [05:33:12] build_xd_ip_db finished successfully
Time (s): cpu = 00:00:00.67 ; elapsed = 00:00:01 . Memory (MB): peak = 498.840 ; gain = 0.000 ; free physical = 128457 ; free virtual = 212267
INFO: [SYSTEM_LINK 82-51] Create system connectivity graph
INFO: [SYSTEM_LINK 82-102] Applying explicit connections to the system connectivity graph: /home/miahafiz/NeuroRing_a_4096_10c/_x.hw.NUM_4096.CORE_10.FREQ_300/link/sys_link/cfgraph/cfgen_cfgraph.xml
INFO: [SYSTEM_LINK 82-38] [05:33:12] cfgen started: /opt/xilinx/2025.1/Vitis/bin/cfgen  -nk NeuroRing:10:NeuroRing_0,NeuroRing_1,NeuroRing_2,NeuroRing_3,NeuroRing_4,NeuroRing_5,NeuroRing_6,NeuroRing_7,NeuroRing_8,NeuroRing_9 -nk SynapseRouter:10:SynapseRouter_0,SynapseRouter_1,SynapseRouter_2,SynapseRouter_3,SynapseRouter_4,SynapseRouter_5,SynapseRouter_6,SynapseRouter_7,SynapseRouter_8,SynapseRouter_9 -sc NeuroRing_0.SynapseStreamRight:SynapseRouter_0.synapse_stream_right:256 -sc NeuroRing_1.SynapseStreamRight:SynapseRouter_1.synapse_stream_right:256 -sc NeuroRing_2.SynapseStreamRight:SynapseRouter_2.synapse_stream_right:256 -sc NeuroRing_3.SynapseStreamRight:SynapseRouter_3.synapse_stream_right:256 -sc NeuroRing_4.SynapseStreamRight:SynapseRouter_4.synapse_stream_right:256 -sc NeuroRing_5.SynapseStreamRight:SynapseRouter_5.synapse_stream_right:256 -sc NeuroRing_6.SynapseStreamRight:SynapseRouter_6.synapse_stream_right:256 -sc NeuroRing_7.SynapseStreamRight:SynapseRouter_7.synapse_stream_right:256 -sc NeuroRing_8.SynapseStreamRight:SynapseRouter_8.synapse_stream_right:256 -sc NeuroRing_9.SynapseStreamRight:SynapseRouter_9.synapse_stream_right:256 -sc NeuroRing_0.SynapseStreamLeft:SynapseRouter_0.synapse_stream_left:256 -sc NeuroRing_1.SynapseStreamLeft:SynapseRouter_1.synapse_stream_left:256 -sc NeuroRing_2.SynapseStreamLeft:SynapseRouter_2.synapse_stream_left:256 -sc NeuroRing_3.SynapseStreamLeft:SynapseRouter_3.synapse_stream_left:256 -sc NeuroRing_4.SynapseStreamLeft:SynapseRouter_4.synapse_stream_left:256 -sc NeuroRing_5.SynapseStreamLeft:SynapseRouter_5.synapse_stream_left:256 -sc NeuroRing_6.SynapseStreamLeft:SynapseRouter_6.synapse_stream_left:256 -sc NeuroRing_7.SynapseStreamLeft:SynapseRouter_7.synapse_stream_left:256 -sc NeuroRing_8.SynapseStreamLeft:SynapseRouter_8.synapse_stream_left:256 -sc NeuroRing_9.SynapseStreamLeft:SynapseRouter_9.synapse_stream_left:256 -sc SynapseRouter_0.SpikeOutWeight:NeuroRing_0.SpikeInWeight:64 -sc SynapseRouter_1.SpikeOutWeight:NeuroRing_1.SpikeInWeight:64 -sc SynapseRouter_2.SpikeOutWeight:NeuroRing_2.SpikeInWeight:64 -sc SynapseRouter_3.SpikeOutWeight:NeuroRing_3.SpikeInWeight:64 -sc SynapseRouter_4.SpikeOutWeight:NeuroRing_4.SpikeInWeight:64 -sc SynapseRouter_5.SpikeOutWeight:NeuroRing_5.SpikeInWeight:64 -sc SynapseRouter_6.SpikeOutWeight:NeuroRing_6.SpikeInWeight:64 -sc SynapseRouter_7.SpikeOutWeight:NeuroRing_7.SpikeInWeight:64 -sc SynapseRouter_8.SpikeOutWeight:NeuroRing_8.SpikeInWeight:64 -sc SynapseRouter_9.SpikeOutWeight:NeuroRing_9.SpikeInWeight:64 -sc SynapseRouter_0.syn_forward_rt_right:SynapseRouter_1.syn_route_in_right:2048 -sc SynapseRouter_1.syn_forward_rt_right:SynapseRouter_2.syn_route_in_right:2048 -sc SynapseRouter_2.syn_forward_rt_right:SynapseRouter_3.syn_route_in_right:2048 -sc SynapseRouter_3.syn_forward_rt_right:SynapseRouter_4.syn_route_in_right:2048 -sc SynapseRouter_4.syn_forward_rt_right:SynapseRouter_5.syn_route_in_right:2048 -sc SynapseRouter_5.syn_forward_rt_right:SynapseRouter_6.syn_route_in_right:2048 -sc SynapseRouter_6.syn_forward_rt_right:SynapseRouter_7.syn_route_in_right:2048 -sc SynapseRouter_7.syn_forward_rt_right:SynapseRouter_8.syn_route_in_right:2048 -sc SynapseRouter_8.syn_forward_rt_right:SynapseRouter_9.syn_route_in_right:2048 -sc SynapseRouter_9.syn_forward_rt_right:SynapseRouter_0.syn_route_in_right:2048 -sc SynapseRouter_0.syn_forward_rt_left:SynapseRouter_9.syn_route_in_left:2048 -sc SynapseRouter_9.syn_forward_rt_left:SynapseRouter_8.syn_route_in_left:2048 -sc SynapseRouter_8.syn_forward_rt_left:SynapseRouter_7.syn_route_in_left:2048 -sc SynapseRouter_7.syn_forward_rt_left:SynapseRouter_6.syn_route_in_left:2048 -sc SynapseRouter_6.syn_forward_rt_left:SynapseRouter_5.syn_route_in_left:2048 -sc SynapseRouter_5.syn_forward_rt_left:SynapseRouter_4.syn_route_in_left:2048 -sc SynapseRouter_4.syn_forward_rt_left:SynapseRouter_3.syn_route_in_left:2048 -sc SynapseRouter_3.syn_forward_rt_left:SynapseRouter_2.syn_route_in_left:2048 -sc SynapseRouter_2.syn_forward_rt_left:SynapseRouter_1.syn_route_in_left:2048 -sc SynapseRouter_1.syn_forward_rt_left:SynapseRouter_0.syn_route_in_left:2048 -sp NeuroRing_0.SpikeRecorder_SynapseList:HBM[2] -sp NeuroRing_1.SpikeRecorder_SynapseList:HBM[4] -sp NeuroRing_2.SpikeRecorder_SynapseList:HBM[8] -sp NeuroRing_3.SpikeRecorder_SynapseList:HBM[10] -sp NeuroRing_4.SpikeRecorder_SynapseList:HBM[12] -sp NeuroRing_5.SpikeRecorder_SynapseList:HBM[14] -sp NeuroRing_6.SpikeRecorder_SynapseList:HBM[16] -sp NeuroRing_7.SpikeRecorder_SynapseList:HBM[18] -sp NeuroRing_8.SpikeRecorder_SynapseList:HBM[20] -sp NeuroRing_9.SpikeRecorder_SynapseList:HBM[22] -dpa_mem_offload false -dpa_aie_mem_offload false -dmclkid 0 -r /home/miahafiz/NeuroRing_a_4096_10c/_x.hw.NUM_4096.CORE_10.FREQ_300/link/sys_link/_sysl/.cdb/xd_ip_db.xml -o /home/miahafiz/NeuroRing_a_4096_10c/_x.hw.NUM_4096.CORE_10.FREQ_300/link/sys_link/cfgraph/cfgen_cfgraph.xml
INFO: [CFGEN 83-0] Kernel Specs: 
INFO: [CFGEN 83-0]   kernel: NeuroRing, num: 10  {NeuroRing_0 NeuroRing_1 NeuroRing_2 NeuroRing_3 NeuroRing_4 NeuroRing_5 NeuroRing_6 NeuroRing_7 NeuroRing_8 NeuroRing_9}
INFO: [CFGEN 83-0]   kernel: SynapseRouter, num: 10  {SynapseRouter_0 SynapseRouter_1 SynapseRouter_2 SynapseRouter_3 SynapseRouter_4 SynapseRouter_5 SynapseRouter_6 SynapseRouter_7 SynapseRouter_8 SynapseRouter_9}
INFO: [CFGEN 83-0] Port Specs: 
INFO: [CFGEN 83-0]   kernel: NeuroRing_0, k_port: SpikeRecorder_SynapseList, sptag: HBM[2]
INFO: [CFGEN 83-0]   kernel: NeuroRing_1, k_port: SpikeRecorder_SynapseList, sptag: HBM[4]
INFO: [CFGEN 83-0]   kernel: NeuroRing_2, k_port: SpikeRecorder_SynapseList, sptag: HBM[8]
INFO: [CFGEN 83-0]   kernel: NeuroRing_3, k_port: SpikeRecorder_SynapseList, sptag: HBM[10]
INFO: [CFGEN 83-0]   kernel: NeuroRing_4, k_port: SpikeRecorder_SynapseList, sptag: HBM[12]
INFO: [CFGEN 83-0]   kernel: NeuroRing_5, k_port: SpikeRecorder_SynapseList, sptag: HBM[14]
INFO: [CFGEN 83-0]   kernel: NeuroRing_6, k_port: SpikeRecorder_SynapseList, sptag: HBM[16]
INFO: [CFGEN 83-0]   kernel: NeuroRing_7, k_port: SpikeRecorder_SynapseList, sptag: HBM[18]
INFO: [CFGEN 83-0]   kernel: NeuroRing_8, k_port: SpikeRecorder_SynapseList, sptag: HBM[20]
INFO: [CFGEN 83-0]   kernel: NeuroRing_9, k_port: SpikeRecorder_SynapseList, sptag: HBM[22]
INFO: [CFGEN 83-0] Stream Specs: 
INFO: [CFGEN 83-0]   NeuroRing_0.SynapseStreamRight => SynapseRouter_0.synapse_stream_right
INFO: [CFGEN 83-0]   NeuroRing_1.SynapseStreamRight => SynapseRouter_1.synapse_stream_right
INFO: [CFGEN 83-0]   NeuroRing_2.SynapseStreamRight => SynapseRouter_2.synapse_stream_right
INFO: [CFGEN 83-0]   NeuroRing_3.SynapseStreamRight => SynapseRouter_3.synapse_stream_right
INFO: [CFGEN 83-0]   NeuroRing_4.SynapseStreamRight => SynapseRouter_4.synapse_stream_right
INFO: [CFGEN 83-0]   NeuroRing_5.SynapseStreamRight => SynapseRouter_5.synapse_stream_right
INFO: [CFGEN 83-0]   NeuroRing_6.SynapseStreamRight => SynapseRouter_6.synapse_stream_right
INFO: [CFGEN 83-0]   NeuroRing_7.SynapseStreamRight => SynapseRouter_7.synapse_stream_right
INFO: [CFGEN 83-0]   NeuroRing_8.SynapseStreamRight => SynapseRouter_8.synapse_stream_right
INFO: [CFGEN 83-0]   NeuroRing_9.SynapseStreamRight => SynapseRouter_9.synapse_stream_right
INFO: [CFGEN 83-0]   NeuroRing_0.SynapseStreamLeft => SynapseRouter_0.synapse_stream_left
INFO: [CFGEN 83-0]   NeuroRing_1.SynapseStreamLeft => SynapseRouter_1.synapse_stream_left
INFO: [CFGEN 83-0]   NeuroRing_2.SynapseStreamLeft => SynapseRouter_2.synapse_stream_left
INFO: [CFGEN 83-0]   NeuroRing_3.SynapseStreamLeft => SynapseRouter_3.synapse_stream_left
INFO: [CFGEN 83-0]   NeuroRing_4.SynapseStreamLeft => SynapseRouter_4.synapse_stream_left
INFO: [CFGEN 83-0]   NeuroRing_5.SynapseStreamLeft => SynapseRouter_5.synapse_stream_left
INFO: [CFGEN 83-0]   NeuroRing_6.SynapseStreamLeft => SynapseRouter_6.synapse_stream_left
INFO: [CFGEN 83-0]   NeuroRing_7.SynapseStreamLeft => SynapseRouter_7.synapse_stream_left
INFO: [CFGEN 83-0]   NeuroRing_8.SynapseStreamLeft => SynapseRouter_8.synapse_stream_left
INFO: [CFGEN 83-0]   NeuroRing_9.SynapseStreamLeft => SynapseRouter_9.synapse_stream_left
INFO: [CFGEN 83-0]   SynapseRouter_0.SpikeOutWeight => NeuroRing_0.SpikeInWeight
INFO: [CFGEN 83-0]   SynapseRouter_1.SpikeOutWeight => NeuroRing_1.SpikeInWeight
INFO: [CFGEN 83-0]   SynapseRouter_2.SpikeOutWeight => NeuroRing_2.SpikeInWeight
INFO: [CFGEN 83-0]   SynapseRouter_3.SpikeOutWeight => NeuroRing_3.SpikeInWeight
INFO: [CFGEN 83-0]   SynapseRouter_4.SpikeOutWeight => NeuroRing_4.SpikeInWeight
INFO: [CFGEN 83-0]   SynapseRouter_5.SpikeOutWeight => NeuroRing_5.SpikeInWeight
INFO: [CFGEN 83-0]   SynapseRouter_6.SpikeOutWeight => NeuroRing_6.SpikeInWeight
INFO: [CFGEN 83-0]   SynapseRouter_7.SpikeOutWeight => NeuroRing_7.SpikeInWeight
INFO: [CFGEN 83-0]   SynapseRouter_8.SpikeOutWeight => NeuroRing_8.SpikeInWeight
INFO: [CFGEN 83-0]   SynapseRouter_9.SpikeOutWeight => NeuroRing_9.SpikeInWeight
INFO: [CFGEN 83-0]   SynapseRouter_0.syn_forward_rt_right => SynapseRouter_1.syn_route_in_right
INFO: [CFGEN 83-0]   SynapseRouter_1.syn_forward_rt_right => SynapseRouter_2.syn_route_in_right
INFO: [CFGEN 83-0]   SynapseRouter_2.syn_forward_rt_right => SynapseRouter_3.syn_route_in_right
INFO: [CFGEN 83-0]   SynapseRouter_3.syn_forward_rt_right => SynapseRouter_4.syn_route_in_right
INFO: [CFGEN 83-0]   SynapseRouter_4.syn_forward_rt_right => SynapseRouter_5.syn_route_in_right
INFO: [CFGEN 83-0]   SynapseRouter_5.syn_forward_rt_right => SynapseRouter_6.syn_route_in_right
INFO: [CFGEN 83-0]   SynapseRouter_6.syn_forward_rt_right => SynapseRouter_7.syn_route_in_right
INFO: [CFGEN 83-0]   SynapseRouter_7.syn_forward_rt_right => SynapseRouter_8.syn_route_in_right
INFO: [CFGEN 83-0]   SynapseRouter_8.syn_forward_rt_right => SynapseRouter_9.syn_route_in_right
INFO: [CFGEN 83-0]   SynapseRouter_9.syn_forward_rt_right => SynapseRouter_0.syn_route_in_right
INFO: [CFGEN 83-0]   SynapseRouter_0.syn_forward_rt_left => SynapseRouter_9.syn_route_in_left
INFO: [CFGEN 83-0]   SynapseRouter_9.syn_forward_rt_left => SynapseRouter_8.syn_route_in_left
INFO: [CFGEN 83-0]   SynapseRouter_8.syn_forward_rt_left => SynapseRouter_7.syn_route_in_left
INFO: [CFGEN 83-0]   SynapseRouter_7.syn_forward_rt_left => SynapseRouter_6.syn_route_in_left
INFO: [CFGEN 83-0]   SynapseRouter_6.syn_forward_rt_left => SynapseRouter_5.syn_route_in_left
INFO: [CFGEN 83-0]   SynapseRouter_5.syn_forward_rt_left => SynapseRouter_4.syn_route_in_left
INFO: [CFGEN 83-0]   SynapseRouter_4.syn_forward_rt_left => SynapseRouter_3.syn_route_in_left
INFO: [CFGEN 83-0]   SynapseRouter_3.syn_forward_rt_left => SynapseRouter_2.syn_route_in_left
INFO: [CFGEN 83-0]   SynapseRouter_2.syn_forward_rt_left => SynapseRouter_1.syn_route_in_left
INFO: [CFGEN 83-0]   SynapseRouter_1.syn_forward_rt_left => SynapseRouter_0.syn_route_in_left
INFO: [SYSTEM_LINK 82-37] [05:33:22] cfgen finished successfully
Time (s): cpu = 00:00:09 ; elapsed = 00:00:09 . Memory (MB): peak = 498.840 ; gain = 0.000 ; free physical = 128172 ; free virtual = 211996
INFO: [SYSTEM_LINK 82-52] Create top-level block diagram
INFO: [SYSTEM_LINK 82-38] [05:33:22] cf2bd started: /opt/xilinx/2025.1/Vitis/bin/cf2bd  --linux --trace_buffer 1024 --input_file /home/miahafiz/NeuroRing_a_4096_10c/_x.hw.NUM_4096.CORE_10.FREQ_300/link/sys_link/cfgraph/cfgen_cfgraph.xml --ip_db /home/miahafiz/NeuroRing_a_4096_10c/_x.hw.NUM_4096.CORE_10.FREQ_300/link/sys_link/_sysl/.cdb/xd_ip_db.xml --cf_name dr --working_dir /home/miahafiz/NeuroRing_a_4096_10c/_x.hw.NUM_4096.CORE_10.FREQ_300/link/sys_link/_sysl/.xsd --temp_dir /home/miahafiz/NeuroRing_a_4096_10c/_x.hw.NUM_4096.CORE_10.FREQ_300/link/sys_link --output_dir /home/miahafiz/NeuroRing_a_4096_10c/_x.hw.NUM_4096.CORE_10.FREQ_300/link/int --target_bd ulp.bd
INFO: [CF2BD 82-31] Launching cf2xd: cf2xd -linux -trace-buffer 1024 -i /home/miahafiz/NeuroRing_a_4096_10c/_x.hw.NUM_4096.CORE_10.FREQ_300/link/sys_link/cfgraph/cfgen_cfgraph.xml -r /home/miahafiz/NeuroRing_a_4096_10c/_x.hw.NUM_4096.CORE_10.FREQ_300/link/sys_link/_sysl/.cdb/xd_ip_db.xml -o dr.xml
INFO: [CF2BD 82-28] cf2xd finished successfully
INFO: [CF2BD 82-31] Launching cf_xsd: cf_xsd -disable-address-gen -bd ulp.bd -dn dr -dp /home/miahafiz/NeuroRing_a_4096_10c/_x.hw.NUM_4096.CORE_10.FREQ_300/link/sys_link/_sysl/.xsd
rlwrap: warning: your $TERM is 'screen.xterm-256color' but rlwrap couldn't find it in the terminfo database. Expect some problems.: Inappropriate ioctl for device
INFO: [CF2BD 82-28] cf_xsd finished successfully
INFO: [SYSTEM_LINK 82-37] [05:34:01] cf2bd finished successfully
Time (s): cpu = 00:00:38 ; elapsed = 00:00:39 . Memory (MB): peak = 498.840 ; gain = 0.000 ; free physical = 127741 ; free virtual = 211331
INFO: [v++ 60-1441] [05:34:01] Run run_link: Step system_link: Completed
Time (s): cpu = 00:00:52 ; elapsed = 00:01:02 . Memory (MB): peak = 515.875 ; gain = 0.000 ; free physical = 127848 ; free virtual = 211438
INFO: [v++ 60-1443] [05:34:01] Run run_link: Step cf2sw: Started
INFO: [v++ 60-1453] Command Line: cf2sw -sdsl /home/miahafiz/NeuroRing_a_4096_10c/_x.hw.NUM_4096.CORE_10.FREQ_300/link/int/sdsl.dat -rtd /home/miahafiz/NeuroRing_a_4096_10c/_x.hw.NUM_4096.CORE_10.FREQ_300/link/int/cf2sw.rtd -nofilter /home/miahafiz/NeuroRing_a_4096_10c/_x.hw.NUM_4096.CORE_10.FREQ_300/link/int/cf2sw_full.rtd -xclbin /home/miahafiz/NeuroRing_a_4096_10c/_x.hw.NUM_4096.CORE_10.FREQ_300/link/int/xclbin_orig.xml -o /home/miahafiz/NeuroRing_a_4096_10c/_x.hw.NUM_4096.CORE_10.FREQ_300/link/int/xclbin_orig.1.xml
INFO: [v++ 60-1454] Run Directory: /home/miahafiz/NeuroRing_a_4096_10c/_x.hw.NUM_4096.CORE_10.FREQ_300/link/run_link
INFO: [v++ 60-1441] [05:34:42] Run run_link: Step cf2sw: Completed
Time (s): cpu = 00:00:40 ; elapsed = 00:00:41 . Memory (MB): peak = 515.875 ; gain = 0.000 ; free physical = 126789 ; free virtual = 210571
INFO: [v++ 60-1443] [05:34:42] Run run_link: Step rtd2_system_diagram: Started
INFO: [v++ 60-1453] Command Line: rtd2SystemDiagram
INFO: [v++ 60-1454] Run Directory: /home/miahafiz/NeuroRing_a_4096_10c/_x.hw.NUM_4096.CORE_10.FREQ_300/link/run_link
INFO: [v++ 60-1441] [05:34:43] Run run_link: Step rtd2_system_diagram: Completed
Time (s): cpu = 00:00:00 ; elapsed = 00:00:00.82 . Memory (MB): peak = 515.875 ; gain = 0.000 ; free physical = 126878 ; free virtual = 210542
INFO: [v++ 60-1443] [05:34:43] Run run_link: Step vpl: Started
INFO: [v++ 60-1453] Command Line: vpl -t hw -f xilinx_u55c_gen3x16_xdma_3_202210_1 -s --kernel_frequency 300 --remote_ip_cache /home/miahafiz/NeuroRing_a_4096_10c/.ipcache --output_dir /home/miahafiz/NeuroRing_a_4096_10c/_x.hw.NUM_4096.CORE_10.FREQ_300/link/int --log_dir /home/miahafiz/NeuroRing_a_4096_10c/_x.hw.NUM_4096.CORE_10.FREQ_300/logs/link --report_dir /home/miahafiz/NeuroRing_a_4096_10c/_x.hw.NUM_4096.CORE_10.FREQ_300/reports/link --config /home/miahafiz/NeuroRing_a_4096_10c/_x.hw.NUM_4096.CORE_10.FREQ_300/link/int/vplConfig.ini -k /home/miahafiz/NeuroRing_a_4096_10c/_x.hw.NUM_4096.CORE_10.FREQ_300/link/int/kernel_info.dat --webtalk_flag Vitis --temp_dir /home/miahafiz/NeuroRing_a_4096_10c/_x.hw.NUM_4096.CORE_10.FREQ_300/link --no-info --iprepo /home/miahafiz/NeuroRing_a_4096_10c/_x.hw.NUM_4096.CORE_10.FREQ_300/link/int/xo/ip_repo/xilinx_com_hls_SynapseRouter_1_0 --iprepo /home/miahafiz/NeuroRing_a_4096_10c/_x.hw.NUM_4096.CORE_10.FREQ_300/link/int/xo/ip_repo/xilinx_com_hls_NeuroRing_1_0 --messageDb /home/miahafiz/NeuroRing_a_4096_10c/_x.hw.NUM_4096.CORE_10.FREQ_300/link/run_link/vpl.pb /home/miahafiz/NeuroRing_a_4096_10c/_x.hw.NUM_4096.CORE_10.FREQ_300/link/int/dr.bd.tcl
INFO: [v++ 60-1454] Run Directory: /home/miahafiz/NeuroRing_a_4096_10c/_x.hw.NUM_4096.CORE_10.FREQ_300/link/run_link

****** vpl v2025.1 (64-bit)
  **** SW Build 6137779 on 2025-05-21-18:10:03
  **** Start of session at: Fri Feb 27 05:34:46 2026
    ** Copyright 1986-2022 Xilinx, Inc. All Rights Reserved.
    ** Copyright 2022-2025 Advanced Micro Devices, Inc. All Rights Reserved.

INFO: [VPL 60-839] Read in kernel information from file '/home/miahafiz/NeuroRing_a_4096_10c/_x.hw.NUM_4096.CORE_10.FREQ_300/link/int/kernel_info.dat'.
INFO: [VPL 74-78] Compiler Version string: 2025.1
INFO: [VPL 60-423]   Target device: xilinx_u55c_gen3x16_xdma_3_202210_1
WARNING: [VPL 60-889] User-specified kernel frequency for ID 0 is the same as the default frequency 300 MHz, so it will be ignored
INFO: [VPL 60-1032] Extracting hardware platform to /home/miahafiz/NeuroRing_a_4096_10c/_x.hw.NUM_4096.CORE_10.FREQ_300/link/vivado/vpl/.local/hw_platform
[05:35:05] Run vpl: Step create_project: Started
Creating Vivado project.
[05:35:08] Run vpl: Step create_project: Completed
[05:35:08] Run vpl: Step create_bd: Started
[05:36:11] Run vpl: Step create_bd: Completed
[05:36:11] Run vpl: Step update_bd: Started
[05:36:14] Run vpl: Step update_bd: Completed
[05:36:14] Run vpl: Step generate_target: Started
[05:37:30] Run vpl: Step generate_target: RUNNING...
[05:38:47] Run vpl: Step generate_target: RUNNING...
[05:40:04] Run vpl: Step generate_target: RUNNING...
[05:40:43] Run vpl: Step generate_target: Completed
[05:40:43] Run vpl: Step config_hw_runs: Started
[05:42:03] Run vpl: Step config_hw_runs: RUNNING...
[05:43:22] Run vpl: Step config_hw_runs: RUNNING...
[05:44:39] Run vpl: Step config_hw_runs: RUNNING...
[05:45:58] Run vpl: Step config_hw_runs: RUNNING...
[05:46:22] Run vpl: Step config_hw_runs: Completed
[05:46:22] Run vpl: Step synth: Started
[05:49:02] Block-level synthesis in progress, 0 of 272 jobs complete, 16 jobs running.
[05:49:36] Block-level synthesis in progress, 0 of 272 jobs complete, 16 jobs running.
[05:50:12] Block-level synthesis in progress, 8 of 272 jobs complete, 8 jobs running.
[05:50:44] Block-level synthesis in progress, 15 of 272 jobs complete, 13 jobs running.
[05:51:16] Block-level synthesis in progress, 20 of 272 jobs complete, 11 jobs running.
[05:51:50] Block-level synthesis in progress, 23 of 272 jobs complete, 13 jobs running.
[05:52:24] Block-level synthesis in progress, 31 of 272 jobs complete, 9 jobs running.
[05:52:59] Block-level synthesis in progress, 34 of 272 jobs complete, 13 jobs running.
[05:53:33] Block-level synthesis in progress, 39 of 272 jobs complete, 14 jobs running.
[05:54:09] Block-level synthesis in progress, 44 of 272 jobs complete, 12 jobs running.
[05:54:47] Block-level synthesis in progress, 50 of 272 jobs complete, 12 jobs running.
[05:55:21] Block-level synthesis in progress, 57 of 272 jobs complete, 12 jobs running.
[05:55:54] Block-level synthesis in progress, 65 of 272 jobs complete, 8 jobs running.
[05:56:32] Block-level synthesis in progress, 71 of 272 jobs complete, 10 jobs running.
[05:57:09] Block-level synthesis in progress, 79 of 272 jobs complete, 10 jobs running.
[05:57:41] Block-level synthesis in progress, 90 of 272 jobs complete, 7 jobs running.
[05:58:17] Block-level synthesis in progress, 98 of 272 jobs complete, 9 jobs running.
[05:58:49] Block-level synthesis in progress, 107 of 272 jobs complete, 10 jobs running.
[05:59:23] Block-level synthesis in progress, 118 of 272 jobs complete, 6 jobs running.
[05:59:57] Block-level synthesis in progress, 125 of 272 jobs complete, 9 jobs running.
[06:00:29] Block-level synthesis in progress, 131 of 272 jobs complete, 12 jobs running.
[06:01:03] Block-level synthesis in progress, 142 of 272 jobs complete, 5 jobs running.
[06:01:35] Block-level synthesis in progress, 151 of 272 jobs complete, 7 jobs running.
[06:02:09] Block-level synthesis in progress, 157 of 272 jobs complete, 10 jobs running.
[06:02:42] Block-level synthesis in progress, 169 of 272 jobs complete, 9 jobs running.
[06:03:14] Block-level synthesis in progress, 181 of 272 jobs complete, 4 jobs running.
[06:03:48] Block-level synthesis in progress, 189 of 272 jobs complete, 9 jobs running.
[06:04:20] Block-level synthesis in progress, 198 of 272 jobs complete, 9 jobs running.
[06:04:53] Block-level synthesis in progress, 207 of 272 jobs complete, 10 jobs running.
[06:05:26] Block-level synthesis in progress, 213 of 272 jobs complete, 11 jobs running.
[06:05:59] Block-level synthesis in progress, 218 of 272 jobs complete, 11 jobs running.
[06:06:32] Block-level synthesis in progress, 226 of 272 jobs complete, 8 jobs running.
[06:07:04] Block-level synthesis in progress, 237 of 272 jobs complete, 6 jobs running.
[06:07:37] Block-level synthesis in progress, 247 of 272 jobs complete, 7 jobs running.
[06:08:09] Block-level synthesis in progress, 259 of 272 jobs complete, 5 jobs running.
[06:08:42] Block-level synthesis in progress, 268 of 272 jobs complete, 2 jobs running.
[06:09:14] Block-level synthesis in progress, 268 of 272 jobs complete, 4 jobs running.
[06:09:47] Block-level synthesis in progress, 269 of 272 jobs complete, 3 jobs running.
[06:10:19] Block-level synthesis in progress, 272 of 272 jobs complete, 0 jobs running.
[06:10:52] Top-level synthesis in progress.
[06:11:24] Top-level synthesis in progress.
[06:11:56] Top-level synthesis in progress.
[06:12:28] Top-level synthesis in progress.
[06:13:00] Top-level synthesis in progress.
[06:13:33] Top-level synthesis in progress.
[06:14:26] Run vpl: Step synth: Completed
[06:14:26] Run vpl: Step impl: Started
[06:38:52] Finished 2nd of 6 tasks (FPGA linking synthesized kernels to platform). Elapsed time: 01h 04m 06s 

[06:38:52] Starting logic optimization..
[06:39:24] Phase 1 Initialization
[06:39:24] Phase 1.1 Core Generation And Design Setup
[06:39:56] Phase 1.2 Setup Constraints And Sort Netlist
[06:39:56] Phase 2 Timer Update And Timing Data Collection
[06:39:56] Phase 2.1 Timer Update
[06:40:29] Phase 2.2 Timing Data Collection
[06:40:29] Phase 3 Retarget
[06:41:34] Phase 4 Constant propagation
[06:41:34] Phase 5 Sweep
[06:42:39] Phase 6 BUFG optimization
[06:43:11] Phase 7 Shift Register Optimization
[06:43:11] Phase 8 Post Processing Netlist
[06:43:11] Phase 9 Finalization
[06:43:11] Phase 9.1 Finalizing Design Cores and Updating Shapes
[06:43:44] Phase 9.2 Verifying Netlist Connectivity
[06:44:48] Finished 3rd of 6 tasks (FPGA logic optimization). Elapsed time: 00h 05m 56s 

[06:44:48] Starting logic placement..
[06:45:21] Phase 1 Placer Initialization
[06:45:21] Phase 1.1 Placer Initialization Netlist Sorting
[06:50:45] Phase 1.2 IO Placement/ Clock Placement/ Build Placer Device
[06:53:28] Phase 1.3 Build Placer Netlist Model
[06:59:59] Phase 1.4 Constrain Clocks/Macros
[07:01:05] Phase 2 Global Placement
[07:01:05] Phase 2.1 Floorplanning
[07:05:30] Phase 2.1.1 Partition Driven Placement
[07:05:30] Phase 2.1.1.1 PBP: Partition Driven Placement
[07:16:58] Phase 2.1.1.2 PBP: Clock Region Placement
[07:18:37] Phase 2.1.1.3 PBP: Compute Congestion
[07:19:10] Phase 2.1.1.4 PBP: UpdateTiming
[07:20:15] Phase 2.1.1.5 PBP: Add part constraints
[07:20:15] Phase 2.2 Physical Synthesis After Floorplan
[07:21:54] Phase 2.3 Update Timing before SLR Path Opt
[07:21:54] Phase 2.4 Post-Processing in Floorplanning
[07:21:54] Phase 2.5 Global Place Phase1
[07:48:10] Phase 2.6 Global Place Phase2
[07:48:10] Phase 2.6.1 UpdateTiming Before Physical Synthesis
[07:49:16] Phase 2.6.2 Physical Synthesis In Placer
[08:01:19] Phase 3 Detail Placement
[08:01:51] Phase 3.1 Commit Multi Column Macros
[08:01:51] Phase 3.2 Commit Most Macros & LUTRAMs
[08:07:19] Phase 3.3 Small Shape DP
[08:07:19] Phase 3.3.1 Small Shape Clustering
[08:07:52] Phase 3.3.2 Slice Area Swap
[08:08:25] Phase 3.3.2.1 Slice Area Swap Initial
[08:17:49] Phase 3.4 Place Remaining
[08:18:21] Phase 3.5 Re-assign LUT pins
[08:19:28] Phase 3.6 Pipeline Register Optimization
[08:20:34] Phase 3.7 Fast Optimization
[08:23:55] Phase 4 Post Placement Optimization and Clean-Up
[08:23:55] Phase 4.1 Post Commit Optimization
[08:28:57] Phase 4.1.1 Post Placement Optimization
[08:28:57] Phase 4.1.1.1 BUFG Insertion
[08:28:57] Phase 1 Physical Synthesis Initialization
[08:36:06] Phase 4.1.1.2 BUFG Replication
[08:38:50] Phase 4.1.1.3 Post Placement Timing Optimization
[08:47:01] Phase 4.1.1.4 Replication
[08:52:28] Phase 4.2 Post Placement Cleanup
[08:52:28] Phase 4.3 Placer Reporting
[08:52:28] Phase 4.3.1 Print Estimated Congestion
[08:52:28] Phase 4.4 Final Placement Cleanup
[10:11:12] Finished 4th of 6 tasks (FPGA logic placement). Elapsed time: 03h 26m 23s 

[10:11:12] Starting logic routing..
[10:11:12] Phase 1 Build RT Design
[10:15:35] Phase 2 Router Initialization
[10:15:35] Phase 2.1 Fix Topology Constraints
[10:15:35] Phase 2.2 Pre Route Cleanup
[10:16:08] Phase 2.3 Global Clock Net Routing
[10:17:15] Phase 2.4 Update Timing
[10:23:47] Phase 2.5 Update Timing for Bus Skew
[10:23:47] Phase 2.5.1 Update Timing
[10:26:04] Phase 2.6 Soft Constraint Pins - Fast Budgeting
[10:26:37] Phase 3 Global Routing
[10:26:37] Phase 3.1 SLL Assignment
[10:26:37] Phase 3.2 Global Routing
[10:26:37] Phase 3.2.1 Build GR Node Graph
[10:29:53] Phase 3.2.2 Run Global Routing
[10:41:27] Phase 4 Initial Routing
[10:41:27] Phase 4.1 Initial Net Routing Pass
[10:45:16] Phase 5 Rip-up And Reroute
[10:45:16] Phase 5.1 Global Iteration 0
[14:17:26] Phase 5.2 Global Iteration 1
[15:02:48] Phase 5.3 Global Iteration 2
[15:31:05] Phase 5.4 Global Iteration 3
[15:57:29] Phase 5.5 Global Iteration 4
[16:27:29] Phase 6 Delay and Skew Optimization
[16:27:29] Phase 6.1 Delay CleanUp
[16:29:41] Phase 6.2 Clock Skew Optimization
[16:29:41] Phase 7 Post Hold Fix
[16:29:41] Phase 7.1 Hold Fix Iter
[16:31:20] Phase 8 Route finalize
[16:31:52] Phase 9 Verifying routed nets
[16:31:52] Phase 10 Depositing Routes
[16:32:58] Phase 11 Leaf Clock Prog Delay Opt
[16:34:03] Phase 11.1 Optimize Skews
[16:34:03] Phase 11.1.1 Leaf ClockOpt Init
[16:38:57] Phase 11.2 Post SkewOpt Delay Cleanup
[16:38:57] Phase 11.2.1 Delay CleanUp
[16:41:08] Phase 11.3 Post SkewOpt Hold Fix
[16:41:08] Phase 11.3.1 Hold Fix Iter
[16:46:31] Phase 12 Depositing Routes
[16:47:37] Phase 13 Resolve XTalk
[16:48:09] Phase 14 Post Process Routing
[16:48:09] Phase 15 Post Router Timing
[16:50:21] Phase 16 Physical Synthesis in Router
[16:50:21] Phase 16.1 Physical Synthesis Initialization
[16:55:51] Phase 16.2 Critical Path Optimization
[17:02:31] Phase 17 Route finalize
[17:02:31] Phase 18 Post-Route Event Processing
[17:05:16] Finished 5th of 6 tasks (FPGA routing). Elapsed time: 06h 54m 03s 

[17:05:16] Starting bitstream generation..
[17:34:29] Creating bitmap...
[17:40:30] Writing bitstream ./level0_i_ulp_my_rm_partial.bit...
[17:41:03] Finished 6th of 6 tasks (FPGA bitstream generation). Elapsed time: 00h 35m 47s 
Check VPL, containing 12 checks, has run: 0 errors, 2 warning violations
WARNING: [AUTO-FREQ-SCALING-07] One or more timing paths failed timing requirements. The system clock hbm_aclk has an original frequency equal to 450 MHz. The frequency has been automatically changed to 447.4 MHz to enable proper functionality.
WARNING: [AUTO-FREQ-SCALING-04] One or more timing paths failed timing requirements. The kernel clock ulp_ucs/aclk_kernel_00 has an original frequency equal to 300.000000 MHz. The frequency has been automatically changed to 203.5 MHz to enable proper functionality. The clock Id is 0.
[17:42:43] Run vpl: Step impl: Completed
[17:42:46] Run vpl: FINISHED. Run Status: impl Complete!
INFO: [v++ 60-1441] [17:42:56] Run run_link: Step vpl: Completed
Time (s): cpu = 00:25:55 ; elapsed = 12:08:13 . Memory (MB): peak = 515.875 ; gain = 0.000 ; free physical = 59450 ; free virtual = 126438
INFO: [v++ 60-1443] [17:42:56] Run run_link: Step rtdgen: Started
INFO: [v++ 60-1453] Command Line: rtdgen
INFO: [v++ 60-1454] Run Directory: /home/miahafiz/NeuroRing_a_4096_10c/_x.hw.NUM_4096.CORE_10.FREQ_300/link/run_link
INFO: [v++ 60-991] clock name 'ulp_ucs/aclk_kernel_01' (clock ID '1') is being mapped to clock name 'KERNEL_CLK' in the xclbin
INFO: [v++ 60-991] clock name 'ulp_ucs/aclk_kernel_00' (clock ID '0') is being mapped to clock name 'DATA_CLK' in the xclbin
INFO: [v++ 60-991] clock name 'hbm_aclk' (clock ID '') is being mapped to clock name 'hbm_aclk' in the xclbin
INFO: [v++ 60-1230] The compiler selected the following frequencies for the runtime controllable kernel clock(s) and scalable system clock(s): System (SYSTEM) clock: hbm_aclk = 447, Kernel (KERNEL) clock: ulp_ucs/aclk_kernel_01 = 500, Kernel (DATA) clock: ulp_ucs/aclk_kernel_00 = 203
INFO: [v++ 60-1453] Command Line: cf2sw -a /home/miahafiz/NeuroRing_a_4096_10c/_x.hw.NUM_4096.CORE_10.FREQ_300/link/int/address_map.xml -sdsl /home/miahafiz/NeuroRing_a_4096_10c/_x.hw.NUM_4096.CORE_10.FREQ_300/link/int/sdsl.dat -xclbin /home/miahafiz/NeuroRing_a_4096_10c/_x.hw.NUM_4096.CORE_10.FREQ_300/link/int/xclbin_orig.xml -rtd /home/miahafiz/NeuroRing_a_4096_10c/_x.hw.NUM_4096.CORE_10.FREQ_300/link/int/krnl_neuroring_hw.rtd -o /home/miahafiz/NeuroRing_a_4096_10c/_x.hw.NUM_4096.CORE_10.FREQ_300/link/int/krnl_neuroring_hw.xml
INFO: [v++ 60-1652] Cf2sw returned exit code: 0
INFO: [v++ 60-1441] [17:43:42] Run run_link: Step rtdgen: Completed
Time (s): cpu = 00:00:44 ; elapsed = 00:00:46 . Memory (MB): peak = 515.875 ; gain = 0.000 ; free physical = 62826 ; free virtual = 129921
INFO: [v++ 60-1443] [17:43:42] Run run_link: Step xclbinutil: Started
INFO: [v++ 60-1453] Command Line: xclbinutil --add-section BITSTREAM:RAW:/home/miahafiz/NeuroRing_a_4096_10c/_x.hw.NUM_4096.CORE_10.FREQ_300/link/int/partial.bit --force --target hw --key-value SYS:dfx_enable:true --add-section :JSON:/home/miahafiz/NeuroRing_a_4096_10c/_x.hw.NUM_4096.CORE_10.FREQ_300/link/int/krnl_neuroring_hw.rtd --append-section :JSON:/home/miahafiz/NeuroRing_a_4096_10c/_x.hw.NUM_4096.CORE_10.FREQ_300/link/int/appendSection.rtd --add-section CLOCK_FREQ_TOPOLOGY:JSON:/home/miahafiz/NeuroRing_a_4096_10c/_x.hw.NUM_4096.CORE_10.FREQ_300/link/int/krnl_neuroring_hw_xml.rtd --add-section BUILD_METADATA:JSON:/home/miahafiz/NeuroRing_a_4096_10c/_x.hw.NUM_4096.CORE_10.FREQ_300/link/int/krnl_neuroring_hw_build.rtd --add-section EMBEDDED_METADATA:RAW:/home/miahafiz/NeuroRing_a_4096_10c/_x.hw.NUM_4096.CORE_10.FREQ_300/link/int/krnl_neuroring_hw.xml --add-section SYSTEM_METADATA:RAW:/home/miahafiz/NeuroRing_a_4096_10c/_x.hw.NUM_4096.CORE_10.FREQ_300/link/int/systemDiagramModelSlrBaseAddress.json --key-value SYS:PlatformVBNV:xilinx_u55c_gen3x16_xdma_3_202210_1 --output /home/miahafiz/NeuroRing_a_4096_10c/_build_dir.hw.NUM_4096.CORE_10.FREQ_300/krnl_neuroring_hw.xclbin
INFO: [v++ 60-1454] Run Directory: /home/miahafiz/NeuroRing_a_4096_10c/_x.hw.NUM_4096.CORE_10.FREQ_300/link/run_link
XRT Build Version: 2.18.179 (2024.2)
       Build Date: 2024-11-05 13:57:47
          Hash ID: 3ade2e671e5ab463400813fc2846c57edf82bb10
Creating a default 'in-memory' xclbin image.

Section: 'BITSTREAM'(0) was successfully added.
Size   : 76597786 bytes
Format : RAW
File   : '/home/miahafiz/NeuroRing_a_4096_10c/_x.hw.NUM_4096.CORE_10.FREQ_300/link/int/partial.bit'

Section: 'MEM_TOPOLOGY'(6) was successfully added.
Format : JSON
File   : 'mem_topology'

Section: 'IP_LAYOUT'(8) was successfully added.
Format : JSON
File   : 'ip_layout'

Section: 'CONNECTIVITY'(7) was successfully added.
Format : JSON
File   : 'connectivity'

Section: 'CLOCK_FREQ_TOPOLOGY'(11) was successfully added.
Size   : 410 bytes
Format : JSON
File   : '/home/miahafiz/NeuroRing_a_4096_10c/_x.hw.NUM_4096.CORE_10.FREQ_300/link/int/krnl_neuroring_hw_xml.rtd'

Section: 'BUILD_METADATA'(14) was successfully added.
Size   : 14937 bytes
Format : JSON
File   : '/home/miahafiz/NeuroRing_a_4096_10c/_x.hw.NUM_4096.CORE_10.FREQ_300/link/int/krnl_neuroring_hw_build.rtd'

Section: 'EMBEDDED_METADATA'(2) was successfully added.
Size   : 73207 bytes
Format : RAW
File   : '/home/miahafiz/NeuroRing_a_4096_10c/_x.hw.NUM_4096.CORE_10.FREQ_300/link/int/krnl_neuroring_hw.xml'

Section: 'SYSTEM_METADATA'(22) was successfully added.
Size   : 258228 bytes
Format : RAW
File   : '/home/miahafiz/NeuroRing_a_4096_10c/_x.hw.NUM_4096.CORE_10.FREQ_300/link/int/systemDiagramModelSlrBaseAddress.json'

Section: 'PARTITION_METADATA'(20) was successfully appended to.
Format : JSON
File   : 'partition_metadata'

Section: 'IP_LAYOUT'(8) was successfully appended to.
Format : JSON
File   : 'ip_layout'
Successfully wrote (77028217 bytes) to the output file: /home/miahafiz/NeuroRing_a_4096_10c/_build_dir.hw.NUM_4096.CORE_10.FREQ_300/krnl_neuroring_hw.xclbin
Leaving xclbinutil.
INFO: [v++ 60-1441] [17:43:43] Run run_link: Step xclbinutil: Completed
Time (s): cpu = 00:00:00.15 ; elapsed = 00:00:02 . Memory (MB): peak = 515.875 ; gain = 0.000 ; free physical = 62749 ; free virtual = 129917
INFO: [v++ 60-1443] [17:43:43] Run run_link: Step xclbinutilinfo: Started
INFO: [v++ 60-1453] Command Line: xclbinutil --quiet --force --info /home/miahafiz/NeuroRing_a_4096_10c/_build_dir.hw.NUM_4096.CORE_10.FREQ_300/krnl_neuroring_hw.xclbin.info --input /home/miahafiz/NeuroRing_a_4096_10c/_build_dir.hw.NUM_4096.CORE_10.FREQ_300/krnl_neuroring_hw.xclbin
INFO: [v++ 60-1454] Run Directory: /home/miahafiz/NeuroRing_a_4096_10c/_x.hw.NUM_4096.CORE_10.FREQ_300/link/run_link
INFO: [v++ 60-1441] [17:43:45] Run run_link: Step xclbinutilinfo: Completed
Time (s): cpu = 00:00:00.97 ; elapsed = 00:00:02 . Memory (MB): peak = 515.875 ; gain = 0.000 ; free physical = 62742 ; free virtual = 129911
INFO: [v++ 60-244] Generating system estimate report...
INFO: [v++ 60-1092] Generated system estimate report: /home/miahafiz/NeuroRing_a_4096_10c/_x.hw.NUM_4096.CORE_10.FREQ_300/reports/link/system_estimate_krnl_neuroring_hw.xtxt
INFO: [v++ 60-586] Created /home/miahafiz/NeuroRing_a_4096_10c/_build_dir.hw.NUM_4096.CORE_10.FREQ_300/krnl_neuroring_hw.ltx
INFO: [v++ 60-586] Created _build_dir.hw.NUM_4096.CORE_10.FREQ_300/krnl_neuroring_hw.xclbin
INFO: [v++ 60-1307] Run completed. Additional information can be found in:
	Guidance: /home/miahafiz/NeuroRing_a_4096_10c/_x.hw.NUM_4096.CORE_10.FREQ_300/reports/link/v++_link_krnl_neuroring_hw_guidance.html
	Timing Report: /home/miahafiz/NeuroRing_a_4096_10c/_x.hw.NUM_4096.CORE_10.FREQ_300/reports/link/imp/impl_1_hw_bb_locked_timing_summary_routed.rpt
	Vivado Log: /home/miahafiz/NeuroRing_a_4096_10c/_x.hw.NUM_4096.CORE_10.FREQ_300/logs/link/vivado.log
	Steps Log File: /home/miahafiz/NeuroRing_a_4096_10c/_x.hw.NUM_4096.CORE_10.FREQ_300/logs/link/link.steps.log

INFO: [v++ 60-2343] Use the Vitis Unified IDE to visualize and navigate the reports. Run the following command. 
    vitis --analyze /home/miahafiz/NeuroRing_a_4096_10c/_build_dir.hw.NUM_4096.CORE_10.FREQ_300/krnl_neuroring_hw.xclbin.link_summary 
INFO: [v++ 60-791] Total elapsed time: 12h 11m 3s
