
*** Running vivado
    with args -log bd_85ad_interconnect1_0_0.vds -m64 -product Vivado -mode batch -messageDb vivado.pb -notrace -source bd_85ad_interconnect1_0_0.tcl


****** Vivado v2025.1 (64-bit)
  **** SW Build 6140274 on Wed May 21 22:58:25 MDT 2025
  **** IP Build 6138677 on Thu May 22 03:10:11 MDT 2025
  **** SharedData Build 6139179 on Tue May 20 17:58:58 MDT 2025
  **** Start of session at: Fri Feb 27 05:25:01 2026
    ** Copyright 1986-2022 Xilinx, Inc. All Rights Reserved.
    ** Copyright 2022-2025 Advanced Micro Devices, Inc. All Rights Reserved.

source bd_85ad_interconnect1_0_0.tcl -notrace
INFO: Dispatch client connection id - 34529
create_project: Time (s): cpu = 00:00:10 ; elapsed = 00:00:10 . Memory (MB): peak = 1535.047 ; gain = 8.930 ; free physical = 115227 ; free virtual = 198088
INFO: [IP_Flow 19-234] Refreshing IP repositories
INFO: [IP_Flow 19-1700] Loaded user IP repository '/home/miahafiz/NeuroRing_a_8192_5c/_x.hw.NUM_8192.CORE_5.FREQ_300/link/int/xo/ip_repo/xilinx_com_hls_SynapseRouter_1_0'.
INFO: [IP_Flow 19-1700] Loaded user IP repository '/home/miahafiz/NeuroRing_a_8192_5c/_x.hw.NUM_8192.CORE_5.FREQ_300/link/int/xo/ip_repo/xilinx_com_hls_NeuroRing_1_0'.
INFO: [IP_Flow 19-1700] Loaded user IP repository '/home/miahafiz/NeuroRing_a_8192_5c/_x.hw.NUM_8192.CORE_5.FREQ_300/link/vivado/vpl/.local/hw_platform/iprepo'.
INFO: [IP_Flow 19-1700] Loaded user IP repository '/opt/xilinx/2025.1/Vitis/data/cache/xilinx'.
INFO: [IP_Flow 19-1700] Loaded user IP repository '/home/miahafiz/NeuroRing_a_8192_5c/_x.hw.NUM_8192.CORE_5.FREQ_300/link/vivado/vpl/.local/hw_platform/ipcache'.
INFO: [IP_Flow 19-1700] Loaded user IP repository '/opt/xilinx/2025.1/Vitis/data/vitis/ip'.
INFO: [IP_Flow 19-2313] Loaded Vivado IP repository '/opt/xilinx/2025.1/Vivado/data/ip'.
WARNING: [IP_Flow 19-1663] Duplicate IP found for 'xilinx.com:ip:axi_clk_metadata_adapter:1.0'. The one found in IP location '/home/miahafiz/NeuroRing_a_8192_5c/_x.hw.NUM_8192.CORE_5.FREQ_300/link/vivado/vpl/.local/hw_platform/iprepo/ipdefs/other_ipdefs/axi_clk_metadata_adapter_v1_0' will take precedence over the same IP in location /home/miahafiz/NeuroRing_a_8192_5c/_x.hw.NUM_8192.CORE_5.FREQ_300/link/vivado/vpl/.local/hw_platform/iprepo/ipdefs/pxi_ii_infra/axi_clk_metadata_adapter_v1_0
WARNING: [IP_Flow 19-1663] Duplicate IP found for 'xilinx.com:ip:axis_clk_metadata_adapter:1.0'. The one found in IP location '/home/miahafiz/NeuroRing_a_8192_5c/_x.hw.NUM_8192.CORE_5.FREQ_300/link/vivado/vpl/.local/hw_platform/iprepo/ipdefs/other_ipdefs/axis_clk_metadata_adapter_v1_0' will take precedence over the same IP in location /home/miahafiz/NeuroRing_a_8192_5c/_x.hw.NUM_8192.CORE_5.FREQ_300/link/vivado/vpl/.local/hw_platform/iprepo/ipdefs/pxi_ii_infra/axis_clk_metadata_adapter_v1_0
WARNING: [IP_Flow 19-1663] Duplicate IP found for 'xilinx.com:ip:clk_metadata_adapter:1.0'. The one found in IP location '/home/miahafiz/NeuroRing_a_8192_5c/_x.hw.NUM_8192.CORE_5.FREQ_300/link/vivado/vpl/.local/hw_platform/iprepo/ipdefs/other_ipdefs/clk_metadata_adapter_v1_0' will take precedence over the same IP in location /home/miahafiz/NeuroRing_a_8192_5c/_x.hw.NUM_8192.CORE_5.FREQ_300/link/vivado/vpl/.local/hw_platform/iprepo/ipdefs/pxi_ii_infra/clk_metadata_adapter_v1_0
WARNING: [IP_Flow 19-1663] Duplicate IP found for 'xilinx.com:ip:pipeline_reg:1.0'. The one found in IP location '/home/miahafiz/NeuroRing_a_8192_5c/_x.hw.NUM_8192.CORE_5.FREQ_300/link/vivado/vpl/.local/hw_platform/iprepo/ipdefs/other_ipdefs/pipeline_reg_v1_0' will take precedence over the same IP in location /home/miahafiz/NeuroRing_a_8192_5c/_x.hw.NUM_8192.CORE_5.FREQ_300/link/vivado/vpl/.local/hw_platform/iprepo/ipdefs/pxi_ii_infra/pipeline_reg_v1_0
Command: synth_design -top bd_85ad_interconnect1_0_0 -part xcu55c-fsvh2892-2L-e -incremental_mode off -mode out_of_context
Starting synth_design
Attempting to get a license for feature 'Synthesis' and/or device 'xcu55c'
INFO: [Common 17-349] Got license for feature 'Synthesis' and/or device 'xcu55c'
INFO: [Device 21-403] Loading part xcu55c-fsvh2892-2L-e
INFO: [Synth 8-7079] Multithreading enabled for synth_design using a maximum of 1 processes.
INFO: [Synth 8-7078] Launching helper process for spawning children vivado processes
INFO: [Synth 8-7075] Helper process launched with PID 764486
---------------------------------------------------------------------------------
Starting RTL Elaboration : Time (s): cpu = 00:00:06 ; elapsed = 00:00:06 . Memory (MB): peak = 3250.828 ; gain = 288.691 ; free physical = 98607 ; free virtual = 181541
---------------------------------------------------------------------------------
INFO: [Synth 8-6157] synthesizing module 'bd_85ad_interconnect1_0_0' [/home/miahafiz/NeuroRing_a_8192_5c/_x.hw.NUM_8192.CORE_5.FREQ_300/link/vivado/vpl/prj/prj.gen/my_rm/bd/ulp/ip/ulp_hmss_0_0/bd_0/ip/ip_3/synth/bd_85ad_interconnect1_0_0.v:53]
INFO: [Synth 8-6157] synthesizing module 'bd_baa4' [/home/miahafiz/NeuroRing_a_8192_5c/_x.hw.NUM_8192.CORE_5.FREQ_300/link/vivado/vpl/prj/prj.gen/my_rm/bd/ulp/ip/ulp_hmss_0_0/bd_1/synth/bd_baa4.v:10]
INFO: [Synth 8-6157] synthesizing module 'clk_map_imp_1CIL6EU' [/home/miahafiz/NeuroRing_a_8192_5c/_x.hw.NUM_8192.CORE_5.FREQ_300/link/vivado/vpl/prj/prj.gen/my_rm/bd/ulp/ip/ulp_hmss_0_0/bd_1/synth/bd_baa4.v:716]
INFO: [Synth 8-6157] synthesizing module 'bd_baa4_one_0' [/home/miahafiz/NeuroRing_a_8192_5c/_x.hw.NUM_8192.CORE_5.FREQ_300/link/vivado/vpl/prj/prj.gen/my_rm/bd/ulp/ip/ulp_hmss_0_0/bd_1/ip/ip_0/synth/bd_baa4_one_0.v:53]
INFO: [Synth 8-6157] synthesizing module 'xlconstant_v1_1_10_xlconstant' [/home/miahafiz/NeuroRing_a_8192_5c/_x.hw.NUM_8192.CORE_5.FREQ_300/link/vivado/vpl/prj/prj.gen/my_rm/bd/ulp/ipshared/a165/hdl/xlconstant_v1_1_vl_rfs.v:68]
INFO: [Synth 8-6155] done synthesizing module 'xlconstant_v1_1_10_xlconstant' (0#1) [/home/miahafiz/NeuroRing_a_8192_5c/_x.hw.NUM_8192.CORE_5.FREQ_300/link/vivado/vpl/prj/prj.gen/my_rm/bd/ulp/ipshared/a165/hdl/xlconstant_v1_1_vl_rfs.v:68]
INFO: [Synth 8-6155] done synthesizing module 'bd_baa4_one_0' (0#1) [/home/miahafiz/NeuroRing_a_8192_5c/_x.hw.NUM_8192.CORE_5.FREQ_300/link/vivado/vpl/prj/prj.gen/my_rm/bd/ulp/ip/ulp_hmss_0_0/bd_1/ip/ip_0/synth/bd_baa4_one_0.v:53]
INFO: [Synth 8-638] synthesizing module 'bd_baa4_psr0_0' [/home/miahafiz/NeuroRing_a_8192_5c/_x.hw.NUM_8192.CORE_5.FREQ_300/link/vivado/vpl/prj/prj.gen/my_rm/bd/ulp/ip/ulp_hmss_0_0/bd_1/ip/ip_1/synth/bd_baa4_psr0_0.vhd:74]
	Parameter C_FAMILY bound to: virtexuplusHBM - type: string 
	Parameter C_EXT_RST_WIDTH bound to: 4 - type: integer 
	Parameter C_AUX_RST_WIDTH bound to: 1 - type: integer 
	Parameter C_EXT_RESET_HIGH bound to: 1'b0 
	Parameter C_AUX_RESET_HIGH bound to: 1'b0 
	Parameter C_NUM_BUS_RST bound to: 1 - type: integer 
	Parameter C_NUM_PERP_RST bound to: 1 - type: integer 
	Parameter C_NUM_INTERCONNECT_ARESETN bound to: 1 - type: integer 
	Parameter C_NUM_PERP_ARESETN bound to: 1 - type: integer 
INFO: [Synth 8-3491] module 'proc_sys_reset' declared at '/home/miahafiz/NeuroRing_a_8192_5c/_x.hw.NUM_8192.CORE_5.FREQ_300/link/vivado/vpl/prj/prj.gen/my_rm/bd/ulp/ipshared/9438/hdl/proc_sys_reset_v5_0_vh_rfs.vhd:1243' bound to instance 'U0' of component 'proc_sys_reset' [/home/miahafiz/NeuroRing_a_8192_5c/_x.hw.NUM_8192.CORE_5.FREQ_300/link/vivado/vpl/prj/prj.gen/my_rm/bd/ulp/ip/ulp_hmss_0_0/bd_1/ip/ip_1/synth/bd_baa4_psr0_0.vhd:139]
INFO: [Synth 8-638] synthesizing module 'proc_sys_reset' [/home/miahafiz/NeuroRing_a_8192_5c/_x.hw.NUM_8192.CORE_5.FREQ_300/link/vivado/vpl/prj/prj.gen/my_rm/bd/ulp/ipshared/9438/hdl/proc_sys_reset_v5_0_vh_rfs.vhd:1302]
	Parameter INIT bound to: 1'b1 
INFO: [Synth 8-113] binding component instance 'FDRE_inst' to cell 'FDRE' [/home/miahafiz/NeuroRing_a_8192_5c/_x.hw.NUM_8192.CORE_5.FREQ_300/link/vivado/vpl/prj/prj.gen/my_rm/bd/ulp/ipshared/9438/hdl/proc_sys_reset_v5_0_vh_rfs.vhd:1371]
	Parameter INIT bound to: 1'b1 
INFO: [Synth 8-113] binding component instance 'FDRE_BSR' to cell 'FDRE' [/home/miahafiz/NeuroRing_a_8192_5c/_x.hw.NUM_8192.CORE_5.FREQ_300/link/vivado/vpl/prj/prj.gen/my_rm/bd/ulp/ipshared/9438/hdl/proc_sys_reset_v5_0_vh_rfs.vhd:1387]
	Parameter INIT bound to: 1'b0 
INFO: [Synth 8-113] binding component instance 'FDRE_BSR_N' to cell 'FDRE' [/home/miahafiz/NeuroRing_a_8192_5c/_x.hw.NUM_8192.CORE_5.FREQ_300/link/vivado/vpl/prj/prj.gen/my_rm/bd/ulp/ipshared/9438/hdl/proc_sys_reset_v5_0_vh_rfs.vhd:1413]
	Parameter INIT bound to: 1'b1 
INFO: [Synth 8-113] binding component instance 'FDRE_PER' to cell 'FDRE' [/home/miahafiz/NeuroRing_a_8192_5c/_x.hw.NUM_8192.CORE_5.FREQ_300/link/vivado/vpl/prj/prj.gen/my_rm/bd/ulp/ipshared/9438/hdl/proc_sys_reset_v5_0_vh_rfs.vhd:1436]
	Parameter INIT bound to: 1'b0 
INFO: [Synth 8-113] binding component instance 'FDRE_PER_N' to cell 'FDRE' [/home/miahafiz/NeuroRing_a_8192_5c/_x.hw.NUM_8192.CORE_5.FREQ_300/link/vivado/vpl/prj/prj.gen/my_rm/bd/ulp/ipshared/9438/hdl/proc_sys_reset_v5_0_vh_rfs.vhd:1460]
INFO: [Synth 8-638] synthesizing module 'lpf' [/home/miahafiz/NeuroRing_a_8192_5c/_x.hw.NUM_8192.CORE_5.FREQ_300/link/vivado/vpl/prj/prj.gen/my_rm/bd/ulp/ipshared/9438/hdl/proc_sys_reset_v5_0_vh_rfs.vhd:821]
INFO: [Synth 8-3491] module 'SRL16' declared at '/opt/xilinx/2025.1/Vivado/scripts/rt/data/unisim_comp.v:158596' bound to instance 'POR_SRL_I' of component 'SRL16' [/home/miahafiz/NeuroRing_a_8192_5c/_x.hw.NUM_8192.CORE_5.FREQ_300/link/vivado/vpl/prj/prj.gen/my_rm/bd/ulp/ipshared/9438/hdl/proc_sys_reset_v5_0_vh_rfs.vhd:873]
INFO: [Synth 8-6157] synthesizing module 'SRL16' [/opt/xilinx/2025.1/Vivado/scripts/rt/data/unisim_comp.v:158596]
INFO: [Synth 8-6155] done synthesizing module 'SRL16' (0#1) [/opt/xilinx/2025.1/Vivado/scripts/rt/data/unisim_comp.v:158596]
	Parameter DEST_SYNC_FF bound to: 4 - type: integer 
	Parameter INIT_SYNC_FF bound to: 0 - type: integer 
	Parameter SIM_ASSERT_CHK bound to: 0 - type: integer 
	Parameter SRC_INPUT_REG bound to: 0 - type: integer 
INFO: [Synth 8-3491] module 'xpm_cdc_single' declared at '/opt/xilinx/2025.1/Vivado/data/ip/xpm/xpm_cdc/hdl/xpm_cdc.sv:152' bound to instance 'ACT_LO_EXT' of component 'xpm_cdc_single' [/home/miahafiz/NeuroRing_a_8192_5c/_x.hw.NUM_8192.CORE_5.FREQ_300/link/vivado/vpl/prj/prj.gen/my_rm/bd/ulp/ipshared/9438/hdl/proc_sys_reset_v5_0_vh_rfs.vhd:968]
INFO: [Synth 8-6157] synthesizing module 'xpm_cdc_single' [/opt/xilinx/2025.1/Vivado/data/ip/xpm/xpm_cdc/hdl/xpm_cdc.sv:152]
INFO: [Synth 8-6155] done synthesizing module 'xpm_cdc_single' (0#1) [/opt/xilinx/2025.1/Vivado/data/ip/xpm/xpm_cdc/hdl/xpm_cdc.sv:152]
	Parameter DEST_SYNC_FF bound to: 4 - type: integer 
	Parameter INIT_SYNC_FF bound to: 0 - type: integer 
	Parameter SIM_ASSERT_CHK bound to: 0 - type: integer 
	Parameter SRC_INPUT_REG bound to: 0 - type: integer 
INFO: [Synth 8-3491] module 'xpm_cdc_single' declared at '/opt/xilinx/2025.1/Vivado/data/ip/xpm/xpm_cdc/hdl/xpm_cdc.sv:152' bound to instance 'ACT_LO_AUX' of component 'xpm_cdc_single' [/home/miahafiz/NeuroRing_a_8192_5c/_x.hw.NUM_8192.CORE_5.FREQ_300/link/vivado/vpl/prj/prj.gen/my_rm/bd/ulp/ipshared/9438/hdl/proc_sys_reset_v5_0_vh_rfs.vhd:1015]
INFO: [Synth 8-256] done synthesizing module 'lpf' (0#1) [/home/miahafiz/NeuroRing_a_8192_5c/_x.hw.NUM_8192.CORE_5.FREQ_300/link/vivado/vpl/prj/prj.gen/my_rm/bd/ulp/ipshared/9438/hdl/proc_sys_reset_v5_0_vh_rfs.vhd:821]
INFO: [Synth 8-638] synthesizing module 'sequence_psr' [/home/miahafiz/NeuroRing_a_8192_5c/_x.hw.NUM_8192.CORE_5.FREQ_300/link/vivado/vpl/prj/prj.gen/my_rm/bd/ulp/ipshared/9438/hdl/proc_sys_reset_v5_0_vh_rfs.vhd:304]
INFO: [Synth 8-638] synthesizing module 'upcnt_n' [/home/miahafiz/NeuroRing_a_8192_5c/_x.hw.NUM_8192.CORE_5.FREQ_300/link/vivado/vpl/prj/prj.gen/my_rm/bd/ulp/ipshared/9438/hdl/proc_sys_reset_v5_0_vh_rfs.vhd:126]
INFO: [Synth 8-256] done synthesizing module 'upcnt_n' (0#1) [/home/miahafiz/NeuroRing_a_8192_5c/_x.hw.NUM_8192.CORE_5.FREQ_300/link/vivado/vpl/prj/prj.gen/my_rm/bd/ulp/ipshared/9438/hdl/proc_sys_reset_v5_0_vh_rfs.vhd:126]
INFO: [Synth 8-256] done synthesizing module 'sequence_psr' (0#1) [/home/miahafiz/NeuroRing_a_8192_5c/_x.hw.NUM_8192.CORE_5.FREQ_300/link/vivado/vpl/prj/prj.gen/my_rm/bd/ulp/ipshared/9438/hdl/proc_sys_reset_v5_0_vh_rfs.vhd:304]
INFO: [Synth 8-256] done synthesizing module 'proc_sys_reset' (0#1) [/home/miahafiz/NeuroRing_a_8192_5c/_x.hw.NUM_8192.CORE_5.FREQ_300/link/vivado/vpl/prj/prj.gen/my_rm/bd/ulp/ipshared/9438/hdl/proc_sys_reset_v5_0_vh_rfs.vhd:1302]
INFO: [Synth 8-256] done synthesizing module 'bd_baa4_psr0_0' (0#1) [/home/miahafiz/NeuroRing_a_8192_5c/_x.hw.NUM_8192.CORE_5.FREQ_300/link/vivado/vpl/prj/prj.gen/my_rm/bd/ulp/ip/ulp_hmss_0_0/bd_1/ip/ip_1/synth/bd_baa4_psr0_0.vhd:74]
WARNING: [Synth 8-7071] port 'mb_reset' of module 'bd_baa4_psr0_0' is unconnected for instance 'psr0' [/home/miahafiz/NeuroRing_a_8192_5c/_x.hw.NUM_8192.CORE_5.FREQ_300/link/vivado/vpl/prj/prj.gen/my_rm/bd/ulp/ip/ulp_hmss_0_0/bd_1/synth/bd_baa4.v:752]
WARNING: [Synth 8-7071] port 'bus_struct_reset' of module 'bd_baa4_psr0_0' is unconnected for instance 'psr0' [/home/miahafiz/NeuroRing_a_8192_5c/_x.hw.NUM_8192.CORE_5.FREQ_300/link/vivado/vpl/prj/prj.gen/my_rm/bd/ulp/ip/ulp_hmss_0_0/bd_1/synth/bd_baa4.v:752]
WARNING: [Synth 8-7071] port 'peripheral_reset' of module 'bd_baa4_psr0_0' is unconnected for instance 'psr0' [/home/miahafiz/NeuroRing_a_8192_5c/_x.hw.NUM_8192.CORE_5.FREQ_300/link/vivado/vpl/prj/prj.gen/my_rm/bd/ulp/ip/ulp_hmss_0_0/bd_1/synth/bd_baa4.v:752]
WARNING: [Synth 8-7071] port 'peripheral_aresetn' of module 'bd_baa4_psr0_0' is unconnected for instance 'psr0' [/home/miahafiz/NeuroRing_a_8192_5c/_x.hw.NUM_8192.CORE_5.FREQ_300/link/vivado/vpl/prj/prj.gen/my_rm/bd/ulp/ip/ulp_hmss_0_0/bd_1/synth/bd_baa4.v:752]
WARNING: [Synth 8-7023] instance 'psr0' of module 'bd_baa4_psr0_0' has 10 connections declared, but only 6 given [/home/miahafiz/NeuroRing_a_8192_5c/_x.hw.NUM_8192.CORE_5.FREQ_300/link/vivado/vpl/prj/prj.gen/my_rm/bd/ulp/ip/ulp_hmss_0_0/bd_1/synth/bd_baa4.v:752]
INFO: [Synth 8-638] synthesizing module 'bd_baa4_psr_aclk_0' [/home/miahafiz/NeuroRing_a_8192_5c/_x.hw.NUM_8192.CORE_5.FREQ_300/link/vivado/vpl/prj/prj.gen/my_rm/bd/ulp/ip/ulp_hmss_0_0/bd_1/ip/ip_2/synth/bd_baa4_psr_aclk_0.vhd:74]
	Parameter C_FAMILY bound to: virtexuplusHBM - type: string 
	Parameter C_EXT_RST_WIDTH bound to: 4 - type: integer 
	Parameter C_AUX_RST_WIDTH bound to: 1 - type: integer 
	Parameter C_EXT_RESET_HIGH bound to: 1'b0 
	Parameter C_AUX_RESET_HIGH bound to: 1'b0 
	Parameter C_NUM_BUS_RST bound to: 1 - type: integer 
	Parameter C_NUM_PERP_RST bound to: 1 - type: integer 
	Parameter C_NUM_INTERCONNECT_ARESETN bound to: 1 - type: integer 
	Parameter C_NUM_PERP_ARESETN bound to: 1 - type: integer 
INFO: [Synth 8-3491] module 'proc_sys_reset' declared at '/home/miahafiz/NeuroRing_a_8192_5c/_x.hw.NUM_8192.CORE_5.FREQ_300/link/vivado/vpl/prj/prj.gen/my_rm/bd/ulp/ipshared/9438/hdl/proc_sys_reset_v5_0_vh_rfs.vhd:1243' bound to instance 'U0' of component 'proc_sys_reset' [/home/miahafiz/NeuroRing_a_8192_5c/_x.hw.NUM_8192.CORE_5.FREQ_300/link/vivado/vpl/prj/prj.gen/my_rm/bd/ulp/ip/ulp_hmss_0_0/bd_1/ip/ip_2/synth/bd_baa4_psr_aclk_0.vhd:139]
INFO: [Synth 8-256] done synthesizing module 'bd_baa4_psr_aclk_0' (0#1) [/home/miahafiz/NeuroRing_a_8192_5c/_x.hw.NUM_8192.CORE_5.FREQ_300/link/vivado/vpl/prj/prj.gen/my_rm/bd/ulp/ip/ulp_hmss_0_0/bd_1/ip/ip_2/synth/bd_baa4_psr_aclk_0.vhd:74]
WARNING: [Synth 8-7071] port 'mb_reset' of module 'bd_baa4_psr_aclk_0' is unconnected for instance 'psr_aclk' [/home/miahafiz/NeuroRing_a_8192_5c/_x.hw.NUM_8192.CORE_5.FREQ_300/link/vivado/vpl/prj/prj.gen/my_rm/bd/ulp/ip/ulp_hmss_0_0/bd_1/synth/bd_baa4.v:759]
WARNING: [Synth 8-7071] port 'bus_struct_reset' of module 'bd_baa4_psr_aclk_0' is unconnected for instance 'psr_aclk' [/home/miahafiz/NeuroRing_a_8192_5c/_x.hw.NUM_8192.CORE_5.FREQ_300/link/vivado/vpl/prj/prj.gen/my_rm/bd/ulp/ip/ulp_hmss_0_0/bd_1/synth/bd_baa4.v:759]
WARNING: [Synth 8-7071] port 'peripheral_reset' of module 'bd_baa4_psr_aclk_0' is unconnected for instance 'psr_aclk' [/home/miahafiz/NeuroRing_a_8192_5c/_x.hw.NUM_8192.CORE_5.FREQ_300/link/vivado/vpl/prj/prj.gen/my_rm/bd/ulp/ip/ulp_hmss_0_0/bd_1/synth/bd_baa4.v:759]
WARNING: [Synth 8-7071] port 'peripheral_aresetn' of module 'bd_baa4_psr_aclk_0' is unconnected for instance 'psr_aclk' [/home/miahafiz/NeuroRing_a_8192_5c/_x.hw.NUM_8192.CORE_5.FREQ_300/link/vivado/vpl/prj/prj.gen/my_rm/bd/ulp/ip/ulp_hmss_0_0/bd_1/synth/bd_baa4.v:759]
WARNING: [Synth 8-7023] instance 'psr_aclk' of module 'bd_baa4_psr_aclk_0' has 10 connections declared, but only 6 given [/home/miahafiz/NeuroRing_a_8192_5c/_x.hw.NUM_8192.CORE_5.FREQ_300/link/vivado/vpl/prj/prj.gen/my_rm/bd/ulp/ip/ulp_hmss_0_0/bd_1/synth/bd_baa4.v:759]
INFO: [Synth 8-638] synthesizing module 'bd_baa4_psr_aclk1_0' [/home/miahafiz/NeuroRing_a_8192_5c/_x.hw.NUM_8192.CORE_5.FREQ_300/link/vivado/vpl/prj/prj.gen/my_rm/bd/ulp/ip/ulp_hmss_0_0/bd_1/ip/ip_3/synth/bd_baa4_psr_aclk1_0.vhd:74]
	Parameter C_FAMILY bound to: virtexuplusHBM - type: string 
	Parameter C_EXT_RST_WIDTH bound to: 4 - type: integer 
	Parameter C_AUX_RST_WIDTH bound to: 1 - type: integer 
	Parameter C_EXT_RESET_HIGH bound to: 1'b0 
	Parameter C_AUX_RESET_HIGH bound to: 1'b0 
	Parameter C_NUM_BUS_RST bound to: 1 - type: integer 
	Parameter C_NUM_PERP_RST bound to: 1 - type: integer 
	Parameter C_NUM_INTERCONNECT_ARESETN bound to: 1 - type: integer 
	Parameter C_NUM_PERP_ARESETN bound to: 1 - type: integer 
INFO: [Synth 8-3491] module 'proc_sys_reset' declared at '/home/miahafiz/NeuroRing_a_8192_5c/_x.hw.NUM_8192.CORE_5.FREQ_300/link/vivado/vpl/prj/prj.gen/my_rm/bd/ulp/ipshared/9438/hdl/proc_sys_reset_v5_0_vh_rfs.vhd:1243' bound to instance 'U0' of component 'proc_sys_reset' [/home/miahafiz/NeuroRing_a_8192_5c/_x.hw.NUM_8192.CORE_5.FREQ_300/link/vivado/vpl/prj/prj.gen/my_rm/bd/ulp/ip/ulp_hmss_0_0/bd_1/ip/ip_3/synth/bd_baa4_psr_aclk1_0.vhd:139]
INFO: [Synth 8-256] done synthesizing module 'bd_baa4_psr_aclk1_0' (0#1) [/home/miahafiz/NeuroRing_a_8192_5c/_x.hw.NUM_8192.CORE_5.FREQ_300/link/vivado/vpl/prj/prj.gen/my_rm/bd/ulp/ip/ulp_hmss_0_0/bd_1/ip/ip_3/synth/bd_baa4_psr_aclk1_0.vhd:74]
WARNING: [Synth 8-7071] port 'mb_reset' of module 'bd_baa4_psr_aclk1_0' is unconnected for instance 'psr_aclk1' [/home/miahafiz/NeuroRing_a_8192_5c/_x.hw.NUM_8192.CORE_5.FREQ_300/link/vivado/vpl/prj/prj.gen/my_rm/bd/ulp/ip/ulp_hmss_0_0/bd_1/synth/bd_baa4.v:766]
WARNING: [Synth 8-7071] port 'bus_struct_reset' of module 'bd_baa4_psr_aclk1_0' is unconnected for instance 'psr_aclk1' [/home/miahafiz/NeuroRing_a_8192_5c/_x.hw.NUM_8192.CORE_5.FREQ_300/link/vivado/vpl/prj/prj.gen/my_rm/bd/ulp/ip/ulp_hmss_0_0/bd_1/synth/bd_baa4.v:766]
WARNING: [Synth 8-7071] port 'peripheral_reset' of module 'bd_baa4_psr_aclk1_0' is unconnected for instance 'psr_aclk1' [/home/miahafiz/NeuroRing_a_8192_5c/_x.hw.NUM_8192.CORE_5.FREQ_300/link/vivado/vpl/prj/prj.gen/my_rm/bd/ulp/ip/ulp_hmss_0_0/bd_1/synth/bd_baa4.v:766]
WARNING: [Synth 8-7071] port 'peripheral_aresetn' of module 'bd_baa4_psr_aclk1_0' is unconnected for instance 'psr_aclk1' [/home/miahafiz/NeuroRing_a_8192_5c/_x.hw.NUM_8192.CORE_5.FREQ_300/link/vivado/vpl/prj/prj.gen/my_rm/bd/ulp/ip/ulp_hmss_0_0/bd_1/synth/bd_baa4.v:766]
WARNING: [Synth 8-7023] instance 'psr_aclk1' of module 'bd_baa4_psr_aclk1_0' has 10 connections declared, but only 6 given [/home/miahafiz/NeuroRing_a_8192_5c/_x.hw.NUM_8192.CORE_5.FREQ_300/link/vivado/vpl/prj/prj.gen/my_rm/bd/ulp/ip/ulp_hmss_0_0/bd_1/synth/bd_baa4.v:766]
INFO: [Synth 8-6155] done synthesizing module 'clk_map_imp_1CIL6EU' (0#1) [/home/miahafiz/NeuroRing_a_8192_5c/_x.hw.NUM_8192.CORE_5.FREQ_300/link/vivado/vpl/prj/prj.gen/my_rm/bd/ulp/ip/ulp_hmss_0_0/bd_1/synth/bd_baa4.v:716]
INFO: [Synth 8-6157] synthesizing module 'm00_exit_pipeline_imp_NZK3N1' [/home/miahafiz/NeuroRing_a_8192_5c/_x.hw.NUM_8192.CORE_5.FREQ_300/link/vivado/vpl/prj/prj.gen/my_rm/bd/ulp/ip/ulp_hmss_0_0/bd_1/synth/bd_baa4.v:775]
INFO: [Synth 8-6157] synthesizing module 'bd_baa4_m00e_0' [/home/miahafiz/NeuroRing_a_8192_5c/_x.hw.NUM_8192.CORE_5.FREQ_300/link/vivado/vpl/prj/prj.gen/my_rm/bd/ulp/ip/ulp_hmss_0_0/bd_1/ip/ip_14/synth/bd_baa4_m00e_0.sv:53]
INFO: [Synth 8-6157] synthesizing module 'xpm_cdc_async_rst' [/opt/xilinx/2025.1/Vivado/data/ip/xpm/xpm_cdc/hdl/xpm_cdc.sv:1175]
INFO: [Synth 8-6155] done synthesizing module 'xpm_cdc_async_rst' (0#1) [/opt/xilinx/2025.1/Vivado/data/ip/xpm/xpm_cdc/hdl/xpm_cdc.sv:1175]
INFO: [Synth 8-6155] done synthesizing module 'bd_baa4_m00e_0' (0#1) [/home/miahafiz/NeuroRing_a_8192_5c/_x.hw.NUM_8192.CORE_5.FREQ_300/link/vivado/vpl/prj/prj.gen/my_rm/bd/ulp/ip/ulp_hmss_0_0/bd_1/ip/ip_14/synth/bd_baa4_m00e_0.sv:53]
INFO: [Synth 8-6155] done synthesizing module 'm00_exit_pipeline_imp_NZK3N1' (0#1) [/home/miahafiz/NeuroRing_a_8192_5c/_x.hw.NUM_8192.CORE_5.FREQ_300/link/vivado/vpl/prj/prj.gen/my_rm/bd/ulp/ip/ulp_hmss_0_0/bd_1/synth/bd_baa4.v:775]
INFO: [Synth 8-6157] synthesizing module 'bd_baa4_m00s2a_0' [/home/miahafiz/NeuroRing_a_8192_5c/_x.hw.NUM_8192.CORE_5.FREQ_300/link/vivado/vpl/prj/prj.gen/my_rm/bd/ulp/ip/ulp_hmss_0_0/bd_1/ip/ip_13/synth/bd_baa4_m00s2a_0.sv:53]
INFO: [Synth 8-6155] done synthesizing module 'bd_baa4_m00s2a_0' (0#1) [/home/miahafiz/NeuroRing_a_8192_5c/_x.hw.NUM_8192.CORE_5.FREQ_300/link/vivado/vpl/prj/prj.gen/my_rm/bd/ulp/ip/ulp_hmss_0_0/bd_1/ip/ip_13/synth/bd_baa4_m00s2a_0.sv:53]
INFO: [Synth 8-6157] synthesizing module 'bd_baa4_s00a2s_0' [/home/miahafiz/NeuroRing_a_8192_5c/_x.hw.NUM_8192.CORE_5.FREQ_300/link/vivado/vpl/prj/prj.gen/my_rm/bd/ulp/ip/ulp_hmss_0_0/bd_1/ip/ip_7/synth/bd_baa4_s00a2s_0.sv:53]
INFO: [Synth 8-6155] done synthesizing module 'bd_baa4_s00a2s_0' (0#1) [/home/miahafiz/NeuroRing_a_8192_5c/_x.hw.NUM_8192.CORE_5.FREQ_300/link/vivado/vpl/prj/prj.gen/my_rm/bd/ulp/ip/ulp_hmss_0_0/bd_1/ip/ip_7/synth/bd_baa4_s00a2s_0.sv:53]
INFO: [Synth 8-6157] synthesizing module 's00_entry_pipeline_imp_1N79GFI' [/home/miahafiz/NeuroRing_a_8192_5c/_x.hw.NUM_8192.CORE_5.FREQ_300/link/vivado/vpl/prj/prj.gen/my_rm/bd/ulp/ip/ulp_hmss_0_0/bd_1/synth/bd_baa4.v:1073]
INFO: [Synth 8-6157] synthesizing module 'bd_baa4_s00mmu_0' [/home/miahafiz/NeuroRing_a_8192_5c/_x.hw.NUM_8192.CORE_5.FREQ_300/link/vivado/vpl/prj/prj.gen/my_rm/bd/ulp/ip/ulp_hmss_0_0/bd_1/ip/ip_4/synth/bd_baa4_s00mmu_0.sv:53]
INFO: [Synth 8-6155] done synthesizing module 'bd_baa4_s00mmu_0' (0#1) [/home/miahafiz/NeuroRing_a_8192_5c/_x.hw.NUM_8192.CORE_5.FREQ_300/link/vivado/vpl/prj/prj.gen/my_rm/bd/ulp/ip/ulp_hmss_0_0/bd_1/ip/ip_4/synth/bd_baa4_s00mmu_0.sv:53]
INFO: [Synth 8-6157] synthesizing module 'bd_baa4_s00sic_0' [/home/miahafiz/NeuroRing_a_8192_5c/_x.hw.NUM_8192.CORE_5.FREQ_300/link/vivado/vpl/prj/prj.gen/my_rm/bd/ulp/ip/ulp_hmss_0_0/bd_1/ip/ip_6/synth/bd_baa4_s00sic_0.sv:53]
INFO: [Synth 8-6155] done synthesizing module 'bd_baa4_s00sic_0' (0#1) [/home/miahafiz/NeuroRing_a_8192_5c/_x.hw.NUM_8192.CORE_5.FREQ_300/link/vivado/vpl/prj/prj.gen/my_rm/bd/ulp/ip/ulp_hmss_0_0/bd_1/ip/ip_6/synth/bd_baa4_s00sic_0.sv:53]
INFO: [Synth 8-6157] synthesizing module 'bd_baa4_s00tr_0' [/home/miahafiz/NeuroRing_a_8192_5c/_x.hw.NUM_8192.CORE_5.FREQ_300/link/vivado/vpl/prj/prj.gen/my_rm/bd/ulp/ip/ulp_hmss_0_0/bd_1/ip/ip_5/synth/bd_baa4_s00tr_0.sv:53]
INFO: [Synth 8-6155] done synthesizing module 'bd_baa4_s00tr_0' (0#1) [/home/miahafiz/NeuroRing_a_8192_5c/_x.hw.NUM_8192.CORE_5.FREQ_300/link/vivado/vpl/prj/prj.gen/my_rm/bd/ulp/ip/ulp_hmss_0_0/bd_1/ip/ip_5/synth/bd_baa4_s00tr_0.sv:53]
WARNING: [Synth 8-7071] port 'm_axi_awburst' of module 'bd_baa4_s00tr_0' is unconnected for instance 's00_transaction_regulator' [/home/miahafiz/NeuroRing_a_8192_5c/_x.hw.NUM_8192.CORE_5.FREQ_300/link/vivado/vpl/prj/prj.gen/my_rm/bd/ulp/ip/ulp_hmss_0_0/bd_1/synth/bd_baa4.v:1552]
WARNING: [Synth 8-7071] port 'm_axi_arburst' of module 'bd_baa4_s00tr_0' is unconnected for instance 's00_transaction_regulator' [/home/miahafiz/NeuroRing_a_8192_5c/_x.hw.NUM_8192.CORE_5.FREQ_300/link/vivado/vpl/prj/prj.gen/my_rm/bd/ulp/ip/ulp_hmss_0_0/bd_1/synth/bd_baa4.v:1552]
WARNING: [Synth 8-7023] instance 's00_transaction_regulator' of module 'bd_baa4_s00tr_0' has 86 connections declared, but only 84 given [/home/miahafiz/NeuroRing_a_8192_5c/_x.hw.NUM_8192.CORE_5.FREQ_300/link/vivado/vpl/prj/prj.gen/my_rm/bd/ulp/ip/ulp_hmss_0_0/bd_1/synth/bd_baa4.v:1552]
INFO: [Synth 8-6155] done synthesizing module 's00_entry_pipeline_imp_1N79GFI' (0#1) [/home/miahafiz/NeuroRing_a_8192_5c/_x.hw.NUM_8192.CORE_5.FREQ_300/link/vivado/vpl/prj/prj.gen/my_rm/bd/ulp/ip/ulp_hmss_0_0/bd_1/synth/bd_baa4.v:1073]
INFO: [Synth 8-6157] synthesizing module 's00_nodes_imp_1HIR790' [/home/miahafiz/NeuroRing_a_8192_5c/_x.hw.NUM_8192.CORE_5.FREQ_300/link/vivado/vpl/prj/prj.gen/my_rm/bd/ulp/ip/ulp_hmss_0_0/bd_1/synth/bd_baa4.v:1639]
INFO: [Synth 8-6157] synthesizing module 'bd_baa4_sarn_0' [/home/miahafiz/NeuroRing_a_8192_5c/_x.hw.NUM_8192.CORE_5.FREQ_300/link/vivado/vpl/prj/prj.gen/my_rm/bd/ulp/ip/ulp_hmss_0_0/bd_1/ip/ip_8/synth/bd_baa4_sarn_0.sv:53]
INFO: [Synth 8-6157] synthesizing module 'xpm_memory_sdpram' [/opt/xilinx/2025.1/Vivado/data/ip/xpm/xpm_memory/hdl/xpm_memory.sv:8994]
INFO: [Synth 8-6157] synthesizing module 'xpm_memory_base' [/opt/xilinx/2025.1/Vivado/data/ip/xpm/xpm_memory/hdl/xpm_memory.sv:54]
INFO: [Synth 8-6155] done synthesizing module 'xpm_memory_base' (0#1) [/opt/xilinx/2025.1/Vivado/data/ip/xpm/xpm_memory/hdl/xpm_memory.sv:54]
INFO: [Synth 8-6155] done synthesizing module 'xpm_memory_sdpram' (0#1) [/opt/xilinx/2025.1/Vivado/data/ip/xpm/xpm_memory/hdl/xpm_memory.sv:8994]
INFO: [Synth 8-6157] synthesizing module 'xpm_cdc_gray' [/opt/xilinx/2025.1/Vivado/data/ip/xpm/xpm_cdc/hdl/xpm_cdc.sv:283]
INFO: [Synth 8-6155] done synthesizing module 'xpm_cdc_gray' (0#1) [/opt/xilinx/2025.1/Vivado/data/ip/xpm/xpm_cdc/hdl/xpm_cdc.sv:283]
INFO: [Synth 8-6155] done synthesizing module 'bd_baa4_sarn_0' (0#1) [/home/miahafiz/NeuroRing_a_8192_5c/_x.hw.NUM_8192.CORE_5.FREQ_300/link/vivado/vpl/prj/prj.gen/my_rm/bd/ulp/ip/ulp_hmss_0_0/bd_1/ip/ip_8/synth/bd_baa4_sarn_0.sv:53]
INFO: [Synth 8-6157] synthesizing module 'bd_baa4_sawn_0' [/home/miahafiz/NeuroRing_a_8192_5c/_x.hw.NUM_8192.CORE_5.FREQ_300/link/vivado/vpl/prj/prj.gen/my_rm/bd/ulp/ip/ulp_hmss_0_0/bd_1/ip/ip_10/synth/bd_baa4_sawn_0.sv:53]
INFO: [Synth 8-6155] done synthesizing module 'bd_baa4_sawn_0' (0#1) [/home/miahafiz/NeuroRing_a_8192_5c/_x.hw.NUM_8192.CORE_5.FREQ_300/link/vivado/vpl/prj/prj.gen/my_rm/bd/ulp/ip/ulp_hmss_0_0/bd_1/ip/ip_10/synth/bd_baa4_sawn_0.sv:53]
INFO: [Synth 8-6157] synthesizing module 'bd_baa4_sbn_0' [/home/miahafiz/NeuroRing_a_8192_5c/_x.hw.NUM_8192.CORE_5.FREQ_300/link/vivado/vpl/prj/prj.gen/my_rm/bd/ulp/ip/ulp_hmss_0_0/bd_1/ip/ip_12/synth/bd_baa4_sbn_0.sv:53]
INFO: [Synth 8-6157] synthesizing module 'xpm_memory_sdpram__parameterized0' [/opt/xilinx/2025.1/Vivado/data/ip/xpm/xpm_memory/hdl/xpm_memory.sv:8994]
INFO: [Synth 8-6157] synthesizing module 'xpm_memory_base__parameterized0' [/opt/xilinx/2025.1/Vivado/data/ip/xpm/xpm_memory/hdl/xpm_memory.sv:54]
INFO: [Synth 8-6155] done synthesizing module 'xpm_memory_base__parameterized0' (0#1) [/opt/xilinx/2025.1/Vivado/data/ip/xpm/xpm_memory/hdl/xpm_memory.sv:54]
INFO: [Synth 8-6155] done synthesizing module 'xpm_memory_sdpram__parameterized0' (0#1) [/opt/xilinx/2025.1/Vivado/data/ip/xpm/xpm_memory/hdl/xpm_memory.sv:8994]
INFO: [Synth 8-6155] done synthesizing module 'bd_baa4_sbn_0' (0#1) [/home/miahafiz/NeuroRing_a_8192_5c/_x.hw.NUM_8192.CORE_5.FREQ_300/link/vivado/vpl/prj/prj.gen/my_rm/bd/ulp/ip/ulp_hmss_0_0/bd_1/ip/ip_12/synth/bd_baa4_sbn_0.sv:53]
INFO: [Synth 8-6157] synthesizing module 'bd_baa4_srn_0' [/home/miahafiz/NeuroRing_a_8192_5c/_x.hw.NUM_8192.CORE_5.FREQ_300/link/vivado/vpl/prj/prj.gen/my_rm/bd/ulp/ip/ulp_hmss_0_0/bd_1/ip/ip_9/synth/bd_baa4_srn_0.sv:53]
INFO: [Synth 8-6157] synthesizing module 'xpm_memory_sdpram__parameterized1' [/opt/xilinx/2025.1/Vivado/data/ip/xpm/xpm_memory/hdl/xpm_memory.sv:8994]
INFO: [Synth 8-6157] synthesizing module 'xpm_memory_base__parameterized1' [/opt/xilinx/2025.1/Vivado/data/ip/xpm/xpm_memory/hdl/xpm_memory.sv:54]
INFO: [Synth 8-6155] done synthesizing module 'xpm_memory_base__parameterized1' (0#1) [/opt/xilinx/2025.1/Vivado/data/ip/xpm/xpm_memory/hdl/xpm_memory.sv:54]
INFO: [Synth 8-6155] done synthesizing module 'xpm_memory_sdpram__parameterized1' (0#1) [/opt/xilinx/2025.1/Vivado/data/ip/xpm/xpm_memory/hdl/xpm_memory.sv:8994]
INFO: [Synth 8-6157] synthesizing module 'xpm_memory_sdpram__parameterized2' [/opt/xilinx/2025.1/Vivado/data/ip/xpm/xpm_memory/hdl/xpm_memory.sv:8994]
INFO: [Synth 8-6157] synthesizing module 'xpm_memory_base__parameterized2' [/opt/xilinx/2025.1/Vivado/data/ip/xpm/xpm_memory/hdl/xpm_memory.sv:54]
INFO: [Synth 8-6155] done synthesizing module 'xpm_memory_base__parameterized2' (0#1) [/opt/xilinx/2025.1/Vivado/data/ip/xpm/xpm_memory/hdl/xpm_memory.sv:54]
INFO: [Synth 8-6155] done synthesizing module 'xpm_memory_sdpram__parameterized2' (0#1) [/opt/xilinx/2025.1/Vivado/data/ip/xpm/xpm_memory/hdl/xpm_memory.sv:8994]
INFO: [Synth 8-6155] done synthesizing module 'bd_baa4_srn_0' (0#1) [/home/miahafiz/NeuroRing_a_8192_5c/_x.hw.NUM_8192.CORE_5.FREQ_300/link/vivado/vpl/prj/prj.gen/my_rm/bd/ulp/ip/ulp_hmss_0_0/bd_1/ip/ip_9/synth/bd_baa4_srn_0.sv:53]
INFO: [Synth 8-6157] synthesizing module 'bd_baa4_swn_0' [/home/miahafiz/NeuroRing_a_8192_5c/_x.hw.NUM_8192.CORE_5.FREQ_300/link/vivado/vpl/prj/prj.gen/my_rm/bd/ulp/ip/ulp_hmss_0_0/bd_1/ip/ip_11/synth/bd_baa4_swn_0.sv:53]
INFO: [Synth 8-6157] synthesizing module 'xpm_memory_sdpram__parameterized3' [/opt/xilinx/2025.1/Vivado/data/ip/xpm/xpm_memory/hdl/xpm_memory.sv:8994]
INFO: [Synth 8-6157] synthesizing module 'xpm_memory_base__parameterized3' [/opt/xilinx/2025.1/Vivado/data/ip/xpm/xpm_memory/hdl/xpm_memory.sv:54]
INFO: [Synth 8-6155] done synthesizing module 'xpm_memory_base__parameterized3' (0#1) [/opt/xilinx/2025.1/Vivado/data/ip/xpm/xpm_memory/hdl/xpm_memory.sv:54]
INFO: [Synth 8-6155] done synthesizing module 'xpm_memory_sdpram__parameterized3' (0#1) [/opt/xilinx/2025.1/Vivado/data/ip/xpm/xpm_memory/hdl/xpm_memory.sv:8994]
INFO: [Synth 8-6155] done synthesizing module 'bd_baa4_swn_0' (0#1) [/home/miahafiz/NeuroRing_a_8192_5c/_x.hw.NUM_8192.CORE_5.FREQ_300/link/vivado/vpl/prj/prj.gen/my_rm/bd/ulp/ip/ulp_hmss_0_0/bd_1/ip/ip_11/synth/bd_baa4_swn_0.sv:53]
INFO: [Synth 8-6155] done synthesizing module 's00_nodes_imp_1HIR790' (0#1) [/home/miahafiz/NeuroRing_a_8192_5c/_x.hw.NUM_8192.CORE_5.FREQ_300/link/vivado/vpl/prj/prj.gen/my_rm/bd/ulp/ip/ulp_hmss_0_0/bd_1/synth/bd_baa4.v:1639]
INFO: [Synth 8-6155] done synthesizing module 'bd_baa4' (0#1) [/home/miahafiz/NeuroRing_a_8192_5c/_x.hw.NUM_8192.CORE_5.FREQ_300/link/vivado/vpl/prj/prj.gen/my_rm/bd/ulp/ip/ulp_hmss_0_0/bd_1/synth/bd_baa4.v:10]
INFO: [Synth 8-6155] done synthesizing module 'bd_85ad_interconnect1_0_0' (0#1) [/home/miahafiz/NeuroRing_a_8192_5c/_x.hw.NUM_8192.CORE_5.FREQ_300/link/vivado/vpl/prj/prj.gen/my_rm/bd/ulp/ip/ulp_hmss_0_0/bd_0/ip/ip_3/synth/bd_85ad_interconnect1_0_0.v:53]
WARNING: [Synth 8-3848] Net aresetn_out in module/entity clk_map_imp_1CIL6EU does not have driver. [/home/miahafiz/NeuroRing_a_8192_5c/_x.hw.NUM_8192.CORE_5.FREQ_300/link/vivado/vpl/prj/prj.gen/my_rm/bd/ulp/ip/ulp_hmss_0_0/bd_1/synth/bd_baa4.v:734]
INFO: [Synth 8-4490] FSM extraction disabled for register 'gen_pipelined.state_reg' through user attribute
INFO: [Synth 8-4490] FSM extraction disabled for register 'gen_pipelined.state_reg' through user attribute
INFO: [Synth 8-4490] FSM extraction disabled for register 'gen_pipelined.state_reg' through user attribute
INFO: [Synth 8-4490] FSM extraction disabled for register 'gen_pipelined.state_reg' through user attribute
INFO: [Synth 8-4490] FSM extraction disabled for register 'gen_pipelined.state_reg' through user attribute
INFO: [Synth 8-4490] FSM extraction disabled for register 'gen_pipelined.state_reg' through user attribute
WARNING: [Synth 8-6014] Unused sequential element dest_out_bin_ff_reg was removed.  [/opt/xilinx/2025.1/Vivado/data/ip/xpm/xpm_cdc/hdl/xpm_cdc.sv:417]
WARNING: [Synth 8-7129] Port din[0] in module sc_util_v1_0_4_onehot_to_binary is either unconnected or has no load
WARNING: [Synth 8-7129] Port aclk in module sc_util_v1_0_4_pipeline__parameterized0 is either unconnected or has no load
WARNING: [Synth 8-7129] Port aclken in module sc_util_v1_0_4_pipeline__parameterized0 is either unconnected or has no load
WARNING: [Synth 8-7129] Port areset in module sc_util_v1_0_4_pipeline__parameterized0 is either unconnected or has no load
WARNING: [Synth 8-7129] Port sleep in module xpm_memory_base__parameterized3 is either unconnected or has no load
WARNING: [Synth 8-7129] Port rsta in module xpm_memory_base__parameterized3 is either unconnected or has no load
WARNING: [Synth 8-7129] Port regcea in module xpm_memory_base__parameterized3 is either unconnected or has no load
WARNING: [Synth 8-7129] Port injectsbiterra in module xpm_memory_base__parameterized3 is either unconnected or has no load
WARNING: [Synth 8-7129] Port injectdbiterra in module xpm_memory_base__parameterized3 is either unconnected or has no load
WARNING: [Synth 8-7129] Port regceb in module xpm_memory_base__parameterized3 is either unconnected or has no load
WARNING: [Synth 8-7129] Port web[0] in module xpm_memory_base__parameterized3 is either unconnected or has no load
WARNING: [Synth 8-7129] Port dinb[160] in module xpm_memory_base__parameterized3 is either unconnected or has no load
WARNING: [Synth 8-7129] Port dinb[159] in module xpm_memory_base__parameterized3 is either unconnected or has no load
WARNING: [Synth 8-7129] Port dinb[158] in module xpm_memory_base__parameterized3 is either unconnected or has no load
WARNING: [Synth 8-7129] Port dinb[157] in module xpm_memory_base__parameterized3 is either unconnected or has no load
WARNING: [Synth 8-7129] Port dinb[156] in module xpm_memory_base__parameterized3 is either unconnected or has no load
WARNING: [Synth 8-7129] Port dinb[155] in module xpm_memory_base__parameterized3 is either unconnected or has no load
WARNING: [Synth 8-7129] Port dinb[154] in module xpm_memory_base__parameterized3 is either unconnected or has no load
WARNING: [Synth 8-7129] Port dinb[153] in module xpm_memory_base__parameterized3 is either unconnected or has no load
WARNING: [Synth 8-7129] Port dinb[152] in module xpm_memory_base__parameterized3 is either unconnected or has no load
WARNING: [Synth 8-7129] Port dinb[151] in module xpm_memory_base__parameterized3 is either unconnected or has no load
WARNING: [Synth 8-7129] Port dinb[150] in module xpm_memory_base__parameterized3 is either unconnected or has no load
WARNING: [Synth 8-7129] Port dinb[149] in module xpm_memory_base__parameterized3 is either unconnected or has no load
WARNING: [Synth 8-7129] Port dinb[148] in module xpm_memory_base__parameterized3 is either unconnected or has no load
WARNING: [Synth 8-7129] Port dinb[147] in module xpm_memory_base__parameterized3 is either unconnected or has no load
WARNING: [Synth 8-7129] Port dinb[146] in module xpm_memory_base__parameterized3 is either unconnected or has no load
WARNING: [Synth 8-7129] Port dinb[145] in module xpm_memory_base__parameterized3 is either unconnected or has no load
WARNING: [Synth 8-7129] Port dinb[144] in module xpm_memory_base__parameterized3 is either unconnected or has no load
WARNING: [Synth 8-7129] Port dinb[143] in module xpm_memory_base__parameterized3 is either unconnected or has no load
WARNING: [Synth 8-7129] Port dinb[142] in module xpm_memory_base__parameterized3 is either unconnected or has no load
WARNING: [Synth 8-7129] Port dinb[141] in module xpm_memory_base__parameterized3 is either unconnected or has no load
WARNING: [Synth 8-7129] Port dinb[140] in module xpm_memory_base__parameterized3 is either unconnected or has no load
WARNING: [Synth 8-7129] Port dinb[139] in module xpm_memory_base__parameterized3 is either unconnected or has no load
WARNING: [Synth 8-7129] Port dinb[138] in module xpm_memory_base__parameterized3 is either unconnected or has no load
WARNING: [Synth 8-7129] Port dinb[137] in module xpm_memory_base__parameterized3 is either unconnected or has no load
WARNING: [Synth 8-7129] Port dinb[136] in module xpm_memory_base__parameterized3 is either unconnected or has no load
WARNING: [Synth 8-7129] Port dinb[135] in module xpm_memory_base__parameterized3 is either unconnected or has no load
WARNING: [Synth 8-7129] Port dinb[134] in module xpm_memory_base__parameterized3 is either unconnected or has no load
WARNING: [Synth 8-7129] Port dinb[133] in module xpm_memory_base__parameterized3 is either unconnected or has no load
WARNING: [Synth 8-7129] Port dinb[132] in module xpm_memory_base__parameterized3 is either unconnected or has no load
WARNING: [Synth 8-7129] Port dinb[131] in module xpm_memory_base__parameterized3 is either unconnected or has no load
WARNING: [Synth 8-7129] Port dinb[130] in module xpm_memory_base__parameterized3 is either unconnected or has no load
WARNING: [Synth 8-7129] Port dinb[129] in module xpm_memory_base__parameterized3 is either unconnected or has no load
WARNING: [Synth 8-7129] Port dinb[128] in module xpm_memory_base__parameterized3 is either unconnected or has no load
WARNING: [Synth 8-7129] Port dinb[127] in module xpm_memory_base__parameterized3 is either unconnected or has no load
WARNING: [Synth 8-7129] Port dinb[126] in module xpm_memory_base__parameterized3 is either unconnected or has no load
WARNING: [Synth 8-7129] Port dinb[125] in module xpm_memory_base__parameterized3 is either unconnected or has no load
WARNING: [Synth 8-7129] Port dinb[124] in module xpm_memory_base__parameterized3 is either unconnected or has no load
WARNING: [Synth 8-7129] Port dinb[123] in module xpm_memory_base__parameterized3 is either unconnected or has no load
WARNING: [Synth 8-7129] Port dinb[122] in module xpm_memory_base__parameterized3 is either unconnected or has no load
WARNING: [Synth 8-7129] Port dinb[121] in module xpm_memory_base__parameterized3 is either unconnected or has no load
WARNING: [Synth 8-7129] Port dinb[120] in module xpm_memory_base__parameterized3 is either unconnected or has no load
WARNING: [Synth 8-7129] Port dinb[119] in module xpm_memory_base__parameterized3 is either unconnected or has no load
WARNING: [Synth 8-7129] Port dinb[118] in module xpm_memory_base__parameterized3 is either unconnected or has no load
WARNING: [Synth 8-7129] Port dinb[117] in module xpm_memory_base__parameterized3 is either unconnected or has no load
WARNING: [Synth 8-7129] Port dinb[116] in module xpm_memory_base__parameterized3 is either unconnected or has no load
WARNING: [Synth 8-7129] Port dinb[115] in module xpm_memory_base__parameterized3 is either unconnected or has no load
WARNING: [Synth 8-7129] Port dinb[114] in module xpm_memory_base__parameterized3 is either unconnected or has no load
WARNING: [Synth 8-7129] Port dinb[113] in module xpm_memory_base__parameterized3 is either unconnected or has no load
WARNING: [Synth 8-7129] Port dinb[112] in module xpm_memory_base__parameterized3 is either unconnected or has no load
WARNING: [Synth 8-7129] Port dinb[111] in module xpm_memory_base__parameterized3 is either unconnected or has no load
WARNING: [Synth 8-7129] Port dinb[110] in module xpm_memory_base__parameterized3 is either unconnected or has no load
WARNING: [Synth 8-7129] Port dinb[109] in module xpm_memory_base__parameterized3 is either unconnected or has no load
WARNING: [Synth 8-7129] Port dinb[108] in module xpm_memory_base__parameterized3 is either unconnected or has no load
WARNING: [Synth 8-7129] Port dinb[107] in module xpm_memory_base__parameterized3 is either unconnected or has no load
WARNING: [Synth 8-7129] Port dinb[106] in module xpm_memory_base__parameterized3 is either unconnected or has no load
WARNING: [Synth 8-7129] Port dinb[105] in module xpm_memory_base__parameterized3 is either unconnected or has no load
WARNING: [Synth 8-7129] Port dinb[104] in module xpm_memory_base__parameterized3 is either unconnected or has no load
WARNING: [Synth 8-7129] Port dinb[103] in module xpm_memory_base__parameterized3 is either unconnected or has no load
WARNING: [Synth 8-7129] Port dinb[102] in module xpm_memory_base__parameterized3 is either unconnected or has no load
WARNING: [Synth 8-7129] Port dinb[101] in module xpm_memory_base__parameterized3 is either unconnected or has no load
WARNING: [Synth 8-7129] Port dinb[100] in module xpm_memory_base__parameterized3 is either unconnected or has no load
WARNING: [Synth 8-7129] Port dinb[99] in module xpm_memory_base__parameterized3 is either unconnected or has no load
WARNING: [Synth 8-7129] Port dinb[98] in module xpm_memory_base__parameterized3 is either unconnected or has no load
WARNING: [Synth 8-7129] Port dinb[97] in module xpm_memory_base__parameterized3 is either unconnected or has no load
WARNING: [Synth 8-7129] Port dinb[96] in module xpm_memory_base__parameterized3 is either unconnected or has no load
WARNING: [Synth 8-7129] Port dinb[95] in module xpm_memory_base__parameterized3 is either unconnected or has no load
WARNING: [Synth 8-7129] Port dinb[94] in module xpm_memory_base__parameterized3 is either unconnected or has no load
WARNING: [Synth 8-7129] Port dinb[93] in module xpm_memory_base__parameterized3 is either unconnected or has no load
WARNING: [Synth 8-7129] Port dinb[92] in module xpm_memory_base__parameterized3 is either unconnected or has no load
WARNING: [Synth 8-7129] Port dinb[91] in module xpm_memory_base__parameterized3 is either unconnected or has no load
WARNING: [Synth 8-7129] Port dinb[90] in module xpm_memory_base__parameterized3 is either unconnected or has no load
WARNING: [Synth 8-7129] Port dinb[89] in module xpm_memory_base__parameterized3 is either unconnected or has no load
WARNING: [Synth 8-7129] Port dinb[88] in module xpm_memory_base__parameterized3 is either unconnected or has no load
WARNING: [Synth 8-7129] Port dinb[87] in module xpm_memory_base__parameterized3 is either unconnected or has no load
WARNING: [Synth 8-7129] Port dinb[86] in module xpm_memory_base__parameterized3 is either unconnected or has no load
WARNING: [Synth 8-7129] Port dinb[85] in module xpm_memory_base__parameterized3 is either unconnected or has no load
WARNING: [Synth 8-7129] Port dinb[84] in module xpm_memory_base__parameterized3 is either unconnected or has no load
WARNING: [Synth 8-7129] Port dinb[83] in module xpm_memory_base__parameterized3 is either unconnected or has no load
WARNING: [Synth 8-7129] Port dinb[82] in module xpm_memory_base__parameterized3 is either unconnected or has no load
WARNING: [Synth 8-7129] Port dinb[81] in module xpm_memory_base__parameterized3 is either unconnected or has no load
WARNING: [Synth 8-7129] Port dinb[80] in module xpm_memory_base__parameterized3 is either unconnected or has no load
WARNING: [Synth 8-7129] Port dinb[79] in module xpm_memory_base__parameterized3 is either unconnected or has no load
WARNING: [Synth 8-7129] Port dinb[78] in module xpm_memory_base__parameterized3 is either unconnected or has no load
WARNING: [Synth 8-7129] Port dinb[77] in module xpm_memory_base__parameterized3 is either unconnected or has no load
WARNING: [Synth 8-7129] Port dinb[76] in module xpm_memory_base__parameterized3 is either unconnected or has no load
WARNING: [Synth 8-7129] Port dinb[75] in module xpm_memory_base__parameterized3 is either unconnected or has no load
WARNING: [Synth 8-7129] Port dinb[74] in module xpm_memory_base__parameterized3 is either unconnected or has no load
WARNING: [Synth 8-7129] Port dinb[73] in module xpm_memory_base__parameterized3 is either unconnected or has no load
WARNING: [Synth 8-7129] Port dinb[72] in module xpm_memory_base__parameterized3 is either unconnected or has no load
INFO: [Common 17-14] Message 'Synth 8-7129' appears 100 times and further instances of the messages will be disabled.
---------------------------------------------------------------------------------
Finished RTL Elaboration : Time (s): cpu = 00:00:11 ; elapsed = 00:00:13 . Memory (MB): peak = 3424.766 ; gain = 462.629 ; free physical = 92711 ; free virtual = 175685
---------------------------------------------------------------------------------
---------------------------------------------------------------------------------
Start Handling Custom Attributes
---------------------------------------------------------------------------------
---------------------------------------------------------------------------------
Finished Handling Custom Attributes : Time (s): cpu = 00:00:12 ; elapsed = 00:00:13 . Memory (MB): peak = 3442.578 ; gain = 480.441 ; free physical = 92625 ; free virtual = 175626
---------------------------------------------------------------------------------
---------------------------------------------------------------------------------
Finished RTL Optimization Phase 1 : Time (s): cpu = 00:00:12 ; elapsed = 00:00:13 . Memory (MB): peak = 3442.578 ; gain = 480.441 ; free physical = 92625 ; free virtual = 175626
---------------------------------------------------------------------------------
Netlist sorting complete. Time (s): cpu = 00:00:00.98 ; elapsed = 00:00:00.99 . Memory (MB): peak = 3448.516 ; gain = 0.000 ; free physical = 91747 ; free virtual = 174729
INFO: [Netlist 29-17] Analyzing 3 Unisim elements for replacement
INFO: [Netlist 29-28] Unisim Transformation completed in 0 CPU seconds
INFO: [Project 1-570] Preparing netlist for logic optimization

Processing XDC Constraints
Initializing timing engine
Parsing XDC File [/home/miahafiz/NeuroRing_a_8192_5c/_x.hw.NUM_8192.CORE_5.FREQ_300/link/vivado/vpl/prj/prj.gen/my_rm/bd/ulp/ip/ulp_hmss_0_0/bd_0/ip/ip_3/ooc.xdc] for cell 'inst'
create_clock: Time (s): cpu = 00:00:08 ; elapsed = 00:00:08 . Memory (MB): peak = 3689.695 ; gain = 28.867 ; free physical = 87697 ; free virtual = 170680
Finished Parsing XDC File [/home/miahafiz/NeuroRing_a_8192_5c/_x.hw.NUM_8192.CORE_5.FREQ_300/link/vivado/vpl/prj/prj.gen/my_rm/bd/ulp/ip/ulp_hmss_0_0/bd_0/ip/ip_3/ooc.xdc] for cell 'inst'
Parsing XDC File [/home/miahafiz/NeuroRing_a_8192_5c/_x.hw.NUM_8192.CORE_5.FREQ_300/link/vivado/vpl/prj/prj.gen/my_rm/bd/ulp/ip/ulp_hmss_0_0/bd_1/ip/ip_1/bd_baa4_psr0_0_board.xdc] for cell 'inst/clk_map/psr0/U0'
Finished Parsing XDC File [/home/miahafiz/NeuroRing_a_8192_5c/_x.hw.NUM_8192.CORE_5.FREQ_300/link/vivado/vpl/prj/prj.gen/my_rm/bd/ulp/ip/ulp_hmss_0_0/bd_1/ip/ip_1/bd_baa4_psr0_0_board.xdc] for cell 'inst/clk_map/psr0/U0'
Parsing XDC File [/home/miahafiz/NeuroRing_a_8192_5c/_x.hw.NUM_8192.CORE_5.FREQ_300/link/vivado/vpl/prj/prj.gen/my_rm/bd/ulp/ip/ulp_hmss_0_0/bd_1/ip/ip_2/bd_baa4_psr_aclk_0_board.xdc] for cell 'inst/clk_map/psr_aclk/U0'
Finished Parsing XDC File [/home/miahafiz/NeuroRing_a_8192_5c/_x.hw.NUM_8192.CORE_5.FREQ_300/link/vivado/vpl/prj/prj.gen/my_rm/bd/ulp/ip/ulp_hmss_0_0/bd_1/ip/ip_2/bd_baa4_psr_aclk_0_board.xdc] for cell 'inst/clk_map/psr_aclk/U0'
Parsing XDC File [/home/miahafiz/NeuroRing_a_8192_5c/_x.hw.NUM_8192.CORE_5.FREQ_300/link/vivado/vpl/prj/prj.gen/my_rm/bd/ulp/ip/ulp_hmss_0_0/bd_1/ip/ip_3/bd_baa4_psr_aclk1_0_board.xdc] for cell 'inst/clk_map/psr_aclk1/U0'
Finished Parsing XDC File [/home/miahafiz/NeuroRing_a_8192_5c/_x.hw.NUM_8192.CORE_5.FREQ_300/link/vivado/vpl/prj/prj.gen/my_rm/bd/ulp/ip/ulp_hmss_0_0/bd_1/ip/ip_3/bd_baa4_psr_aclk1_0_board.xdc] for cell 'inst/clk_map/psr_aclk1/U0'
Parsing XDC File [/home/miahafiz/NeuroRing_a_8192_5c/_x.hw.NUM_8192.CORE_5.FREQ_300/link/vivado/vpl/prj/prj.gen/my_rm/bd/ulp/ip/ulp_hmss_0_0/bd_0/ip/ip_3/smartconnect.xdc] for cell 'inst'
Finished Parsing XDC File [/home/miahafiz/NeuroRing_a_8192_5c/_x.hw.NUM_8192.CORE_5.FREQ_300/link/vivado/vpl/prj/prj.gen/my_rm/bd/ulp/ip/ulp_hmss_0_0/bd_0/ip/ip_3/smartconnect.xdc] for cell 'inst'
INFO: [Project 1-236] Implementation specific constraints were found while reading constraint file [/home/miahafiz/NeuroRing_a_8192_5c/_x.hw.NUM_8192.CORE_5.FREQ_300/link/vivado/vpl/prj/prj.gen/my_rm/bd/ulp/ip/ulp_hmss_0_0/bd_0/ip/ip_3/smartconnect.xdc]. These constraints will be ignored for synthesis but will be used in implementation. Impacted constraints are listed in the file [.Xil/bd_85ad_interconnect1_0_0_propImpl.xdc].
Resolution: To avoid this warning, move constraints listed in [.Xil/bd_85ad_interconnect1_0_0_propImpl.xdc] to another XDC file and exclude this new file from synthesis with the used_in_synthesis property (File Properties dialog in GUI) and re-run elaboration/synthesis.
Parsing XDC File [/home/miahafiz/NeuroRing_a_8192_5c/_x.hw.NUM_8192.CORE_5.FREQ_300/link/vivado/vpl/prj/prj.runs/bd_85ad_interconnect1_0_0_synth_1/dont_touch.xdc]
Finished Parsing XDC File [/home/miahafiz/NeuroRing_a_8192_5c/_x.hw.NUM_8192.CORE_5.FREQ_300/link/vivado/vpl/prj/prj.runs/bd_85ad_interconnect1_0_0_synth_1/dont_touch.xdc]
INFO: [Project 1-236] Implementation specific constraints were found while reading constraint file [/opt/xilinx/2025.1/Vivado/data/ip/xpm/xpm_cdc/tcl/xpm_cdc_gray.tcl]. These constraints will be ignored for synthesis but will be used in implementation. Impacted constraints are listed in the file [.Xil/bd_85ad_interconnect1_0_0_propImpl.xdc].
Resolution: To avoid this warning, move constraints listed in [.Xil/bd_85ad_interconnect1_0_0_propImpl.xdc] to another XDC file and exclude this new file from synthesis with the used_in_synthesis property (File Properties dialog in GUI) and re-run elaboration/synthesis.
INFO: [Project 1-236] Implementation specific constraints were found while reading constraint file [/opt/xilinx/2025.1/Vivado/data/ip/xpm/xpm_cdc/tcl/xpm_cdc_single.tcl]. These constraints will be ignored for synthesis but will be used in implementation. Impacted constraints are listed in the file [.Xil/bd_85ad_interconnect1_0_0_propImpl.xdc].
Resolution: To avoid this warning, move constraints listed in [.Xil/bd_85ad_interconnect1_0_0_propImpl.xdc] to another XDC file and exclude this new file from synthesis with the used_in_synthesis property (File Properties dialog in GUI) and re-run elaboration/synthesis.
INFO: [Project 1-236] Implementation specific constraints were found while reading constraint file [/opt/xilinx/2025.1/Vivado/data/ip/xpm/xpm_memory/tcl/xpm_memory_xdc.tcl]. These constraints will be ignored for synthesis but will be used in implementation. Impacted constraints are listed in the file [.Xil/bd_85ad_interconnect1_0_0_propImpl.xdc].
Resolution: To avoid this warning, move constraints listed in [.Xil/bd_85ad_interconnect1_0_0_propImpl.xdc] to another XDC file and exclude this new file from synthesis with the used_in_synthesis property (File Properties dialog in GUI) and re-run elaboration/synthesis.
INFO: [Project 1-1714] 37 XPM XDC files have been applied to the design.
Completed Processing XDC Constraints

Netlist sorting complete. Time (s): cpu = 00:00:00.01 ; elapsed = 00:00:00.01 . Memory (MB): peak = 3689.695 ; gain = 0.000 ; free physical = 87620 ; free virtual = 170603
INFO: [Project 1-111] Unisim Transformation Summary:
  A total of 3 instances were transformed.
  SRL16 => SRL16E: 3 instances

Constraint Validation Runtime : Time (s): cpu = 00:00:00.23 ; elapsed = 00:00:00.24 . Memory (MB): peak = 3692.664 ; gain = 2.934 ; free physical = 87445 ; free virtual = 170429
INFO: [Designutils 20-5008] Incremental synthesis strategy off
---------------------------------------------------------------------------------
Finished Constraint Validation : Time (s): cpu = 00:00:37 ; elapsed = 00:00:39 . Memory (MB): peak = 3692.664 ; gain = 730.527 ; free physical = 89944 ; free virtual = 172946
---------------------------------------------------------------------------------
---------------------------------------------------------------------------------
Start Loading Part and Timing Information
---------------------------------------------------------------------------------
Loading part: xcu55c-fsvh2892-2L-e
INFO: [Synth 8-6742] Reading net delay rules and data
---------------------------------------------------------------------------------
Finished Loading Part and Timing Information : Time (s): cpu = 00:00:37 ; elapsed = 00:00:39 . Memory (MB): peak = 3700.668 ; gain = 738.531 ; free physical = 89941 ; free virtual = 172944
---------------------------------------------------------------------------------
---------------------------------------------------------------------------------
Start Applying 'set_property' XDC Constraints
---------------------------------------------------------------------------------
---------------------------------------------------------------------------------
Finished applying 'set_property' XDC Constraints : Time (s): cpu = 00:00:37 ; elapsed = 00:00:39 . Memory (MB): peak = 3700.668 ; gain = 738.531 ; free physical = 89908 ; free virtual = 172917
---------------------------------------------------------------------------------
INFO: [Synth 8-4490] FSM extraction disabled for register 'gen_pipelined.state_reg' through user attribute
INFO: [Synth 8-4490] FSM extraction disabled for register 'gen_pipelined.state_reg' through user attribute
INFO: [Synth 8-4490] FSM extraction disabled for register 'gen_pipelined.state_reg' through user attribute
INFO: [Synth 8-4490] FSM extraction disabled for register 'gen_pipelined.state_reg' through user attribute
INFO: [Synth 8-4490] FSM extraction disabled for register 'gen_pipelined.state_reg' through user attribute
INFO: [Synth 8-4490] FSM extraction disabled for register 'gen_pipelined.state_reg' through user attribute
INFO: [Synth 8-4490] FSM extraction disabled for register 'gen_pipelined.state_reg' through user attribute
INFO: [Synth 8-4490] FSM extraction disabled for register 'gen_pipelined.state_reg' through user attribute
INFO: [Synth 8-4490] FSM extraction disabled for register 'gen_pipelined.state_reg' through user attribute
INFO: [Synth 8-4490] FSM extraction disabled for register 'gen_pipelined.state_reg' through user attribute
INFO: [Synth 8-4490] FSM extraction disabled for register 'gen_pipelined.state_reg' through user attribute
INFO: [Synth 8-4490] FSM extraction disabled for register 'gen_pipelined.state_reg' through user attribute
---------------------------------------------------------------------------------
Finished RTL Optimization Phase 2 : Time (s): cpu = 00:00:40 ; elapsed = 00:00:43 . Memory (MB): peak = 3700.668 ; gain = 738.531 ; free physical = 92019 ; free virtual = 175056
---------------------------------------------------------------------------------
---------------------------------------------------------------------------------
Start RTL Component Statistics 
---------------------------------------------------------------------------------
Detailed RTL Component Info : 
+---Adders : 
	   2 Input   34 Bit       Adders := 2     
	   2 Input    8 Bit       Adders := 3     
	   3 Input    8 Bit       Adders := 2     
	   2 Input    7 Bit       Adders := 2     
	   2 Input    6 Bit       Adders := 37    
	   2 Input    5 Bit       Adders := 5     
	   2 Input    4 Bit       Adders := 15    
	   3 Input    1 Bit       Adders := 2     
+---XORs : 
	   2 Input      6 Bit         XORs := 10    
	   2 Input      1 Bit         XORs := 103   
+---Registers : 
	             2178 Bit    Registers := 2     
	              512 Bit    Registers := 2     
	              188 Bit    Registers := 2     
	              161 Bit    Registers := 2     
	              147 Bit    Registers := 1     
	              146 Bit    Registers := 1     
	               64 Bit    Registers := 4     
	               47 Bit    Registers := 1     
	               33 Bit    Registers := 1     
	               32 Bit    Registers := 1     
	               23 Bit    Registers := 1     
	               16 Bit    Registers := 2     
	               14 Bit    Registers := 1     
	                9 Bit    Registers := 1     
	                8 Bit    Registers := 8     
	                7 Bit    Registers := 4     
	                6 Bit    Registers := 62    
	                5 Bit    Registers := 5     
	                4 Bit    Registers := 25    
	                3 Bit    Registers := 35    
	                2 Bit    Registers := 2     
	                1 Bit    Registers := 180   
+---Muxes : 
	   2 Input 2178 Bit        Muxes := 2     
	   2 Input  512 Bit        Muxes := 2     
	   2 Input   64 Bit        Muxes := 4     
	   2 Input   47 Bit        Muxes := 1     
	   2 Input   34 Bit        Muxes := 2     
	   2 Input   33 Bit        Muxes := 1     
	   2 Input   32 Bit        Muxes := 4     
	   2 Input   14 Bit        Muxes := 1     
	   2 Input    9 Bit        Muxes := 1     
	   2 Input    8 Bit        Muxes := 11    
	   2 Input    7 Bit        Muxes := 12    
	   6 Input    7 Bit        Muxes := 2     
	   2 Input    6 Bit        Muxes := 8     
	   2 Input    4 Bit        Muxes := 4     
	   4 Input    3 Bit        Muxes := 10    
	   2 Input    3 Bit        Muxes := 10    
	   2 Input    2 Bit        Muxes := 37    
	   3 Input    2 Bit        Muxes := 1     
	   2 Input    1 Bit        Muxes := 70    
	   6 Input    1 Bit        Muxes := 50    
	  12 Input    1 Bit        Muxes := 10    
	   5 Input    1 Bit        Muxes := 10    
---------------------------------------------------------------------------------
Finished RTL Component Statistics 
---------------------------------------------------------------------------------
---------------------------------------------------------------------------------
Start Part Resource Summary
---------------------------------------------------------------------------------
Part Resources:
DSPs: 9024 (col length:94)
BRAMs: 4032 (col length: RAMB18 288 RAMB36 144)
---------------------------------------------------------------------------------
Finished Part Resource Summary
---------------------------------------------------------------------------------
---------------------------------------------------------------------------------
Start Cross Boundary and Area Optimization
---------------------------------------------------------------------------------
WARNING: [Synth 8-7080] Parallel synthesis criteria is not met
WARNING: [Synth 8-3332] Sequential element (clk_map/psr0/U0/FDRE_inst) is unused and will be removed from module bd_baa4.
WARNING: [Synth 8-3332] Sequential element (clk_map/psr0/U0/BSR_OUT_DFF[0].FDRE_BSR) is unused and will be removed from module bd_baa4.
WARNING: [Synth 8-3332] Sequential element (clk_map/psr0/U0/PR_OUT_DFF[0].FDRE_PER) is unused and will be removed from module bd_baa4.
WARNING: [Synth 8-3332] Sequential element (clk_map/psr0/U0/ACTIVE_LOW_PR_OUT_DFF[0].FDRE_PER_N) is unused and will be removed from module bd_baa4.
WARNING: [Synth 8-3332] Sequential element (clk_map/psr_aclk/U0/FDRE_inst) is unused and will be removed from module bd_baa4.
WARNING: [Synth 8-3332] Sequential element (clk_map/psr_aclk/U0/BSR_OUT_DFF[0].FDRE_BSR) is unused and will be removed from module bd_baa4.
WARNING: [Synth 8-3332] Sequential element (clk_map/psr_aclk/U0/PR_OUT_DFF[0].FDRE_PER) is unused and will be removed from module bd_baa4.
WARNING: [Synth 8-3332] Sequential element (clk_map/psr_aclk/U0/ACTIVE_LOW_PR_OUT_DFF[0].FDRE_PER_N) is unused and will be removed from module bd_baa4.
WARNING: [Synth 8-3332] Sequential element (clk_map/psr_aclk1/U0/FDRE_inst) is unused and will be removed from module bd_baa4.
WARNING: [Synth 8-3332] Sequential element (clk_map/psr_aclk1/U0/BSR_OUT_DFF[0].FDRE_BSR) is unused and will be removed from module bd_baa4.
WARNING: [Synth 8-3332] Sequential element (clk_map/psr_aclk1/U0/PR_OUT_DFF[0].FDRE_PER) is unused and will be removed from module bd_baa4.
WARNING: [Synth 8-3332] Sequential element (clk_map/psr_aclk1/U0/ACTIVE_LOW_PR_OUT_DFF[0].FDRE_PER_N) is unused and will be removed from module bd_baa4.
---------------------------------------------------------------------------------
Finished Cross Boundary and Area Optimization : Time (s): cpu = 00:00:54 ; elapsed = 00:00:58 . Memory (MB): peak = 3700.668 ; gain = 738.531 ; free physical = 96583 ; free virtual = 179611
---------------------------------------------------------------------------------
---------------------------------------------------------------------------------
Start ROM, RAM, DSP, Shift Register and Retiming Reporting
---------------------------------------------------------------------------------

Distributed RAM: Preliminary Mapping Report (see note below)
+--------------------------------------------------------------------------------------------------------------------------------------------------------------------------+----------------------------------+----------------+----------------------+----------------+
|Module Name                                                                                                                                                               | RTL Object                       | Inference      | Size (Depth x Width) | Primitives     | 
+--------------------------------------------------------------------------------------------------------------------------------------------------------------------------+----------------------------------+----------------+----------------------+----------------+
|xpm_memory_sdpram:/xpm_memory_base_inst                                                                                                                                   | gen_wr_a.gen_word_narrow.mem_reg | User Attribute | 32 x 188             | RAM32M16 x 14  | 
|xpm_memory_sdpram:/xpm_memory_base_inst                                                                                                                                   | gen_wr_a.gen_word_narrow.mem_reg | User Attribute | 32 x 188             | RAM32M16 x 14  | 
|inst/\s00_nodes/s00_b_node/inst /\inst_mi_handler/gen_normal_area.inst_fifo_node_payld/gen_xpm_memory_fifo.inst_fifo/gen_mem_rep[0].inst_xpm_memory /xpm_memory_base_inst | gen_wr_a.gen_word_narrow.mem_reg | User Attribute | 32 x 23              | RAM32M16 x 2   | 
|inst/\s00_nodes/s00_r_node/inst /\inst_mi_handler/gen_normal_area.inst_fifo_node_payld/gen_xpm_memory_fifo.inst_fifo/gen_mem_rep[0].inst_xpm_memory /xpm_memory_base_inst | gen_wr_a.gen_word_narrow.mem_reg | User Attribute | 32 x 147             | RAM32M16 x 11  | 
|inst/\s00_nodes/s00_r_node/inst /\inst_mi_handler/gen_normal_area.inst_fifo_node_payld/gen_xpm_memory_fifo.inst_fifo/gen_mem_rep[1].inst_xpm_memory /xpm_memory_base_inst | gen_wr_a.gen_word_narrow.mem_reg | User Attribute | 32 x 146             | RAM32M16 x 11  | 
|xpm_memory_sdpram__parameterized3:/xpm_memory_base_inst                                                                                                                   | gen_wr_a.gen_word_narrow.mem_reg | User Attribute | 32 x 161             | RAM32M16 x 12  | 
|xpm_memory_sdpram__parameterized3:/xpm_memory_base_inst                                                                                                                   | gen_wr_a.gen_word_narrow.mem_reg | User Attribute | 32 x 161             | RAM32M16 x 12  | 
+--------------------------------------------------------------------------------------------------------------------------------------------------------------------------+----------------------------------+----------------+----------------------+----------------+

Note: The table above is a preliminary report that shows the Distributed RAMs at the current stage of the synthesis flow. Some Distributed RAMs may be reimplemented as non Distributed RAM primitives later in the synthesis flow. Multiple instantiated RAMs are reported only once.
---------------------------------------------------------------------------------
Finished ROM, RAM, DSP, Shift Register and Retiming Reporting
---------------------------------------------------------------------------------
---------------------------------------------------------------------------------
Start Applying XDC Timing Constraints
---------------------------------------------------------------------------------
---------------------------------------------------------------------------------
Finished Applying XDC Timing Constraints : Time (s): cpu = 00:01:02 ; elapsed = 00:01:07 . Memory (MB): peak = 3985.828 ; gain = 1023.691 ; free physical = 103389 ; free virtual = 186417
---------------------------------------------------------------------------------
---------------------------------------------------------------------------------
Start Timing Optimization
---------------------------------------------------------------------------------
---------------------------------------------------------------------------------
Finished Timing Optimization : Time (s): cpu = 00:01:04 ; elapsed = 00:01:09 . Memory (MB): peak = 4033.875 ; gain = 1071.738 ; free physical = 105435 ; free virtual = 188465
---------------------------------------------------------------------------------
---------------------------------------------------------------------------------
Start ROM, RAM, DSP, Shift Register and Retiming Reporting
---------------------------------------------------------------------------------

Distributed RAM: Final Mapping Report
+--------------------------------------------------------------------------------------------------------------------------------------------------------------------------+----------------------------------+----------------+----------------------+----------------+
|Module Name                                                                                                                                                               | RTL Object                       | Inference      | Size (Depth x Width) | Primitives     | 
+--------------------------------------------------------------------------------------------------------------------------------------------------------------------------+----------------------------------+----------------+----------------------+----------------+
|xpm_memory_sdpram:/xpm_memory_base_inst                                                                                                                                   | gen_wr_a.gen_word_narrow.mem_reg | User Attribute | 32 x 188             | RAM32M16 x 14  | 
|xpm_memory_sdpram:/xpm_memory_base_inst                                                                                                                                   | gen_wr_a.gen_word_narrow.mem_reg | User Attribute | 32 x 188             | RAM32M16 x 14  | 
|inst/\s00_nodes/s00_b_node/inst /\inst_mi_handler/gen_normal_area.inst_fifo_node_payld/gen_xpm_memory_fifo.inst_fifo/gen_mem_rep[0].inst_xpm_memory /xpm_memory_base_inst | gen_wr_a.gen_word_narrow.mem_reg | User Attribute | 32 x 23              | RAM32M16 x 2   | 
|inst/\s00_nodes/s00_r_node/inst /\inst_mi_handler/gen_normal_area.inst_fifo_node_payld/gen_xpm_memory_fifo.inst_fifo/gen_mem_rep[0].inst_xpm_memory /xpm_memory_base_inst | gen_wr_a.gen_word_narrow.mem_reg | User Attribute | 32 x 147             | RAM32M16 x 11  | 
|inst/\s00_nodes/s00_r_node/inst /\inst_mi_handler/gen_normal_area.inst_fifo_node_payld/gen_xpm_memory_fifo.inst_fifo/gen_mem_rep[1].inst_xpm_memory /xpm_memory_base_inst | gen_wr_a.gen_word_narrow.mem_reg | User Attribute | 32 x 146             | RAM32M16 x 11  | 
|xpm_memory_sdpram__parameterized3:/xpm_memory_base_inst                                                                                                                   | gen_wr_a.gen_word_narrow.mem_reg | User Attribute | 32 x 161             | RAM32M16 x 12  | 
|xpm_memory_sdpram__parameterized3:/xpm_memory_base_inst                                                                                                                   | gen_wr_a.gen_word_narrow.mem_reg | User Attribute | 32 x 161             | RAM32M16 x 12  | 
+--------------------------------------------------------------------------------------------------------------------------------------------------------------------------+----------------------------------+----------------+----------------------+----------------+

---------------------------------------------------------------------------------
Finished ROM, RAM, DSP, Shift Register and Retiming Reporting
---------------------------------------------------------------------------------
---------------------------------------------------------------------------------
Start Technology Mapping
---------------------------------------------------------------------------------
---------------------------------------------------------------------------------
Finished Technology Mapping : Time (s): cpu = 00:01:06 ; elapsed = 00:01:10 . Memory (MB): peak = 4041.883 ; gain = 1079.746 ; free physical = 108188 ; free virtual = 191218
---------------------------------------------------------------------------------
---------------------------------------------------------------------------------
Start IO Insertion
---------------------------------------------------------------------------------
---------------------------------------------------------------------------------
Start Flattening Before IO Insertion
---------------------------------------------------------------------------------
---------------------------------------------------------------------------------
Finished Flattening Before IO Insertion
---------------------------------------------------------------------------------
---------------------------------------------------------------------------------
Start Final Netlist Cleanup
---------------------------------------------------------------------------------
---------------------------------------------------------------------------------
Finished Final Netlist Cleanup
---------------------------------------------------------------------------------
---------------------------------------------------------------------------------
Finished IO Insertion : Time (s): cpu = 00:01:09 ; elapsed = 00:01:13 . Memory (MB): peak = 4181.695 ; gain = 1219.559 ; free physical = 106739 ; free virtual = 189780
---------------------------------------------------------------------------------
---------------------------------------------------------------------------------
Start Renaming Generated Instances
---------------------------------------------------------------------------------
---------------------------------------------------------------------------------
Finished Renaming Generated Instances : Time (s): cpu = 00:01:09 ; elapsed = 00:01:13 . Memory (MB): peak = 4181.695 ; gain = 1219.559 ; free physical = 106734 ; free virtual = 189776
---------------------------------------------------------------------------------
---------------------------------------------------------------------------------
Start Rebuilding User Hierarchy
---------------------------------------------------------------------------------
---------------------------------------------------------------------------------
Finished Rebuilding User Hierarchy : Time (s): cpu = 00:01:09 ; elapsed = 00:01:14 . Memory (MB): peak = 4181.695 ; gain = 1219.559 ; free physical = 106698 ; free virtual = 189740
---------------------------------------------------------------------------------
---------------------------------------------------------------------------------
Start Renaming Generated Ports
---------------------------------------------------------------------------------
---------------------------------------------------------------------------------
Finished Renaming Generated Ports : Time (s): cpu = 00:01:09 ; elapsed = 00:01:14 . Memory (MB): peak = 4181.695 ; gain = 1219.559 ; free physical = 106775 ; free virtual = 189816
---------------------------------------------------------------------------------
---------------------------------------------------------------------------------
Start Handling Custom Attributes
---------------------------------------------------------------------------------
---------------------------------------------------------------------------------
Finished Handling Custom Attributes : Time (s): cpu = 00:01:09 ; elapsed = 00:01:14 . Memory (MB): peak = 4181.695 ; gain = 1219.559 ; free physical = 106739 ; free virtual = 189807
---------------------------------------------------------------------------------
---------------------------------------------------------------------------------
Start Renaming Generated Nets
---------------------------------------------------------------------------------
---------------------------------------------------------------------------------
Finished Renaming Generated Nets : Time (s): cpu = 00:01:09 ; elapsed = 00:01:14 . Memory (MB): peak = 4181.695 ; gain = 1219.559 ; free physical = 106739 ; free virtual = 189807
---------------------------------------------------------------------------------
---------------------------------------------------------------------------------
Start ROM, RAM, DSP, Shift Register and Retiming Reporting
---------------------------------------------------------------------------------

Dynamic Shift Register Report:
+------------+---------------+--------+------------+--------+---------+--------+--------+--------+
|Module Name | RTL Name      | Length | Data Width | SRL16E | SRLC32E | Mux F7 | Mux F8 | Mux F9 | 
+------------+---------------+--------+------------+--------+---------+--------+--------+--------+
|dsrl        | shift_reg_reg | 16     | 1          | 1      | 0       | 0      | 0      | 0      | 
+------------+---------------+--------+------------+--------+---------+--------+--------+--------+

---------------------------------------------------------------------------------
Finished ROM, RAM, DSP, Shift Register and Retiming Reporting
---------------------------------------------------------------------------------
---------------------------------------------------------------------------------
Start Writing Synthesis Report
---------------------------------------------------------------------------------

Report BlackBoxes: 
+-+--------------+----------+
| |BlackBox name |Instances |
+-+--------------+----------+
+-+--------------+----------+

Report Cell Usage: 
+------+---------+------+
|      |Cell     |Count |
+------+---------+------+
|1     |CARRY8   |    16|
|2     |LUT1     |    89|
|3     |LUT2     |   154|
|4     |LUT3     |   231|
|5     |LUT4     |   151|
|6     |LUT5     |   191|
|7     |LUT6     |   356|
|8     |RAM32M16 |    59|
|9     |SRL16    |     3|
|10    |SRL16E   |    17|
|11    |FDCE     |    42|
|12    |FDRE     |  1457|
|13    |FDSE     |    82|
+------+---------+------+
---------------------------------------------------------------------------------
Finished Writing Synthesis Report : Time (s): cpu = 00:01:09 ; elapsed = 00:01:14 . Memory (MB): peak = 4181.695 ; gain = 1219.559 ; free physical = 106736 ; free virtual = 189804
---------------------------------------------------------------------------------
Synthesis finished with 0 errors, 0 critical warnings and 13023 warnings.
Synthesis Optimization Runtime : Time (s): cpu = 00:00:51 ; elapsed = 00:00:56 . Memory (MB): peak = 4181.695 ; gain = 969.473 ; free physical = 106672 ; free virtual = 189749
Synthesis Optimization Complete : Time (s): cpu = 00:01:10 ; elapsed = 00:01:14 . Memory (MB): peak = 4181.695 ; gain = 1219.559 ; free physical = 106645 ; free virtual = 189722
INFO: [Project 1-571] Translating synthesized netlist
Netlist sorting complete. Time (s): cpu = 00:00:00.16 ; elapsed = 00:00:00.15 . Memory (MB): peak = 4181.695 ; gain = 0.000 ; free physical = 106436 ; free virtual = 189478
INFO: [Netlist 29-17] Analyzing 78 Unisim elements for replacement
INFO: [Netlist 29-28] Unisim Transformation completed in 0 CPU seconds
INFO: [Project 1-570] Preparing netlist for logic optimization
INFO: [Opt 31-138] Pushed 0 inverter(s) to 0 load pin(s).
Netlist sorting complete. Time (s): cpu = 00:00:00 ; elapsed = 00:00:00 . Memory (MB): peak = 4181.695 ; gain = 0.000 ; free physical = 111641 ; free virtual = 194683
INFO: [Project 1-111] Unisim Transformation Summary:
  A total of 62 instances were transformed.
  RAM32M16 => RAM32M16 (RAMD32(x14), RAMS32(x2)): 59 instances
  SRL16 => SRL16E: 3 instances

Synth Design complete | Checksum: 74f48f76
INFO: [Common 17-83] Releasing license: Synthesis
141 Infos, 137 Warnings, 0 Critical Warnings and 0 Errors encountered.
synth_design completed successfully
synth_design: Time (s): cpu = 00:01:29 ; elapsed = 00:01:31 . Memory (MB): peak = 4181.695 ; gain = 2603.930 ; free physical = 113817 ; free virtual = 196859
INFO: [Common 17-2834] synth_design peak Physical Memory [PSS] (MB): overall = 3193.352; main = 3133.041; forked = 189.595
INFO: [Common 17-2834] synth_design peak Virtual Memory [VSS] (MB): overall = 4997.090; main = 4154.000; forked = 955.203
Write ShapeDB Complete: Time (s): cpu = 00:00:00.01 ; elapsed = 00:00:00.02 . Memory (MB): peak = 4181.695 ; gain = 0.000 ; free physical = 117632 ; free virtual = 200677
INFO: [Common 17-1381] The checkpoint '/home/miahafiz/NeuroRing_a_8192_5c/_x.hw.NUM_8192.CORE_5.FREQ_300/link/vivado/vpl/prj/prj.runs/bd_85ad_interconnect1_0_0_synth_1/bd_85ad_interconnect1_0_0.dcp' has been generated.
INFO: [Coretcl 2-1648] Added synthesis output to IP cache for IP bd_85ad_interconnect1_0_0, cache-ID = 9889aefeab5e2065
INFO: [Coretcl 2-1174] Renamed 158 cell refs.
Write ShapeDB Complete: Time (s): cpu = 00:00:00.01 ; elapsed = 00:00:00.01 . Memory (MB): peak = 4181.695 ; gain = 0.000 ; free physical = 115411 ; free virtual = 198470
INFO: [Common 17-1381] The checkpoint '/home/miahafiz/NeuroRing_a_8192_5c/_x.hw.NUM_8192.CORE_5.FREQ_300/link/vivado/vpl/prj/prj.runs/bd_85ad_interconnect1_0_0_synth_1/bd_85ad_interconnect1_0_0.dcp' has been generated.
INFO: [Vivado 12-24828] Executing command : report_utilization -file bd_85ad_interconnect1_0_0_utilization_synth.rpt -pb bd_85ad_interconnect1_0_0_utilization_synth.pb
INFO: [Common 17-206] Exiting Vivado at Fri Feb 27 05:27:02 2026...
