
*** Running vivado
    with args -log ulp_buffer_SynapseRouter_3_syn_forward_rt_left_0.vds -m64 -product Vivado -mode batch -messageDb vivado.pb -notrace -source ulp_buffer_SynapseRouter_3_syn_forward_rt_left_0.tcl


****** Vivado v2025.1 (64-bit)
  **** SW Build 6140274 on Wed May 21 22:58:25 MDT 2025
  **** IP Build 6138677 on Thu May 22 03:10:11 MDT 2025
  **** SharedData Build 6139179 on Tue May 20 17:58:58 MDT 2025
  **** Start of session at: Fri Feb 27 05:15:49 2026
    ** Copyright 1986-2022 Xilinx, Inc. All Rights Reserved.
    ** Copyright 2022-2025 Advanced Micro Devices, Inc. All Rights Reserved.

source ulp_buffer_SynapseRouter_3_syn_forward_rt_left_0.tcl -notrace
INFO: Dispatch client connection id - 34529
create_project: Time (s): cpu = 00:00:10 ; elapsed = 00:00:10 . Memory (MB): peak = 1535.078 ; gain = 3.992 ; free physical = 124784 ; free virtual = 206436
INFO: [IP_Flow 19-234] Refreshing IP repositories
INFO: [IP_Flow 19-1700] Loaded user IP repository '/home/miahafiz/NeuroRing_a_8192_5c/_x.hw.NUM_8192.CORE_5.FREQ_300/link/int/xo/ip_repo/xilinx_com_hls_SynapseRouter_1_0'.
INFO: [IP_Flow 19-1700] Loaded user IP repository '/home/miahafiz/NeuroRing_a_8192_5c/_x.hw.NUM_8192.CORE_5.FREQ_300/link/int/xo/ip_repo/xilinx_com_hls_NeuroRing_1_0'.
INFO: [IP_Flow 19-1700] Loaded user IP repository '/home/miahafiz/NeuroRing_a_8192_5c/_x.hw.NUM_8192.CORE_5.FREQ_300/link/vivado/vpl/.local/hw_platform/iprepo'.
INFO: [IP_Flow 19-1700] Loaded user IP repository '/opt/xilinx/2025.1/Vitis/data/cache/xilinx'.
INFO: [IP_Flow 19-1700] Loaded user IP repository '/home/miahafiz/NeuroRing_a_8192_5c/_x.hw.NUM_8192.CORE_5.FREQ_300/link/vivado/vpl/.local/hw_platform/ipcache'.
INFO: [IP_Flow 19-1700] Loaded user IP repository '/opt/xilinx/2025.1/Vitis/data/vitis/ip'.
INFO: [IP_Flow 19-2313] Loaded Vivado IP repository '/opt/xilinx/2025.1/Vivado/data/ip'.
WARNING: [IP_Flow 19-1663] Duplicate IP found for 'xilinx.com:ip:axi_clk_metadata_adapter:1.0'. The one found in IP location '/home/miahafiz/NeuroRing_a_8192_5c/_x.hw.NUM_8192.CORE_5.FREQ_300/link/vivado/vpl/.local/hw_platform/iprepo/ipdefs/other_ipdefs/axi_clk_metadata_adapter_v1_0' will take precedence over the same IP in location /home/miahafiz/NeuroRing_a_8192_5c/_x.hw.NUM_8192.CORE_5.FREQ_300/link/vivado/vpl/.local/hw_platform/iprepo/ipdefs/pxi_ii_infra/axi_clk_metadata_adapter_v1_0
WARNING: [IP_Flow 19-1663] Duplicate IP found for 'xilinx.com:ip:axis_clk_metadata_adapter:1.0'. The one found in IP location '/home/miahafiz/NeuroRing_a_8192_5c/_x.hw.NUM_8192.CORE_5.FREQ_300/link/vivado/vpl/.local/hw_platform/iprepo/ipdefs/other_ipdefs/axis_clk_metadata_adapter_v1_0' will take precedence over the same IP in location /home/miahafiz/NeuroRing_a_8192_5c/_x.hw.NUM_8192.CORE_5.FREQ_300/link/vivado/vpl/.local/hw_platform/iprepo/ipdefs/pxi_ii_infra/axis_clk_metadata_adapter_v1_0
WARNING: [IP_Flow 19-1663] Duplicate IP found for 'xilinx.com:ip:clk_metadata_adapter:1.0'. The one found in IP location '/home/miahafiz/NeuroRing_a_8192_5c/_x.hw.NUM_8192.CORE_5.FREQ_300/link/vivado/vpl/.local/hw_platform/iprepo/ipdefs/other_ipdefs/clk_metadata_adapter_v1_0' will take precedence over the same IP in location /home/miahafiz/NeuroRing_a_8192_5c/_x.hw.NUM_8192.CORE_5.FREQ_300/link/vivado/vpl/.local/hw_platform/iprepo/ipdefs/pxi_ii_infra/clk_metadata_adapter_v1_0
WARNING: [IP_Flow 19-1663] Duplicate IP found for 'xilinx.com:ip:pipeline_reg:1.0'. The one found in IP location '/home/miahafiz/NeuroRing_a_8192_5c/_x.hw.NUM_8192.CORE_5.FREQ_300/link/vivado/vpl/.local/hw_platform/iprepo/ipdefs/other_ipdefs/pipeline_reg_v1_0' will take precedence over the same IP in location /home/miahafiz/NeuroRing_a_8192_5c/_x.hw.NUM_8192.CORE_5.FREQ_300/link/vivado/vpl/.local/hw_platform/iprepo/ipdefs/pxi_ii_infra/pipeline_reg_v1_0
Command: synth_design -top ulp_buffer_SynapseRouter_3_syn_forward_rt_left_0 -part xcu55c-fsvh2892-2L-e -incremental_mode off -mode out_of_context
Starting synth_design
Attempting to get a license for feature 'Synthesis' and/or device 'xcu55c'
INFO: [Common 17-349] Got license for feature 'Synthesis' and/or device 'xcu55c'
INFO: [Device 21-403] Loading part xcu55c-fsvh2892-2L-e
INFO: [Synth 8-7079] Multithreading enabled for synth_design using a maximum of 1 processes.
INFO: [Synth 8-7078] Launching helper process for spawning children vivado processes
INFO: [Synth 8-7075] Helper process launched with PID 746175
---------------------------------------------------------------------------------
Starting RTL Elaboration : Time (s): cpu = 00:00:06 ; elapsed = 00:00:06 . Memory (MB): peak = 3237.727 ; gain = 289.777 ; free physical = 95315 ; free virtual = 176968
---------------------------------------------------------------------------------
INFO: [Synth 8-6157] synthesizing module 'ulp_buffer_SynapseRouter_3_syn_forward_rt_left_0' [/home/miahafiz/NeuroRing_a_8192_5c/_x.hw.NUM_8192.CORE_5.FREQ_300/link/vivado/vpl/prj/prj.gen/my_rm/bd/ulp/ip/ulp_buffer_SynapseRouter_3_syn_forward_rt_left_0/synth/ulp_buffer_SynapseRouter_3_syn_forward_rt_left_0.v:53]
INFO: [Synth 8-6157] synthesizing module 'axis_data_fifo_v2_0_17_top' [/home/miahafiz/NeuroRing_a_8192_5c/_x.hw.NUM_8192.CORE_5.FREQ_300/link/vivado/vpl/prj/prj.gen/my_rm/bd/ulp/ipshared/e1e3/hdl/axis_data_fifo_v2_0_vl_rfs.v:53]
INFO: [Synth 8-6157] synthesizing module 'axis_infrastructure_v1_1_1_util_aclken_converter_wrapper' [/home/miahafiz/NeuroRing_a_8192_5c/_x.hw.NUM_8192.CORE_5.FREQ_300/link/vivado/vpl/prj/prj.gen/my_rm/bd/ulp/ipshared/434f/hdl/axis_infrastructure_v1_1_vl_rfs.v:596]
INFO: [Synth 8-6157] synthesizing module 'axis_infrastructure_v1_1_1_util_axis2vector' [/home/miahafiz/NeuroRing_a_8192_5c/_x.hw.NUM_8192.CORE_5.FREQ_300/link/vivado/vpl/prj/prj.gen/my_rm/bd/ulp/ipshared/434f/hdl/axis_infrastructure_v1_1_vl_rfs.v:805]
INFO: [Synth 8-6155] done synthesizing module 'axis_infrastructure_v1_1_1_util_axis2vector' (0#1) [/home/miahafiz/NeuroRing_a_8192_5c/_x.hw.NUM_8192.CORE_5.FREQ_300/link/vivado/vpl/prj/prj.gen/my_rm/bd/ulp/ipshared/434f/hdl/axis_infrastructure_v1_1_vl_rfs.v:805]
INFO: [Synth 8-6157] synthesizing module 'axis_infrastructure_v1_1_1_util_vector2axis' [/home/miahafiz/NeuroRing_a_8192_5c/_x.hw.NUM_8192.CORE_5.FREQ_300/link/vivado/vpl/prj/prj.gen/my_rm/bd/ulp/ipshared/434f/hdl/axis_infrastructure_v1_1_vl_rfs.v:986]
INFO: [Synth 8-6155] done synthesizing module 'axis_infrastructure_v1_1_1_util_vector2axis' (0#1) [/home/miahafiz/NeuroRing_a_8192_5c/_x.hw.NUM_8192.CORE_5.FREQ_300/link/vivado/vpl/prj/prj.gen/my_rm/bd/ulp/ipshared/434f/hdl/axis_infrastructure_v1_1_vl_rfs.v:986]
INFO: [Synth 8-6155] done synthesizing module 'axis_infrastructure_v1_1_1_util_aclken_converter_wrapper' (0#1) [/home/miahafiz/NeuroRing_a_8192_5c/_x.hw.NUM_8192.CORE_5.FREQ_300/link/vivado/vpl/prj/prj.gen/my_rm/bd/ulp/ipshared/434f/hdl/axis_infrastructure_v1_1_vl_rfs.v:596]
INFO: [Synth 8-6157] synthesizing module 'xpm_fifo_axis' [/opt/xilinx/2025.1/Vivado/data/ip/xpm/xpm_fifo/hdl/xpm_fifo.sv:2373]
INFO: [Synth 8-6157] synthesizing module 'xpm_cdc_sync_rst' [/opt/xilinx/2025.1/Vivado/data/ip/xpm/xpm_cdc/hdl/xpm_cdc.sv:1059]
INFO: [Synth 8-6155] done synthesizing module 'xpm_cdc_sync_rst' (0#1) [/opt/xilinx/2025.1/Vivado/data/ip/xpm/xpm_cdc/hdl/xpm_cdc.sv:1059]
INFO: [Synth 8-6157] synthesizing module 'xpm_fifo_base' [/opt/xilinx/2025.1/Vivado/data/ip/xpm/xpm_fifo/hdl/xpm_fifo.sv:53]
INFO: [Synth 8-6157] synthesizing module 'xpm_memory_base' [/opt/xilinx/2025.1/Vivado/data/ip/xpm/xpm_memory/hdl/xpm_memory.sv:54]
INFO: [Synth 8-6059] Synth Info: [XPM_MEMORY 20-1] MEMORY_PRIMITIVE (0) instructs Vivado Synthesis to choose the memory primitive type. Depending on their values, other XPM_MEMORY parameters may preclude the choice of certain memory primitive types. Review XPM_MEMORY documentation and parameter values to understand any limitations, or set MEMORY_PRIMITIVE to a different value.   [/opt/xilinx/2025.1/Vivado/data/ip/xpm/xpm_memory/hdl/xpm_memory.sv:522]
INFO: [Synth 8-6155] done synthesizing module 'xpm_memory_base' (0#1) [/opt/xilinx/2025.1/Vivado/data/ip/xpm/xpm_memory/hdl/xpm_memory.sv:54]
INFO: [Synth 8-226] default block is never used [/opt/xilinx/2025.1/Vivado/data/ip/xpm/xpm_fifo/hdl/xpm_fifo.sv:1220]
INFO: [Synth 8-226] default block is never used [/opt/xilinx/2025.1/Vivado/data/ip/xpm/xpm_fifo/hdl/xpm_fifo.sv:1287]
INFO: [Synth 8-226] default block is never used [/opt/xilinx/2025.1/Vivado/data/ip/xpm/xpm_fifo/hdl/xpm_fifo.sv:1309]
INFO: [Synth 8-6157] synthesizing module 'xpm_fifo_reg_bit' [/opt/xilinx/2025.1/Vivado/data/ip/xpm/xpm_fifo/hdl/xpm_fifo.sv:1927]
INFO: [Synth 8-6155] done synthesizing module 'xpm_fifo_reg_bit' (0#1) [/opt/xilinx/2025.1/Vivado/data/ip/xpm/xpm_fifo/hdl/xpm_fifo.sv:1927]
INFO: [Synth 8-6157] synthesizing module 'xpm_counter_updn' [/opt/xilinx/2025.1/Vivado/data/ip/xpm/xpm_fifo/hdl/xpm_fifo.sv:1879]
INFO: [Synth 8-6155] done synthesizing module 'xpm_counter_updn' (0#1) [/opt/xilinx/2025.1/Vivado/data/ip/xpm/xpm_fifo/hdl/xpm_fifo.sv:1879]
INFO: [Synth 8-6157] synthesizing module 'xpm_fifo_rst' [/opt/xilinx/2025.1/Vivado/data/ip/xpm/xpm_fifo/hdl/xpm_fifo.sv:1639]
INFO: [Synth 8-6155] done synthesizing module 'xpm_fifo_rst' (0#1) [/opt/xilinx/2025.1/Vivado/data/ip/xpm/xpm_fifo/hdl/xpm_fifo.sv:1639]
INFO: [Synth 8-6157] synthesizing module 'xpm_counter_updn__parameterized0' [/opt/xilinx/2025.1/Vivado/data/ip/xpm/xpm_fifo/hdl/xpm_fifo.sv:1879]
INFO: [Synth 8-6155] done synthesizing module 'xpm_counter_updn__parameterized0' (0#1) [/opt/xilinx/2025.1/Vivado/data/ip/xpm/xpm_fifo/hdl/xpm_fifo.sv:1879]
INFO: [Synth 8-6157] synthesizing module 'xpm_counter_updn__parameterized1' [/opt/xilinx/2025.1/Vivado/data/ip/xpm/xpm_fifo/hdl/xpm_fifo.sv:1879]
INFO: [Synth 8-6155] done synthesizing module 'xpm_counter_updn__parameterized1' (0#1) [/opt/xilinx/2025.1/Vivado/data/ip/xpm/xpm_fifo/hdl/xpm_fifo.sv:1879]
INFO: [Synth 8-6157] synthesizing module 'xpm_counter_updn__parameterized2' [/opt/xilinx/2025.1/Vivado/data/ip/xpm/xpm_fifo/hdl/xpm_fifo.sv:1879]
INFO: [Synth 8-6155] done synthesizing module 'xpm_counter_updn__parameterized2' (0#1) [/opt/xilinx/2025.1/Vivado/data/ip/xpm/xpm_fifo/hdl/xpm_fifo.sv:1879]
INFO: [Synth 8-6155] done synthesizing module 'xpm_fifo_base' (0#1) [/opt/xilinx/2025.1/Vivado/data/ip/xpm/xpm_fifo/hdl/xpm_fifo.sv:53]
INFO: [Synth 8-6155] done synthesizing module 'xpm_fifo_axis' (0#1) [/opt/xilinx/2025.1/Vivado/data/ip/xpm/xpm_fifo/hdl/xpm_fifo.sv:2373]
INFO: [Synth 8-6155] done synthesizing module 'axis_data_fifo_v2_0_17_top' (0#1) [/home/miahafiz/NeuroRing_a_8192_5c/_x.hw.NUM_8192.CORE_5.FREQ_300/link/vivado/vpl/prj/prj.gen/my_rm/bd/ulp/ipshared/e1e3/hdl/axis_data_fifo_v2_0_vl_rfs.v:53]
INFO: [Synth 8-6155] done synthesizing module 'ulp_buffer_SynapseRouter_3_syn_forward_rt_left_0' (0#1) [/home/miahafiz/NeuroRing_a_8192_5c/_x.hw.NUM_8192.CORE_5.FREQ_300/link/vivado/vpl/prj/prj.gen/my_rm/bd/ulp/ip/ulp_buffer_SynapseRouter_3_syn_forward_rt_left_0/synth/ulp_buffer_SynapseRouter_3_syn_forward_rt_left_0.v:53]
WARNING: [Synth 8-6014] Unused sequential element gen_rd_b.gen_doutb_pipe.enb_pipe_reg[0] was removed.  [/opt/xilinx/2025.1/Vivado/data/ip/xpm/xpm_memory/hdl/xpm_memory.sv:3085]
WARNING: [Synth 8-6014] Unused sequential element gdvld.data_valid_std_reg was removed.  [/opt/xilinx/2025.1/Vivado/data/ip/xpm/xpm_fifo/hdl/xpm_fifo.sv:550]
WARNING: [Synth 8-6014] Unused sequential element gen_fwft.empty_fwft_fb_reg was removed.  [/opt/xilinx/2025.1/Vivado/data/ip/xpm/xpm_fifo/hdl/xpm_fifo.sv:1404]
WARNING: [Synth 8-7129] Port ACLK in module axis_infrastructure_v1_1_1_util_aclken_converter_wrapper is either unconnected or has no load
WARNING: [Synth 8-7129] Port ARESETN in module axis_infrastructure_v1_1_1_util_aclken_converter_wrapper is either unconnected or has no load
WARNING: [Synth 8-7129] Port S_ACLKEN in module axis_infrastructure_v1_1_1_util_aclken_converter_wrapper is either unconnected or has no load
WARNING: [Synth 8-7129] Port M_ACLKEN in module axis_infrastructure_v1_1_1_util_aclken_converter_wrapper is either unconnected or has no load
WARNING: [Synth 8-7129] Port rd_clk in module xpm_fifo_rst is either unconnected or has no load
WARNING: [Synth 8-7129] Port sleep in module xpm_memory_base is either unconnected or has no load
WARNING: [Synth 8-7129] Port rsta in module xpm_memory_base is either unconnected or has no load
WARNING: [Synth 8-7129] Port regcea in module xpm_memory_base is either unconnected or has no load
WARNING: [Synth 8-7129] Port injectsbiterra in module xpm_memory_base is either unconnected or has no load
WARNING: [Synth 8-7129] Port injectdbiterra in module xpm_memory_base is either unconnected or has no load
WARNING: [Synth 8-7129] Port clkb in module xpm_memory_base is either unconnected or has no load
WARNING: [Synth 8-7129] Port dinb[323] in module xpm_memory_base is either unconnected or has no load
WARNING: [Synth 8-7129] Port dinb[322] in module xpm_memory_base is either unconnected or has no load
WARNING: [Synth 8-7129] Port dinb[321] in module xpm_memory_base is either unconnected or has no load
WARNING: [Synth 8-7129] Port dinb[320] in module xpm_memory_base is either unconnected or has no load
WARNING: [Synth 8-7129] Port dinb[319] in module xpm_memory_base is either unconnected or has no load
WARNING: [Synth 8-7129] Port dinb[318] in module xpm_memory_base is either unconnected or has no load
WARNING: [Synth 8-7129] Port dinb[317] in module xpm_memory_base is either unconnected or has no load
WARNING: [Synth 8-7129] Port dinb[316] in module xpm_memory_base is either unconnected or has no load
WARNING: [Synth 8-7129] Port dinb[315] in module xpm_memory_base is either unconnected or has no load
WARNING: [Synth 8-7129] Port dinb[314] in module xpm_memory_base is either unconnected or has no load
WARNING: [Synth 8-7129] Port dinb[313] in module xpm_memory_base is either unconnected or has no load
WARNING: [Synth 8-7129] Port dinb[312] in module xpm_memory_base is either unconnected or has no load
WARNING: [Synth 8-7129] Port dinb[311] in module xpm_memory_base is either unconnected or has no load
WARNING: [Synth 8-7129] Port dinb[310] in module xpm_memory_base is either unconnected or has no load
WARNING: [Synth 8-7129] Port dinb[309] in module xpm_memory_base is either unconnected or has no load
WARNING: [Synth 8-7129] Port dinb[308] in module xpm_memory_base is either unconnected or has no load
WARNING: [Synth 8-7129] Port dinb[307] in module xpm_memory_base is either unconnected or has no load
WARNING: [Synth 8-7129] Port dinb[306] in module xpm_memory_base is either unconnected or has no load
WARNING: [Synth 8-7129] Port dinb[305] in module xpm_memory_base is either unconnected or has no load
WARNING: [Synth 8-7129] Port dinb[304] in module xpm_memory_base is either unconnected or has no load
WARNING: [Synth 8-7129] Port dinb[303] in module xpm_memory_base is either unconnected or has no load
WARNING: [Synth 8-7129] Port dinb[302] in module xpm_memory_base is either unconnected or has no load
WARNING: [Synth 8-7129] Port dinb[301] in module xpm_memory_base is either unconnected or has no load
WARNING: [Synth 8-7129] Port dinb[300] in module xpm_memory_base is either unconnected or has no load
WARNING: [Synth 8-7129] Port dinb[299] in module xpm_memory_base is either unconnected or has no load
WARNING: [Synth 8-7129] Port dinb[298] in module xpm_memory_base is either unconnected or has no load
WARNING: [Synth 8-7129] Port dinb[297] in module xpm_memory_base is either unconnected or has no load
WARNING: [Synth 8-7129] Port dinb[296] in module xpm_memory_base is either unconnected or has no load
WARNING: [Synth 8-7129] Port dinb[295] in module xpm_memory_base is either unconnected or has no load
WARNING: [Synth 8-7129] Port dinb[294] in module xpm_memory_base is either unconnected or has no load
WARNING: [Synth 8-7129] Port dinb[293] in module xpm_memory_base is either unconnected or has no load
WARNING: [Synth 8-7129] Port dinb[292] in module xpm_memory_base is either unconnected or has no load
WARNING: [Synth 8-7129] Port dinb[291] in module xpm_memory_base is either unconnected or has no load
WARNING: [Synth 8-7129] Port dinb[290] in module xpm_memory_base is either unconnected or has no load
WARNING: [Synth 8-7129] Port dinb[289] in module xpm_memory_base is either unconnected or has no load
WARNING: [Synth 8-7129] Port dinb[288] in module xpm_memory_base is either unconnected or has no load
WARNING: [Synth 8-7129] Port dinb[287] in module xpm_memory_base is either unconnected or has no load
WARNING: [Synth 8-7129] Port dinb[286] in module xpm_memory_base is either unconnected or has no load
WARNING: [Synth 8-7129] Port dinb[285] in module xpm_memory_base is either unconnected or has no load
WARNING: [Synth 8-7129] Port dinb[284] in module xpm_memory_base is either unconnected or has no load
WARNING: [Synth 8-7129] Port dinb[283] in module xpm_memory_base is either unconnected or has no load
WARNING: [Synth 8-7129] Port dinb[282] in module xpm_memory_base is either unconnected or has no load
WARNING: [Synth 8-7129] Port dinb[281] in module xpm_memory_base is either unconnected or has no load
WARNING: [Synth 8-7129] Port dinb[280] in module xpm_memory_base is either unconnected or has no load
WARNING: [Synth 8-7129] Port dinb[279] in module xpm_memory_base is either unconnected or has no load
WARNING: [Synth 8-7129] Port dinb[278] in module xpm_memory_base is either unconnected or has no load
WARNING: [Synth 8-7129] Port dinb[277] in module xpm_memory_base is either unconnected or has no load
WARNING: [Synth 8-7129] Port dinb[276] in module xpm_memory_base is either unconnected or has no load
WARNING: [Synth 8-7129] Port dinb[275] in module xpm_memory_base is either unconnected or has no load
WARNING: [Synth 8-7129] Port dinb[274] in module xpm_memory_base is either unconnected or has no load
WARNING: [Synth 8-7129] Port dinb[273] in module xpm_memory_base is either unconnected or has no load
WARNING: [Synth 8-7129] Port dinb[272] in module xpm_memory_base is either unconnected or has no load
WARNING: [Synth 8-7129] Port dinb[271] in module xpm_memory_base is either unconnected or has no load
WARNING: [Synth 8-7129] Port dinb[270] in module xpm_memory_base is either unconnected or has no load
WARNING: [Synth 8-7129] Port dinb[269] in module xpm_memory_base is either unconnected or has no load
WARNING: [Synth 8-7129] Port dinb[268] in module xpm_memory_base is either unconnected or has no load
WARNING: [Synth 8-7129] Port dinb[267] in module xpm_memory_base is either unconnected or has no load
WARNING: [Synth 8-7129] Port dinb[266] in module xpm_memory_base is either unconnected or has no load
WARNING: [Synth 8-7129] Port dinb[265] in module xpm_memory_base is either unconnected or has no load
WARNING: [Synth 8-7129] Port dinb[264] in module xpm_memory_base is either unconnected or has no load
WARNING: [Synth 8-7129] Port dinb[263] in module xpm_memory_base is either unconnected or has no load
WARNING: [Synth 8-7129] Port dinb[262] in module xpm_memory_base is either unconnected or has no load
WARNING: [Synth 8-7129] Port dinb[261] in module xpm_memory_base is either unconnected or has no load
WARNING: [Synth 8-7129] Port dinb[260] in module xpm_memory_base is either unconnected or has no load
WARNING: [Synth 8-7129] Port dinb[259] in module xpm_memory_base is either unconnected or has no load
WARNING: [Synth 8-7129] Port dinb[258] in module xpm_memory_base is either unconnected or has no load
WARNING: [Synth 8-7129] Port dinb[257] in module xpm_memory_base is either unconnected or has no load
WARNING: [Synth 8-7129] Port dinb[256] in module xpm_memory_base is either unconnected or has no load
WARNING: [Synth 8-7129] Port dinb[255] in module xpm_memory_base is either unconnected or has no load
WARNING: [Synth 8-7129] Port dinb[254] in module xpm_memory_base is either unconnected or has no load
WARNING: [Synth 8-7129] Port dinb[253] in module xpm_memory_base is either unconnected or has no load
WARNING: [Synth 8-7129] Port dinb[252] in module xpm_memory_base is either unconnected or has no load
WARNING: [Synth 8-7129] Port dinb[251] in module xpm_memory_base is either unconnected or has no load
WARNING: [Synth 8-7129] Port dinb[250] in module xpm_memory_base is either unconnected or has no load
WARNING: [Synth 8-7129] Port dinb[249] in module xpm_memory_base is either unconnected or has no load
WARNING: [Synth 8-7129] Port dinb[248] in module xpm_memory_base is either unconnected or has no load
WARNING: [Synth 8-7129] Port dinb[247] in module xpm_memory_base is either unconnected or has no load
WARNING: [Synth 8-7129] Port dinb[246] in module xpm_memory_base is either unconnected or has no load
WARNING: [Synth 8-7129] Port dinb[245] in module xpm_memory_base is either unconnected or has no load
WARNING: [Synth 8-7129] Port dinb[244] in module xpm_memory_base is either unconnected or has no load
WARNING: [Synth 8-7129] Port dinb[243] in module xpm_memory_base is either unconnected or has no load
WARNING: [Synth 8-7129] Port dinb[242] in module xpm_memory_base is either unconnected or has no load
WARNING: [Synth 8-7129] Port dinb[241] in module xpm_memory_base is either unconnected or has no load
WARNING: [Synth 8-7129] Port dinb[240] in module xpm_memory_base is either unconnected or has no load
WARNING: [Synth 8-7129] Port dinb[239] in module xpm_memory_base is either unconnected or has no load
WARNING: [Synth 8-7129] Port dinb[238] in module xpm_memory_base is either unconnected or has no load
WARNING: [Synth 8-7129] Port dinb[237] in module xpm_memory_base is either unconnected or has no load
WARNING: [Synth 8-7129] Port dinb[236] in module xpm_memory_base is either unconnected or has no load
WARNING: [Synth 8-7129] Port dinb[235] in module xpm_memory_base is either unconnected or has no load
INFO: [Common 17-14] Message 'Synth 8-7129' appears 100 times and further instances of the messages will be disabled.
---------------------------------------------------------------------------------
Finished RTL Elaboration : Time (s): cpu = 00:00:08 ; elapsed = 00:00:09 . Memory (MB): peak = 3327.664 ; gain = 379.715 ; free physical = 93699 ; free virtual = 175369
---------------------------------------------------------------------------------
---------------------------------------------------------------------------------
Start Handling Custom Attributes
---------------------------------------------------------------------------------
---------------------------------------------------------------------------------
Finished Handling Custom Attributes : Time (s): cpu = 00:00:08 ; elapsed = 00:00:09 . Memory (MB): peak = 3339.539 ; gain = 391.590 ; free physical = 93628 ; free virtual = 175293
---------------------------------------------------------------------------------
---------------------------------------------------------------------------------
Finished RTL Optimization Phase 1 : Time (s): cpu = 00:00:08 ; elapsed = 00:00:09 . Memory (MB): peak = 3339.539 ; gain = 391.590 ; free physical = 93628 ; free virtual = 175293
---------------------------------------------------------------------------------
Netlist sorting complete. Time (s): cpu = 00:00:00.03 ; elapsed = 00:00:00.03 . Memory (MB): peak = 3339.539 ; gain = 0.000 ; free physical = 93554 ; free virtual = 175217
INFO: [Project 1-570] Preparing netlist for logic optimization

Processing XDC Constraints
Initializing timing engine
Parsing XDC File [/home/miahafiz/NeuroRing_a_8192_5c/_x.hw.NUM_8192.CORE_5.FREQ_300/link/vivado/vpl/prj/prj.gen/my_rm/bd/ulp/ip/ulp_buffer_SynapseRouter_3_syn_forward_rt_left_0/ulp_buffer_SynapseRouter_3_syn_forward_rt_left_0_ooc.xdc] for cell 'inst'
create_clock: Time (s): cpu = 00:00:06 ; elapsed = 00:00:06 . Memory (MB): peak = 3437.547 ; gain = 3.117 ; free physical = 92276 ; free virtual = 173940
Finished Parsing XDC File [/home/miahafiz/NeuroRing_a_8192_5c/_x.hw.NUM_8192.CORE_5.FREQ_300/link/vivado/vpl/prj/prj.gen/my_rm/bd/ulp/ip/ulp_buffer_SynapseRouter_3_syn_forward_rt_left_0/ulp_buffer_SynapseRouter_3_syn_forward_rt_left_0_ooc.xdc] for cell 'inst'
Parsing XDC File [/home/miahafiz/NeuroRing_a_8192_5c/_x.hw.NUM_8192.CORE_5.FREQ_300/link/vivado/vpl/prj/prj.runs/ulp_buffer_SynapseRouter_3_syn_forward_rt_left_0_synth_1/dont_touch.xdc]
Finished Parsing XDC File [/home/miahafiz/NeuroRing_a_8192_5c/_x.hw.NUM_8192.CORE_5.FREQ_300/link/vivado/vpl/prj/prj.runs/ulp_buffer_SynapseRouter_3_syn_forward_rt_left_0_synth_1/dont_touch.xdc]
INFO: [Project 1-236] Implementation specific constraints were found while reading constraint file [/opt/xilinx/2025.1/Vivado/data/ip/xpm/xpm_fifo/tcl/xpm_fifo_rst_axis.tcl]. These constraints will be ignored for synthesis but will be used in implementation. Impacted constraints are listed in the file [.Xil/ulp_buffer_SynapseRouter_3_syn_forward_rt_left_0_propImpl.xdc].
Resolution: To avoid this warning, move constraints listed in [.Xil/ulp_buffer_SynapseRouter_3_syn_forward_rt_left_0_propImpl.xdc] to another XDC file and exclude this new file from synthesis with the used_in_synthesis property (File Properties dialog in GUI) and re-run elaboration/synthesis.
INFO: [Project 1-1714] 2 XPM XDC files have been applied to the design.
Completed Processing XDC Constraints

Netlist sorting complete. Time (s): cpu = 00:00:00 ; elapsed = 00:00:00 . Memory (MB): peak = 3437.547 ; gain = 0.000 ; free physical = 92259 ; free virtual = 173924
INFO: [Project 1-111] Unisim Transformation Summary:
No Unisim elements were transformed.

Constraint Validation Runtime : Time (s): cpu = 00:00:00.06 ; elapsed = 00:00:00.07 . Memory (MB): peak = 3437.582 ; gain = 0.000 ; free physical = 92124 ; free virtual = 173788
INFO: [Designutils 20-5008] Incremental synthesis strategy off
---------------------------------------------------------------------------------
Finished Constraint Validation : Time (s): cpu = 00:00:20 ; elapsed = 00:00:22 . Memory (MB): peak = 3437.582 ; gain = 489.633 ; free physical = 91802 ; free virtual = 173531
---------------------------------------------------------------------------------
---------------------------------------------------------------------------------
Start Loading Part and Timing Information
---------------------------------------------------------------------------------
Loading part: xcu55c-fsvh2892-2L-e
INFO: [Synth 8-6742] Reading net delay rules and data
---------------------------------------------------------------------------------
Finished Loading Part and Timing Information : Time (s): cpu = 00:00:20 ; elapsed = 00:00:22 . Memory (MB): peak = 3445.551 ; gain = 497.602 ; free physical = 91802 ; free virtual = 173531
---------------------------------------------------------------------------------
---------------------------------------------------------------------------------
Start Applying 'set_property' XDC Constraints
---------------------------------------------------------------------------------
---------------------------------------------------------------------------------
Finished applying 'set_property' XDC Constraints : Time (s): cpu = 00:00:20 ; elapsed = 00:00:22 . Memory (MB): peak = 3445.551 ; gain = 497.602 ; free physical = 91798 ; free virtual = 173524
---------------------------------------------------------------------------------
INFO: [Synth 8-802] inferred FSM for state register 'gen_fwft.curr_fwft_state_reg' in module 'xpm_fifo_base'
INFO: [Synth 8-6794] RAM ("xpm_memory_base:/gen_wr_a.gen_word_narrow.mem_reg") will be automatically implemented using URAM. 
INFO: [Synth 8-6794] RAM ("xpm_memory_base:/gen_wr_a.gen_word_narrow.mem_reg") will be automatically implemented using URAM. 
INFO: [Synth 8-5780] Default cascade height of 1 will be used for URAM '"xpm_memory_base:/gen_wr_a.gen_word_narrow.mem_reg"'.
---------------------------------------------------------------------------------------------------
                   State |                     New Encoding |                Previous Encoding 
---------------------------------------------------------------------------------------------------
                 invalid |                               00 |                               00
            stage1_valid |                               01 |                               10
       both_stages_valid |                               10 |                               11
            stage2_valid |                               11 |                               01
---------------------------------------------------------------------------------------------------
INFO: [Synth 8-3354] encoded FSM with state register 'gen_fwft.curr_fwft_state_reg' using encoding 'sequential' in module 'xpm_fifo_base'
---------------------------------------------------------------------------------
Finished RTL Optimization Phase 2 : Time (s): cpu = 00:00:21 ; elapsed = 00:00:24 . Memory (MB): peak = 3445.551 ; gain = 497.602 ; free physical = 91748 ; free virtual = 173428
---------------------------------------------------------------------------------
---------------------------------------------------------------------------------
Start RTL Component Statistics 
---------------------------------------------------------------------------------
Detailed RTL Component Info : 
+---Adders : 
	   4 Input   12 Bit       Adders := 2     
	   4 Input   11 Bit       Adders := 3     
	   4 Input    2 Bit       Adders := 1     
+---Registers : 
	              324 Bit    Registers := 2     
	               12 Bit    Registers := 2     
	               11 Bit    Registers := 3     
	                4 Bit    Registers := 1     
	                3 Bit    Registers := 1     
	                2 Bit    Registers := 2     
	                1 Bit    Registers := 10    
+---RAMs : 
	             648K Bit	(2048 X 324 bit)          RAMs := 1     
+---Muxes : 
	   2 Input    2 Bit        Muxes := 31    
	   4 Input    2 Bit        Muxes := 7     
	   4 Input    1 Bit        Muxes := 2     
	   2 Input    1 Bit        Muxes := 4     
---------------------------------------------------------------------------------
Finished RTL Component Statistics 
---------------------------------------------------------------------------------
---------------------------------------------------------------------------------
Start Part Resource Summary
---------------------------------------------------------------------------------
Part Resources:
DSPs: 9024 (col length:94)
BRAMs: 4032 (col length: RAMB18 288 RAMB36 144)
---------------------------------------------------------------------------------
Finished Part Resource Summary
---------------------------------------------------------------------------------
---------------------------------------------------------------------------------
Start Cross Boundary and Area Optimization
---------------------------------------------------------------------------------
WARNING: [Synth 8-7080] Parallel synthesis criteria is not met
INFO: [Synth 8-5784] Optimized 3 bits of RAM "gen_wr_a.gen_word_narrow.mem_reg" due to constant propagation. Old ram width 324 bits, new ram width 321 bits.
INFO: [Synth 8-6794] RAM ("inst/\gen_fifo.xpm_fifo_axis_inst /xpm_fifo_base_inst/\gen_sdpram.xpm_memory_base_inst /gen_wr_a.gen_word_narrow.mem_reg") will be automatically implemented using URAM. 
INFO: [Synth 8-5780] Default cascade height of 1 will be used for URAM '"inst/\gen_fifo.xpm_fifo_axis_inst /xpm_fifo_base_inst/\gen_sdpram.xpm_memory_base_inst /gen_wr_a.gen_word_narrow.mem_reg"'.
INFO: [Synth 8-5784] Optimized 3 bits of RAM "gen_wr_a.gen_word_narrow.mem_reg" due to constant propagation. Old ram width 324 bits, new ram width 321 bits.
INFO: [Synth 8-6794] RAM ("inst/\gen_fifo.xpm_fifo_axis_inst /xpm_fifo_base_inst/\gen_sdpram.xpm_memory_base_inst /gen_wr_a.gen_word_narrow.mem_reg") will be automatically implemented using URAM. 
INFO: [Synth 8-5780] Default cascade height of 1 will be used for URAM '"inst/\gen_fifo.xpm_fifo_axis_inst /xpm_fifo_base_inst/\gen_sdpram.xpm_memory_base_inst /gen_wr_a.gen_word_narrow.mem_reg"'.
---------------------------------------------------------------------------------
Finished Cross Boundary and Area Optimization : Time (s): cpu = 00:00:23 ; elapsed = 00:00:26 . Memory (MB): peak = 3445.551 ; gain = 497.602 ; free physical = 91623 ; free virtual = 173307
---------------------------------------------------------------------------------
WARNING: [Synth 8-6057] Memory: "gen_wr_a.gen_word_narrow.mem_reg" defined in module: "inst/\gen_fifo.xpm_fifo_axis_inst /xpm_fifo_base_inst/\gen_sdpram.xpm_memory_base_inst " implemented as Ultra-Ram has no pipeline registers. It is recommended to use pipeline registers to achieve high performance.
---------------------------------------------------------------------------------
Start ROM, RAM, DSP, Shift Register and Retiming Reporting
---------------------------------------------------------------------------------

Ultra RAM: Preliminary Mapping Report (see note below)
+----------------------------------------------------------------------------------------+----------------------------------+------------------------+---+---+------------------------+---+---+------------------+---------+--------------+--------------------------+-------------+
|Module Name                                                                             | RTL Object                       | PORT A (Depth x Width) | W | R | PORT B (Depth x Width) | W | R | Ports driving FF | URAM288 | Matrix Shape | FF provided for Pipeline | FF absorbed | 
+----------------------------------------------------------------------------------------+----------------------------------+------------------------+---+---+------------------------+---+---+------------------+---------+--------------+--------------------------+-------------+
|inst/\gen_fifo.xpm_fifo_axis_inst /xpm_fifo_base_inst/\gen_sdpram.xpm_memory_base_inst  | gen_wr_a.gen_word_narrow.mem_reg | 2 K x 324              |   | R | 2 K x 324              | W |   | Port A and B     | 5       | 1x1          | 0                        | 0           | 
+----------------------------------------------------------------------------------------+----------------------------------+------------------------+---+---+------------------------+---+---+------------------+---------+--------------+--------------------------+-------------+

Note: The table above is a preliminary report that shows the Ultra RAMs at the current stage of the synthesis flow. Some Ultra RAMs may be reimplemented as non Ultra RAM primitives later in the synthesis flow. Multiple instantiated Ultra RAMs are reported only once. Fields "FF provided for Pipeline" and "FF absorbed" respectively indicate number of registers available for pipelining and number of registers absorbed in the URAM matrix for pipelining. 
---------------------------------------------------------------------------------
Finished ROM, RAM, DSP, Shift Register and Retiming Reporting
---------------------------------------------------------------------------------
---------------------------------------------------------------------------------
Start Applying XDC Timing Constraints
---------------------------------------------------------------------------------
---------------------------------------------------------------------------------
Finished Applying XDC Timing Constraints : Time (s): cpu = 00:00:28 ; elapsed = 00:00:32 . Memory (MB): peak = 3889.898 ; gain = 941.949 ; free physical = 88141 ; free virtual = 169832
---------------------------------------------------------------------------------
---------------------------------------------------------------------------------
Start Timing Optimization
---------------------------------------------------------------------------------
---------------------------------------------------------------------------------
Finished Timing Optimization : Time (s): cpu = 00:00:29 ; elapsed = 00:00:32 . Memory (MB): peak = 3924.922 ; gain = 976.973 ; free physical = 87866 ; free virtual = 169555
---------------------------------------------------------------------------------
WARNING: [Synth 8-6057] Memory: "gen_wr_a.gen_word_narrow.mem_reg" defined in module: "inst/\gen_fifo.xpm_fifo_axis_inst /xpm_fifo_base_inst/\gen_sdpram.xpm_memory_base_inst " implemented as Ultra-Ram has no pipeline registers. It is recommended to use pipeline registers to achieve high performance.
---------------------------------------------------------------------------------
Start ROM, RAM, DSP, Shift Register and Retiming Reporting
---------------------------------------------------------------------------------

Ultra RAM: Final Mapping Report
+----------------------------------------------------------------------------------------+----------------------------------+------------------------+---+---+------------------------+---+---+------------------+---------+--------------+--------------------------+-------------+
|Module Name                                                                             | RTL Object                       | PORT A (Depth x Width) | W | R | PORT B (Depth x Width) | W | R | Ports driving FF | URAM288 | Matrix Shape | FF provided for Pipeline | FF absorbed | 
+----------------------------------------------------------------------------------------+----------------------------------+------------------------+---+---+------------------------+---+---+------------------+---------+--------------+--------------------------+-------------+
|inst/\gen_fifo.xpm_fifo_axis_inst /xpm_fifo_base_inst/\gen_sdpram.xpm_memory_base_inst  | gen_wr_a.gen_word_narrow.mem_reg | 2 K x 324              |   | R | 2 K x 324              | W |   | Port A and B     | 5       | 1x1          | 0                        | 0           | 
+----------------------------------------------------------------------------------------+----------------------------------+------------------------+---+---+------------------------+---+---+------------------+---------+--------------+--------------------------+-------------+

---------------------------------------------------------------------------------
Finished ROM, RAM, DSP, Shift Register and Retiming Reporting
---------------------------------------------------------------------------------
---------------------------------------------------------------------------------
Start Technology Mapping
---------------------------------------------------------------------------------
INFO: [Synth 8-7052] The timing for the instance inst/gen_fifo.xpm_fifo_axis_inst/xpm_fifo_base_inst/gen_sdpram.xpm_memory_base_inst/gen_wr_a.gen_word_narrow.mem_reg_uram_0 (implemented as a Ultra RAM) might be sub-optimal as no optional output register could be merged into the ram block. Providing additional output register may help in improving timing.
INFO: [Synth 8-7052] The timing for the instance inst/gen_fifo.xpm_fifo_axis_inst/xpm_fifo_base_inst/gen_sdpram.xpm_memory_base_inst/gen_wr_a.gen_word_narrow.mem_reg_uram_1 (implemented as a Ultra RAM) might be sub-optimal as no optional output register could be merged into the ram block. Providing additional output register may help in improving timing.
INFO: [Synth 8-7052] The timing for the instance inst/gen_fifo.xpm_fifo_axis_inst/xpm_fifo_base_inst/gen_sdpram.xpm_memory_base_inst/gen_wr_a.gen_word_narrow.mem_reg_uram_2 (implemented as a Ultra RAM) might be sub-optimal as no optional output register could be merged into the ram block. Providing additional output register may help in improving timing.
INFO: [Synth 8-7052] The timing for the instance inst/gen_fifo.xpm_fifo_axis_inst/xpm_fifo_base_inst/gen_sdpram.xpm_memory_base_inst/gen_wr_a.gen_word_narrow.mem_reg_uram_3 (implemented as a Ultra RAM) might be sub-optimal as no optional output register could be merged into the ram block. Providing additional output register may help in improving timing.
INFO: [Synth 8-7052] The timing for the instance inst/gen_fifo.xpm_fifo_axis_inst/xpm_fifo_base_inst/gen_sdpram.xpm_memory_base_inst/gen_wr_a.gen_word_narrow.mem_reg_uram_4 (implemented as a Ultra RAM) might be sub-optimal as no optional output register could be merged into the ram block. Providing additional output register may help in improving timing.
---------------------------------------------------------------------------------
Finished Technology Mapping : Time (s): cpu = 00:00:29 ; elapsed = 00:00:32 . Memory (MB): peak = 3924.922 ; gain = 976.973 ; free physical = 87755 ; free virtual = 169444
---------------------------------------------------------------------------------
---------------------------------------------------------------------------------
Start IO Insertion
---------------------------------------------------------------------------------
---------------------------------------------------------------------------------
Start Flattening Before IO Insertion
---------------------------------------------------------------------------------
---------------------------------------------------------------------------------
Finished Flattening Before IO Insertion
---------------------------------------------------------------------------------
---------------------------------------------------------------------------------
Start Final Netlist Cleanup
---------------------------------------------------------------------------------
---------------------------------------------------------------------------------
Finished Final Netlist Cleanup
---------------------------------------------------------------------------------
---------------------------------------------------------------------------------
Finished IO Insertion : Time (s): cpu = 00:00:33 ; elapsed = 00:00:36 . Memory (MB): peak = 4089.734 ; gain = 1141.785 ; free physical = 86411 ; free virtual = 168100
---------------------------------------------------------------------------------
---------------------------------------------------------------------------------
Start Renaming Generated Instances
---------------------------------------------------------------------------------
---------------------------------------------------------------------------------
Finished Renaming Generated Instances : Time (s): cpu = 00:00:33 ; elapsed = 00:00:36 . Memory (MB): peak = 4089.734 ; gain = 1141.785 ; free physical = 86410 ; free virtual = 168099
---------------------------------------------------------------------------------
---------------------------------------------------------------------------------
Start Rebuilding User Hierarchy
---------------------------------------------------------------------------------
---------------------------------------------------------------------------------
Finished Rebuilding User Hierarchy : Time (s): cpu = 00:00:33 ; elapsed = 00:00:36 . Memory (MB): peak = 4089.734 ; gain = 1141.785 ; free physical = 86400 ; free virtual = 168089
---------------------------------------------------------------------------------
---------------------------------------------------------------------------------
Start Renaming Generated Ports
---------------------------------------------------------------------------------
---------------------------------------------------------------------------------
Finished Renaming Generated Ports : Time (s): cpu = 00:00:33 ; elapsed = 00:00:36 . Memory (MB): peak = 4089.734 ; gain = 1141.785 ; free physical = 86399 ; free virtual = 168088
---------------------------------------------------------------------------------
---------------------------------------------------------------------------------
Start Handling Custom Attributes
---------------------------------------------------------------------------------
---------------------------------------------------------------------------------
Finished Handling Custom Attributes : Time (s): cpu = 00:00:33 ; elapsed = 00:00:36 . Memory (MB): peak = 4089.734 ; gain = 1141.785 ; free physical = 86396 ; free virtual = 168085
---------------------------------------------------------------------------------
---------------------------------------------------------------------------------
Start Renaming Generated Nets
---------------------------------------------------------------------------------
---------------------------------------------------------------------------------
Finished Renaming Generated Nets : Time (s): cpu = 00:00:33 ; elapsed = 00:00:36 . Memory (MB): peak = 4089.734 ; gain = 1141.785 ; free physical = 86394 ; free virtual = 168083
---------------------------------------------------------------------------------
---------------------------------------------------------------------------------
Start Writing Synthesis Report
---------------------------------------------------------------------------------

Report BlackBoxes: 
+-+--------------+----------+
| |BlackBox name |Instances |
+-+--------------+----------+
+-+--------------+----------+

Report Cell Usage: 
+------+--------+------+
|      |Cell    |Count |
+------+--------+------+
|1     |LUT1    |     3|
|2     |LUT2    |     4|
|3     |LUT3    |     6|
|4     |LUT4    |    20|
|5     |LUT5    |    18|
|6     |LUT6    |    33|
|7     |URAM288 |     5|
|8     |FDRE    |   374|
|9     |FDSE    |     8|
+------+--------+------+
---------------------------------------------------------------------------------
Finished Writing Synthesis Report : Time (s): cpu = 00:00:33 ; elapsed = 00:00:36 . Memory (MB): peak = 4089.734 ; gain = 1141.785 ; free physical = 86392 ; free virtual = 168081
---------------------------------------------------------------------------------
Synthesis finished with 0 errors, 0 critical warnings and 341 warnings.
Synthesis Optimization Runtime : Time (s): cpu = 00:00:25 ; elapsed = 00:00:29 . Memory (MB): peak = 4089.734 ; gain = 1043.742 ; free physical = 86113 ; free virtual = 167802
Synthesis Optimization Complete : Time (s): cpu = 00:00:33 ; elapsed = 00:00:37 . Memory (MB): peak = 4089.734 ; gain = 1141.785 ; free physical = 86111 ; free virtual = 167800
INFO: [Project 1-571] Translating synthesized netlist
Netlist sorting complete. Time (s): cpu = 00:00:00.02 ; elapsed = 00:00:00.01 . Memory (MB): peak = 4089.734 ; gain = 0.000 ; free physical = 86105 ; free virtual = 167794
INFO: [Project 1-570] Preparing netlist for logic optimization
INFO: [Opt 31-138] Pushed 0 inverter(s) to 0 load pin(s).
Netlist sorting complete. Time (s): cpu = 00:00:00 ; elapsed = 00:00:00 . Memory (MB): peak = 4089.734 ; gain = 0.000 ; free physical = 85312 ; free virtual = 167002
INFO: [Project 1-111] Unisim Transformation Summary:
No Unisim elements were transformed.

Synth Design complete | Checksum: ae474e5
INFO: [Common 17-83] Releasing license: Synthesis
75 Infos, 110 Warnings, 0 Critical Warnings and 0 Errors encountered.
synth_design completed successfully
synth_design: Time (s): cpu = 00:00:53 ; elapsed = 00:00:58 . Memory (MB): peak = 4089.734 ; gain = 2511.938 ; free physical = 85034 ; free virtual = 166724
INFO: [Common 17-2834] synth_design peak Physical Memory [PSS] (MB): overall = 3008.754; main = 3008.754; forked = 173.892
INFO: [Common 17-2834] synth_design peak Virtual Memory [VSS] (MB): overall = 4737.223; main = 4062.039; forked = 955.203
Write ShapeDB Complete: Time (s): cpu = 00:00:00 ; elapsed = 00:00:00 . Memory (MB): peak = 4089.734 ; gain = 0.000 ; free physical = 85056 ; free virtual = 166747
INFO: [Common 17-1381] The checkpoint '/home/miahafiz/NeuroRing_a_8192_5c/_x.hw.NUM_8192.CORE_5.FREQ_300/link/vivado/vpl/prj/prj.runs/ulp_buffer_SynapseRouter_3_syn_forward_rt_left_0_synth_1/ulp_buffer_SynapseRouter_3_syn_forward_rt_left_0.dcp' has been generated.
INFO: [Coretcl 2-1648] Added synthesis output to IP cache for IP ulp_buffer_SynapseRouter_3_syn_forward_rt_left_0, cache-ID = d12dc33db007929c
INFO: [Coretcl 2-1174] Renamed 11 cell refs.
Write ShapeDB Complete: Time (s): cpu = 00:00:00 ; elapsed = 00:00:00 . Memory (MB): peak = 4089.734 ; gain = 0.000 ; free physical = 84677 ; free virtual = 166367
INFO: [Common 17-1381] The checkpoint '/home/miahafiz/NeuroRing_a_8192_5c/_x.hw.NUM_8192.CORE_5.FREQ_300/link/vivado/vpl/prj/prj.runs/ulp_buffer_SynapseRouter_3_syn_forward_rt_left_0_synth_1/ulp_buffer_SynapseRouter_3_syn_forward_rt_left_0.dcp' has been generated.
INFO: [Vivado 12-24828] Executing command : report_utilization -file ulp_buffer_SynapseRouter_3_syn_forward_rt_left_0_utilization_synth.rpt -pb ulp_buffer_SynapseRouter_3_syn_forward_rt_left_0_utilization_synth.pb
INFO: [Common 17-206] Exiting Vivado at Fri Feb 27 05:17:13 2026...
