Copyright 1986-2022 Xilinx, Inc. All Rights Reserved. Copyright 2022-2025 Advanced Micro Devices, Inc. All Rights Reserved.
----------------------------------------------------------------------------------------------------------------------------------------------------------------------------------------------------------------------------------------------------------------------------------------------------------------------------------------------------------------------------------------------------------------------------------------------------------------------------------------------------------------------------------------------------------------------------------------------------------------------------------------------------------------------------------------------------------------------------
| Tool Version : Vivado v.2025.1 (lin64) Build 6140274 Wed May 21 22:58:25 MDT 2025
| Date         : Fri Feb 27 08:55:12 2026
| Host         : cyberdeck running 64-bit Ubuntu 22.04.5 LTS
| Command      : report_accelerator_utilization -kernels { NeuroRing:level0_i/ulp/NeuroRing_0/inst:NeuroRing_0 NeuroRing:level0_i/ulp/NeuroRing_1/inst:NeuroRing_1 NeuroRing:level0_i/ulp/NeuroRing_2/inst:NeuroRing_2 NeuroRing:level0_i/ulp/NeuroRing_3/inst:NeuroRing_3 NeuroRing:level0_i/ulp/NeuroRing_4/inst:NeuroRing_4 SynapseRouter:level0_i/ulp/SynapseRouter_0/inst:SynapseRouter_0 SynapseRouter:level0_i/ulp/SynapseRouter_1/inst:SynapseRouter_1 SynapseRouter:level0_i/ulp/SynapseRouter_2/inst:SynapseRouter_2 SynapseRouter:level0_i/ulp/SynapseRouter_3/inst:SynapseRouter_3 SynapseRouter:level0_i/ulp/SynapseRouter_4/inst:SynapseRouter_4} -file kernel_util_routed.rpt -name kernel_util_routed -json
| Design       : level0_wrapper
| Device       : xcu55c
| Design State : Routed
----------------------------------------------------------------------------------------------------------------------------------------------------------------------------------------------------------------------------------------------------------------------------------------------------------------------------------------------------------------------------------------------------------------------------------------------------------------------------------------------------------------------------------------------------------------------------------------------------------------------------------------------------------------------------------------------------------------------------

Accelerator Utilization Design Information

Table of Contents
-----------------
1. System Utilization

1. System Utilization
---------------------

+---------------------+-------------------+------------------+-------------------+----------------+---------------+----------------+
| Name                | LUT               | LUTAsMem         | REG               | BRAM           | URAM          | DSP            |
+---------------------+-------------------+------------------+-------------------+----------------+---------------+----------------+
| Platform            |  129598 [  9.94%] |  10168 [  1.69%] |  183013 [  7.02%] |  265 [ 13.14%] |  50 [  5.21%] |    4 [  0.04%] |
| User Budget         | 1174082 [100.00%] | 590792 [100.00%] | 2424347 [100.00%] | 1751 [100.00%] | 910 [100.00%] | 9020 [100.00%] |
|    Used Resources   |  254346 [ 21.66%] |  29210 [  4.94%] |  392403 [ 16.19%] |  145 [  8.28%] | 160 [ 17.58%] |  850 [  9.42%] |
|    Unused Resources |  919736 [ 78.34%] | 561582 [ 95.06%] | 2031944 [ 83.81%] | 1606 [ 91.72%] | 750 [ 82.42%] | 8170 [ 90.58%] |
| NeuroRing           |  128466 [ 10.94%] |   7850 [  1.33%] |  146315 [  6.04%] |  125 [  7.14%] |   0 [  0.00%] |  770 [  8.54%] |
|    NeuroRing_0      |   25688 [  2.19%] |   1570 [  0.27%] |   29284 [  1.21%] |   25 [  1.43%] |   0 [  0.00%] |  154 [  1.71%] |
|    NeuroRing_1      |   25688 [  2.19%] |   1570 [  0.27%] |   29250 [  1.21%] |   25 [  1.43%] |   0 [  0.00%] |  154 [  1.71%] |
|    NeuroRing_2      |   25780 [  2.20%] |   1570 [  0.27%] |   29252 [  1.21%] |   25 [  1.43%] |   0 [  0.00%] |  154 [  1.71%] |
|    NeuroRing_3      |   25646 [  2.18%] |   1570 [  0.27%] |   29272 [  1.21%] |   25 [  1.43%] |   0 [  0.00%] |  154 [  1.71%] |
|    NeuroRing_4      |   25664 [  2.19%] |   1570 [  0.27%] |   29257 [  1.21%] |   25 [  1.43%] |   0 [  0.00%] |  154 [  1.71%] |
| SynapseRouter       |  125880 [ 10.72%] |  21360 [  3.62%] |  246088 [ 10.15%] |   20 [  1.14%] | 160 [ 17.58%] |   80 [  0.89%] |
|    SynapseRouter_0  |   25163 [  2.14%] |   4272 [  0.72%] |   49226 [  2.03%] |    4 [  0.23%] |  32 [  3.52%] |   16 [  0.18%] |
|    SynapseRouter_1  |   25202 [  2.15%] |   4272 [  0.72%] |   49217 [  2.03%] |    4 [  0.23%] |  32 [  3.52%] |   16 [  0.18%] |
|    SynapseRouter_2  |   25169 [  2.14%] |   4272 [  0.72%] |   49212 [  2.03%] |    4 [  0.23%] |  32 [  3.52%] |   16 [  0.18%] |
|    SynapseRouter_3  |   25175 [  2.14%] |   4272 [  0.72%] |   49215 [  2.03%] |    4 [  0.23%] |  32 [  3.52%] |   16 [  0.18%] |
|    SynapseRouter_4  |   25171 [  2.14%] |   4272 [  0.72%] |   49218 [  2.03%] |    4 [  0.23%] |  32 [  3.52%] |   16 [  0.18%] |
+---------------------+-------------------+------------------+-------------------+----------------+---------------+----------------+


