Copyright 1986-2022 Xilinx, Inc. All Rights Reserved. Copyright 2022-2025 Advanced Micro Devices, Inc. All Rights Reserved.
---------------------------------------------------------------------------------------------------------------------------------------------
| Tool Version : Vivado v.2025.1 (lin64) Build 6140274 Wed May 21 22:58:25 MDT 2025
| Date         : Fri Feb 27 08:55:55 2026
| Host         : cyberdeck running 64-bit Ubuntu 22.04.5 LTS
| Command      : report_utilization -slr -file slr_util_routed.rpt -pb slr_util_routed.pb
| Design       : level0_wrapper
| Device       : xcu55c-fsvh2892-2L-e
| Speed File   : -2L
| Design State : Routed
---------------------------------------------------------------------------------------------------------------------------------------------

Utilization Design Information

Table of Contents
-----------------
1. SLR Connectivity
2. SLR Connectivity Matrix
3. SLR CLB Logic and Dedicated Block Utilization
4. SLR IO Utilization

1. SLR Connectivity
-------------------

+----------------------------------+-------+-------+-----------+-------+
|                                  |  Used | Fixed | Available | Util% |
+----------------------------------+-------+-------+-----------+-------+
| SLR2 <-> SLR1                    |  5115 |       |     23040 | 22.20 |
|   SLR1 -> SLR2                   |  2596 |       |           | 11.27 |
|     Using TX_REG only            |     0 |     0 |           |       |
|     Using RX_REG only            |     0 |     0 |           |       |
|     Using Both TX_REG and RX_REG |     0 |     0 |           |       |
|   SLR2 -> SLR1                   |  2519 |       |           | 10.93 |
|     Using TX_REG only            |     0 |     0 |           |       |
|     Using RX_REG only            |     0 |     0 |           |       |
|     Using Both TX_REG and RX_REG |     0 |     0 |           |       |
| SLR1 <-> SLR0                    |  8322 |       |     23040 | 36.12 |
|   SLR0 -> SLR1                   |  4214 |       |           | 18.29 |
|     Using TX_REG only            |     0 |     0 |           |       |
|     Using RX_REG only            |     0 |     0 |           |       |
|     Using Both TX_REG and RX_REG |     0 |     0 |           |       |
|   SLR1 -> SLR0                   |  4108 |       |           | 17.83 |
|     Using TX_REG only            |     0 |     0 |           |       |
|     Using RX_REG only            |     0 |     0 |           |       |
|     Using Both TX_REG and RX_REG |     0 |     0 |           |       |
+----------------------------------+-------+-------+-----------+-------+
| Total SLLs Used                  | 13437 |       |           |       |
+----------------------------------+-------+-------+-----------+-------+


2. SLR Connectivity Matrix
--------------------------

+-----------+------+------+------+
| FROM \ TO | SLR2 | SLR1 | SLR0 |
+-----------+------+------+------+
| SLR2      |    0 | 2353 |  166 |
| SLR1      | 2490 |    0 | 3942 |
| SLR0      |  106 | 4108 |    0 |
+-----------+------+------+------+


3. SLR CLB Logic and Dedicated Block Utilization
------------------------------------------------

+----------------------------+--------+--------+-------+--------+--------+--------+
|          Site Type         |  SLR0  |  SLR1  |  SLR2 | SLR0 % | SLR1 % | SLR2 % |
+----------------------------+--------+--------+-------+--------+--------+--------+
| CLB                        |  43761 |  31787 |  7076 |  79.62 |  58.86 |  13.10 |
|   CLBL                     |  23188 |  16927 |  3675 |  79.19 |  57.81 |  12.55 |
|   CLBM                     |  20573 |  14860 |  3401 |  80.11 |  60.11 |  13.76 |
| CLB LUTs                   | 198163 | 160089 | 25664 |  45.07 |  37.06 |   5.94 |
|   LUT as Logic             | 175658 | 144737 | 24143 |  39.95 |  33.50 |   5.59 |
|     using O5 output only   |   2267 |   1480 |   447 |   0.52 |   0.34 |   0.10 |
|     using O6 output only   | 122907 | 103553 | 17124 |  27.95 |  23.97 |   3.96 |
|     using O5 and O6        |  50484 |  39704 |  6572 |  11.48 |   9.19 |   1.52 |
|   LUT as Memory            |  22505 |  15352 |  1521 |  10.95 |   7.76 |   0.77 |
|     LUT as Distributed RAM |  10120 |   8268 |   820 |   4.93 |   4.18 |   0.41 |
|       using O6 output only |    240 |    386 |     0 |   0.12 |   0.20 |   0.00 |
|       using O5 and O6      |   9880 |   7882 |   820 |   4.81 |   3.99 |   0.41 |
|     LUT as Shift Register  |  12385 |   7084 |   701 |   6.03 |   3.58 |   0.35 |
|       using O6 output only |   8691 |   5040 |   667 |   4.23 |   2.55 |   0.34 |
|       using O5 and O6      |   3694 |   2044 |    34 |   1.80 |   1.03 |   0.02 |
| CLB Registers              | 315178 | 224668 | 35570 |  35.84 |  26.00 |   4.12 |
| CARRY8                     |   5536 |   3965 |   107 |  10.07 |   7.34 |   0.20 |
| F7 Muxes                   |   7014 |   4849 |   437 |   3.19 |   2.24 |   0.20 |
| F8 Muxes                   |   1745 |   1288 |     0 |   1.59 |   1.19 |   0.00 |
| F9 Muxes                   |      0 |      0 |     0 |   0.00 |   0.00 |   0.00 |
| Block RAM Tile             |    187 |    176 |    50 |  27.83 |  26.19 |   7.44 |
|   RAMB36/FIFO              |    112 |    128 |    50 |  16.67 |  19.05 |   7.44 |
|   RAMB18                   |    150 |     96 |     0 |  11.16 |   7.14 |   0.00 |
| URAM                       |    126 |     84 |     0 |  39.38 |  26.25 |   0.00 |
| DSPs                       |    510 |    340 |     4 |  17.71 |  11.07 |   0.13 |
| Unique Control Sets        |   6903 |   5745 |  1108 |   6.28 |   5.32 |   1.03 |
+----------------------------+--------+--------+-------+--------+--------+--------+
* Note: Available Control Sets based on CLB Registers / 8


4. SLR IO Utilization
---------------------

+-----------+-----------+---------+------------+----------+------------+----------+-----+
| SLR Index | Used IOBs | (%)IOBs | Used IPADs | (%)IPADs | Used OPADs | (%)OPADs | GTs |
+-----------+-----------+---------+------------+----------+------------+----------+-----+
| SLR2      |         0 |    0.00 |          0 |     0.00 |          0 |     0.00 |   0 |
| SLR1      |         0 |    0.00 |          0 |     0.00 |          0 |     0.00 |   0 |
| SLR0      |        12 |    5.77 |          0 |     0.00 |          0 |     0.00 |  16 |
+-----------+-----------+---------+------------+----------+------------+----------+-----+
| Total     |        12 |         |          0 |          |          0 |          |  16 |
+-----------+-----------+---------+------------+----------+------------+----------+-----+


