Copyright 1986-2022 Xilinx, Inc. All Rights Reserved. Copyright 2022-2025 Advanced Micro Devices, Inc. All Rights Reserved.
---------------------------------------------------------------------------------------------------------------------------------------------
| Tool Version : Vivado v.2025.1 (lin64) Build 6140274 Wed May 21 22:58:25 MDT 2025
| Date         : Fri Feb 27 08:57:20 2026
| Host         : cyberdeck running 64-bit Ubuntu 22.04.5 LTS
| Command      : report_utilization -file full_util_routed.rpt -pb full_util_routed.pb
| Design       : level0_wrapper
| Device       : xcu55c-fsvh2892-2L-e
| Speed File   : -2L
| Design State : Routed
---------------------------------------------------------------------------------------------------------------------------------------------

Utilization Design Information

Table of Contents
-----------------
1. CLB Logic
1.1 Summary of Registers by Type
2. CLB Logic Distribution
3. BLOCKRAM
4. ARITHMETIC
5. I/O
6. CLOCK
7. ADVANCED
8. CONFIGURATION
9. Primitives
10. Black Boxes
11. Instantiated Netlists
12. SLR Connectivity
13. SLR Connectivity Matrix
14. SLR CLB Logic and Dedicated Block Utilization
15. SLR IO Utilization

1. CLB Logic
------------

+----------------------------+--------+--------+------------+-----------+-------+
|          Site Type         |  Used  |  Fixed | Prohibited | Available | Util% |
+----------------------------+--------+--------+------------+-----------+-------+
| CLB LUTs                   | 383916 | 107889 |          0 |   1303680 | 29.45 |
|   LUT as Logic             | 344538 | 101912 |          0 |   1303680 | 26.43 |
|   LUT as Memory            |  39378 |   5977 |          0 |    600960 |  6.55 |
|     LUT as Distributed RAM |  19208 |   4564 |            |           |       |
|     LUT as Shift Register  |  20170 |   1413 |            |           |       |
| CLB Registers              | 575416 | 136116 |          0 |   2607360 | 22.07 |
|   Register as Flip Flop    | 575412 | 136112 |          0 |   2607360 | 22.07 |
|   Register as Latch        |      0 |      0 |          0 |   2607360 |  0.00 |
|   Register as AND/OR       |      4 |      4 |          0 |   2607360 | <0.01 |
| CARRY8                     |   9608 |    946 |          0 |    162960 |  5.90 |
| F7 Muxes                   |  12300 |   1684 |          0 |    651840 |  1.89 |
| F8 Muxes                   |   3033 |    451 |          0 |    325920 |  0.93 |
| F9 Muxes                   |      0 |      0 |          0 |    162960 |  0.00 |
+----------------------------+--------+--------+------------+-----------+-------+
* Warning! LUT value is adjusted to account for LUT combining.


1.1 Summary of Registers by Type
--------------------------------

+--------+--------------+-------------+--------------+
|  Total | Clock Enable | Synchronous | Asynchronous |
+--------+--------------+-------------+--------------+
| 4      |            _ |           - |            - |
| 0      |            _ |           - |          Set |
| 0      |            _ |           - |        Reset |
| 0      |            _ |         Set |            - |
| 0      |            _ |       Reset |            - |
| 0      |          Yes |           - |            - |
| 389    |          Yes |           - |          Set |
| 3687   |          Yes |           - |        Reset |
| 5466   |          Yes |         Set |            - |
| 565870 |          Yes |       Reset |            - |
+--------+--------------+-------------+--------------+


2. CLB Logic Distribution
-------------------------

+--------------------------------------------+--------+--------+------------+-----------+-------+
|                  Site Type                 |  Used  |  Fixed | Prohibited | Available | Util% |
+--------------------------------------------+--------+--------+------------+-----------+-------+
| CLB                                        |  82624 |      0 |          0 |    162960 | 50.70 |
|   CLBL                                     |  43790 |      0 |            |           |       |
|   CLBM                                     |  38834 |      0 |            |           |       |
| LUT as Logic                               | 344538 | 101912 |          0 |   1303680 | 26.43 |
|   using O5 output only                     |   4194 |        |            |           |       |
|   using O6 output only                     | 243584 |        |            |           |       |
|   using O5 and O6                          |  96760 |        |            |           |       |
| LUT as Memory                              |  39378 |   5977 |          0 |    600960 |  6.55 |
|   LUT as Distributed RAM                   |  19208 |   4564 |            |           |       |
|     using O5 output only                   |      0 |        |            |           |       |
|     using O6 output only                   |    626 |        |            |           |       |
|     using O5 and O6                        |  18582 |        |            |           |       |
|   LUT as Shift Register                    |  20170 |   1413 |            |           |       |
|     using O5 output only                   |      0 |        |            |           |       |
|     using O6 output only                   |  14398 |        |            |           |       |
|     using O5 and O6                        |   5772 |        |            |           |       |
| CLB Registers                              | 575416 |      0 |          0 |   2607360 | 22.07 |
|   Register driven from within the CLB      | 260845 |        |            |           |       |
|   Register driven from outside the CLB     | 314571 |        |            |           |       |
|     LUT in front of the register is unused | 204510 |        |            |           |       |
|     LUT in front of the register is used   | 110061 |        |            |           |       |
| Unique Control Sets                        |  13687 |        |          0 |    325920 |  4.20 |
+--------------------------------------------+--------+--------+------------+-----------+-------+
* * Note: Available Control Sets calculated as Slices * 2, Review the Control Sets Report for more information regarding control sets.


3. BLOCKRAM
-----------

+-------------------+------+-------+------------+-----------+-------+
|     Site Type     | Used | Fixed | Prohibited | Available | Util% |
+-------------------+------+-------+------------+-----------+-------+
| Block RAM Tile    |  413 |     0 |          0 |      2016 | 20.49 |
|   RAMB36/FIFO*    |  290 |   193 |          0 |      2016 | 14.38 |
|     RAMB36E2 only |  290 |       |            |           |       |
|   RAMB18          |  246 |     6 |          0 |      4032 |  6.10 |
|     RAMB18E2 only |  246 |       |            |           |       |
| URAM              |  210 |     0 |          0 |       960 | 21.88 |
+-------------------+------+-------+------------+-----------+-------+
* Note: Each Block RAM Tile only has one FIFO logic available and therefore can accommodate only one FIFO36E2 or one FIFO18E2. However, if a FIFO18E2 occupies a Block RAM Tile, that tile can still accommodate a RAMB18E2


4. ARITHMETIC
-------------

+----------------+------+-------+------------+-----------+-------+
|    Site Type   | Used | Fixed | Prohibited | Available | Util% |
+----------------+------+-------+------------+-----------+-------+
| DSPs           |  854 |     4 |          0 |      9024 |  9.46 |
|   DSP48E2 only |  854 |       |            |           |       |
+----------------+------+-------+------------+-----------+-------+


5. I/O
------

+------------------+------+-------+------------+-----------+-------+
|     Site Type    | Used | Fixed | Prohibited | Available | Util% |
+------------------+------+-------+------------+-----------+-------+
| Bonded IOB       |   12 |    12 |          0 |       624 |  1.92 |
|   HPIOB_M        |    6 |     6 |          0 |       288 |  2.08 |
|     INPUT        |    3 |       |            |           |       |
|     OUTPUT       |    3 |       |            |           |       |
|     BIDIR        |    0 |       |            |           |       |
|   HPIOB_S        |    5 |     5 |          0 |       288 |  1.74 |
|     INPUT        |    5 |       |            |           |       |
|     OUTPUT       |    0 |       |            |           |       |
|     BIDIR        |    0 |       |            |           |       |
|   HPIOB_SNGL     |    1 |     1 |          0 |        48 |  2.08 |
|     INPUT        |    1 |       |            |           |       |
|     OUTPUT       |    0 |       |            |           |       |
|     BIDIR        |    0 |       |            |           |       |
| HPIOBDIFFINBUF   |    1 |     1 |          0 |       288 |  0.35 |
|   DIFFINBUF      |    1 |     1 |            |           |       |
| HPIOBDIFFOUTBUF  |    0 |     0 |          0 |       288 |  0.00 |
| BITSLICE_CONTROL |    0 |     0 |          0 |        96 |  0.00 |
| BITSLICE_RX_TX   |    0 |     0 |          0 |      3744 |  0.00 |
| BITSLICE_TX      |    0 |     0 |          0 |        96 |  0.00 |
| RIU_OR           |    0 |     0 |          0 |        48 |  0.00 |
+------------------+------+-------+------------+-----------+-------+


6. CLOCK
--------

+------------+------+-------+------------+-----------+-------+
|  Site Type | Used | Fixed | Prohibited | Available | Util% |
+------------+------+-------+------------+-----------+-------+
| BUFGCE     |   20 |     6 |          0 |       288 |  6.94 |
| BUFGCE_DIV |    1 |     1 |          0 |        48 |  2.08 |
| BUFG_GT    |   22 |    22 |          0 |       576 |  3.82 |
| BUFGCTRL*  |    1 |     1 |          0 |        96 |  1.04 |
| PLL        |    1 |     1 |          0 |        24 |  4.17 |
| MMCM       |    3 |     1 |          0 |        12 | 25.00 |
+------------+------+-------+------------+-----------+-------+
* Note: Each used BUFGCTRL counts as two GLOBAL CLOCK BUFFERs. This table does not include global clocking resources, only buffer cell usage. See the Clock Utilization Report (report_clock_utilization) for detailed accounting of global clocking resource availability.


7. ADVANCED
-----------

+----------------------+------+-------+------------+-----------+-------+
|       Site Type      | Used | Fixed | Prohibited | Available | Util% |
+----------------------+------+-------+------------+-----------+-------+
| CMACE4               |    0 |     0 |          0 |         8 |  0.00 |
| GTYE4_CHANNEL        |   16 |    16 |          0 |        40 | 40.00 |
| GTYE4_COMMON         |    4 |     4 |          0 |        10 | 40.00 |
| HBM_REF_CLK          |    1 |     1 |          0 |         2 | 50.00 |
| HBM_SNGLBLI_INTF_APB |    1 |     1 |          0 |        32 |  3.13 |
| HBM_SNGLBLI_INTF_AXI |   16 |    16 |          0 |        32 | 50.00 |
| ILKNE4               |    0 |     0 |          0 |         4 |  0.00 |
| OBUFDS_GTE4          |    0 |     0 |          0 |        20 |  0.00 |
| OBUFDS_GTE4_ADV      |    0 |     0 |          0 |        20 |  0.00 |
| PCIE40E4             |    0 |     0 |          0 |         2 |  0.00 |
| PCIE4CE4             |    1 |     1 |          0 |         4 | 25.00 |
| SYSMONE4             |    0 |     0 |          0 |         3 |  0.00 |
+----------------------+------+-------+------------+-----------+-------+


8. CONFIGURATION
----------------

+-------------+------+-------+------------+-----------+-------+
|  Site Type  | Used | Fixed | Prohibited | Available | Util% |
+-------------+------+-------+------------+-----------+-------+
| BSCANE2     |    1 |     1 |          0 |        12 |  8.33 |
| DNA_PORTE2  |    0 |     0 |          0 |         3 |  0.00 |
| EFUSE_USR   |    0 |     0 |          0 |         3 |  0.00 |
| FRAME_ECCE4 |    0 |     0 |          0 |         3 |  0.00 |
| ICAPE3      |    1 |     1 |          0 |         6 | 16.67 |
| MASTER_JTAG |    0 |     0 |          0 |         3 |  0.00 |
| STARTUPE3   |    1 |     1 |          0 |         3 | 33.33 |
+-------------+------+-------+------------+-----------+-------+


9. Primitives
-------------

+----------------------+--------+---------------------+
|       Ref Name       |  Used  | Functional Category |
+----------------------+--------+---------------------+
| FDRE                 | 565870 |            Register |
| LUT6                 | 131285 |                 CLB |
| LUT3                 | 124373 |                 CLB |
| LUT4                 |  74246 |                 CLB |
| LUT5                 |  53251 |                 CLB |
| LUT2                 |  51311 |                 CLB |
| RAMD32               |  32516 |                 CLB |
| SRL16E               |  18580 |                 CLB |
| MUXF7                |  12300 |                 CLB |
| CARRY8               |   9608 |                 CLB |
| SRLC32E              |   7348 |                 CLB |
| LUT1                 |   6832 |                 CLB |
| FDSE                 |   5466 |            Register |
| RAMS32               |   4706 |                 CLB |
| FDCE                 |   3687 |            Register |
| MUXF8                |   3033 |                 CLB |
| DSP48E2              |    854 |          Arithmetic |
| RAMD64E              |    528 |                 CLB |
| FDPE                 |    389 |            Register |
| RAMB36E2             |    290 |            BLOCKRAM |
| RAMB18E2             |    246 |            BLOCKRAM |
| URAM288              |    210 |            BLOCKRAM |
| RAMS64E              |     40 |                 CLB |
| BUFG_GT              |     22 |               Clock |
| BUFGCE               |     20 |               Clock |
| BUFG_GT_SYNC         |     17 |               Clock |
| HBM_SNGLBLI_INTF_AXI |     16 |            Advanced |
| GTYE4_CHANNEL        |     16 |            Advanced |
| SRLC16E              |     14 |                 CLB |
| IBUFCTRL             |      8 |              Others |
| INBUF                |      7 |                 I/O |
| GTYE4_COMMON         |      4 |            Advanced |
| AND2B1L              |      4 |              Others |
| OBUF                 |      3 |                 I/O |
| MMCME4_ADV           |      3 |               Clock |
| STARTUPE3            |      1 |       Configuration |
| PLLE4_ADV            |      1 |               Clock |
| PCIE4CE4             |      1 |            Advanced |
| ICAPE3               |      1 |       Configuration |
| IBUFDS_GTE4          |      1 |                 I/O |
| HBM_SNGLBLI_INTF_APB |      1 |            Advanced |
| HBM_REF_CLK          |      1 |            Advanced |
| DIFFINBUF            |      1 |                 I/O |
| BUFGCTRL             |      1 |               Clock |
| BUFGCE_DIV           |      1 |               Clock |
| BSCANE2              |      1 |       Configuration |
+----------------------+--------+---------------------+


10. Black Boxes
---------------

+----------+------+
| Ref Name | Used |
+----------+------+


11. Instantiated Netlists
-------------------------

+-------------------------------------------------------+------+
|                        Ref Name                       | Used |
+-------------------------------------------------------+------+
| xsdbm                                                 |    1 |
| ulp_ulp_ucs_0                                         |    1 |
| ulp_ulp_cmp_0                                         |    1 |
| ulp_regslice_control_userpf_2                         |    1 |
| ulp_regslice_control_userpf_1                         |    1 |
| ulp_regslice_control_userpf_0                         |    1 |
| ulp_proc_sys_reset_kernel_slr0_0                      |    1 |
| ulp_proc_sys_reset_ctrl_slr2_0                        |    1 |
| ulp_proc_sys_reset_ctrl_slr1_0                        |    1 |
| ulp_proc_sys_reset_ctrl_slr0_0                        |    1 |
| ulp_interconnect_axilite_user_upgraded_ipi_imp_xbar_0 |    1 |
| ulp_interconnect_axilite_user_imp_s00_regslice_2      |    1 |
| ulp_interconnect_axilite_user_imp_s00_regslice_1      |    1 |
| ulp_interconnect_axilite_user_imp_s00_regslice_0      |    1 |
| ulp_interconnect_axilite_user_imp_m10_regslice_0      |    1 |
| ulp_interconnect_axilite_user_imp_m09_regslice_0      |    1 |
| ulp_interconnect_axilite_user_imp_m08_regslice_0      |    1 |
| ulp_interconnect_axilite_user_imp_m07_regslice_0      |    1 |
| ulp_interconnect_axilite_user_imp_m06_regslice_0      |    1 |
| ulp_interconnect_axilite_user_imp_m05_regslice_0      |    1 |
| ulp_interconnect_axilite_user_imp_m04_regslice_0      |    1 |
| ulp_interconnect_axilite_user_imp_m03_regslice_0      |    1 |
| ulp_interconnect_axilite_user_imp_m02_regslice_0      |    1 |
| ulp_interconnect_axilite_user_imp_m01_regslice_0      |    1 |
| ulp_interconnect_axilite_user_imp_m00_regslice_0      |    1 |
| ulp_interconnect_axilite_user_imp_auto_cc_9           |    1 |
| ulp_interconnect_axilite_user_imp_auto_cc_8           |    1 |
| ulp_interconnect_axilite_user_imp_auto_cc_7           |    1 |
| ulp_interconnect_axilite_user_imp_auto_cc_6           |    1 |
| ulp_interconnect_axilite_user_imp_auto_cc_5           |    1 |
| ulp_interconnect_axilite_user_imp_auto_cc_4           |    1 |
| ulp_interconnect_axilite_user_imp_auto_cc_3           |    1 |
| ulp_interconnect_axilite_user_imp_auto_cc_2           |    1 |
| ulp_interconnect_axilite_user_imp_auto_cc_12          |    1 |
| ulp_interconnect_axilite_user_imp_auto_cc_11          |    1 |
| ulp_interconnect_axilite_user_imp_auto_cc_10          |    1 |
| ulp_interconnect_axilite_user_imp_auto_cc_1           |    1 |
| ulp_interconnect_axilite_user_imp_auto_cc_0           |    1 |
| ulp_ii_level0_wire_0                                  |    1 |
| ulp_hmss_0_0                                          |    1 |
| ulp_buffer_SynapseRouter_4_syn_forward_rt_right_0     |    1 |
| ulp_buffer_SynapseRouter_4_syn_forward_rt_left_0      |    1 |
| ulp_buffer_SynapseRouter_4_SpikeOutWeight_0           |    1 |
| ulp_buffer_SynapseRouter_3_syn_forward_rt_right_0     |    1 |
| ulp_buffer_SynapseRouter_3_syn_forward_rt_left_0      |    1 |
| ulp_buffer_SynapseRouter_3_SpikeOutWeight_0           |    1 |
| ulp_buffer_SynapseRouter_2_syn_forward_rt_right_0     |    1 |
| ulp_buffer_SynapseRouter_2_syn_forward_rt_left_0      |    1 |
| ulp_buffer_SynapseRouter_2_SpikeOutWeight_0           |    1 |
| ulp_buffer_SynapseRouter_1_syn_forward_rt_right_0     |    1 |
| ulp_buffer_SynapseRouter_1_syn_forward_rt_left_0      |    1 |
| ulp_buffer_SynapseRouter_1_SpikeOutWeight_0           |    1 |
| ulp_buffer_SynapseRouter_0_syn_forward_rt_right_0     |    1 |
| ulp_buffer_SynapseRouter_0_syn_forward_rt_left_0      |    1 |
| ulp_buffer_SynapseRouter_0_SpikeOutWeight_0           |    1 |
| ulp_buffer_NeuroRing_4_SynapseStreamRight_0           |    1 |
| ulp_buffer_NeuroRing_4_SynapseStreamLeft_0            |    1 |
| ulp_buffer_NeuroRing_3_SynapseStreamRight_0           |    1 |
| ulp_buffer_NeuroRing_3_SynapseStreamLeft_0            |    1 |
| ulp_buffer_NeuroRing_2_SynapseStreamRight_0           |    1 |
| ulp_buffer_NeuroRing_2_SynapseStreamLeft_0            |    1 |
| ulp_buffer_NeuroRing_1_SynapseStreamRight_0           |    1 |
| ulp_buffer_NeuroRing_1_SynapseStreamLeft_0            |    1 |
| ulp_buffer_NeuroRing_0_SynapseStreamRight_0           |    1 |
| ulp_buffer_NeuroRing_0_SynapseStreamLeft_0            |    1 |
| ulp_axi_vip_data_0                                    |    1 |
| ulp_axi_vip_ctrl_userpf_2                             |    1 |
| ulp_axi_vip_ctrl_userpf_1                             |    1 |
| ulp_axi_vip_ctrl_userpf_0                             |    1 |
| ulp_axi_ic_ctrl_mgmt_slr1_upgraded_ipi_imp_xbar_0     |    1 |
| ulp_axi_gpio_null_2                                   |    1 |
| ulp_axi_gpio_null_1                                   |    1 |
| ulp_axi_gpio_null_0                                   |    1 |
| ulp_SynapseRouter_4_0                                 |    1 |
| ulp_SynapseRouter_3_0                                 |    1 |
| ulp_SynapseRouter_2_0                                 |    1 |
| ulp_SynapseRouter_1_0                                 |    1 |
| ulp_SynapseRouter_0_0                                 |    1 |
| ulp_NeuroRing_4_0                                     |    1 |
| ulp_NeuroRing_3_0                                     |    1 |
| ulp_NeuroRing_2_0                                     |    1 |
| ulp_NeuroRing_1_0                                     |    1 |
| ulp_NeuroRing_0_0                                     |    1 |
| ulp                                                   |    1 |
| level0_ii_level0_pipe_0                               |    1 |
| blp_wrapper                                           |    1 |
| bd_85ad_vip_S05_0                                     |    1 |
| bd_85ad_vip_S04_0                                     |    1 |
| bd_85ad_vip_S03_0                                     |    1 |
| bd_85ad_vip_S02_0                                     |    1 |
| bd_85ad_vip_S01_0                                     |    1 |
| bd_85ad_vip_S00_0                                     |    1 |
| bd_85ad_slice5_12_0                                   |    1 |
| bd_85ad_slice4_9_0                                    |    1 |
| bd_85ad_slice3_8_0                                    |    1 |
| bd_85ad_slice2_4_0                                    |    1 |
| bd_85ad_slice1_0_0                                    |    1 |
| bd_85ad_slice0_10_0                                   |    1 |
| bd_85ad_interconnect5_12_0                            |    1 |
| bd_85ad_interconnect4_9_0                             |    1 |
| bd_85ad_interconnect3_8_0                             |    1 |
| bd_85ad_interconnect2_4_0                             |    1 |
| bd_85ad_interconnect1_0_0                             |    1 |
| bd_85ad_interconnect0_10_0                            |    1 |
| bd_85ad_init_reduce_0                                 |    1 |
| bd_85ad_hbm_reset_sync_SLR2_0                         |    1 |
| bd_85ad_hbm_reset_sync_SLR0_0                         |    1 |
| bd_85ad_hbm_inst_0                                    |    1 |
| bd_85ad_axi_apb_bridge_inst_0                         |    1 |
| bd_7cf0_bsip_0                                        |    1 |
| bd_7cf0_bs_switch_1_0                                 |    1 |
| bd_7cf0_axi_jtag_0                                    |    1 |
| bd_58f6_xsdbm_0                                       |    1 |
| bd_58f6_lut_buffer_0                                  |    1 |
| bd_22c0_psreset_kernel_01_0                           |    1 |
| bd_22c0_psreset_kernel_00_0                           |    1 |
| bd_22c0_psreset_hbm_0                                 |    1 |
| bd_22c0_psreset_aclk_freerun_0                        |    1 |
| bd_22c0_gpio_ucs_control_status_0                     |    1 |
| bd_22c0_gpio_gapping_demand_0                         |    1 |
| bd_22c0_gapping_demand_update_0                       |    1 |
| bd_22c0_gapping_demand_toggle_0                       |    1 |
| bd_22c0_frequency_counter_aclk_kernel_01_0            |    1 |
| bd_22c0_frequency_counter_aclk_kernel_00_0            |    1 |
| bd_22c0_frequency_counter_aclk_hbm_0                  |    1 |
| bd_22c0_frequency_counter_aclk_0                      |    1 |
| bd_22c0_fanout_aresetn_pcie_slr2_4_0                  |    1 |
| bd_22c0_fanout_aresetn_pcie_slr2_3_0                  |    1 |
| bd_22c0_fanout_aresetn_pcie_slr2_2_0                  |    1 |
| bd_22c0_fanout_aresetn_pcie_slr2_1_0                  |    1 |
| bd_22c0_fanout_aresetn_pcie_slr1_4_0                  |    1 |
| bd_22c0_fanout_aresetn_pcie_slr1_3_0                  |    1 |
| bd_22c0_fanout_aresetn_pcie_slr1_2_0                  |    1 |
| bd_22c0_fanout_aresetn_pcie_slr1_1_0                  |    1 |
| bd_22c0_fanout_aresetn_pcie_slr0_4_0                  |    1 |
| bd_22c0_fanout_aresetn_pcie_slr0_3_0                  |    1 |
| bd_22c0_fanout_aresetn_pcie_slr0_2_0                  |    1 |
| bd_22c0_fanout_aresetn_pcie_slr0_1_0                  |    1 |
| bd_22c0_fanout_aresetn_kernel_01_slr2_4_0             |    1 |
| bd_22c0_fanout_aresetn_kernel_01_slr2_3_0             |    1 |
| bd_22c0_fanout_aresetn_kernel_01_slr2_2_0             |    1 |
| bd_22c0_fanout_aresetn_kernel_01_slr2_1_0             |    1 |
| bd_22c0_fanout_aresetn_kernel_01_slr1_4_0             |    1 |
| bd_22c0_fanout_aresetn_kernel_01_slr1_3_0             |    1 |
| bd_22c0_fanout_aresetn_kernel_01_slr1_2_0             |    1 |
| bd_22c0_fanout_aresetn_kernel_01_slr1_1_0             |    1 |
| bd_22c0_fanout_aresetn_kernel_01_slr0_4_0             |    1 |
| bd_22c0_fanout_aresetn_kernel_01_slr0_3_0             |    1 |
| bd_22c0_fanout_aresetn_kernel_01_slr0_2_0             |    1 |
| bd_22c0_fanout_aresetn_kernel_01_slr0_1_0             |    1 |
| bd_22c0_fanout_aresetn_kernel_00_slr2_4_0             |    1 |
| bd_22c0_fanout_aresetn_kernel_00_slr2_3_0             |    1 |
| bd_22c0_fanout_aresetn_kernel_00_slr2_2_0             |    1 |
| bd_22c0_fanout_aresetn_kernel_00_slr2_1_0             |    1 |
| bd_22c0_fanout_aresetn_kernel_00_slr1_4_0             |    1 |
| bd_22c0_fanout_aresetn_kernel_00_slr1_3_0             |    1 |
| bd_22c0_fanout_aresetn_kernel_00_slr1_2_0             |    1 |
| bd_22c0_fanout_aresetn_kernel_00_slr1_1_0             |    1 |
| bd_22c0_fanout_aresetn_kernel_00_slr0_4_0             |    1 |
| bd_22c0_fanout_aresetn_kernel_00_slr0_3_0             |    1 |
| bd_22c0_fanout_aresetn_kernel_00_slr0_2_0             |    1 |
| bd_22c0_fanout_aresetn_kernel_00_slr0_1_0             |    1 |
| bd_22c0_fanout_aresetn_hbm_0                          |    1 |
| bd_22c0_fanout_aresetn_ctrl_slr2_4_0                  |    1 |
| bd_22c0_fanout_aresetn_ctrl_slr2_3_0                  |    1 |
| bd_22c0_fanout_aresetn_ctrl_slr2_2_0                  |    1 |
| bd_22c0_fanout_aresetn_ctrl_slr2_1_0                  |    1 |
| bd_22c0_fanout_aresetn_ctrl_slr1_4_0                  |    1 |
| bd_22c0_fanout_aresetn_ctrl_slr1_3_0                  |    1 |
| bd_22c0_fanout_aresetn_ctrl_slr1_2_0                  |    1 |
| bd_22c0_fanout_aresetn_ctrl_slr1_1_0                  |    1 |
| bd_22c0_fanout_aresetn_ctrl_slr0_4_0                  |    1 |
| bd_22c0_fanout_aresetn_ctrl_slr0_3_0                  |    1 |
| bd_22c0_fanout_aresetn_ctrl_slr0_2_0                  |    1 |
| bd_22c0_fanout_aresetn_ctrl_slr0_1_0                  |    1 |
| bd_22c0_clock_throttling_avg_0                        |    1 |
| bd_22c0_clock_throttling_aclk_kernel_01_0             |    1 |
| bd_22c0_clock_throttling_aclk_kernel_00_0             |    1 |
| bd_22c0_clock_shutdown_latch_0                        |    1 |
| bd_22c0_clkwiz_hbm_0                                  |    1 |
| bd_22c0_clkwiz_aclk_kernel_01_0                       |    1 |
| bd_22c0_clkwiz_aclk_kernel_00_0                       |    1 |
| bd_22c0_clk_hbm_adapt_0                               |    1 |
| bd_22c0_build_info_0                                  |    1 |
| bd_22c0_axi_ic_ctrl_mgmt_top_imp_xbar_0               |    1 |
| bd_22c0_axi_ic_ctrl_mgmt_freq_imp_xbar_0              |    1 |
| bd_22c0_axi_ic_ctrl_mgmt_freq_imp_auto_cc_0           |    1 |
| bd_22c0_aclk_kernel_01_cont_adapt_0                   |    1 |
| bd_22c0_aclk_kernel_01_adapt_0                        |    1 |
| bd_22c0_aclk_kernel_00_cont_adapt_0                   |    1 |
| bd_22c0_aclk_kernel_00_adapt_0                        |    1 |
| bd_097b_user_debug_hub_0                              |    1 |
| bd_097b_user_debug_bridge_0                           |    1 |
| bd_097b_build_info_0                                  |    1 |
+-------------------------------------------------------+------+


12. SLR Connectivity
--------------------

+----------------------------------+-------+-------+-----------+-------+
|                                  |  Used | Fixed | Available | Util% |
+----------------------------------+-------+-------+-----------+-------+
| SLR2 <-> SLR1                    |  5115 |       |     23040 | 22.20 |
|   SLR1 -> SLR2                   |  2596 |       |           | 11.27 |
|     Using TX_REG only            |     0 |     0 |           |       |
|     Using RX_REG only            |     0 |     0 |           |       |
|     Using Both TX_REG and RX_REG |     0 |     0 |           |       |
|   SLR2 -> SLR1                   |  2519 |       |           | 10.93 |
|     Using TX_REG only            |     0 |     0 |           |       |
|     Using RX_REG only            |     0 |     0 |           |       |
|     Using Both TX_REG and RX_REG |     0 |     0 |           |       |
| SLR1 <-> SLR0                    |  8322 |       |     23040 | 36.12 |
|   SLR0 -> SLR1                   |  4214 |       |           | 18.29 |
|     Using TX_REG only            |     0 |     0 |           |       |
|     Using RX_REG only            |     0 |     0 |           |       |
|     Using Both TX_REG and RX_REG |     0 |     0 |           |       |
|   SLR1 -> SLR0                   |  4108 |       |           | 17.83 |
|     Using TX_REG only            |     0 |     0 |           |       |
|     Using RX_REG only            |     0 |     0 |           |       |
|     Using Both TX_REG and RX_REG |     0 |     0 |           |       |
+----------------------------------+-------+-------+-----------+-------+
| Total SLLs Used                  | 13437 |       |           |       |
+----------------------------------+-------+-------+-----------+-------+


13. SLR Connectivity Matrix
---------------------------

+-----------+------+------+------+
| FROM \ TO | SLR2 | SLR1 | SLR0 |
+-----------+------+------+------+
| SLR2      |    0 | 2353 |  166 |
| SLR1      | 2490 |    0 | 3942 |
| SLR0      |  106 | 4108 |    0 |
+-----------+------+------+------+


14. SLR CLB Logic and Dedicated Block Utilization
-------------------------------------------------

+----------------------------+--------+--------+-------+--------+--------+--------+
|          Site Type         |  SLR0  |  SLR1  |  SLR2 | SLR0 % | SLR1 % | SLR2 % |
+----------------------------+--------+--------+-------+--------+--------+--------+
| CLB                        |  43761 |  31787 |  7076 |  79.62 |  58.86 |  13.10 |
|   CLBL                     |  23188 |  16927 |  3675 |  79.19 |  57.81 |  12.55 |
|   CLBM                     |  20573 |  14860 |  3401 |  80.11 |  60.11 |  13.76 |
| CLB LUTs                   | 198163 | 160089 | 25664 |  45.07 |  37.06 |   5.94 |
|   LUT as Logic             | 175658 | 144737 | 24143 |  39.95 |  33.50 |   5.59 |
|     using O5 output only   |   2267 |   1480 |   447 |   0.52 |   0.34 |   0.10 |
|     using O6 output only   | 122907 | 103553 | 17124 |  27.95 |  23.97 |   3.96 |
|     using O5 and O6        |  50484 |  39704 |  6572 |  11.48 |   9.19 |   1.52 |
|   LUT as Memory            |  22505 |  15352 |  1521 |  10.95 |   7.76 |   0.77 |
|     LUT as Distributed RAM |  10120 |   8268 |   820 |   4.93 |   4.18 |   0.41 |
|       using O6 output only |    240 |    386 |     0 |   0.12 |   0.20 |   0.00 |
|       using O5 and O6      |   9880 |   7882 |   820 |   4.81 |   3.99 |   0.41 |
|     LUT as Shift Register  |  12385 |   7084 |   701 |   6.03 |   3.58 |   0.35 |
|       using O6 output only |   8691 |   5040 |   667 |   4.23 |   2.55 |   0.34 |
|       using O5 and O6      |   3694 |   2044 |    34 |   1.80 |   1.03 |   0.02 |
| CLB Registers              | 315178 | 224668 | 35570 |  35.84 |  26.00 |   4.12 |
| CARRY8                     |   5536 |   3965 |   107 |  10.07 |   7.34 |   0.20 |
| F7 Muxes                   |   7014 |   4849 |   437 |   3.19 |   2.24 |   0.20 |
| F8 Muxes                   |   1745 |   1288 |     0 |   1.59 |   1.19 |   0.00 |
| F9 Muxes                   |      0 |      0 |     0 |   0.00 |   0.00 |   0.00 |
| Block RAM Tile             |    187 |    176 |    50 |  27.83 |  26.19 |   7.44 |
|   RAMB36/FIFO              |    112 |    128 |    50 |  16.67 |  19.05 |   7.44 |
|   RAMB18                   |    150 |     96 |     0 |  11.16 |   7.14 |   0.00 |
| URAM                       |    126 |     84 |     0 |  39.38 |  26.25 |   0.00 |
| DSPs                       |    510 |    340 |     4 |  17.71 |  11.07 |   0.13 |
| Unique Control Sets        |   6903 |   5745 |  1108 |   6.28 |   5.32 |   1.03 |
+----------------------------+--------+--------+-------+--------+--------+--------+
* Note: Available Control Sets based on CLB Registers / 8


15. SLR IO Utilization
----------------------

+-----------+-----------+---------+------------+----------+------------+----------+-----+
| SLR Index | Used IOBs | (%)IOBs | Used IPADs | (%)IPADs | Used OPADs | (%)OPADs | GTs |
+-----------+-----------+---------+------------+----------+------------+----------+-----+
| SLR2      |         0 |    0.00 |          0 |     0.00 |          0 |     0.00 |   0 |
| SLR1      |         0 |    0.00 |          0 |     0.00 |          0 |     0.00 |   0 |
| SLR0      |        12 |    5.77 |          0 |     0.00 |          0 |     0.00 |  16 |
+-----------+-----------+---------+------------+----------+------------+----------+-----+
| Total     |        12 |         |          0 |          |          0 |          |  16 |
+-----------+-----------+---------+------------+----------+------------+----------+-----+


