Copyright 1986-2022 Xilinx, Inc. All Rights Reserved. Copyright 2022-2025 Advanced Micro Devices, Inc. All Rights Reserved.
------------------------------------------------------------------------------------------------------------------------------------------------------------------------------------------------------------------------------------------------------------------------------------------------------------------------------------------------------------------------------------------------------------------------------------------------------------------------------------------------------------------------------------------------------------------------------------------------------------------------------------------------------------------------------------------------------------------------------
| Tool Version : Vivado v.2025.1 (lin64) Build 6140274 Wed May 21 22:58:25 MDT 2025
| Date         : Fri Feb 27 06:21:55 2026
| Host         : cyberdeck running 64-bit Ubuntu 22.04.5 LTS
| Command      : report_accelerator_utilization -kernels { NeuroRing:level0_i/ulp/NeuroRing_0/inst:NeuroRing_0 NeuroRing:level0_i/ulp/NeuroRing_1/inst:NeuroRing_1 NeuroRing:level0_i/ulp/NeuroRing_2/inst:NeuroRing_2 NeuroRing:level0_i/ulp/NeuroRing_3/inst:NeuroRing_3 NeuroRing:level0_i/ulp/NeuroRing_4/inst:NeuroRing_4 SynapseRouter:level0_i/ulp/SynapseRouter_0/inst:SynapseRouter_0 SynapseRouter:level0_i/ulp/SynapseRouter_1/inst:SynapseRouter_1 SynapseRouter:level0_i/ulp/SynapseRouter_2/inst:SynapseRouter_2 SynapseRouter:level0_i/ulp/SynapseRouter_3/inst:SynapseRouter_3 SynapseRouter:level0_i/ulp/SynapseRouter_4/inst:SynapseRouter_4} -file kernel_util_synthed.rpt -name kernel_util_synthed -json
| Design       : level0_wrapper
| Device       : xcu55c
| Design State : Synthesized
------------------------------------------------------------------------------------------------------------------------------------------------------------------------------------------------------------------------------------------------------------------------------------------------------------------------------------------------------------------------------------------------------------------------------------------------------------------------------------------------------------------------------------------------------------------------------------------------------------------------------------------------------------------------------------------------------------------------------

Accelerator Utilization Design Information

Table of Contents
-----------------
1. System Utilization

1. System Utilization
---------------------

+---------------------+-------------------+------------------+-------------------+----------------+---------------+----------------+
| Name                | LUT               | LUTAsMem         | REG               | BRAM           | URAM          | DSP            |
+---------------------+-------------------+------------------+-------------------+----------------+---------------+----------------+
| Platform            |  145078 [ 11.13%] |  11830 [  1.97%] |  186148 [  7.14%] |  265 [ 13.14%] |  50 [  5.21%] |    4 [  0.04%] |
| User Budget         | 1158602 [100.00%] | 589130 [100.00%] | 2421212 [100.00%] | 1751 [100.00%] | 910 [100.00%] | 9020 [100.00%] |
|    Used Resources   |  268760 [ 23.20%] |  35065 [  5.95%] |  393640 [ 16.26%] |  145 [  8.28%] | 160 [ 17.58%] |  850 [  9.42%] |
|    Unused Resources |  889842 [ 76.80%] | 554065 [ 94.05%] | 2027572 [ 83.74%] | 1606 [ 91.72%] | 750 [ 82.42%] | 8170 [ 90.58%] |
| NeuroRing           |  135060 [ 11.66%] |   8905 [  1.51%] |  148190 [  6.12%] |  125 [  7.14%] |   0 [  0.00%] |  770 [  8.54%] |
|    NeuroRing_0      |   27012 [  2.33%] |   1781 [  0.30%] |   29638 [  1.22%] |   25 [  1.43%] |   0 [  0.00%] |  154 [  1.71%] |
|    NeuroRing_1      |   27012 [  2.33%] |   1781 [  0.30%] |   29638 [  1.22%] |   25 [  1.43%] |   0 [  0.00%] |  154 [  1.71%] |
|    NeuroRing_2      |   27012 [  2.33%] |   1781 [  0.30%] |   29638 [  1.22%] |   25 [  1.43%] |   0 [  0.00%] |  154 [  1.71%] |
|    NeuroRing_3      |   27012 [  2.33%] |   1781 [  0.30%] |   29638 [  1.22%] |   25 [  1.43%] |   0 [  0.00%] |  154 [  1.71%] |
|    NeuroRing_4      |   27012 [  2.33%] |   1781 [  0.30%] |   29638 [  1.22%] |   25 [  1.43%] |   0 [  0.00%] |  154 [  1.71%] |
| SynapseRouter       |  133700 [ 11.54%] |  26160 [  4.44%] |  245450 [ 10.14%] |   20 [  1.14%] | 160 [ 17.58%] |   80 [  0.89%] |
|    SynapseRouter_0  |   26740 [  2.31%] |   5232 [  0.89%] |   49090 [  2.03%] |    4 [  0.23%] |  32 [  3.52%] |   16 [  0.18%] |
|    SynapseRouter_1  |   26740 [  2.31%] |   5232 [  0.89%] |   49090 [  2.03%] |    4 [  0.23%] |  32 [  3.52%] |   16 [  0.18%] |
|    SynapseRouter_2  |   26740 [  2.31%] |   5232 [  0.89%] |   49090 [  2.03%] |    4 [  0.23%] |  32 [  3.52%] |   16 [  0.18%] |
|    SynapseRouter_3  |   26740 [  2.31%] |   5232 [  0.89%] |   49090 [  2.03%] |    4 [  0.23%] |  32 [  3.52%] |   16 [  0.18%] |
|    SynapseRouter_4  |   26740 [  2.31%] |   5232 [  0.89%] |   49090 [  2.03%] |    4 [  0.23%] |  32 [  3.52%] |   16 [  0.18%] |
+---------------------+-------------------+------------------+-------------------+----------------+---------------+----------------+


