
*** Running vivado
    with args -log bd_58f6_lut_buffer_0.vds -m64 -product Vivado -mode batch -messageDb vivado.pb -notrace -source bd_58f6_lut_buffer_0.tcl


****** Vivado v2025.1 (64-bit)
  **** SW Build 6140274 on Wed May 21 22:58:25 MDT 2025
  **** IP Build 6138677 on Thu May 22 03:10:11 MDT 2025
  **** SharedData Build 6139179 on Tue May 20 17:58:58 MDT 2025
  **** Start of session at: Fri Feb 27 05:52:19 2026
    ** Copyright 1986-2022 Xilinx, Inc. All Rights Reserved.
    ** Copyright 2022-2025 Advanced Micro Devices, Inc. All Rights Reserved.

source bd_58f6_lut_buffer_0.tcl -notrace
INFO: Dispatch client connection id - 40507
create_project: Time (s): cpu = 00:00:08 ; elapsed = 00:00:09 . Memory (MB): peak = 1534.215 ; gain = 12.898 ; free physical = 27767 ; free virtual = 100378
INFO: [IP_Flow 19-234] Refreshing IP repositories
INFO: [IP_Flow 19-1700] Loaded user IP repository '/home/miahafiz/NeuroRing_a_4096_5c/_x.hw.NUM_4096.CORE_5.FREQ_300/link/int/xo/ip_repo/xilinx_com_hls_SynapseRouter_1_0'.
INFO: [IP_Flow 19-1700] Loaded user IP repository '/home/miahafiz/NeuroRing_a_4096_5c/_x.hw.NUM_4096.CORE_5.FREQ_300/link/int/xo/ip_repo/xilinx_com_hls_NeuroRing_1_0'.
INFO: [IP_Flow 19-1700] Loaded user IP repository '/home/miahafiz/NeuroRing_a_4096_5c/_x.hw.NUM_4096.CORE_5.FREQ_300/link/vivado/vpl/.local/hw_platform/iprepo'.
INFO: [IP_Flow 19-1700] Loaded user IP repository '/opt/xilinx/2025.1/Vitis/data/cache/xilinx'.
INFO: [IP_Flow 19-1700] Loaded user IP repository '/home/miahafiz/NeuroRing_a_4096_5c/_x.hw.NUM_4096.CORE_5.FREQ_300/link/vivado/vpl/.local/hw_platform/ipcache'.
INFO: [IP_Flow 19-1700] Loaded user IP repository '/opt/xilinx/2025.1/Vitis/data/vitis/ip'.
INFO: [IP_Flow 19-2313] Loaded Vivado IP repository '/opt/xilinx/2025.1/Vivado/data/ip'.
WARNING: [IP_Flow 19-1663] Duplicate IP found for 'xilinx.com:ip:axi_clk_metadata_adapter:1.0'. The one found in IP location '/home/miahafiz/NeuroRing_a_4096_5c/_x.hw.NUM_4096.CORE_5.FREQ_300/link/vivado/vpl/.local/hw_platform/iprepo/ipdefs/other_ipdefs/axi_clk_metadata_adapter_v1_0' will take precedence over the same IP in location /home/miahafiz/NeuroRing_a_4096_5c/_x.hw.NUM_4096.CORE_5.FREQ_300/link/vivado/vpl/.local/hw_platform/iprepo/ipdefs/pxi_ii_infra/axi_clk_metadata_adapter_v1_0
WARNING: [IP_Flow 19-1663] Duplicate IP found for 'xilinx.com:ip:axis_clk_metadata_adapter:1.0'. The one found in IP location '/home/miahafiz/NeuroRing_a_4096_5c/_x.hw.NUM_4096.CORE_5.FREQ_300/link/vivado/vpl/.local/hw_platform/iprepo/ipdefs/other_ipdefs/axis_clk_metadata_adapter_v1_0' will take precedence over the same IP in location /home/miahafiz/NeuroRing_a_4096_5c/_x.hw.NUM_4096.CORE_5.FREQ_300/link/vivado/vpl/.local/hw_platform/iprepo/ipdefs/pxi_ii_infra/axis_clk_metadata_adapter_v1_0
WARNING: [IP_Flow 19-1663] Duplicate IP found for 'xilinx.com:ip:clk_metadata_adapter:1.0'. The one found in IP location '/home/miahafiz/NeuroRing_a_4096_5c/_x.hw.NUM_4096.CORE_5.FREQ_300/link/vivado/vpl/.local/hw_platform/iprepo/ipdefs/other_ipdefs/clk_metadata_adapter_v1_0' will take precedence over the same IP in location /home/miahafiz/NeuroRing_a_4096_5c/_x.hw.NUM_4096.CORE_5.FREQ_300/link/vivado/vpl/.local/hw_platform/iprepo/ipdefs/pxi_ii_infra/clk_metadata_adapter_v1_0
WARNING: [IP_Flow 19-1663] Duplicate IP found for 'xilinx.com:ip:pipeline_reg:1.0'. The one found in IP location '/home/miahafiz/NeuroRing_a_4096_5c/_x.hw.NUM_4096.CORE_5.FREQ_300/link/vivado/vpl/.local/hw_platform/iprepo/ipdefs/other_ipdefs/pipeline_reg_v1_0' will take precedence over the same IP in location /home/miahafiz/NeuroRing_a_4096_5c/_x.hw.NUM_4096.CORE_5.FREQ_300/link/vivado/vpl/.local/hw_platform/iprepo/ipdefs/pxi_ii_infra/pipeline_reg_v1_0
Command: synth_design -top bd_58f6_lut_buffer_0 -part xcu55c-fsvh2892-2L-e -incremental_mode off -mode out_of_context
Starting synth_design
Attempting to get a license for feature 'Synthesis' and/or device 'xcu55c'
INFO: [Common 17-349] Got license for feature 'Synthesis' and/or device 'xcu55c'
INFO: [Device 21-403] Loading part xcu55c-fsvh2892-2L-e
INFO: [Synth 8-7079] Multithreading enabled for synth_design using a maximum of 1 processes.
INFO: [Synth 8-7078] Launching helper process for spawning children vivado processes
INFO: [Synth 8-7075] Helper process launched with PID 926187
---------------------------------------------------------------------------------
Starting RTL Elaboration : Time (s): cpu = 00:00:06 ; elapsed = 00:00:07 . Memory (MB): peak = 3237.559 ; gain = 289.691 ; free physical = 35107 ; free virtual = 107871
---------------------------------------------------------------------------------
INFO: [Synth 8-6157] synthesizing module 'bd_58f6_lut_buffer_0' [/home/miahafiz/NeuroRing_a_4096_5c/_x.hw.NUM_4096.CORE_5.FREQ_300/link/vivado/vpl/prj/prj.gen/my_rm/bd/ulp/ip/ulp_ulp_cmp_0/bd_2/ip/ip_1/synth/bd_58f6_lut_buffer_0.v:53]
INFO: [Synth 8-6157] synthesizing module 'LUT1' [/opt/xilinx/2025.1/Vivado/scripts/rt/data/unisim_comp.v:88920]
INFO: [Synth 8-6155] done synthesizing module 'LUT1' (0#1) [/opt/xilinx/2025.1/Vivado/scripts/rt/data/unisim_comp.v:88920]
INFO: [Synth 8-6155] done synthesizing module 'bd_58f6_lut_buffer_0' (0#1) [/home/miahafiz/NeuroRing_a_4096_5c/_x.hw.NUM_4096.CORE_5.FREQ_300/link/vivado/vpl/prj/prj.gen/my_rm/bd/ulp/ip/ulp_ulp_cmp_0/bd_2/ip/ip_1/synth/bd_58f6_lut_buffer_0.v:53]
WARNING: [Synth 8-7129] Port bscanid_i[31] in module lut_buffer_v2_0_1_lut_buffer is either unconnected or has no load
WARNING: [Synth 8-7129] Port bscanid_i[30] in module lut_buffer_v2_0_1_lut_buffer is either unconnected or has no load
WARNING: [Synth 8-7129] Port bscanid_i[29] in module lut_buffer_v2_0_1_lut_buffer is either unconnected or has no load
WARNING: [Synth 8-7129] Port bscanid_i[28] in module lut_buffer_v2_0_1_lut_buffer is either unconnected or has no load
WARNING: [Synth 8-7129] Port bscanid_i[27] in module lut_buffer_v2_0_1_lut_buffer is either unconnected or has no load
WARNING: [Synth 8-7129] Port bscanid_i[26] in module lut_buffer_v2_0_1_lut_buffer is either unconnected or has no load
WARNING: [Synth 8-7129] Port bscanid_i[25] in module lut_buffer_v2_0_1_lut_buffer is either unconnected or has no load
WARNING: [Synth 8-7129] Port bscanid_i[24] in module lut_buffer_v2_0_1_lut_buffer is either unconnected or has no load
WARNING: [Synth 8-7129] Port bscanid_i[23] in module lut_buffer_v2_0_1_lut_buffer is either unconnected or has no load
WARNING: [Synth 8-7129] Port bscanid_i[22] in module lut_buffer_v2_0_1_lut_buffer is either unconnected or has no load
WARNING: [Synth 8-7129] Port bscanid_i[21] in module lut_buffer_v2_0_1_lut_buffer is either unconnected or has no load
WARNING: [Synth 8-7129] Port bscanid_i[20] in module lut_buffer_v2_0_1_lut_buffer is either unconnected or has no load
WARNING: [Synth 8-7129] Port bscanid_i[19] in module lut_buffer_v2_0_1_lut_buffer is either unconnected or has no load
WARNING: [Synth 8-7129] Port bscanid_i[18] in module lut_buffer_v2_0_1_lut_buffer is either unconnected or has no load
WARNING: [Synth 8-7129] Port bscanid_i[17] in module lut_buffer_v2_0_1_lut_buffer is either unconnected or has no load
WARNING: [Synth 8-7129] Port bscanid_i[16] in module lut_buffer_v2_0_1_lut_buffer is either unconnected or has no load
WARNING: [Synth 8-7129] Port bscanid_i[15] in module lut_buffer_v2_0_1_lut_buffer is either unconnected or has no load
WARNING: [Synth 8-7129] Port bscanid_i[14] in module lut_buffer_v2_0_1_lut_buffer is either unconnected or has no load
WARNING: [Synth 8-7129] Port bscanid_i[13] in module lut_buffer_v2_0_1_lut_buffer is either unconnected or has no load
WARNING: [Synth 8-7129] Port bscanid_i[12] in module lut_buffer_v2_0_1_lut_buffer is either unconnected or has no load
WARNING: [Synth 8-7129] Port bscanid_i[11] in module lut_buffer_v2_0_1_lut_buffer is either unconnected or has no load
WARNING: [Synth 8-7129] Port bscanid_i[10] in module lut_buffer_v2_0_1_lut_buffer is either unconnected or has no load
WARNING: [Synth 8-7129] Port bscanid_i[9] in module lut_buffer_v2_0_1_lut_buffer is either unconnected or has no load
WARNING: [Synth 8-7129] Port bscanid_i[8] in module lut_buffer_v2_0_1_lut_buffer is either unconnected or has no load
WARNING: [Synth 8-7129] Port bscanid_i[7] in module lut_buffer_v2_0_1_lut_buffer is either unconnected or has no load
WARNING: [Synth 8-7129] Port bscanid_i[6] in module lut_buffer_v2_0_1_lut_buffer is either unconnected or has no load
WARNING: [Synth 8-7129] Port bscanid_i[5] in module lut_buffer_v2_0_1_lut_buffer is either unconnected or has no load
WARNING: [Synth 8-7129] Port bscanid_i[4] in module lut_buffer_v2_0_1_lut_buffer is either unconnected or has no load
WARNING: [Synth 8-7129] Port bscanid_i[3] in module lut_buffer_v2_0_1_lut_buffer is either unconnected or has no load
WARNING: [Synth 8-7129] Port bscanid_i[2] in module lut_buffer_v2_0_1_lut_buffer is either unconnected or has no load
WARNING: [Synth 8-7129] Port bscanid_i[1] in module lut_buffer_v2_0_1_lut_buffer is either unconnected or has no load
WARNING: [Synth 8-7129] Port bscanid_i[0] in module lut_buffer_v2_0_1_lut_buffer is either unconnected or has no load
---------------------------------------------------------------------------------
Finished RTL Elaboration : Time (s): cpu = 00:00:08 ; elapsed = 00:00:09 . Memory (MB): peak = 3318.496 ; gain = 370.629 ; free physical = 31838 ; free virtual = 104642
---------------------------------------------------------------------------------
---------------------------------------------------------------------------------
Start Handling Custom Attributes
---------------------------------------------------------------------------------
---------------------------------------------------------------------------------
Finished Handling Custom Attributes : Time (s): cpu = 00:00:08 ; elapsed = 00:00:09 . Memory (MB): peak = 3330.371 ; gain = 382.504 ; free physical = 31840 ; free virtual = 104644
---------------------------------------------------------------------------------
---------------------------------------------------------------------------------
Finished RTL Optimization Phase 1 : Time (s): cpu = 00:00:08 ; elapsed = 00:00:09 . Memory (MB): peak = 3330.371 ; gain = 382.504 ; free physical = 31840 ; free virtual = 104644
---------------------------------------------------------------------------------
Netlist sorting complete. Time (s): cpu = 00:00:00 ; elapsed = 00:00:00 . Memory (MB): peak = 3344.309 ; gain = 0.000 ; free physical = 31720 ; free virtual = 104524
INFO: [Project 1-570] Preparing netlist for logic optimization

Processing XDC Constraints
Initializing timing engine
Completed Processing XDC Constraints

Netlist sorting complete. Time (s): cpu = 00:00:00 ; elapsed = 00:00:00 . Memory (MB): peak = 3350.246 ; gain = 0.000 ; free physical = 34928 ; free virtual = 107740
INFO: [Project 1-111] Unisim Transformation Summary:
No Unisim elements were transformed.

Constraint Validation Runtime : Time (s): cpu = 00:00:00.03 ; elapsed = 00:00:00.09 . Memory (MB): peak = 3350.281 ; gain = 0.000 ; free physical = 34146 ; free virtual = 106998
INFO: [Designutils 20-5008] Incremental synthesis strategy off
---------------------------------------------------------------------------------
Finished Constraint Validation : Time (s): cpu = 00:00:17 ; elapsed = 00:00:20 . Memory (MB): peak = 3350.281 ; gain = 402.414 ; free physical = 30847 ; free virtual = 103636
---------------------------------------------------------------------------------
---------------------------------------------------------------------------------
Start Loading Part and Timing Information
---------------------------------------------------------------------------------
Loading part: xcu55c-fsvh2892-2L-e
INFO: [Synth 8-6742] Reading net delay rules and data
---------------------------------------------------------------------------------
Finished Loading Part and Timing Information : Time (s): cpu = 00:00:17 ; elapsed = 00:00:20 . Memory (MB): peak = 3358.250 ; gain = 410.383 ; free physical = 30828 ; free virtual = 103617
---------------------------------------------------------------------------------
---------------------------------------------------------------------------------
Start Applying 'set_property' XDC Constraints
---------------------------------------------------------------------------------
---------------------------------------------------------------------------------
Finished applying 'set_property' XDC Constraints : Time (s): cpu = 00:00:17 ; elapsed = 00:00:20 . Memory (MB): peak = 3358.250 ; gain = 410.383 ; free physical = 30796 ; free virtual = 103585
---------------------------------------------------------------------------------
---------------------------------------------------------------------------------
Finished RTL Optimization Phase 2 : Time (s): cpu = 00:00:18 ; elapsed = 00:00:22 . Memory (MB): peak = 3358.250 ; gain = 410.383 ; free physical = 29978 ; free virtual = 102795
---------------------------------------------------------------------------------
---------------------------------------------------------------------------------
Start RTL Component Statistics 
---------------------------------------------------------------------------------
Detailed RTL Component Info : 
---------------------------------------------------------------------------------
Finished RTL Component Statistics 
---------------------------------------------------------------------------------
---------------------------------------------------------------------------------
Start Part Resource Summary
---------------------------------------------------------------------------------
Part Resources:
DSPs: 9024 (col length:94)
BRAMs: 4032 (col length: RAMB18 288 RAMB36 144)
---------------------------------------------------------------------------------
Finished Part Resource Summary
---------------------------------------------------------------------------------
---------------------------------------------------------------------------------
Start Cross Boundary and Area Optimization
---------------------------------------------------------------------------------
WARNING: [Synth 8-7080] Parallel synthesis criteria is not met
WARNING: [Synth 8-7129] Port bscanid_i[31] in module lut_buffer_v2_0_1_lut_buffer is either unconnected or has no load
WARNING: [Synth 8-7129] Port bscanid_i[30] in module lut_buffer_v2_0_1_lut_buffer is either unconnected or has no load
WARNING: [Synth 8-7129] Port bscanid_i[29] in module lut_buffer_v2_0_1_lut_buffer is either unconnected or has no load
WARNING: [Synth 8-7129] Port bscanid_i[28] in module lut_buffer_v2_0_1_lut_buffer is either unconnected or has no load
WARNING: [Synth 8-7129] Port bscanid_i[27] in module lut_buffer_v2_0_1_lut_buffer is either unconnected or has no load
WARNING: [Synth 8-7129] Port bscanid_i[26] in module lut_buffer_v2_0_1_lut_buffer is either unconnected or has no load
WARNING: [Synth 8-7129] Port bscanid_i[25] in module lut_buffer_v2_0_1_lut_buffer is either unconnected or has no load
WARNING: [Synth 8-7129] Port bscanid_i[24] in module lut_buffer_v2_0_1_lut_buffer is either unconnected or has no load
WARNING: [Synth 8-7129] Port bscanid_i[23] in module lut_buffer_v2_0_1_lut_buffer is either unconnected or has no load
WARNING: [Synth 8-7129] Port bscanid_i[22] in module lut_buffer_v2_0_1_lut_buffer is either unconnected or has no load
WARNING: [Synth 8-7129] Port bscanid_i[21] in module lut_buffer_v2_0_1_lut_buffer is either unconnected or has no load
WARNING: [Synth 8-7129] Port bscanid_i[20] in module lut_buffer_v2_0_1_lut_buffer is either unconnected or has no load
WARNING: [Synth 8-7129] Port bscanid_i[19] in module lut_buffer_v2_0_1_lut_buffer is either unconnected or has no load
WARNING: [Synth 8-7129] Port bscanid_i[18] in module lut_buffer_v2_0_1_lut_buffer is either unconnected or has no load
WARNING: [Synth 8-7129] Port bscanid_i[17] in module lut_buffer_v2_0_1_lut_buffer is either unconnected or has no load
WARNING: [Synth 8-7129] Port bscanid_i[16] in module lut_buffer_v2_0_1_lut_buffer is either unconnected or has no load
WARNING: [Synth 8-7129] Port bscanid_i[15] in module lut_buffer_v2_0_1_lut_buffer is either unconnected or has no load
WARNING: [Synth 8-7129] Port bscanid_i[14] in module lut_buffer_v2_0_1_lut_buffer is either unconnected or has no load
WARNING: [Synth 8-7129] Port bscanid_i[13] in module lut_buffer_v2_0_1_lut_buffer is either unconnected or has no load
WARNING: [Synth 8-7129] Port bscanid_i[12] in module lut_buffer_v2_0_1_lut_buffer is either unconnected or has no load
WARNING: [Synth 8-7129] Port bscanid_i[11] in module lut_buffer_v2_0_1_lut_buffer is either unconnected or has no load
WARNING: [Synth 8-7129] Port bscanid_i[10] in module lut_buffer_v2_0_1_lut_buffer is either unconnected or has no load
WARNING: [Synth 8-7129] Port bscanid_i[9] in module lut_buffer_v2_0_1_lut_buffer is either unconnected or has no load
WARNING: [Synth 8-7129] Port bscanid_i[8] in module lut_buffer_v2_0_1_lut_buffer is either unconnected or has no load
WARNING: [Synth 8-7129] Port bscanid_i[7] in module lut_buffer_v2_0_1_lut_buffer is either unconnected or has no load
WARNING: [Synth 8-7129] Port bscanid_i[6] in module lut_buffer_v2_0_1_lut_buffer is either unconnected or has no load
WARNING: [Synth 8-7129] Port bscanid_i[5] in module lut_buffer_v2_0_1_lut_buffer is either unconnected or has no load
WARNING: [Synth 8-7129] Port bscanid_i[4] in module lut_buffer_v2_0_1_lut_buffer is either unconnected or has no load
WARNING: [Synth 8-7129] Port bscanid_i[3] in module lut_buffer_v2_0_1_lut_buffer is either unconnected or has no load
WARNING: [Synth 8-7129] Port bscanid_i[2] in module lut_buffer_v2_0_1_lut_buffer is either unconnected or has no load
WARNING: [Synth 8-7129] Port bscanid_i[1] in module lut_buffer_v2_0_1_lut_buffer is either unconnected or has no load
WARNING: [Synth 8-7129] Port bscanid_i[0] in module lut_buffer_v2_0_1_lut_buffer is either unconnected or has no load
---------------------------------------------------------------------------------
Finished Cross Boundary and Area Optimization : Time (s): cpu = 00:00:20 ; elapsed = 00:00:24 . Memory (MB): peak = 3358.250 ; gain = 410.383 ; free physical = 28607 ; free virtual = 101408
---------------------------------------------------------------------------------
---------------------------------------------------------------------------------
Start Applying XDC Timing Constraints
---------------------------------------------------------------------------------
---------------------------------------------------------------------------------
Finished Applying XDC Timing Constraints : Time (s): cpu = 00:00:26 ; elapsed = 00:00:30 . Memory (MB): peak = 3857.973 ; gain = 910.105 ; free physical = 29371 ; free virtual = 102258
---------------------------------------------------------------------------------
---------------------------------------------------------------------------------
Start Timing Optimization
---------------------------------------------------------------------------------
---------------------------------------------------------------------------------
Finished Timing Optimization : Time (s): cpu = 00:00:26 ; elapsed = 00:00:30 . Memory (MB): peak = 3857.973 ; gain = 910.105 ; free physical = 29368 ; free virtual = 102254
---------------------------------------------------------------------------------
---------------------------------------------------------------------------------
Start Technology Mapping
---------------------------------------------------------------------------------
---------------------------------------------------------------------------------
Finished Technology Mapping : Time (s): cpu = 00:00:26 ; elapsed = 00:00:30 . Memory (MB): peak = 3866.988 ; gain = 919.121 ; free physical = 29296 ; free virtual = 102195
---------------------------------------------------------------------------------
---------------------------------------------------------------------------------
Start IO Insertion
---------------------------------------------------------------------------------
---------------------------------------------------------------------------------
Start Flattening Before IO Insertion
---------------------------------------------------------------------------------
---------------------------------------------------------------------------------
Finished Flattening Before IO Insertion
---------------------------------------------------------------------------------
---------------------------------------------------------------------------------
Start Final Netlist Cleanup
---------------------------------------------------------------------------------
---------------------------------------------------------------------------------
Finished Final Netlist Cleanup
---------------------------------------------------------------------------------
---------------------------------------------------------------------------------
Finished IO Insertion : Time (s): cpu = 00:00:30 ; elapsed = 00:00:35 . Memory (MB): peak = 4042.801 ; gain = 1094.934 ; free physical = 31828 ; free virtual = 104790
---------------------------------------------------------------------------------
---------------------------------------------------------------------------------
Start Renaming Generated Instances
---------------------------------------------------------------------------------
---------------------------------------------------------------------------------
Finished Renaming Generated Instances : Time (s): cpu = 00:00:30 ; elapsed = 00:00:35 . Memory (MB): peak = 4042.801 ; gain = 1094.934 ; free physical = 31830 ; free virtual = 104793
---------------------------------------------------------------------------------
---------------------------------------------------------------------------------
Start Rebuilding User Hierarchy
---------------------------------------------------------------------------------
---------------------------------------------------------------------------------
Finished Rebuilding User Hierarchy : Time (s): cpu = 00:00:30 ; elapsed = 00:00:35 . Memory (MB): peak = 4042.801 ; gain = 1094.934 ; free physical = 31827 ; free virtual = 104790
---------------------------------------------------------------------------------
---------------------------------------------------------------------------------
Start Renaming Generated Ports
---------------------------------------------------------------------------------
---------------------------------------------------------------------------------
Finished Renaming Generated Ports : Time (s): cpu = 00:00:30 ; elapsed = 00:00:35 . Memory (MB): peak = 4042.801 ; gain = 1094.934 ; free physical = 31827 ; free virtual = 104789
---------------------------------------------------------------------------------
---------------------------------------------------------------------------------
Start Handling Custom Attributes
---------------------------------------------------------------------------------
---------------------------------------------------------------------------------
Finished Handling Custom Attributes : Time (s): cpu = 00:00:30 ; elapsed = 00:00:35 . Memory (MB): peak = 4042.801 ; gain = 1094.934 ; free physical = 31823 ; free virtual = 104786
---------------------------------------------------------------------------------
---------------------------------------------------------------------------------
Start Renaming Generated Nets
---------------------------------------------------------------------------------
---------------------------------------------------------------------------------
Finished Renaming Generated Nets : Time (s): cpu = 00:00:30 ; elapsed = 00:00:35 . Memory (MB): peak = 4042.801 ; gain = 1094.934 ; free physical = 31822 ; free virtual = 104785
---------------------------------------------------------------------------------
---------------------------------------------------------------------------------
Start Writing Synthesis Report
---------------------------------------------------------------------------------

Report BlackBoxes: 
+-+--------------+----------+
| |BlackBox name |Instances |
+-+--------------+----------+
+-+--------------+----------+

Report Cell Usage: 
+------+-----+------+
|      |Cell |Count |
+------+-----+------+
|1     |LUT1 |     1|
+------+-----+------+
---------------------------------------------------------------------------------
Finished Writing Synthesis Report : Time (s): cpu = 00:00:30 ; elapsed = 00:00:35 . Memory (MB): peak = 4042.801 ; gain = 1094.934 ; free physical = 31822 ; free virtual = 104785
---------------------------------------------------------------------------------
Synthesis finished with 0 errors, 0 critical warnings and 33 warnings.
Synthesis Optimization Runtime : Time (s): cpu = 00:00:28 ; elapsed = 00:00:32 . Memory (MB): peak = 4042.801 ; gain = 1075.023 ; free physical = 31744 ; free virtual = 104708
Synthesis Optimization Complete : Time (s): cpu = 00:00:31 ; elapsed = 00:00:35 . Memory (MB): peak = 4042.801 ; gain = 1094.934 ; free physical = 31742 ; free virtual = 104706
INFO: [Project 1-571] Translating synthesized netlist
Netlist sorting complete. Time (s): cpu = 00:00:00 ; elapsed = 00:00:00 . Memory (MB): peak = 4042.801 ; gain = 0.000 ; free physical = 31725 ; free virtual = 104690
INFO: [Project 1-570] Preparing netlist for logic optimization
INFO: [Opt 31-138] Pushed 0 inverter(s) to 0 load pin(s).
Netlist sorting complete. Time (s): cpu = 00:00:00 ; elapsed = 00:00:00 . Memory (MB): peak = 4042.801 ; gain = 0.000 ; free physical = 29954 ; free virtual = 102944
INFO: [Project 1-111] Unisim Transformation Summary:
No Unisim elements were transformed.

Synth Design complete | Checksum: e2b2fb98
INFO: [Common 17-83] Releasing license: Synthesis
26 Infos, 69 Warnings, 0 Critical Warnings and 0 Errors encountered.
synth_design completed successfully
synth_design: Time (s): cpu = 00:00:50 ; elapsed = 00:00:53 . Memory (MB): peak = 4042.801 ; gain = 2464.867 ; free physical = 30131 ; free virtual = 103125
INFO: [Common 17-2834] synth_design peak Physical Memory [PSS] (MB): overall = 2972.065; main = 2959.125; forked = 169.309
INFO: [Common 17-2834] synth_design peak Virtual Memory [VSS] (MB): overall = 4821.188; main = 4015.105; forked = 955.203
INFO: [Common 17-1381] The checkpoint '/home/miahafiz/NeuroRing_a_4096_5c/_x.hw.NUM_4096.CORE_5.FREQ_300/link/vivado/vpl/prj/prj.runs/bd_58f6_lut_buffer_0_synth_1/bd_58f6_lut_buffer_0.dcp' has been generated.
INFO: [Coretcl 2-1648] Added synthesis output to IP cache for IP bd_58f6_lut_buffer_0, cache-ID = 41edb01bfd7ec1c3
INFO: [Common 17-1381] The checkpoint '/home/miahafiz/NeuroRing_a_4096_5c/_x.hw.NUM_4096.CORE_5.FREQ_300/link/vivado/vpl/prj/prj.runs/bd_58f6_lut_buffer_0_synth_1/bd_58f6_lut_buffer_0.dcp' has been generated.
INFO: [Vivado 12-24828] Executing command : report_utilization -file bd_58f6_lut_buffer_0_utilization_synth.rpt -pb bd_58f6_lut_buffer_0_utilization_synth.pb
INFO: [Common 17-206] Exiting Vivado at Fri Feb 27 05:53:39 2026...
