
*** Running vivado
    with args -log ulp_proc_sys_reset_ctrl_slr0_0.vds -m64 -product Vivado -mode batch -messageDb vivado.pb -notrace -source ulp_proc_sys_reset_ctrl_slr0_0.tcl


****** Vivado v2025.1 (64-bit)
  **** SW Build 6140274 on Wed May 21 22:58:25 MDT 2025
  **** IP Build 6138677 on Thu May 22 03:10:11 MDT 2025
  **** SharedData Build 6139179 on Tue May 20 17:58:58 MDT 2025
  **** Start of session at: Fri Feb 27 05:56:05 2026
    ** Copyright 1986-2022 Xilinx, Inc. All Rights Reserved.
    ** Copyright 2022-2025 Advanced Micro Devices, Inc. All Rights Reserved.

source ulp_proc_sys_reset_ctrl_slr0_0.tcl -notrace
INFO: Dispatch client connection id - 40507
create_project: Time (s): cpu = 00:00:11 ; elapsed = 00:00:13 . Memory (MB): peak = 1535.684 ; gain = 6.961 ; free physical = 26706 ; free virtual = 100908
INFO: [IP_Flow 19-234] Refreshing IP repositories
INFO: [IP_Flow 19-1700] Loaded user IP repository '/home/miahafiz/NeuroRing_a_4096_5c/_x.hw.NUM_4096.CORE_5.FREQ_300/link/int/xo/ip_repo/xilinx_com_hls_SynapseRouter_1_0'.
INFO: [IP_Flow 19-1700] Loaded user IP repository '/home/miahafiz/NeuroRing_a_4096_5c/_x.hw.NUM_4096.CORE_5.FREQ_300/link/int/xo/ip_repo/xilinx_com_hls_NeuroRing_1_0'.
INFO: [IP_Flow 19-1700] Loaded user IP repository '/home/miahafiz/NeuroRing_a_4096_5c/_x.hw.NUM_4096.CORE_5.FREQ_300/link/vivado/vpl/.local/hw_platform/iprepo'.
INFO: [IP_Flow 19-1700] Loaded user IP repository '/opt/xilinx/2025.1/Vitis/data/cache/xilinx'.
INFO: [IP_Flow 19-1700] Loaded user IP repository '/home/miahafiz/NeuroRing_a_4096_5c/_x.hw.NUM_4096.CORE_5.FREQ_300/link/vivado/vpl/.local/hw_platform/ipcache'.
INFO: [IP_Flow 19-1700] Loaded user IP repository '/opt/xilinx/2025.1/Vitis/data/vitis/ip'.
INFO: [IP_Flow 19-2313] Loaded Vivado IP repository '/opt/xilinx/2025.1/Vivado/data/ip'.
WARNING: [IP_Flow 19-1663] Duplicate IP found for 'xilinx.com:ip:axi_clk_metadata_adapter:1.0'. The one found in IP location '/home/miahafiz/NeuroRing_a_4096_5c/_x.hw.NUM_4096.CORE_5.FREQ_300/link/vivado/vpl/.local/hw_platform/iprepo/ipdefs/other_ipdefs/axi_clk_metadata_adapter_v1_0' will take precedence over the same IP in location /home/miahafiz/NeuroRing_a_4096_5c/_x.hw.NUM_4096.CORE_5.FREQ_300/link/vivado/vpl/.local/hw_platform/iprepo/ipdefs/pxi_ii_infra/axi_clk_metadata_adapter_v1_0
WARNING: [IP_Flow 19-1663] Duplicate IP found for 'xilinx.com:ip:axis_clk_metadata_adapter:1.0'. The one found in IP location '/home/miahafiz/NeuroRing_a_4096_5c/_x.hw.NUM_4096.CORE_5.FREQ_300/link/vivado/vpl/.local/hw_platform/iprepo/ipdefs/other_ipdefs/axis_clk_metadata_adapter_v1_0' will take precedence over the same IP in location /home/miahafiz/NeuroRing_a_4096_5c/_x.hw.NUM_4096.CORE_5.FREQ_300/link/vivado/vpl/.local/hw_platform/iprepo/ipdefs/pxi_ii_infra/axis_clk_metadata_adapter_v1_0
WARNING: [IP_Flow 19-1663] Duplicate IP found for 'xilinx.com:ip:clk_metadata_adapter:1.0'. The one found in IP location '/home/miahafiz/NeuroRing_a_4096_5c/_x.hw.NUM_4096.CORE_5.FREQ_300/link/vivado/vpl/.local/hw_platform/iprepo/ipdefs/other_ipdefs/clk_metadata_adapter_v1_0' will take precedence over the same IP in location /home/miahafiz/NeuroRing_a_4096_5c/_x.hw.NUM_4096.CORE_5.FREQ_300/link/vivado/vpl/.local/hw_platform/iprepo/ipdefs/pxi_ii_infra/clk_metadata_adapter_v1_0
WARNING: [IP_Flow 19-1663] Duplicate IP found for 'xilinx.com:ip:pipeline_reg:1.0'. The one found in IP location '/home/miahafiz/NeuroRing_a_4096_5c/_x.hw.NUM_4096.CORE_5.FREQ_300/link/vivado/vpl/.local/hw_platform/iprepo/ipdefs/other_ipdefs/pipeline_reg_v1_0' will take precedence over the same IP in location /home/miahafiz/NeuroRing_a_4096_5c/_x.hw.NUM_4096.CORE_5.FREQ_300/link/vivado/vpl/.local/hw_platform/iprepo/ipdefs/pxi_ii_infra/pipeline_reg_v1_0
Command: synth_design -top ulp_proc_sys_reset_ctrl_slr0_0 -part xcu55c-fsvh2892-2L-e -incremental_mode off -mode out_of_context
Starting synth_design
Attempting to get a license for feature 'Synthesis' and/or device 'xcu55c'
INFO: [Common 17-349] Got license for feature 'Synthesis' and/or device 'xcu55c'
INFO: [Device 21-403] Loading part xcu55c-fsvh2892-2L-e
INFO: [Synth 8-7079] Multithreading enabled for synth_design using a maximum of 1 processes.
INFO: [Synth 8-7078] Launching helper process for spawning children vivado processes
INFO: [Synth 8-7075] Helper process launched with PID 947365
---------------------------------------------------------------------------------
Starting RTL Elaboration : Time (s): cpu = 00:00:06 ; elapsed = 00:00:06 . Memory (MB): peak = 3237.387 ; gain = 289.691 ; free physical = 24881 ; free virtual = 99491
---------------------------------------------------------------------------------
INFO: [Synth 8-638] synthesizing module 'ulp_proc_sys_reset_ctrl_slr0_0' [/home/miahafiz/NeuroRing_a_4096_5c/_x.hw.NUM_4096.CORE_5.FREQ_300/link/vivado/vpl/prj/prj.gen/my_rm/bd/ulp/ip/ulp_proc_sys_reset_ctrl_slr0_0/synth/ulp_proc_sys_reset_ctrl_slr0_0.vhd:74]
	Parameter C_FAMILY bound to: virtexuplusHBM - type: string 
	Parameter C_EXT_RST_WIDTH bound to: 4 - type: integer 
	Parameter C_AUX_RST_WIDTH bound to: 4 - type: integer 
	Parameter C_EXT_RESET_HIGH bound to: 1'b0 
	Parameter C_AUX_RESET_HIGH bound to: 1'b0 
	Parameter C_NUM_BUS_RST bound to: 1 - type: integer 
	Parameter C_NUM_PERP_RST bound to: 1 - type: integer 
	Parameter C_NUM_INTERCONNECT_ARESETN bound to: 1 - type: integer 
	Parameter C_NUM_PERP_ARESETN bound to: 1 - type: integer 
INFO: [Synth 8-3491] module 'proc_sys_reset' declared at '/home/miahafiz/NeuroRing_a_4096_5c/_x.hw.NUM_4096.CORE_5.FREQ_300/link/vivado/vpl/prj/prj.gen/my_rm/bd/ulp/ipshared/9438/hdl/proc_sys_reset_v5_0_vh_rfs.vhd:1243' bound to instance 'U0' of component 'proc_sys_reset' [/home/miahafiz/NeuroRing_a_4096_5c/_x.hw.NUM_4096.CORE_5.FREQ_300/link/vivado/vpl/prj/prj.gen/my_rm/bd/ulp/ip/ulp_proc_sys_reset_ctrl_slr0_0/synth/ulp_proc_sys_reset_ctrl_slr0_0.vhd:139]
INFO: [Synth 8-638] synthesizing module 'proc_sys_reset' [/home/miahafiz/NeuroRing_a_4096_5c/_x.hw.NUM_4096.CORE_5.FREQ_300/link/vivado/vpl/prj/prj.gen/my_rm/bd/ulp/ipshared/9438/hdl/proc_sys_reset_v5_0_vh_rfs.vhd:1302]
	Parameter INIT bound to: 1'b1 
INFO: [Synth 8-113] binding component instance 'FDRE_inst' to cell 'FDRE' [/home/miahafiz/NeuroRing_a_4096_5c/_x.hw.NUM_4096.CORE_5.FREQ_300/link/vivado/vpl/prj/prj.gen/my_rm/bd/ulp/ipshared/9438/hdl/proc_sys_reset_v5_0_vh_rfs.vhd:1371]
	Parameter INIT bound to: 1'b1 
INFO: [Synth 8-113] binding component instance 'FDRE_BSR' to cell 'FDRE' [/home/miahafiz/NeuroRing_a_4096_5c/_x.hw.NUM_4096.CORE_5.FREQ_300/link/vivado/vpl/prj/prj.gen/my_rm/bd/ulp/ipshared/9438/hdl/proc_sys_reset_v5_0_vh_rfs.vhd:1387]
	Parameter INIT bound to: 1'b0 
INFO: [Synth 8-113] binding component instance 'FDRE_BSR_N' to cell 'FDRE' [/home/miahafiz/NeuroRing_a_4096_5c/_x.hw.NUM_4096.CORE_5.FREQ_300/link/vivado/vpl/prj/prj.gen/my_rm/bd/ulp/ipshared/9438/hdl/proc_sys_reset_v5_0_vh_rfs.vhd:1413]
	Parameter INIT bound to: 1'b1 
INFO: [Synth 8-113] binding component instance 'FDRE_PER' to cell 'FDRE' [/home/miahafiz/NeuroRing_a_4096_5c/_x.hw.NUM_4096.CORE_5.FREQ_300/link/vivado/vpl/prj/prj.gen/my_rm/bd/ulp/ipshared/9438/hdl/proc_sys_reset_v5_0_vh_rfs.vhd:1436]
	Parameter INIT bound to: 1'b0 
INFO: [Synth 8-113] binding component instance 'FDRE_PER_N' to cell 'FDRE' [/home/miahafiz/NeuroRing_a_4096_5c/_x.hw.NUM_4096.CORE_5.FREQ_300/link/vivado/vpl/prj/prj.gen/my_rm/bd/ulp/ipshared/9438/hdl/proc_sys_reset_v5_0_vh_rfs.vhd:1460]
INFO: [Synth 8-638] synthesizing module 'lpf' [/home/miahafiz/NeuroRing_a_4096_5c/_x.hw.NUM_4096.CORE_5.FREQ_300/link/vivado/vpl/prj/prj.gen/my_rm/bd/ulp/ipshared/9438/hdl/proc_sys_reset_v5_0_vh_rfs.vhd:821]
INFO: [Synth 8-3491] module 'SRL16' declared at '/opt/xilinx/2025.1/Vivado/scripts/rt/data/unisim_comp.v:158596' bound to instance 'POR_SRL_I' of component 'SRL16' [/home/miahafiz/NeuroRing_a_4096_5c/_x.hw.NUM_4096.CORE_5.FREQ_300/link/vivado/vpl/prj/prj.gen/my_rm/bd/ulp/ipshared/9438/hdl/proc_sys_reset_v5_0_vh_rfs.vhd:873]
INFO: [Synth 8-6157] synthesizing module 'SRL16' [/opt/xilinx/2025.1/Vivado/scripts/rt/data/unisim_comp.v:158596]
INFO: [Synth 8-6155] done synthesizing module 'SRL16' (0#1) [/opt/xilinx/2025.1/Vivado/scripts/rt/data/unisim_comp.v:158596]
	Parameter DEST_SYNC_FF bound to: 4 - type: integer 
	Parameter INIT_SYNC_FF bound to: 0 - type: integer 
	Parameter SIM_ASSERT_CHK bound to: 0 - type: integer 
	Parameter SRC_INPUT_REG bound to: 0 - type: integer 
INFO: [Synth 8-3491] module 'xpm_cdc_single' declared at '/opt/xilinx/2025.1/Vivado/data/ip/xpm/xpm_cdc/hdl/xpm_cdc.sv:152' bound to instance 'ACT_LO_EXT' of component 'xpm_cdc_single' [/home/miahafiz/NeuroRing_a_4096_5c/_x.hw.NUM_4096.CORE_5.FREQ_300/link/vivado/vpl/prj/prj.gen/my_rm/bd/ulp/ipshared/9438/hdl/proc_sys_reset_v5_0_vh_rfs.vhd:968]
INFO: [Synth 8-6157] synthesizing module 'xpm_cdc_single' [/opt/xilinx/2025.1/Vivado/data/ip/xpm/xpm_cdc/hdl/xpm_cdc.sv:152]
INFO: [Synth 8-6155] done synthesizing module 'xpm_cdc_single' (0#1) [/opt/xilinx/2025.1/Vivado/data/ip/xpm/xpm_cdc/hdl/xpm_cdc.sv:152]
	Parameter DEST_SYNC_FF bound to: 4 - type: integer 
	Parameter INIT_SYNC_FF bound to: 0 - type: integer 
	Parameter SIM_ASSERT_CHK bound to: 0 - type: integer 
	Parameter SRC_INPUT_REG bound to: 0 - type: integer 
INFO: [Synth 8-3491] module 'xpm_cdc_single' declared at '/opt/xilinx/2025.1/Vivado/data/ip/xpm/xpm_cdc/hdl/xpm_cdc.sv:152' bound to instance 'ACT_LO_AUX' of component 'xpm_cdc_single' [/home/miahafiz/NeuroRing_a_4096_5c/_x.hw.NUM_4096.CORE_5.FREQ_300/link/vivado/vpl/prj/prj.gen/my_rm/bd/ulp/ipshared/9438/hdl/proc_sys_reset_v5_0_vh_rfs.vhd:1015]
INFO: [Synth 8-256] done synthesizing module 'lpf' (0#1) [/home/miahafiz/NeuroRing_a_4096_5c/_x.hw.NUM_4096.CORE_5.FREQ_300/link/vivado/vpl/prj/prj.gen/my_rm/bd/ulp/ipshared/9438/hdl/proc_sys_reset_v5_0_vh_rfs.vhd:821]
INFO: [Synth 8-638] synthesizing module 'sequence_psr' [/home/miahafiz/NeuroRing_a_4096_5c/_x.hw.NUM_4096.CORE_5.FREQ_300/link/vivado/vpl/prj/prj.gen/my_rm/bd/ulp/ipshared/9438/hdl/proc_sys_reset_v5_0_vh_rfs.vhd:304]
INFO: [Synth 8-638] synthesizing module 'upcnt_n' [/home/miahafiz/NeuroRing_a_4096_5c/_x.hw.NUM_4096.CORE_5.FREQ_300/link/vivado/vpl/prj/prj.gen/my_rm/bd/ulp/ipshared/9438/hdl/proc_sys_reset_v5_0_vh_rfs.vhd:126]
INFO: [Synth 8-256] done synthesizing module 'upcnt_n' (0#1) [/home/miahafiz/NeuroRing_a_4096_5c/_x.hw.NUM_4096.CORE_5.FREQ_300/link/vivado/vpl/prj/prj.gen/my_rm/bd/ulp/ipshared/9438/hdl/proc_sys_reset_v5_0_vh_rfs.vhd:126]
INFO: [Synth 8-256] done synthesizing module 'sequence_psr' (0#1) [/home/miahafiz/NeuroRing_a_4096_5c/_x.hw.NUM_4096.CORE_5.FREQ_300/link/vivado/vpl/prj/prj.gen/my_rm/bd/ulp/ipshared/9438/hdl/proc_sys_reset_v5_0_vh_rfs.vhd:304]
INFO: [Synth 8-256] done synthesizing module 'proc_sys_reset' (0#1) [/home/miahafiz/NeuroRing_a_4096_5c/_x.hw.NUM_4096.CORE_5.FREQ_300/link/vivado/vpl/prj/prj.gen/my_rm/bd/ulp/ipshared/9438/hdl/proc_sys_reset_v5_0_vh_rfs.vhd:1302]
INFO: [Synth 8-256] done synthesizing module 'ulp_proc_sys_reset_ctrl_slr0_0' (0#1) [/home/miahafiz/NeuroRing_a_4096_5c/_x.hw.NUM_4096.CORE_5.FREQ_300/link/vivado/vpl/prj/prj.gen/my_rm/bd/ulp/ip/ulp_proc_sys_reset_ctrl_slr0_0/synth/ulp_proc_sys_reset_ctrl_slr0_0.vhd:74]
WARNING: [Synth 8-7129] Port src_clk in module xpm_cdc_single is either unconnected or has no load
---------------------------------------------------------------------------------
Finished RTL Elaboration : Time (s): cpu = 00:00:08 ; elapsed = 00:00:09 . Memory (MB): peak = 3319.324 ; gain = 371.629 ; free physical = 22553 ; free virtual = 97154
---------------------------------------------------------------------------------
---------------------------------------------------------------------------------
Start Handling Custom Attributes
---------------------------------------------------------------------------------
---------------------------------------------------------------------------------
Finished Handling Custom Attributes : Time (s): cpu = 00:00:08 ; elapsed = 00:00:09 . Memory (MB): peak = 3328.230 ; gain = 380.535 ; free physical = 22597 ; free virtual = 97197
---------------------------------------------------------------------------------
---------------------------------------------------------------------------------
Finished RTL Optimization Phase 1 : Time (s): cpu = 00:00:08 ; elapsed = 00:00:09 . Memory (MB): peak = 3328.230 ; gain = 380.535 ; free physical = 22596 ; free virtual = 97196
---------------------------------------------------------------------------------
Netlist sorting complete. Time (s): cpu = 00:00:00 ; elapsed = 00:00:00 . Memory (MB): peak = 3342.168 ; gain = 0.000 ; free physical = 22374 ; free virtual = 96994
INFO: [Netlist 29-17] Analyzing 1 Unisim elements for replacement
INFO: [Netlist 29-28] Unisim Transformation completed in 0 CPU seconds
INFO: [Project 1-570] Preparing netlist for logic optimization

Processing XDC Constraints
Initializing timing engine
Parsing XDC File [/home/miahafiz/NeuroRing_a_4096_5c/_x.hw.NUM_4096.CORE_5.FREQ_300/link/vivado/vpl/prj/prj.gen/my_rm/bd/ulp/ip/ulp_proc_sys_reset_ctrl_slr0_0/ulp_proc_sys_reset_ctrl_slr0_0_ooc.xdc] for cell 'U0'
create_clock: Time (s): cpu = 00:00:07 ; elapsed = 00:00:07 . Memory (MB): peak = 3437.035 ; gain = 3.117 ; free physical = 25741 ; free virtual = 100546
Finished Parsing XDC File [/home/miahafiz/NeuroRing_a_4096_5c/_x.hw.NUM_4096.CORE_5.FREQ_300/link/vivado/vpl/prj/prj.gen/my_rm/bd/ulp/ip/ulp_proc_sys_reset_ctrl_slr0_0/ulp_proc_sys_reset_ctrl_slr0_0_ooc.xdc] for cell 'U0'
Parsing XDC File [/home/miahafiz/NeuroRing_a_4096_5c/_x.hw.NUM_4096.CORE_5.FREQ_300/link/vivado/vpl/prj/prj.gen/my_rm/bd/ulp/ip/ulp_proc_sys_reset_ctrl_slr0_0/ulp_proc_sys_reset_ctrl_slr0_0_board.xdc] for cell 'U0'
Finished Parsing XDC File [/home/miahafiz/NeuroRing_a_4096_5c/_x.hw.NUM_4096.CORE_5.FREQ_300/link/vivado/vpl/prj/prj.gen/my_rm/bd/ulp/ip/ulp_proc_sys_reset_ctrl_slr0_0/ulp_proc_sys_reset_ctrl_slr0_0_board.xdc] for cell 'U0'
Parsing XDC File [/home/miahafiz/NeuroRing_a_4096_5c/_x.hw.NUM_4096.CORE_5.FREQ_300/link/vivado/vpl/prj/prj.runs/ulp_proc_sys_reset_ctrl_slr0_0_synth_1/dont_touch.xdc]
Finished Parsing XDC File [/home/miahafiz/NeuroRing_a_4096_5c/_x.hw.NUM_4096.CORE_5.FREQ_300/link/vivado/vpl/prj/prj.runs/ulp_proc_sys_reset_ctrl_slr0_0_synth_1/dont_touch.xdc]
INFO: [Project 1-236] Implementation specific constraints were found while reading constraint file [/opt/xilinx/2025.1/Vivado/data/ip/xpm/xpm_cdc/tcl/xpm_cdc_single.tcl]. These constraints will be ignored for synthesis but will be used in implementation. Impacted constraints are listed in the file [.Xil/ulp_proc_sys_reset_ctrl_slr0_0_propImpl.xdc].
Resolution: To avoid this warning, move constraints listed in [.Xil/ulp_proc_sys_reset_ctrl_slr0_0_propImpl.xdc] to another XDC file and exclude this new file from synthesis with the used_in_synthesis property (File Properties dialog in GUI) and re-run elaboration/synthesis.
INFO: [Project 1-1714] 2 XPM XDC files have been applied to the design.
Completed Processing XDC Constraints

Netlist sorting complete. Time (s): cpu = 00:00:00 ; elapsed = 00:00:00.01 . Memory (MB): peak = 3437.035 ; gain = 0.000 ; free physical = 25642 ; free virtual = 100448
INFO: [Project 1-111] Unisim Transformation Summary:
  A total of 1 instances were transformed.
  SRL16 => SRL16E: 1 instance 

Constraint Validation Runtime : Time (s): cpu = 00:00:00.04 ; elapsed = 00:00:00.35 . Memory (MB): peak = 3437.070 ; gain = 0.000 ; free physical = 25627 ; free virtual = 100431
INFO: [Designutils 20-5008] Incremental synthesis strategy off
---------------------------------------------------------------------------------
Finished Constraint Validation : Time (s): cpu = 00:00:24 ; elapsed = 00:00:27 . Memory (MB): peak = 3437.070 ; gain = 489.375 ; free physical = 32122 ; free virtual = 106930
---------------------------------------------------------------------------------
---------------------------------------------------------------------------------
Start Loading Part and Timing Information
---------------------------------------------------------------------------------
Loading part: xcu55c-fsvh2892-2L-e
INFO: [Synth 8-6742] Reading net delay rules and data
---------------------------------------------------------------------------------
Finished Loading Part and Timing Information : Time (s): cpu = 00:00:24 ; elapsed = 00:00:27 . Memory (MB): peak = 3445.039 ; gain = 497.344 ; free physical = 32117 ; free virtual = 106926
---------------------------------------------------------------------------------
---------------------------------------------------------------------------------
Start Applying 'set_property' XDC Constraints
---------------------------------------------------------------------------------
---------------------------------------------------------------------------------
Finished applying 'set_property' XDC Constraints : Time (s): cpu = 00:00:24 ; elapsed = 00:00:27 . Memory (MB): peak = 3445.039 ; gain = 497.344 ; free physical = 32107 ; free virtual = 106916
---------------------------------------------------------------------------------
---------------------------------------------------------------------------------
Finished RTL Optimization Phase 2 : Time (s): cpu = 00:00:24 ; elapsed = 00:00:28 . Memory (MB): peak = 3445.039 ; gain = 497.344 ; free physical = 34405 ; free virtual = 109212
---------------------------------------------------------------------------------
---------------------------------------------------------------------------------
Start RTL Component Statistics 
---------------------------------------------------------------------------------
Detailed RTL Component Info : 
+---Adders : 
	   2 Input    6 Bit       Adders := 1     
+---Registers : 
	                6 Bit    Registers := 1     
	                4 Bit    Registers := 2     
	                3 Bit    Registers := 3     
	                1 Bit    Registers := 14    
+---Muxes : 
	   2 Input    6 Bit        Muxes := 1     
	   2 Input    1 Bit        Muxes := 1     
---------------------------------------------------------------------------------
Finished RTL Component Statistics 
---------------------------------------------------------------------------------
---------------------------------------------------------------------------------
Start Part Resource Summary
---------------------------------------------------------------------------------
Part Resources:
DSPs: 9024 (col length:94)
BRAMs: 4032 (col length: RAMB18 288 RAMB36 144)
---------------------------------------------------------------------------------
Finished Part Resource Summary
---------------------------------------------------------------------------------
---------------------------------------------------------------------------------
Start Cross Boundary and Area Optimization
---------------------------------------------------------------------------------
WARNING: [Synth 8-7080] Parallel synthesis criteria is not met
WARNING: [Synth 8-7129] Port src_clk in module xpm_cdc_single is either unconnected or has no load
---------------------------------------------------------------------------------
Finished Cross Boundary and Area Optimization : Time (s): cpu = 00:00:26 ; elapsed = 00:00:30 . Memory (MB): peak = 3445.039 ; gain = 497.344 ; free physical = 36911 ; free virtual = 111724
---------------------------------------------------------------------------------
---------------------------------------------------------------------------------
Start Applying XDC Timing Constraints
---------------------------------------------------------------------------------
---------------------------------------------------------------------------------
Finished Applying XDC Timing Constraints : Time (s): cpu = 00:00:34 ; elapsed = 00:00:39 . Memory (MB): peak = 3878.387 ; gain = 930.691 ; free physical = 37574 ; free virtual = 112415
---------------------------------------------------------------------------------
---------------------------------------------------------------------------------
Start Timing Optimization
---------------------------------------------------------------------------------
---------------------------------------------------------------------------------
Finished Timing Optimization : Time (s): cpu = 00:00:34 ; elapsed = 00:00:39 . Memory (MB): peak = 3879.387 ; gain = 931.691 ; free physical = 37797 ; free virtual = 112637
---------------------------------------------------------------------------------
---------------------------------------------------------------------------------
Start Technology Mapping
---------------------------------------------------------------------------------
---------------------------------------------------------------------------------
Finished Technology Mapping : Time (s): cpu = 00:00:34 ; elapsed = 00:00:39 . Memory (MB): peak = 3907.434 ; gain = 959.738 ; free physical = 38489 ; free virtual = 113330
---------------------------------------------------------------------------------
---------------------------------------------------------------------------------
Start IO Insertion
---------------------------------------------------------------------------------
---------------------------------------------------------------------------------
Start Flattening Before IO Insertion
---------------------------------------------------------------------------------
---------------------------------------------------------------------------------
Finished Flattening Before IO Insertion
---------------------------------------------------------------------------------
---------------------------------------------------------------------------------
Start Final Netlist Cleanup
---------------------------------------------------------------------------------
---------------------------------------------------------------------------------
Finished Final Netlist Cleanup
---------------------------------------------------------------------------------
---------------------------------------------------------------------------------
Finished IO Insertion : Time (s): cpu = 00:00:39 ; elapsed = 00:00:44 . Memory (MB): peak = 4064.246 ; gain = 1116.551 ; free physical = 42229 ; free virtual = 117109
---------------------------------------------------------------------------------
---------------------------------------------------------------------------------
Start Renaming Generated Instances
---------------------------------------------------------------------------------
---------------------------------------------------------------------------------
Finished Renaming Generated Instances : Time (s): cpu = 00:00:39 ; elapsed = 00:00:44 . Memory (MB): peak = 4064.246 ; gain = 1116.551 ; free physical = 42228 ; free virtual = 117108
---------------------------------------------------------------------------------
---------------------------------------------------------------------------------
Start Rebuilding User Hierarchy
---------------------------------------------------------------------------------
---------------------------------------------------------------------------------
Finished Rebuilding User Hierarchy : Time (s): cpu = 00:00:39 ; elapsed = 00:00:44 . Memory (MB): peak = 4064.246 ; gain = 1116.551 ; free physical = 42228 ; free virtual = 117108
---------------------------------------------------------------------------------
---------------------------------------------------------------------------------
Start Renaming Generated Ports
---------------------------------------------------------------------------------
---------------------------------------------------------------------------------
Finished Renaming Generated Ports : Time (s): cpu = 00:00:39 ; elapsed = 00:00:44 . Memory (MB): peak = 4064.246 ; gain = 1116.551 ; free physical = 42226 ; free virtual = 117106
---------------------------------------------------------------------------------
---------------------------------------------------------------------------------
Start Handling Custom Attributes
---------------------------------------------------------------------------------
---------------------------------------------------------------------------------
Finished Handling Custom Attributes : Time (s): cpu = 00:00:39 ; elapsed = 00:00:44 . Memory (MB): peak = 4064.246 ; gain = 1116.551 ; free physical = 42225 ; free virtual = 117105
---------------------------------------------------------------------------------
---------------------------------------------------------------------------------
Start Renaming Generated Nets
---------------------------------------------------------------------------------
---------------------------------------------------------------------------------
Finished Renaming Generated Nets : Time (s): cpu = 00:00:39 ; elapsed = 00:00:44 . Memory (MB): peak = 4064.246 ; gain = 1116.551 ; free physical = 42224 ; free virtual = 117104
---------------------------------------------------------------------------------
---------------------------------------------------------------------------------
Start Writing Synthesis Report
---------------------------------------------------------------------------------

Report BlackBoxes: 
+-+--------------+----------+
| |BlackBox name |Instances |
+-+--------------+----------+
+-+--------------+----------+

Report Cell Usage: 
+------+------+------+
|      |Cell  |Count |
+------+------+------+
|1     |LUT1  |     5|
|2     |LUT2  |     9|
|3     |LUT3  |     1|
|4     |LUT4  |     6|
|5     |LUT5  |     3|
|6     |LUT6  |     1|
|7     |SRL16 |     1|
|8     |FDRE  |    36|
|9     |FDSE  |     4|
+------+------+------+
---------------------------------------------------------------------------------
Finished Writing Synthesis Report : Time (s): cpu = 00:00:39 ; elapsed = 00:00:44 . Memory (MB): peak = 4064.246 ; gain = 1116.551 ; free physical = 42223 ; free virtual = 117103
---------------------------------------------------------------------------------
Synthesis finished with 0 errors, 0 critical warnings and 2 warnings.
Synthesis Optimization Runtime : Time (s): cpu = 00:00:30 ; elapsed = 00:00:34 . Memory (MB): peak = 4064.246 ; gain = 1007.711 ; free physical = 42067 ; free virtual = 116905
Synthesis Optimization Complete : Time (s): cpu = 00:00:40 ; elapsed = 00:00:45 . Memory (MB): peak = 4064.246 ; gain = 1116.551 ; free physical = 42065 ; free virtual = 116904
INFO: [Project 1-571] Translating synthesized netlist
Netlist sorting complete. Time (s): cpu = 00:00:00 ; elapsed = 00:00:00 . Memory (MB): peak = 4064.246 ; gain = 0.000 ; free physical = 42049 ; free virtual = 116887
INFO: [Netlist 29-17] Analyzing 1 Unisim elements for replacement
INFO: [Netlist 29-28] Unisim Transformation completed in 0 CPU seconds
INFO: [Project 1-570] Preparing netlist for logic optimization
INFO: [Opt 31-138] Pushed 0 inverter(s) to 0 load pin(s).
Netlist sorting complete. Time (s): cpu = 00:00:00 ; elapsed = 00:00:00 . Memory (MB): peak = 4064.246 ; gain = 0.000 ; free physical = 43372 ; free virtual = 118210
INFO: [Project 1-111] Unisim Transformation Summary:
  A total of 1 instances were transformed.
  SRL16 => SRL16E: 1 instance 

Synth Design complete | Checksum: cb15459e
INFO: [Common 17-83] Releasing license: Synthesis
51 Infos, 7 Warnings, 0 Critical Warnings and 0 Errors encountered.
synth_design completed successfully
synth_design: Time (s): cpu = 00:00:58 ; elapsed = 00:01:02 . Memory (MB): peak = 4064.246 ; gain = 2485.812 ; free physical = 43004 ; free virtual = 117841
INFO: [Common 17-2834] synth_design peak Physical Memory [PSS] (MB): overall = 3034.704; main = 2970.727; forked = 170.932
INFO: [Common 17-2834] synth_design peak Virtual Memory [VSS] (MB): overall = 4889.641; main = 4036.551; forked = 955.203
Write ShapeDB Complete: Time (s): cpu = 00:00:00 ; elapsed = 00:00:00 . Memory (MB): peak = 4064.246 ; gain = 0.000 ; free physical = 42878 ; free virtual = 117716
INFO: [Common 17-1381] The checkpoint '/home/miahafiz/NeuroRing_a_4096_5c/_x.hw.NUM_4096.CORE_5.FREQ_300/link/vivado/vpl/prj/prj.runs/ulp_proc_sys_reset_ctrl_slr0_0_synth_1/ulp_proc_sys_reset_ctrl_slr0_0.dcp' has been generated.
INFO: [Coretcl 2-1648] Added synthesis output to IP cache for IP ulp_proc_sys_reset_ctrl_slr0_0, cache-ID = 0a2aa29f135774b1
INFO: [Coretcl 2-1174] Renamed 6 cell refs.
Write ShapeDB Complete: Time (s): cpu = 00:00:00 ; elapsed = 00:00:00.01 . Memory (MB): peak = 4064.246 ; gain = 0.000 ; free physical = 46972 ; free virtual = 121810
INFO: [Common 17-1381] The checkpoint '/home/miahafiz/NeuroRing_a_4096_5c/_x.hw.NUM_4096.CORE_5.FREQ_300/link/vivado/vpl/prj/prj.runs/ulp_proc_sys_reset_ctrl_slr0_0_synth_1/ulp_proc_sys_reset_ctrl_slr0_0.dcp' has been generated.
INFO: [Vivado 12-24828] Executing command : report_utilization -file ulp_proc_sys_reset_ctrl_slr0_0_utilization_synth.rpt -pb ulp_proc_sys_reset_ctrl_slr0_0_utilization_synth.pb
INFO: [Common 17-206] Exiting Vivado at Fri Feb 27 05:57:34 2026...
