

================================================================
== Vitis HLS Report for 'strm_issue'
================================================================
* Date:           Thu Feb 12 14:46:30 2026

* Version:        2025.1 (Build 6135595 on May 21 2025)
* Project:        strm_issue
* Solution:       solution (Vitis Kernel Flow Target)
* Product family: virtexuplusHBM
* Target device:  xcu55c-fsvh2892-2L-e


================================================================
== Performance Estimates
================================================================
+ Timing: 
    * Summary: 
    +--------+---------+----------+------------+
    |  Clock |  Target | Estimated| Uncertainty|
    +--------+---------+----------+------------+
    |ap_clk  |  3.33 ns|  2.433 ns|     0.90 ns|
    +--------+---------+----------+------------+

+ Latency: 
    * Summary: 
    +---------+-----------+----------+-----------+-----+-----------+------------------------------------------------+
    |   Latency (cycles)  |  Latency (absolute)  |     Interval    |                    Pipeline                    |
    |   min   |    max    |    min   |    max    | min |    max    |                      Type                      |
    +---------+-----------+----------+-----------+-----+-----------+------------------------------------------------+
    |        2|  134217802|  6.666 ns|  0.447 sec|    1|  134217728|  loop auto-rewind stp (delay=0 clock cycles(s))|
    +---------+-----------+----------+-----------+-----+-----------+------------------------------------------------+

    + Detail: 
        * Instance: 
        N/A

        * Loop: 
        +-------------------+---------+-----------+----------+-----------+-----------+---------------+----------+
        |                   |   Latency (cycles)  | Iteration|  Initiation Interval  |      Trip     |          |
        |     Loop Name     |   min   |    max    |  Latency |  achieved |   target  |     Count     | Pipelined|
        +-------------------+---------+-----------+----------+-----------+-----------+---------------+----------+
        |- VITIS_LOOP_24_1  |        0|  134217800|        75|          1|          1|  0 ~ 134217727|       yes|
        +-------------------+---------+-----------+----------+-----------+-----------+---------------+----------+



================================================================
== Utilization Estimates
================================================================
* Summary: 
+---------------------+---------+------+---------+---------+-----+
|         Name        | BRAM_18K|  DSP |    FF   |   LUT   | URAM|
+---------------------+---------+------+---------+---------+-----+
|DSP                  |        -|     -|        -|        -|    -|
|Expression           |        -|     -|        0|       88|    -|
|FIFO                 |        -|     -|        -|        -|    -|
|Instance             |        8|     -|     1566|     1580|    0|
|Memory               |        -|     -|        -|        -|    -|
|Multiplexer          |        -|     -|        0|       63|    -|
|Register             |        -|     -|      594|       32|    -|
+---------------------+---------+------+---------+---------+-----+
|Total                |        8|     0|     2160|     1763|    0|
+---------------------+---------+------+---------+---------+-----+
|Available SLR        |     1344|  3008|   869120|   434560|  320|
+---------------------+---------+------+---------+---------+-----+
|Utilization SLR (%)  |       ~0|     0|       ~0|       ~0|    0|
+---------------------+---------+------+---------+---------+-----+
|Available            |     4032|  9024|  2607360|  1303680|  960|
+---------------------+---------+------+---------+---------+-----+
|Utilization (%)      |       ~0|     0|       ~0|       ~0|    0|
+---------------------+---------+------+---------+---------+-----+

+ Detail: 
    * Instance: 
    +-----------------+---------------+---------+----+------+------+-----+
    |     Instance    |     Module    | BRAM_18K| DSP|  FF  |  LUT | URAM|
    +-----------------+---------------+---------+----+------+------+-----+
    |control_s_axi_U  |control_s_axi  |        0|   0|   144|   232|    0|
    |gmem_m_axi_U     |gmem_m_axi     |        8|   0|  1422|  1348|    0|
    +-----------------+---------------+---------+----+------+------+-----+
    |Total            |               |        8|   0|  1566|  1580|    0|
    +-----------------+---------------+---------+----+------+------+-----+

    * DSP: 
    N/A

    * Memory: 
    N/A

    * FIFO: 
    N/A

    * Expression: 
    +-----------------------------------------+----------+----+---+----+------------+------------+
    |              Variable Name              | Operation| DSP| FF| LUT| Bitwidth P0| Bitwidth P1|
    +-----------------------------------------+----------+----+---+----+------------+------------+
    |add_ln24_fu_196_p2                       |         +|   0|  0|  34|          27|           1|
    |ap_block_state2_io_grp1                  |       and|   0|  0|   2|           1|           1|
    |ap_block_state73_pp0_stage0_iter72_grp1  |       and|   0|  0|   2|           1|           1|
    |ap_block_state74_pp0_stage0_iter73_grp1  |       and|   0|  0|   2|           1|           1|
    |ap_block_state75_pp0_stage0_iter74_grp1  |       and|   0|  0|   2|           1|           1|
    |ap_condition_1128                        |       and|   0|  0|   2|           1|           1|
    |ap_condition_866                         |       and|   0|  0|   2|           1|           1|
    |icmp_ln24_fu_190_p2                      |      icmp|   0|  0|  34|          27|          27|
    |ap_block_pp0_stage0_01001_grp1           |        or|   0|  0|   2|           1|           1|
    |ap_block_pp0_stage0_11001                |        or|   0|  0|   2|           1|           1|
    |ap_block_pp0_stage0_11001_grp1           |        or|   0|  0|   2|           1|           1|
    |ap_enable_pp0                            |       xor|   0|  0|   2|           1|           2|
    +-----------------------------------------+----------+----+---+----+------------+------------+
    |Total                                    |          |   0|  0|  88|          64|          39|
    +-----------------------------------------+----------+----+---+----+------------+------------+

    * Multiplexer: 
    +-------------------------+----+-----------+-----+-----------+
    |           Name          | LUT| Input Size| Bits| Total Bits|
    +-------------------------+----+-----------+-----+-----------+
    |ap_done_int              |   9|          2|    1|          2|
    |ap_enable_reg_pp0_iter1  |   9|          2|    1|          2|
    |ap_sig_allocacmp_i_1     |   9|          2|   27|         54|
    |data_output_TDATA_blk_n  |   9|          2|    1|          2|
    |gmem_blk_n_AR            |   9|          2|    1|          2|
    |gmem_blk_n_R             |   9|          2|    1|          2|
    |i_fu_110                 |   9|          2|   27|         54|
    +-------------------------+----+-----------+-----+-----------+
    |Total                    |  63|         14|   59|        118|
    +-------------------------+----+-----------+-----+-----------+

    * Register: 
    +-------------------------------------------------+-----+----+-----+-----------+
    |                       Name                      |  FF | LUT| Bits| Const Bits|
    +-------------------------------------------------+-----+----+-----+-----------+
    |ap_CS_fsm                                        |    1|   0|    1|          0|
    |ap_block_pp0_stage0_subdone_grp1_done_reg        |    1|   0|    1|          0|
    |ap_block_pp0_stage0_subdone_grp1_done_reg_iter0  |    1|   0|    1|          0|
    |ap_done_reg                                      |    1|   0|    1|          0|
    |ap_enable_reg_pp0_iter1                          |    1|   0|    1|          0|
    |ap_enable_reg_pp0_iter10                         |    1|   0|    1|          0|
    |ap_enable_reg_pp0_iter11                         |    1|   0|    1|          0|
    |ap_enable_reg_pp0_iter12                         |    1|   0|    1|          0|
    |ap_enable_reg_pp0_iter13                         |    1|   0|    1|          0|
    |ap_enable_reg_pp0_iter14                         |    1|   0|    1|          0|
    |ap_enable_reg_pp0_iter15                         |    1|   0|    1|          0|
    |ap_enable_reg_pp0_iter16                         |    1|   0|    1|          0|
    |ap_enable_reg_pp0_iter17                         |    1|   0|    1|          0|
    |ap_enable_reg_pp0_iter18                         |    1|   0|    1|          0|
    |ap_enable_reg_pp0_iter19                         |    1|   0|    1|          0|
    |ap_enable_reg_pp0_iter2                          |    1|   0|    1|          0|
    |ap_enable_reg_pp0_iter20                         |    1|   0|    1|          0|
    |ap_enable_reg_pp0_iter21                         |    1|   0|    1|          0|
    |ap_enable_reg_pp0_iter22                         |    1|   0|    1|          0|
    |ap_enable_reg_pp0_iter23                         |    1|   0|    1|          0|
    |ap_enable_reg_pp0_iter24                         |    1|   0|    1|          0|
    |ap_enable_reg_pp0_iter25                         |    1|   0|    1|          0|
    |ap_enable_reg_pp0_iter26                         |    1|   0|    1|          0|
    |ap_enable_reg_pp0_iter27                         |    1|   0|    1|          0|
    |ap_enable_reg_pp0_iter28                         |    1|   0|    1|          0|
    |ap_enable_reg_pp0_iter29                         |    1|   0|    1|          0|
    |ap_enable_reg_pp0_iter3                          |    1|   0|    1|          0|
    |ap_enable_reg_pp0_iter30                         |    1|   0|    1|          0|
    |ap_enable_reg_pp0_iter31                         |    1|   0|    1|          0|
    |ap_enable_reg_pp0_iter32                         |    1|   0|    1|          0|
    |ap_enable_reg_pp0_iter33                         |    1|   0|    1|          0|
    |ap_enable_reg_pp0_iter34                         |    1|   0|    1|          0|
    |ap_enable_reg_pp0_iter35                         |    1|   0|    1|          0|
    |ap_enable_reg_pp0_iter36                         |    1|   0|    1|          0|
    |ap_enable_reg_pp0_iter37                         |    1|   0|    1|          0|
    |ap_enable_reg_pp0_iter38                         |    1|   0|    1|          0|
    |ap_enable_reg_pp0_iter39                         |    1|   0|    1|          0|
    |ap_enable_reg_pp0_iter4                          |    1|   0|    1|          0|
    |ap_enable_reg_pp0_iter40                         |    1|   0|    1|          0|
    |ap_enable_reg_pp0_iter41                         |    1|   0|    1|          0|
    |ap_enable_reg_pp0_iter42                         |    1|   0|    1|          0|
    |ap_enable_reg_pp0_iter43                         |    1|   0|    1|          0|
    |ap_enable_reg_pp0_iter44                         |    1|   0|    1|          0|
    |ap_enable_reg_pp0_iter45                         |    1|   0|    1|          0|
    |ap_enable_reg_pp0_iter46                         |    1|   0|    1|          0|
    |ap_enable_reg_pp0_iter47                         |    1|   0|    1|          0|
    |ap_enable_reg_pp0_iter48                         |    1|   0|    1|          0|
    |ap_enable_reg_pp0_iter49                         |    1|   0|    1|          0|
    |ap_enable_reg_pp0_iter5                          |    1|   0|    1|          0|
    |ap_enable_reg_pp0_iter50                         |    1|   0|    1|          0|
    |ap_enable_reg_pp0_iter51                         |    1|   0|    1|          0|
    |ap_enable_reg_pp0_iter52                         |    1|   0|    1|          0|
    |ap_enable_reg_pp0_iter53                         |    1|   0|    1|          0|
    |ap_enable_reg_pp0_iter54                         |    1|   0|    1|          0|
    |ap_enable_reg_pp0_iter55                         |    1|   0|    1|          0|
    |ap_enable_reg_pp0_iter56                         |    1|   0|    1|          0|
    |ap_enable_reg_pp0_iter57                         |    1|   0|    1|          0|
    |ap_enable_reg_pp0_iter58                         |    1|   0|    1|          0|
    |ap_enable_reg_pp0_iter59                         |    1|   0|    1|          0|
    |ap_enable_reg_pp0_iter6                          |    1|   0|    1|          0|
    |ap_enable_reg_pp0_iter60                         |    1|   0|    1|          0|
    |ap_enable_reg_pp0_iter61                         |    1|   0|    1|          0|
    |ap_enable_reg_pp0_iter62                         |    1|   0|    1|          0|
    |ap_enable_reg_pp0_iter63                         |    1|   0|    1|          0|
    |ap_enable_reg_pp0_iter64                         |    1|   0|    1|          0|
    |ap_enable_reg_pp0_iter65                         |    1|   0|    1|          0|
    |ap_enable_reg_pp0_iter66                         |    1|   0|    1|          0|
    |ap_enable_reg_pp0_iter67                         |    1|   0|    1|          0|
    |ap_enable_reg_pp0_iter68                         |    1|   0|    1|          0|
    |ap_enable_reg_pp0_iter69                         |    1|   0|    1|          0|
    |ap_enable_reg_pp0_iter7                          |    1|   0|    1|          0|
    |ap_enable_reg_pp0_iter70                         |    1|   0|    1|          0|
    |ap_enable_reg_pp0_iter71                         |    1|   0|    1|          0|
    |ap_enable_reg_pp0_iter72                         |    1|   0|    1|          0|
    |ap_enable_reg_pp0_iter73                         |    1|   0|    1|          0|
    |ap_enable_reg_pp0_iter74                         |    1|   0|    1|          0|
    |ap_enable_reg_pp0_iter8                          |    1|   0|    1|          0|
    |ap_enable_reg_pp0_iter9                          |    1|   0|    1|          0|
    |ap_loop_exit_ready_pp0_iter10_reg                |    1|   0|    1|          0|
    |ap_loop_exit_ready_pp0_iter11_reg                |    1|   0|    1|          0|
    |ap_loop_exit_ready_pp0_iter12_reg                |    1|   0|    1|          0|
    |ap_loop_exit_ready_pp0_iter13_reg                |    1|   0|    1|          0|
    |ap_loop_exit_ready_pp0_iter14_reg                |    1|   0|    1|          0|
    |ap_loop_exit_ready_pp0_iter15_reg                |    1|   0|    1|          0|
    |ap_loop_exit_ready_pp0_iter16_reg                |    1|   0|    1|          0|
    |ap_loop_exit_ready_pp0_iter17_reg                |    1|   0|    1|          0|
    |ap_loop_exit_ready_pp0_iter18_reg                |    1|   0|    1|          0|
    |ap_loop_exit_ready_pp0_iter19_reg                |    1|   0|    1|          0|
    |ap_loop_exit_ready_pp0_iter1_reg                 |    1|   0|    1|          0|
    |ap_loop_exit_ready_pp0_iter20_reg                |    1|   0|    1|          0|
    |ap_loop_exit_ready_pp0_iter21_reg                |    1|   0|    1|          0|
    |ap_loop_exit_ready_pp0_iter22_reg                |    1|   0|    1|          0|
    |ap_loop_exit_ready_pp0_iter23_reg                |    1|   0|    1|          0|
    |ap_loop_exit_ready_pp0_iter24_reg                |    1|   0|    1|          0|
    |ap_loop_exit_ready_pp0_iter25_reg                |    1|   0|    1|          0|
    |ap_loop_exit_ready_pp0_iter26_reg                |    1|   0|    1|          0|
    |ap_loop_exit_ready_pp0_iter27_reg                |    1|   0|    1|          0|
    |ap_loop_exit_ready_pp0_iter28_reg                |    1|   0|    1|          0|
    |ap_loop_exit_ready_pp0_iter29_reg                |    1|   0|    1|          0|
    |ap_loop_exit_ready_pp0_iter2_reg                 |    1|   0|    1|          0|
    |ap_loop_exit_ready_pp0_iter30_reg                |    1|   0|    1|          0|
    |ap_loop_exit_ready_pp0_iter31_reg                |    1|   0|    1|          0|
    |ap_loop_exit_ready_pp0_iter32_reg                |    1|   0|    1|          0|
    |ap_loop_exit_ready_pp0_iter33_reg                |    1|   0|    1|          0|
    |ap_loop_exit_ready_pp0_iter34_reg                |    1|   0|    1|          0|
    |ap_loop_exit_ready_pp0_iter35_reg                |    1|   0|    1|          0|
    |ap_loop_exit_ready_pp0_iter36_reg                |    1|   0|    1|          0|
    |ap_loop_exit_ready_pp0_iter37_reg                |    1|   0|    1|          0|
    |ap_loop_exit_ready_pp0_iter38_reg                |    1|   0|    1|          0|
    |ap_loop_exit_ready_pp0_iter39_reg                |    1|   0|    1|          0|
    |ap_loop_exit_ready_pp0_iter3_reg                 |    1|   0|    1|          0|
    |ap_loop_exit_ready_pp0_iter40_reg                |    1|   0|    1|          0|
    |ap_loop_exit_ready_pp0_iter41_reg                |    1|   0|    1|          0|
    |ap_loop_exit_ready_pp0_iter42_reg                |    1|   0|    1|          0|
    |ap_loop_exit_ready_pp0_iter43_reg                |    1|   0|    1|          0|
    |ap_loop_exit_ready_pp0_iter44_reg                |    1|   0|    1|          0|
    |ap_loop_exit_ready_pp0_iter45_reg                |    1|   0|    1|          0|
    |ap_loop_exit_ready_pp0_iter46_reg                |    1|   0|    1|          0|
    |ap_loop_exit_ready_pp0_iter47_reg                |    1|   0|    1|          0|
    |ap_loop_exit_ready_pp0_iter48_reg                |    1|   0|    1|          0|
    |ap_loop_exit_ready_pp0_iter49_reg                |    1|   0|    1|          0|
    |ap_loop_exit_ready_pp0_iter4_reg                 |    1|   0|    1|          0|
    |ap_loop_exit_ready_pp0_iter50_reg                |    1|   0|    1|          0|
    |ap_loop_exit_ready_pp0_iter51_reg                |    1|   0|    1|          0|
    |ap_loop_exit_ready_pp0_iter52_reg                |    1|   0|    1|          0|
    |ap_loop_exit_ready_pp0_iter53_reg                |    1|   0|    1|          0|
    |ap_loop_exit_ready_pp0_iter54_reg                |    1|   0|    1|          0|
    |ap_loop_exit_ready_pp0_iter55_reg                |    1|   0|    1|          0|
    |ap_loop_exit_ready_pp0_iter56_reg                |    1|   0|    1|          0|
    |ap_loop_exit_ready_pp0_iter57_reg                |    1|   0|    1|          0|
    |ap_loop_exit_ready_pp0_iter58_reg                |    1|   0|    1|          0|
    |ap_loop_exit_ready_pp0_iter59_reg                |    1|   0|    1|          0|
    |ap_loop_exit_ready_pp0_iter5_reg                 |    1|   0|    1|          0|
    |ap_loop_exit_ready_pp0_iter60_reg                |    1|   0|    1|          0|
    |ap_loop_exit_ready_pp0_iter61_reg                |    1|   0|    1|          0|
    |ap_loop_exit_ready_pp0_iter62_reg                |    1|   0|    1|          0|
    |ap_loop_exit_ready_pp0_iter63_reg                |    1|   0|    1|          0|
    |ap_loop_exit_ready_pp0_iter64_reg                |    1|   0|    1|          0|
    |ap_loop_exit_ready_pp0_iter65_reg                |    1|   0|    1|          0|
    |ap_loop_exit_ready_pp0_iter66_reg                |    1|   0|    1|          0|
    |ap_loop_exit_ready_pp0_iter67_reg                |    1|   0|    1|          0|
    |ap_loop_exit_ready_pp0_iter68_reg                |    1|   0|    1|          0|
    |ap_loop_exit_ready_pp0_iter69_reg                |    1|   0|    1|          0|
    |ap_loop_exit_ready_pp0_iter6_reg                 |    1|   0|    1|          0|
    |ap_loop_exit_ready_pp0_iter70_reg                |    1|   0|    1|          0|
    |ap_loop_exit_ready_pp0_iter71_reg                |    1|   0|    1|          0|
    |ap_loop_exit_ready_pp0_iter72_reg                |    1|   0|    1|          0|
    |ap_loop_exit_ready_pp0_iter73_reg                |    1|   0|    1|          0|
    |ap_loop_exit_ready_pp0_iter7_reg                 |    1|   0|    1|          0|
    |ap_loop_exit_ready_pp0_iter8_reg                 |    1|   0|    1|          0|
    |ap_loop_exit_ready_pp0_iter9_reg                 |    1|   0|    1|          0|
    |ap_rst_n_inv                                     |    1|   0|    1|          0|
    |ap_rst_reg_1                                     |    1|   0|    1|          0|
    |ap_rst_reg_2                                     |    1|   0|    1|          0|
    |data_input_read_reg_234                          |   64|   0|   64|          0|
    |first_iter_0_reg_156                             |    1|   0|    1|          0|
    |i_fu_110                                         |   27|   0|   27|          0|
    |icmp_ln24_reg_244                                |    1|   0|    1|          0|
    |temp_data_reg_254                                |  256|   0|  256|          0|
    |wide_trip_count_reg_239                          |   27|   0|   64|         37|
    |icmp_ln24_reg_244                                |   64|  32|    1|          0|
    +-------------------------------------------------+-----+----+-----+-----------+
    |Total                                            |  594|  32|  568|         37|
    +-------------------------------------------------+-----+----+-----+-----------+



================================================================
== Interface
================================================================
* Summary: 
+-----------------------+-----+-----+---------------+----------------------+--------------+
|       RTL Ports       | Dir | Bits|    Protocol   |     Source Object    |    C Type    |
+-----------------------+-----+-----+---------------+----------------------+--------------+
|s_axi_control_AWVALID  |   in|    1|          s_axi|               control|        scalar|
|s_axi_control_AWREADY  |  out|    1|          s_axi|               control|        scalar|
|s_axi_control_AWADDR   |   in|    6|          s_axi|               control|        scalar|
|s_axi_control_WVALID   |   in|    1|          s_axi|               control|        scalar|
|s_axi_control_WREADY   |  out|    1|          s_axi|               control|        scalar|
|s_axi_control_WDATA    |   in|   32|          s_axi|               control|        scalar|
|s_axi_control_WSTRB    |   in|    4|          s_axi|               control|        scalar|
|s_axi_control_ARVALID  |   in|    1|          s_axi|               control|        scalar|
|s_axi_control_ARREADY  |  out|    1|          s_axi|               control|        scalar|
|s_axi_control_ARADDR   |   in|    6|          s_axi|               control|        scalar|
|s_axi_control_RVALID   |  out|    1|          s_axi|               control|        scalar|
|s_axi_control_RREADY   |   in|    1|          s_axi|               control|        scalar|
|s_axi_control_RDATA    |  out|   32|          s_axi|               control|        scalar|
|s_axi_control_RRESP    |  out|    2|          s_axi|               control|        scalar|
|s_axi_control_BVALID   |  out|    1|          s_axi|               control|        scalar|
|s_axi_control_BREADY   |   in|    1|          s_axi|               control|        scalar|
|s_axi_control_BRESP    |  out|    2|          s_axi|               control|        scalar|
|ap_clk                 |   in|    1|  ap_ctrl_chain|            strm_issue|  return value|
|ap_rst_n               |   in|    1|  ap_ctrl_chain|            strm_issue|  return value|
|interrupt              |  out|    1|  ap_ctrl_chain|            strm_issue|  return value|
|data_output_TREADY     |   in|    1|           axis|  data_output_V_last_V|       pointer|
|data_output_TVALID     |  out|    1|           axis|  data_output_V_last_V|       pointer|
|data_output_TLAST      |  out|    1|           axis|  data_output_V_last_V|       pointer|
|m_axi_gmem_AWVALID     |  out|    1|          m_axi|                  gmem|       pointer|
|m_axi_gmem_AWREADY     |   in|    1|          m_axi|                  gmem|       pointer|
|m_axi_gmem_AWADDR      |  out|   64|          m_axi|                  gmem|       pointer|
|m_axi_gmem_AWID        |  out|    1|          m_axi|                  gmem|       pointer|
|m_axi_gmem_AWLEN       |  out|    8|          m_axi|                  gmem|       pointer|
|m_axi_gmem_AWSIZE      |  out|    3|          m_axi|                  gmem|       pointer|
|m_axi_gmem_AWBURST     |  out|    2|          m_axi|                  gmem|       pointer|
|m_axi_gmem_AWLOCK      |  out|    2|          m_axi|                  gmem|       pointer|
|m_axi_gmem_AWCACHE     |  out|    4|          m_axi|                  gmem|       pointer|
|m_axi_gmem_AWPROT      |  out|    3|          m_axi|                  gmem|       pointer|
|m_axi_gmem_AWQOS       |  out|    4|          m_axi|                  gmem|       pointer|
|m_axi_gmem_AWREGION    |  out|    4|          m_axi|                  gmem|       pointer|
|m_axi_gmem_AWUSER      |  out|    1|          m_axi|                  gmem|       pointer|
|m_axi_gmem_WVALID      |  out|    1|          m_axi|                  gmem|       pointer|
|m_axi_gmem_WREADY      |   in|    1|          m_axi|                  gmem|       pointer|
|m_axi_gmem_WDATA       |  out|  256|          m_axi|                  gmem|       pointer|
|m_axi_gmem_WSTRB       |  out|   32|          m_axi|                  gmem|       pointer|
|m_axi_gmem_WLAST       |  out|    1|          m_axi|                  gmem|       pointer|
|m_axi_gmem_WID         |  out|    1|          m_axi|                  gmem|       pointer|
|m_axi_gmem_WUSER       |  out|    1|          m_axi|                  gmem|       pointer|
|m_axi_gmem_ARVALID     |  out|    1|          m_axi|                  gmem|       pointer|
|m_axi_gmem_ARREADY     |   in|    1|          m_axi|                  gmem|       pointer|
|m_axi_gmem_ARADDR      |  out|   64|          m_axi|                  gmem|       pointer|
|m_axi_gmem_ARID        |  out|    1|          m_axi|                  gmem|       pointer|
|m_axi_gmem_ARLEN       |  out|    8|          m_axi|                  gmem|       pointer|
|m_axi_gmem_ARSIZE      |  out|    3|          m_axi|                  gmem|       pointer|
|m_axi_gmem_ARBURST     |  out|    2|          m_axi|                  gmem|       pointer|
|m_axi_gmem_ARLOCK      |  out|    2|          m_axi|                  gmem|       pointer|
|m_axi_gmem_ARCACHE     |  out|    4|          m_axi|                  gmem|       pointer|
|m_axi_gmem_ARPROT      |  out|    3|          m_axi|                  gmem|       pointer|
|m_axi_gmem_ARQOS       |  out|    4|          m_axi|                  gmem|       pointer|
|m_axi_gmem_ARREGION    |  out|    4|          m_axi|                  gmem|       pointer|
|m_axi_gmem_ARUSER      |  out|    1|          m_axi|                  gmem|       pointer|
|m_axi_gmem_RVALID      |   in|    1|          m_axi|                  gmem|       pointer|
|m_axi_gmem_RREADY      |  out|    1|          m_axi|                  gmem|       pointer|
|m_axi_gmem_RDATA       |   in|  256|          m_axi|                  gmem|       pointer|
|m_axi_gmem_RLAST       |   in|    1|          m_axi|                  gmem|       pointer|
|m_axi_gmem_RID         |   in|    1|          m_axi|                  gmem|       pointer|
|m_axi_gmem_RUSER       |   in|    1|          m_axi|                  gmem|       pointer|
|m_axi_gmem_RRESP       |   in|    2|          m_axi|                  gmem|       pointer|
|m_axi_gmem_BVALID      |   in|    1|          m_axi|                  gmem|       pointer|
|m_axi_gmem_BREADY      |  out|    1|          m_axi|                  gmem|       pointer|
|m_axi_gmem_BRESP       |   in|    2|          m_axi|                  gmem|       pointer|
|m_axi_gmem_BID         |   in|    1|          m_axi|                  gmem|       pointer|
|m_axi_gmem_BUSER       |   in|    1|          m_axi|                  gmem|       pointer|
|data_output_TDATA      |  out|  256|           axis|  data_output_V_data_V|       pointer|
|data_output_TKEEP      |  out|   32|           axis|  data_output_V_keep_V|       pointer|
|data_output_TSTRB      |  out|   32|           axis|  data_output_V_strb_V|       pointer|
+-----------------------+-----+-----+---------------+----------------------+--------------+

