Copyright 1986-2022 Xilinx, Inc. All Rights Reserved. Copyright 2022-2025 Advanced Micro Devices, Inc. All Rights Reserved.
---------------------------------------------------------------------------------------------------------------------------------------------
| Tool Version : Vivado v.2025.1 (lin64) Build 6140274 Wed May 21 22:58:25 MDT 2025
| Date         : Fri Feb 27 17:11:04 2026
| Host         : cyberdeck running 64-bit Ubuntu 22.04.5 LTS
| Command      : report_utilization -slr -file slr_util_routed.rpt -pb slr_util_routed.pb
| Design       : level0_wrapper
| Device       : xcu55c-fsvh2892-2L-e
| Speed File   : -2L
| Design State : Routed
---------------------------------------------------------------------------------------------------------------------------------------------

Utilization Design Information

Table of Contents
-----------------
1. SLR Connectivity
2. SLR Connectivity Matrix
3. SLR CLB Logic and Dedicated Block Utilization
4. SLR IO Utilization

1. SLR Connectivity
-------------------

+----------------------------------+-------+-------+-----------+-------+
|                                  |  Used | Fixed | Available | Util% |
+----------------------------------+-------+-------+-----------+-------+
| SLR2 <-> SLR1                    |  8568 |       |     23040 | 37.19 |
|   SLR1 -> SLR2                   |  4242 |       |           | 18.41 |
|     Using TX_REG only            |     4 |     0 |           |       |
|     Using RX_REG only            |     0 |     0 |           |       |
|     Using Both TX_REG and RX_REG |     0 |     0 |           |       |
|   SLR2 -> SLR1                   |  4326 |       |           | 18.78 |
|     Using TX_REG only            |    21 |     0 |           |       |
|     Using RX_REG only            |     0 |     0 |           |       |
|     Using Both TX_REG and RX_REG |     0 |     0 |           |       |
| SLR1 <-> SLR0                    | 11661 |       |     23040 | 50.61 |
|   SLR0 -> SLR1                   |  5700 |       |           | 24.74 |
|     Using TX_REG only            |     2 |     0 |           |       |
|     Using RX_REG only            |     0 |     0 |           |       |
|     Using Both TX_REG and RX_REG |     0 |     0 |           |       |
|   SLR1 -> SLR0                   |  5961 |       |           | 25.87 |
|     Using TX_REG only            |     9 |     0 |           |       |
|     Using RX_REG only            |     0 |     0 |           |       |
|     Using Both TX_REG and RX_REG |     0 |     0 |           |       |
+----------------------------------+-------+-------+-----------+-------+
| Total SLLs Used                  | 20229 |       |           |       |
+----------------------------------+-------+-------+-----------+-------+


2. SLR Connectivity Matrix
--------------------------

+-----------+------+------+------+
| FROM \ TO | SLR2 | SLR1 | SLR0 |
+-----------+------+------+------+
| SLR2      |    0 | 3276 | 1050 |
| SLR1      | 3423 |    0 | 4911 |
| SLR0      |  819 | 4881 |    0 |
+-----------+------+------+------+


3. SLR CLB Logic and Dedicated Block Utilization
------------------------------------------------

+----------------------------+--------+--------+--------+--------+--------+--------+
|          Site Type         |  SLR0  |  SLR1  |  SLR2  | SLR0 % | SLR1 % | SLR2 % |
+----------------------------+--------+--------+--------+--------+--------+--------+
| CLB                        |  53013 |  51388 |  30654 |  96.46 |  95.16 |  56.77 |
|   CLBL                     |  28137 |  27752 |  16161 |  96.10 |  94.78 |  55.19 |
|   CLBM                     |  24876 |  23636 |  14493 |  96.87 |  95.61 |  58.63 |
| CLB LUTs                   | 253955 | 263164 | 132278 |  57.76 |  60.92 |  30.62 |
|   LUT as Logic             | 223466 | 236127 | 119056 |  50.82 |  54.66 |  27.56 |
|     using O5 output only   |   2850 |   1985 |   1123 |   0.65 |   0.46 |   0.26 |
|     using O6 output only   | 155057 | 168267 |  84116 |  35.27 |  38.95 |  19.47 |
|     using O5 and O6        |  65559 |  65875 |  33817 |  14.91 |  15.25 |   7.83 |
|   LUT as Memory            |  30489 |  27037 |  13222 |  14.84 |  13.67 |   6.69 |
|     LUT as Distributed RAM |  14568 |  13004 |   5556 |   7.09 |   6.58 |   2.81 |
|       using O6 output only |    240 |    386 |      0 |   0.12 |   0.20 |   0.00 |
|       using O5 and O6      |  14328 |  12618 |   5556 |   6.97 |   6.38 |   2.81 |
|     LUT as Shift Register  |  15921 |  14033 |   7666 |   7.75 |   7.10 |   3.88 |
|       using O6 output only |  11233 |  10001 |   5644 |   5.47 |   5.06 |   2.85 |
|       using O5 and O6      |   4688 |   4032 |   2022 |   2.28 |   2.04 |   1.02 |
| CLB Registers              | 404286 | 383911 | 200946 |  45.98 |  44.43 |  23.26 |
| CARRY8                     |   7237 |   7357 |   3573 |  13.17 |  13.62 |   6.62 |
| F7 Muxes                   |   8464 |   8670 |   4696 |   3.85 |   4.01 |   2.17 |
| F8 Muxes                   |   2247 |   2316 |   1040 |   2.04 |   2.14 |   0.96 |
| F9 Muxes                   |      0 |      0 |      0 |   0.00 |   0.00 |   0.00 |
| Block RAM Tile             |    232 |    262 |    136 |  34.52 |  38.99 |  20.24 |
|   RAMB36/FIFO              |    133 |    166 |     88 |  19.79 |  24.70 |  13.10 |
|   RAMB18                   |    198 |    192 |     96 |  14.73 |  14.29 |   7.14 |
| URAM                       |    168 |    173 |     79 |  52.50 |  54.06 |  24.69 |
| DSPs                       |    680 |    680 |    344 |  23.61 |  22.14 |  11.20 |
| Unique Control Sets        |   7629 |   7497 |   3542 |   6.94 |   6.94 |   3.28 |
+----------------------------+--------+--------+--------+--------+--------+--------+
* Note: Available Control Sets based on CLB Registers / 8


4. SLR IO Utilization
---------------------

+-----------+-----------+---------+------------+----------+------------+----------+-----+
| SLR Index | Used IOBs | (%)IOBs | Used IPADs | (%)IPADs | Used OPADs | (%)OPADs | GTs |
+-----------+-----------+---------+------------+----------+------------+----------+-----+
| SLR2      |         0 |    0.00 |          0 |     0.00 |          0 |     0.00 |   0 |
| SLR1      |         0 |    0.00 |          0 |     0.00 |          0 |     0.00 |   0 |
| SLR0      |        12 |    5.77 |          0 |     0.00 |          0 |     0.00 |  16 |
+-----------+-----------+---------+------------+----------+------------+----------+-----+
| Total     |        12 |         |          0 |          |          0 |          |  16 |
+-----------+-----------+---------+------------+----------+------------+----------+-----+


