Copyright 1986-2022 Xilinx, Inc. All Rights Reserved. Copyright 2022-2025 Advanced Micro Devices, Inc. All Rights Reserved.
----------------------------------------------------------------------------------------------------------------------------------------------------------------------------------------------------------------------------------------------------------------------------------------------------------------------------------------------------------------------------------------------------------------------------------------------------------------------------------------------------------------------------------------------------------------------------------------------------------------------------------------------------------------------------------------------------------------------------------------------------------------------------------------------------------------------------------------------------------------------------------------------------------------------------------------------------------------------------------------------------------------------------------------------------------------------------------------------------------------------------------------------------------------------------------------------------------------------------------------------------------------------------------------------------------------------------------
| Tool Version : Vivado v.2025.1 (lin64) Build 6140274 Wed May 21 22:58:25 MDT 2025
| Date         : Fri Feb 27 06:36:59 2026
| Host         : cyberdeck running 64-bit Ubuntu 22.04.5 LTS
| Command      : report_accelerator_utilization -kernels { NeuroRing:level0_i/ulp/NeuroRing_0/inst:NeuroRing_0 NeuroRing:level0_i/ulp/NeuroRing_1/inst:NeuroRing_1 NeuroRing:level0_i/ulp/NeuroRing_2/inst:NeuroRing_2 NeuroRing:level0_i/ulp/NeuroRing_3/inst:NeuroRing_3 NeuroRing:level0_i/ulp/NeuroRing_4/inst:NeuroRing_4 NeuroRing:level0_i/ulp/NeuroRing_5/inst:NeuroRing_5 NeuroRing:level0_i/ulp/NeuroRing_6/inst:NeuroRing_6 NeuroRing:level0_i/ulp/NeuroRing_7/inst:NeuroRing_7 NeuroRing:level0_i/ulp/NeuroRing_8/inst:NeuroRing_8 NeuroRing:level0_i/ulp/NeuroRing_9/inst:NeuroRing_9 SynapseRouter:level0_i/ulp/SynapseRouter_0/inst:SynapseRouter_0 SynapseRouter:level0_i/ulp/SynapseRouter_1/inst:SynapseRouter_1 SynapseRouter:level0_i/ulp/SynapseRouter_2/inst:SynapseRouter_2 SynapseRouter:level0_i/ulp/SynapseRouter_3/inst:SynapseRouter_3 SynapseRouter:level0_i/ulp/SynapseRouter_4/inst:SynapseRouter_4 SynapseRouter:level0_i/ulp/SynapseRouter_5/inst:SynapseRouter_5 SynapseRouter:level0_i/ulp/SynapseRouter_6/inst:SynapseRouter_6 SynapseRouter:level0_i/ulp/SynapseRouter_7/inst:SynapseRouter_7 SynapseRouter:level0_i/ulp/SynapseRouter_8/inst:SynapseRouter_8 SynapseRouter:level0_i/ulp/SynapseRouter_9/inst:SynapseRouter_9} -file kernel_util_synthed.rpt -name kernel_util_synthed -json
| Design       : level0_wrapper
| Device       : xcu55c
| Design State : Synthesized
----------------------------------------------------------------------------------------------------------------------------------------------------------------------------------------------------------------------------------------------------------------------------------------------------------------------------------------------------------------------------------------------------------------------------------------------------------------------------------------------------------------------------------------------------------------------------------------------------------------------------------------------------------------------------------------------------------------------------------------------------------------------------------------------------------------------------------------------------------------------------------------------------------------------------------------------------------------------------------------------------------------------------------------------------------------------------------------------------------------------------------------------------------------------------------------------------------------------------------------------------------------------------------------------------------------------------------

Accelerator Utilization Design Information

Table of Contents
-----------------
1. System Utilization

1. System Utilization
---------------------

+---------------------+-------------------+------------------+-------------------+----------------+---------------+----------------+
| Name                | LUT               | LUTAsMem         | REG               | BRAM           | URAM          | DSP            |
+---------------------+-------------------+------------------+-------------------+----------------+---------------+----------------+
| Platform            |  157035 [ 12.05%] |  14290 [  2.38%] |  209282 [  8.03%] |  335 [ 16.62%] | 100 [ 10.42%] |    4 [  0.04%] |
| User Budget         | 1146645 [100.00%] | 586670 [100.00%] | 2398078 [100.00%] | 1681 [100.00%] | 860 [100.00%] | 9020 [100.00%] |
|    Used Resources   |  537520 [ 46.88%] |  70130 [ 11.95%] |  787280 [ 32.83%] |  290 [ 17.25%] | 320 [ 37.21%] | 1700 [ 18.85%] |
|    Unused Resources |  609125 [ 53.12%] | 516540 [ 88.05%] | 1610798 [ 67.17%] | 1391 [ 82.75%] | 540 [ 62.79%] | 7320 [ 81.15%] |
| NeuroRing           |  270120 [ 23.56%] |  17810 [  3.04%] |  296380 [ 12.36%] |  250 [ 14.87%] |   0 [  0.00%] | 1540 [ 17.07%] |
|    NeuroRing_0      |   27012 [  2.36%] |   1781 [  0.30%] |   29638 [  1.24%] |   25 [  1.49%] |   0 [  0.00%] |  154 [  1.71%] |
|    NeuroRing_1      |   27012 [  2.36%] |   1781 [  0.30%] |   29638 [  1.24%] |   25 [  1.49%] |   0 [  0.00%] |  154 [  1.71%] |
|    NeuroRing_2      |   27012 [  2.36%] |   1781 [  0.30%] |   29638 [  1.24%] |   25 [  1.49%] |   0 [  0.00%] |  154 [  1.71%] |
|    NeuroRing_3      |   27012 [  2.36%] |   1781 [  0.30%] |   29638 [  1.24%] |   25 [  1.49%] |   0 [  0.00%] |  154 [  1.71%] |
|    NeuroRing_4      |   27012 [  2.36%] |   1781 [  0.30%] |   29638 [  1.24%] |   25 [  1.49%] |   0 [  0.00%] |  154 [  1.71%] |
|    NeuroRing_5      |   27012 [  2.36%] |   1781 [  0.30%] |   29638 [  1.24%] |   25 [  1.49%] |   0 [  0.00%] |  154 [  1.71%] |
|    NeuroRing_6      |   27012 [  2.36%] |   1781 [  0.30%] |   29638 [  1.24%] |   25 [  1.49%] |   0 [  0.00%] |  154 [  1.71%] |
|    NeuroRing_7      |   27012 [  2.36%] |   1781 [  0.30%] |   29638 [  1.24%] |   25 [  1.49%] |   0 [  0.00%] |  154 [  1.71%] |
|    NeuroRing_8      |   27012 [  2.36%] |   1781 [  0.30%] |   29638 [  1.24%] |   25 [  1.49%] |   0 [  0.00%] |  154 [  1.71%] |
|    NeuroRing_9      |   27012 [  2.36%] |   1781 [  0.30%] |   29638 [  1.24%] |   25 [  1.49%] |   0 [  0.00%] |  154 [  1.71%] |
| SynapseRouter       |  267400 [ 23.32%] |  52320 [  8.92%] |  490900 [ 20.47%] |   40 [  2.38%] | 320 [ 37.21%] |  160 [  1.77%] |
|    SynapseRouter_0  |   26740 [  2.33%] |   5232 [  0.89%] |   49090 [  2.05%] |    4 [  0.24%] |  32 [  3.72%] |   16 [  0.18%] |
|    SynapseRouter_1  |   26740 [  2.33%] |   5232 [  0.89%] |   49090 [  2.05%] |    4 [  0.24%] |  32 [  3.72%] |   16 [  0.18%] |
|    SynapseRouter_2  |   26740 [  2.33%] |   5232 [  0.89%] |   49090 [  2.05%] |    4 [  0.24%] |  32 [  3.72%] |   16 [  0.18%] |
|    SynapseRouter_3  |   26740 [  2.33%] |   5232 [  0.89%] |   49090 [  2.05%] |    4 [  0.24%] |  32 [  3.72%] |   16 [  0.18%] |
|    SynapseRouter_4  |   26740 [  2.33%] |   5232 [  0.89%] |   49090 [  2.05%] |    4 [  0.24%] |  32 [  3.72%] |   16 [  0.18%] |
|    SynapseRouter_5  |   26740 [  2.33%] |   5232 [  0.89%] |   49090 [  2.05%] |    4 [  0.24%] |  32 [  3.72%] |   16 [  0.18%] |
|    SynapseRouter_6  |   26740 [  2.33%] |   5232 [  0.89%] |   49090 [  2.05%] |    4 [  0.24%] |  32 [  3.72%] |   16 [  0.18%] |
|    SynapseRouter_7  |   26740 [  2.33%] |   5232 [  0.89%] |   49090 [  2.05%] |    4 [  0.24%] |  32 [  3.72%] |   16 [  0.18%] |
|    SynapseRouter_8  |   26740 [  2.33%] |   5232 [  0.89%] |   49090 [  2.05%] |    4 [  0.24%] |  32 [  3.72%] |   16 [  0.18%] |
|    SynapseRouter_9  |   26740 [  2.33%] |   5232 [  0.89%] |   49090 [  2.05%] |    4 [  0.24%] |  32 [  3.72%] |   16 [  0.18%] |
+---------------------+-------------------+------------------+-------------------+----------------+---------------+----------------+


