Copyright 1986-2022 Xilinx, Inc. All Rights Reserved. Copyright 2022-2025 Advanced Micro Devices, Inc. All Rights Reserved.
---------------------------------------------------------------------------------------------------------------------------------------------
| Tool Version : Vivado v.2025.1 (lin64) Build 6140274 Wed May 21 22:58:25 MDT 2025
| Date         : Fri Feb 27 08:55:37 2026
| Host         : cyberdeck running 64-bit Ubuntu 22.04.5 LTS
| Command      : report_utilization -slr -file slr_util_placed.rpt -pb slr_util_placed.pb
| Design       : level0_wrapper
| Device       : xcu55c-fsvh2892-2L-e
| Speed File   : -2L
| Design State : Fully Placed
---------------------------------------------------------------------------------------------------------------------------------------------

Utilization Design Information

Table of Contents
-----------------
1. SLR Connectivity
2. SLR Connectivity Matrix
3. SLR CLB Logic and Dedicated Block Utilization
4. SLR IO Utilization

1. SLR Connectivity
-------------------

+----------------------------------+-------+-------+-----------+-------+
|                                  |  Used | Fixed | Available | Util% |
+----------------------------------+-------+-------+-----------+-------+
| SLR2 <-> SLR1                    |  8430 |       |     23040 | 36.59 |
|   SLR1 -> SLR2                   |  4126 |       |           | 17.91 |
|     Using TX_REG only            |     0 |     0 |           |       |
|     Using RX_REG only            |     0 |     0 |           |       |
|     Using Both TX_REG and RX_REG |     0 |     0 |           |       |
|   SLR2 -> SLR1                   |  4304 |       |           | 18.68 |
|     Using TX_REG only            |     0 |     0 |           |       |
|     Using RX_REG only            |     0 |     0 |           |       |
|     Using Both TX_REG and RX_REG |     0 |     0 |           |       |
| SLR1 <-> SLR0                    | 11616 |       |     23040 | 50.42 |
|   SLR0 -> SLR1                   |  5667 |       |           | 24.60 |
|     Using TX_REG only            |     0 |     0 |           |       |
|     Using RX_REG only            |     0 |     0 |           |       |
|     Using Both TX_REG and RX_REG |     0 |     0 |           |       |
|   SLR1 -> SLR0                   |  5949 |       |           | 25.82 |
|     Using TX_REG only            |     0 |     0 |           |       |
|     Using RX_REG only            |     0 |     0 |           |       |
|     Using Both TX_REG and RX_REG |     0 |     0 |           |       |
+----------------------------------+-------+-------+-----------+-------+
| Total SLLs Used                  | 20046 |       |           |       |
+----------------------------------+-------+-------+-----------+-------+


2. SLR Connectivity Matrix
--------------------------

+-----------+------+------+------+
| FROM \ TO | SLR2 | SLR1 | SLR0 |
+-----------+------+------+------+
| SLR2      |    0 | 3247 | 1057 |
| SLR1      | 3317 |    0 | 4892 |
| SLR0      |  809 | 4858 |    0 |
+-----------+------+------+------+


3. SLR CLB Logic and Dedicated Block Utilization
------------------------------------------------

+----------------------------+--------+--------+--------+--------+--------+--------+
|          Site Type         |  SLR0  |  SLR1  |  SLR2  | SLR0 % | SLR1 % | SLR2 % |
+----------------------------+--------+--------+--------+--------+--------+--------+
| CLB                        |  53008 |  51388 |  30652 |  96.45 |  95.16 |  56.76 |
|   CLBL                     |  28134 |  27752 |  16158 |  96.09 |  94.78 |  55.18 |
|   CLBM                     |  24874 |  23636 |  14494 |  96.86 |  95.61 |  58.63 |
| CLB LUTs                   | 253926 | 263126 | 132275 |  57.75 |  60.91 |  30.62 |
|   LUT as Logic             | 223437 | 236089 | 119053 |  50.82 |  54.65 |  27.56 |
|     using O5 output only   |   2850 |   1985 |   1124 |   0.65 |   0.46 |   0.26 |
|     using O6 output only   | 155027 | 168229 |  84110 |  35.26 |  38.94 |  19.47 |
|     using O5 and O6        |  65560 |  65875 |  33819 |  14.91 |  15.25 |   7.83 |
|   LUT as Memory            |  30489 |  27037 |  13222 |  14.84 |  13.67 |   6.69 |
|     LUT as Distributed RAM |  14568 |  13004 |   5556 |   7.09 |   6.58 |   2.81 |
|       using O6 output only |    240 |    386 |      0 |   0.12 |   0.20 |   0.00 |
|       using O5 and O6      |  14328 |  12618 |   5556 |   6.97 |   6.38 |   2.81 |
|     LUT as Shift Register  |  15921 |  14033 |   7666 |   7.75 |   7.10 |   3.88 |
|       using O6 output only |  11233 |  10001 |   5644 |   5.47 |   5.06 |   2.85 |
|       using O5 and O6      |   4688 |   4032 |   2022 |   2.28 |   2.04 |   1.02 |
| CLB Registers              | 404254 | 383907 | 200943 |  45.97 |  44.43 |  23.26 |
| CARRY8                     |   7237 |   7357 |   3573 |  13.17 |  13.62 |   6.62 |
| F7 Muxes                   |   8464 |   8670 |   4696 |   3.85 |   4.01 |   2.17 |
| F8 Muxes                   |   2247 |   2316 |   1040 |   2.04 |   2.14 |   0.96 |
| F9 Muxes                   |      0 |      0 |      0 |   0.00 |   0.00 |   0.00 |
| Block RAM Tile             |    232 |    262 |    136 |  34.52 |  38.99 |  20.24 |
|   RAMB36/FIFO              |    133 |    166 |     88 |  19.79 |  24.70 |  13.10 |
|   RAMB18                   |    198 |    192 |     96 |  14.73 |  14.29 |   7.14 |
| URAM                       |    168 |    173 |     79 |  52.50 |  54.06 |  24.69 |
| DSPs                       |    680 |    680 |    344 |  23.61 |  22.14 |  11.20 |
| Unique Control Sets        |   7576 |   7482 |   3529 |   6.89 |   6.93 |   3.27 |
+----------------------------+--------+--------+--------+--------+--------+--------+
* Note: Available Control Sets based on CLB Registers / 8


4. SLR IO Utilization
---------------------

+-----------+-----------+---------+------------+----------+------------+----------+-----+
| SLR Index | Used IOBs | (%)IOBs | Used IPADs | (%)IPADs | Used OPADs | (%)OPADs | GTs |
+-----------+-----------+---------+------------+----------+------------+----------+-----+
| SLR2      |         0 |    0.00 |          0 |     0.00 |          0 |     0.00 |   0 |
| SLR1      |         0 |    0.00 |          0 |     0.00 |          0 |     0.00 |   0 |
| SLR0      |        12 |    5.77 |          0 |     0.00 |          0 |     0.00 |  16 |
+-----------+-----------+---------+------------+----------+------------+----------+-----+
| Total     |        12 |         |          0 |          |          0 |          |  16 |
+-----------+-----------+---------+------------+----------+------------+----------+-----+


