Copyright 1986-2022 Xilinx, Inc. All Rights Reserved. Copyright 2022-2025 Advanced Micro Devices, Inc. All Rights Reserved.
---------------------------------------------------------------------------------------------------------------------------------------------
| Tool Version : Vivado v.2025.1 (lin64) Build 6140274 Wed May 21 22:58:25 MDT 2025
| Date         : Thu Feb 26 23:29:18 2026
| Host         : cyberdeck running 64-bit Ubuntu 22.04.5 LTS
| Command      : report_utilization -slr -file slr_util_routed.rpt -pb slr_util_routed.pb
| Design       : level0_wrapper
| Device       : xcu55c-fsvh2892-2L-e
| Speed File   : -2L
| Design State : Routed
---------------------------------------------------------------------------------------------------------------------------------------------

Utilization Design Information

Table of Contents
-----------------
1. SLR Connectivity
2. SLR Connectivity Matrix
3. SLR CLB Logic and Dedicated Block Utilization
4. SLR IO Utilization

1. SLR Connectivity
-------------------

+----------------------------------+-------+-------+-----------+-------+
|                                  |  Used | Fixed | Available | Util% |
+----------------------------------+-------+-------+-----------+-------+
| SLR2 <-> SLR1                    | 10247 |       |     23040 | 44.47 |
|   SLR1 -> SLR2                   |  5917 |       |           | 25.68 |
|     Using TX_REG only            |     0 |     0 |           |       |
|     Using RX_REG only            |     0 |     0 |           |       |
|     Using Both TX_REG and RX_REG |     0 |     0 |           |       |
|   SLR2 -> SLR1                   |  4330 |       |           | 18.79 |
|     Using TX_REG only            |     0 |     0 |           |       |
|     Using RX_REG only            |     0 |     0 |           |       |
|     Using Both TX_REG and RX_REG |     0 |     0 |           |       |
| SLR1 <-> SLR0                    | 11097 |       |     23040 | 48.16 |
|   SLR0 -> SLR1                   |  5216 |       |           | 22.64 |
|     Using TX_REG only            |     0 |     0 |           |       |
|     Using RX_REG only            |     0 |     0 |           |       |
|     Using Both TX_REG and RX_REG |     0 |     0 |           |       |
|   SLR1 -> SLR0                   |  5881 |       |           | 25.53 |
|     Using TX_REG only            |     4 |     0 |           |       |
|     Using RX_REG only            |     0 |     0 |           |       |
|     Using Both TX_REG and RX_REG |     0 |     0 |           |       |
+----------------------------------+-------+-------+-----------+-------+
| Total SLLs Used                  | 21344 |       |           |       |
+----------------------------------+-------+-------+-----------+-------+


2. SLR Connectivity Matrix
--------------------------

+-----------+------+------+------+
| FROM \ TO | SLR2 | SLR1 | SLR0 |
+-----------+------+------+------+
| SLR2      |    0 | 4117 |  213 |
| SLR1      | 5845 |    0 | 5668 |
| SLR0      |   72 | 5144 |    0 |
+-----------+------+------+------+


3. SLR CLB Logic and Dedicated Block Utilization
------------------------------------------------

+----------------------------+--------+--------+--------+--------+--------+--------+
|          Site Type         |  SLR0  |  SLR1  |  SLR2  | SLR0 % | SLR1 % | SLR2 % |
+----------------------------+--------+--------+--------+--------+--------+--------+
| CLB                        |  53026 |  51775 |  32627 |  96.48 |  95.88 |  60.42 |
|   CLBL                     |  28185 |  28024 |  17223 |  96.26 |  95.71 |  58.82 |
|   CLBM                     |  24841 |  23751 |  15404 |  96.73 |  96.08 |  62.31 |
| CLB LUTs                   | 252876 | 269931 | 132204 |  57.51 |  62.48 |  30.60 |
|   LUT as Logic             | 222387 | 248223 | 113578 |  50.58 |  57.46 |  26.29 |
|     using O5 output only   |   2835 |   2455 |   1096 |   0.64 |   0.57 |   0.25 |
|     using O6 output only   | 155257 | 184250 |  74120 |  35.31 |  42.65 |  17.16 |
|     using O5 and O6        |  64295 |  61518 |  38362 |  14.62 |  14.24 |   8.88 |
|   LUT as Memory            |  30489 |  21708 |  18626 |  14.84 |  10.98 |   9.42 |
|     LUT as Distributed RAM |  14568 |   8268 |  10292 |   7.09 |   4.18 |   5.20 |
|       using O6 output only |    240 |    386 |      0 |   0.12 |   0.20 |   0.00 |
|       using O5 and O6      |  14328 |   7882 |  10292 |   6.97 |   3.99 |   5.20 |
|     LUT as Shift Register  |  15921 |  13440 |   8334 |   7.75 |   6.80 |   4.21 |
|       using O6 output only |  11233 |  11260 |   4460 |   5.47 |   5.69 |   2.26 |
|       using O5 and O6      |   4688 |   2180 |   3874 |   2.28 |   1.10 |   1.96 |
| CLB Registers              | 396167 | 364081 | 242667 |  45.05 |  42.14 |  28.09 |
| CARRY8                     |   7236 |   7317 |   3674 |  13.17 |  13.55 |   6.80 |
| F7 Muxes                   |   8470 |  12473 |    887 |   3.85 |   5.77 |   0.41 |
| F8 Muxes                   |   2247 |   3344 |     12 |   2.04 |   3.10 |   0.01 |
| F9 Muxes                   |      0 |      0 |      0 |   0.00 |   0.00 |   0.00 |
| Block RAM Tile             |  360.5 |    337 |  215.5 |  53.65 |  50.15 |  32.07 |
|   RAMB36/FIFO              |    261 |    209 |    197 |  38.84 |  31.10 |  29.32 |
|   RAMB18                   |    199 |    256 |     37 |  14.81 |  19.05 |   2.75 |
| URAM                       |    163 |     84 |    163 |  50.94 |  26.25 |  50.94 |
| DSPs                       |    680 |    956 |     68 |  23.61 |  31.12 |   2.21 |
| Unique Control Sets        |   7128 |   8225 |   4310 |   6.48 |   7.62 |   3.99 |
+----------------------------+--------+--------+--------+--------+--------+--------+
* Note: Available Control Sets based on CLB Registers / 8


4. SLR IO Utilization
---------------------

+-----------+-----------+---------+------------+----------+------------+----------+-----+
| SLR Index | Used IOBs | (%)IOBs | Used IPADs | (%)IPADs | Used OPADs | (%)OPADs | GTs |
+-----------+-----------+---------+------------+----------+------------+----------+-----+
| SLR2      |         0 |    0.00 |          0 |     0.00 |          0 |     0.00 |   0 |
| SLR1      |         0 |    0.00 |          0 |     0.00 |          0 |     0.00 |   8 |
| SLR0      |        12 |    5.77 |          0 |     0.00 |          0 |     0.00 |  16 |
+-----------+-----------+---------+------------+----------+------------+----------+-----+
| Total     |        12 |         |          0 |          |          0 |          |  24 |
+-----------+-----------+---------+------------+----------+------------+----------+-----+


