Copyright 1986-2022 Xilinx, Inc. All Rights Reserved. Copyright 2022-2025 Advanced Micro Devices, Inc. All Rights Reserved.
--------------------------------------------------------------------------------------------------------------------------------------------------------------------------------------------------------------------------------------------------------------------------------------------------------------------------------------------------------------------------------------------------------------------------------------------------------------------------------------------------------------------------------------------------------------------------------------------------------------------------------------------------------------------------------------------------------------------------------------------------------------------------------------------------------------------------------------------------------------------------------------------------------------------------------------------------------------------------------------------------------------------------------------------------------------------------------------------------------------------------------------------------------------------------------------------------------------------------------------------------------------------------------------------------------------------------------
| Tool Version : Vivado v.2025.1 (lin64) Build 6140274 Wed May 21 22:58:25 MDT 2025
| Date         : Fri Feb 27 17:09:40 2026
| Host         : cyberdeck running 64-bit Ubuntu 22.04.5 LTS
| Command      : report_accelerator_utilization -kernels { NeuroRing:level0_i/ulp/NeuroRing_0/inst:NeuroRing_0 NeuroRing:level0_i/ulp/NeuroRing_1/inst:NeuroRing_1 NeuroRing:level0_i/ulp/NeuroRing_2/inst:NeuroRing_2 NeuroRing:level0_i/ulp/NeuroRing_3/inst:NeuroRing_3 NeuroRing:level0_i/ulp/NeuroRing_4/inst:NeuroRing_4 NeuroRing:level0_i/ulp/NeuroRing_5/inst:NeuroRing_5 NeuroRing:level0_i/ulp/NeuroRing_6/inst:NeuroRing_6 NeuroRing:level0_i/ulp/NeuroRing_7/inst:NeuroRing_7 NeuroRing:level0_i/ulp/NeuroRing_8/inst:NeuroRing_8 NeuroRing:level0_i/ulp/NeuroRing_9/inst:NeuroRing_9 SynapseRouter:level0_i/ulp/SynapseRouter_0/inst:SynapseRouter_0 SynapseRouter:level0_i/ulp/SynapseRouter_1/inst:SynapseRouter_1 SynapseRouter:level0_i/ulp/SynapseRouter_2/inst:SynapseRouter_2 SynapseRouter:level0_i/ulp/SynapseRouter_3/inst:SynapseRouter_3 SynapseRouter:level0_i/ulp/SynapseRouter_4/inst:SynapseRouter_4 SynapseRouter:level0_i/ulp/SynapseRouter_5/inst:SynapseRouter_5 SynapseRouter:level0_i/ulp/SynapseRouter_6/inst:SynapseRouter_6 SynapseRouter:level0_i/ulp/SynapseRouter_7/inst:SynapseRouter_7 SynapseRouter:level0_i/ulp/SynapseRouter_8/inst:SynapseRouter_8 SynapseRouter:level0_i/ulp/SynapseRouter_9/inst:SynapseRouter_9} -file kernel_util_routed.rpt -name kernel_util_routed -json
| Design       : level0_wrapper
| Device       : xcu55c
| Design State : Fully Placed
--------------------------------------------------------------------------------------------------------------------------------------------------------------------------------------------------------------------------------------------------------------------------------------------------------------------------------------------------------------------------------------------------------------------------------------------------------------------------------------------------------------------------------------------------------------------------------------------------------------------------------------------------------------------------------------------------------------------------------------------------------------------------------------------------------------------------------------------------------------------------------------------------------------------------------------------------------------------------------------------------------------------------------------------------------------------------------------------------------------------------------------------------------------------------------------------------------------------------------------------------------------------------------------------------------------------------------

Accelerator Utilization Design Information

Table of Contents
-----------------
1. System Utilization

1. System Utilization
---------------------

+---------------------+-------------------+------------------+-------------------+----------------+---------------+----------------+
| Name                | LUT               | LUTAsMem         | REG               | BRAM           | URAM          | DSP            |
+---------------------+-------------------+------------------+-------------------+----------------+---------------+----------------+
| Platform            |  139933 [ 10.73%] |  12328 [  2.05%] |  205031 [  7.86%] |  335 [ 16.62%] | 100 [ 10.42%] |    4 [  0.04%] |
| User Budget         | 1163747 [100.00%] | 588632 [100.00%] | 2402329 [100.00%] | 1681 [100.00%] | 860 [100.00%] | 9020 [100.00%] |
|    Used Resources   |  509528 [ 43.78%] |  58420 [  9.92%] |  784112 [ 32.64%] |  290 [ 17.25%] | 320 [ 37.21%] | 1700 [ 18.85%] |
|    Unused Resources |  654219 [ 56.22%] | 530212 [ 90.08%] | 1618217 [ 67.36%] | 1391 [ 82.75%] | 540 [ 62.79%] | 7320 [ 81.15%] |
| NeuroRing           |  256578 [ 22.05%] |  15700 [  2.67%] |  292499 [ 12.18%] |  250 [ 14.87%] |   0 [  0.00%] | 1540 [ 17.07%] |
|    NeuroRing_0      |   25668 [  2.21%] |   1570 [  0.27%] |   29234 [  1.22%] |   25 [  1.49%] |   0 [  0.00%] |  154 [  1.71%] |
|    NeuroRing_1      |   25646 [  2.20%] |   1570 [  0.27%] |   29236 [  1.22%] |   25 [  1.49%] |   0 [  0.00%] |  154 [  1.71%] |
|    NeuroRing_2      |   25628 [  2.20%] |   1570 [  0.27%] |   29234 [  1.22%] |   25 [  1.49%] |   0 [  0.00%] |  154 [  1.71%] |
|    NeuroRing_3      |   25759 [  2.21%] |   1570 [  0.27%] |   29246 [  1.22%] |   25 [  1.49%] |   0 [  0.00%] |  154 [  1.71%] |
|    NeuroRing_4      |   25661 [  2.21%] |   1570 [  0.27%] |   29275 [  1.22%] |   25 [  1.49%] |   0 [  0.00%] |  154 [  1.71%] |
|    NeuroRing_5      |   25641 [  2.20%] |   1570 [  0.27%] |   29267 [  1.22%] |   25 [  1.49%] |   0 [  0.00%] |  154 [  1.71%] |
|    NeuroRing_6      |   25675 [  2.21%] |   1570 [  0.27%] |   29242 [  1.22%] |   25 [  1.49%] |   0 [  0.00%] |  154 [  1.71%] |
|    NeuroRing_7      |   25622 [  2.20%] |   1570 [  0.27%] |   29272 [  1.22%] |   25 [  1.49%] |   0 [  0.00%] |  154 [  1.71%] |
|    NeuroRing_8      |   25623 [  2.20%] |   1570 [  0.27%] |   29234 [  1.22%] |   25 [  1.49%] |   0 [  0.00%] |  154 [  1.71%] |
|    NeuroRing_9      |   25655 [  2.20%] |   1570 [  0.27%] |   29259 [  1.22%] |   25 [  1.49%] |   0 [  0.00%] |  154 [  1.71%] |
| SynapseRouter       |  252950 [ 21.74%] |  42720 [  7.26%] |  491613 [ 20.46%] |   40 [  2.38%] | 320 [ 37.21%] |  160 [  1.77%] |
|    SynapseRouter_0  |   25259 [  2.17%] |   4272 [  0.73%] |   49102 [  2.04%] |    4 [  0.24%] |  32 [  3.72%] |   16 [  0.18%] |
|    SynapseRouter_1  |   25272 [  2.17%] |   4272 [  0.73%] |   49155 [  2.05%] |    4 [  0.24%] |  32 [  3.72%] |   16 [  0.18%] |
|    SynapseRouter_2  |   25297 [  2.17%] |   4272 [  0.73%] |   49217 [  2.05%] |    4 [  0.24%] |  32 [  3.72%] |   16 [  0.18%] |
|    SynapseRouter_3  |   25223 [  2.17%] |   4272 [  0.73%] |   49081 [  2.04%] |    4 [  0.24%] |  32 [  3.72%] |   16 [  0.18%] |
|    SynapseRouter_4  |   25393 [  2.18%] |   4272 [  0.73%] |   49195 [  2.05%] |    4 [  0.24%] |  32 [  3.72%] |   16 [  0.18%] |
|    SynapseRouter_5  |   25291 [  2.17%] |   4272 [  0.73%] |   49193 [  2.05%] |    4 [  0.24%] |  32 [  3.72%] |   16 [  0.18%] |
|    SynapseRouter_6  |   25247 [  2.17%] |   4272 [  0.73%] |   49160 [  2.05%] |    4 [  0.24%] |  32 [  3.72%] |   16 [  0.18%] |
|    SynapseRouter_7  |   25278 [  2.17%] |   4272 [  0.73%] |   49182 [  2.05%] |    4 [  0.24%] |  32 [  3.72%] |   16 [  0.18%] |
|    SynapseRouter_8  |   25330 [  2.18%] |   4272 [  0.73%] |   49170 [  2.05%] |    4 [  0.24%] |  32 [  3.72%] |   16 [  0.18%] |
|    SynapseRouter_9  |   25360 [  2.18%] |   4272 [  0.73%] |   49158 [  2.05%] |    4 [  0.24%] |  32 [  3.72%] |   16 [  0.18%] |
+---------------------+-------------------+------------------+-------------------+----------------+---------------+----------------+


