Copyright 1986-2022 Xilinx, Inc. All Rights Reserved. Copyright 2022-2025 Advanced Micro Devices, Inc. All Rights Reserved.
----------------------------------------------------------------------------------------------------------------------------------------------------------------------------------------------------------------------------------------------------------------------------------------------------------------------------------------------------------------------------------------------------------------------------------------------------------------------------------------------------------------------------------------------------------------------------------------------------------------------------------------------------------------------------------------------------------------------------------------------------------------------------------------------------------------------------------------------------------------------------------------------------------------------------------------------------------------------------------------------------------------------------------------------------------------------------------------------------------------------------------------------------------------------------------------------------------------------------------------------------------------------------------------------------------------------------------------------------------------------------------------------------------------------------------------------------
| Tool Version : Vivado v.2025.1 (lin64) Build 6140274 Wed May 21 22:58:25 MDT 2025
| Date         : Thu Feb 26 19:32:33 2026
| Host         : cyberdeck running 64-bit Ubuntu 22.04.5 LTS
| Command      : report_accelerator_utilization -kernels { NeuroRing:level0_i/ulp/NeuroRing_0/inst:NeuroRing_0 NeuroRing:level0_i/ulp/NeuroRing_1/inst:NeuroRing_1 NeuroRing:level0_i/ulp/NeuroRing_2/inst:NeuroRing_2 NeuroRing:level0_i/ulp/NeuroRing_3/inst:NeuroRing_3 NeuroRing:level0_i/ulp/NeuroRing_4/inst:NeuroRing_4 NeuroRing:level0_i/ulp/NeuroRing_5/inst:NeuroRing_5 NeuroRing:level0_i/ulp/NeuroRing_6/inst:NeuroRing_6 NeuroRing:level0_i/ulp/NeuroRing_7/inst:NeuroRing_7 NeuroRing:level0_i/ulp/NeuroRing_8/inst:NeuroRing_8 NeuroRing:level0_i/ulp/NeuroRing_9/inst:NeuroRing_9 SynapseRouter:level0_i/ulp/SynapseRouter_0/inst:SynapseRouter_0 SynapseRouter:level0_i/ulp/SynapseRouter_1/inst:SynapseRouter_1 SynapseRouter:level0_i/ulp/SynapseRouter_2/inst:SynapseRouter_2 SynapseRouter:level0_i/ulp/SynapseRouter_3/inst:SynapseRouter_3 SynapseRouter:level0_i/ulp/SynapseRouter_4/inst:SynapseRouter_4 SynapseRouter:level0_i/ulp/SynapseRouter_5/inst:SynapseRouter_5 SynapseRouter:level0_i/ulp/SynapseRouter_6/inst:SynapseRouter_6 SynapseRouter:level0_i/ulp/SynapseRouter_7/inst:SynapseRouter_7 SynapseRouter:level0_i/ulp/SynapseRouter_8/inst:SynapseRouter_8 SynapseRouter:level0_i/ulp/SynapseRouter_9/inst:SynapseRouter_9 krnl_aurora:level0_i/ulp/krnl_aurora_0/inst:krnl_aurora_0 krnl_aurora:level0_i/ulp/krnl_aurora_1/inst:krnl_aurora_1} -file kernel_util_placed.rpt -name kernel_util_placed -json
| Design       : level0_wrapper
| Device       : xcu55c
| Design State : Fully Placed
----------------------------------------------------------------------------------------------------------------------------------------------------------------------------------------------------------------------------------------------------------------------------------------------------------------------------------------------------------------------------------------------------------------------------------------------------------------------------------------------------------------------------------------------------------------------------------------------------------------------------------------------------------------------------------------------------------------------------------------------------------------------------------------------------------------------------------------------------------------------------------------------------------------------------------------------------------------------------------------------------------------------------------------------------------------------------------------------------------------------------------------------------------------------------------------------------------------------------------------------------------------------------------------------------------------------------------------------------------------------------------------------------------------------------------------------------

Accelerator Utilization Design Information

Table of Contents
-----------------
1. System Utilization

1. System Utilization
---------------------

+---------------------+-------------------+------------------+-------------------+----------------+---------------+----------------+
| Name                | LUT               | LUTAsMem         | REG               | BRAM           | URAM          | DSP            |
+---------------------+-------------------+------------------+-------------------+----------------+---------------+----------------+
| Platform            |  140419 [ 10.77%] |  12329 [  2.05%] |  205084 [  7.87%] |  592 [ 29.37%] |  90 [  9.38%] |    4 [  0.04%] |
| User Budget         | 1163261 [100.00%] | 588631 [100.00%] | 2402276 [100.00%] | 1424 [100.00%] | 870 [100.00%] | 9020 [100.00%] |
|    Used Resources   |  514597 [ 44.24%] |  58494 [  9.94%] |  797655 [ 33.20%] |  316 [ 22.19%] | 320 [ 36.78%] | 1700 [ 18.85%] |
|    Unused Resources |  648664 [ 55.76%] | 530137 [ 90.06%] | 1604621 [ 66.80%] | 1108 [ 77.81%] | 550 [ 63.22%] | 7320 [ 81.15%] |
| NeuroRing           |  258684 [ 22.24%] |  15700 [  2.67%] |  292360 [ 12.17%] |  250 [ 17.56%] |   0 [  0.00%] | 1540 [ 17.07%] |
|    NeuroRing_0      |   25916 [  2.23%] |   1570 [  0.27%] |   29250 [  1.22%] |   25 [  1.76%] |   0 [  0.00%] |  154 [  1.71%] |
|    NeuroRing_1      |   25823 [  2.22%] |   1570 [  0.27%] |   29259 [  1.22%] |   25 [  1.76%] |   0 [  0.00%] |  154 [  1.71%] |
|    NeuroRing_2      |   25926 [  2.23%] |   1570 [  0.27%] |   29276 [  1.22%] |   25 [  1.76%] |   0 [  0.00%] |  154 [  1.71%] |
|    NeuroRing_3      |   25966 [  2.23%] |   1570 [  0.27%] |   29223 [  1.22%] |   25 [  1.76%] |   0 [  0.00%] |  154 [  1.71%] |
|    NeuroRing_4      |   25846 [  2.22%] |   1570 [  0.27%] |   29225 [  1.22%] |   25 [  1.76%] |   0 [  0.00%] |  154 [  1.71%] |
|    NeuroRing_5      |   25912 [  2.23%] |   1570 [  0.27%] |   29252 [  1.22%] |   25 [  1.76%] |   0 [  0.00%] |  154 [  1.71%] |
|    NeuroRing_6      |   25799 [  2.22%] |   1570 [  0.27%] |   29187 [  1.21%] |   25 [  1.76%] |   0 [  0.00%] |  154 [  1.71%] |
|    NeuroRing_7      |   25900 [  2.23%] |   1570 [  0.27%] |   29222 [  1.22%] |   25 [  1.76%] |   0 [  0.00%] |  154 [  1.71%] |
|    NeuroRing_8      |   25690 [  2.21%] |   1570 [  0.27%] |   29244 [  1.22%] |   25 [  1.76%] |   0 [  0.00%] |  154 [  1.71%] |
|    NeuroRing_9      |   25906 [  2.23%] |   1570 [  0.27%] |   29222 [  1.22%] |   25 [  1.76%] |   0 [  0.00%] |  154 [  1.71%] |
| SynapseRouter       |  252961 [ 21.75%] |  42720 [  7.26%] |  491583 [ 20.46%] |   40 [  2.81%] | 320 [ 36.78%] |  160 [  1.77%] |
|    SynapseRouter_0  |   25255 [  2.17%] |   4272 [  0.73%] |   49162 [  2.05%] |    4 [  0.28%] |  32 [  3.68%] |   16 [  0.18%] |
|    SynapseRouter_1  |   25228 [  2.17%] |   4272 [  0.73%] |   49160 [  2.05%] |    4 [  0.28%] |  32 [  3.68%] |   16 [  0.18%] |
|    SynapseRouter_2  |   25339 [  2.18%] |   4272 [  0.73%] |   49211 [  2.05%] |    4 [  0.28%] |  32 [  3.68%] |   16 [  0.18%] |
|    SynapseRouter_3  |   25272 [  2.17%] |   4272 [  0.73%] |   49161 [  2.05%] |    4 [  0.28%] |  32 [  3.68%] |   16 [  0.18%] |
|    SynapseRouter_4  |   25293 [  2.17%] |   4272 [  0.73%] |   49151 [  2.05%] |    4 [  0.28%] |  32 [  3.68%] |   16 [  0.18%] |
|    SynapseRouter_5  |   25303 [  2.18%] |   4272 [  0.73%] |   49155 [  2.05%] |    4 [  0.28%] |  32 [  3.68%] |   16 [  0.18%] |
|    SynapseRouter_6  |   25219 [  2.17%] |   4272 [  0.73%] |   49102 [  2.04%] |    4 [  0.28%] |  32 [  3.68%] |   16 [  0.18%] |
|    SynapseRouter_7  |   25367 [  2.18%] |   4272 [  0.73%] |   49145 [  2.05%] |    4 [  0.28%] |  32 [  3.68%] |   16 [  0.18%] |
|    SynapseRouter_8  |   25339 [  2.18%] |   4272 [  0.73%] |   49184 [  2.05%] |    4 [  0.28%] |  32 [  3.68%] |   16 [  0.18%] |
|    SynapseRouter_9  |   25346 [  2.18%] |   4272 [  0.73%] |   49152 [  2.05%] |    4 [  0.28%] |  32 [  3.68%] |   16 [  0.18%] |
| krnl_aurora         |    2952 [  0.25%] |     74 [  0.01%] |   13712 [  0.57%] |   26 [  1.83%] |   0 [  0.00%] |    0 [  0.00%] |
|    krnl_aurora_0    |    1470 [  0.13%] |     37 [ <0.01%] |    6820 [  0.28%] |   13 [  0.91%] |   0 [  0.00%] |    0 [  0.00%] |
|    krnl_aurora_1    |    1482 [  0.13%] |     37 [ <0.01%] |    6892 [  0.29%] |   13 [  0.91%] |   0 [  0.00%] |    0 [  0.00%] |
+---------------------+-------------------+------------------+-------------------+----------------+---------------+----------------+


