Copyright 1986-2022 Xilinx, Inc. All Rights Reserved. Copyright 2022-2025 Advanced Micro Devices, Inc. All Rights Reserved.
---------------------------------------------------------------------------------------------------------------------------------------------
| Tool Version : Vivado v.2025.1 (lin64) Build 6140274 Wed May 21 22:58:25 MDT 2025
| Date         : Wed Feb 25 14:48:21 2026
| Host         : cyberdeck running 64-bit Ubuntu 22.04.5 LTS
| Command      : report_utilization -slr -file slr_util_routed.rpt -pb slr_util_routed.pb
| Design       : level0_wrapper
| Device       : xcu55c-fsvh2892-2L-e
| Speed File   : -2L
| Design State : Routed
---------------------------------------------------------------------------------------------------------------------------------------------

Utilization Design Information

Table of Contents
-----------------
1. SLR Connectivity
2. SLR Connectivity Matrix
3. SLR CLB Logic and Dedicated Block Utilization
4. SLR IO Utilization

1. SLR Connectivity
-------------------

+----------------------------------+-------+-------+-----------+-------+
|                                  |  Used | Fixed | Available | Util% |
+----------------------------------+-------+-------+-----------+-------+
| SLR2 <-> SLR1                    |  5102 |       |     23040 | 22.14 |
|   SLR1 -> SLR2                   |  2592 |       |           | 11.25 |
|     Using TX_REG only            |     0 |     0 |           |       |
|     Using RX_REG only            |     0 |     0 |           |       |
|     Using Both TX_REG and RX_REG |     0 |     0 |           |       |
|   SLR2 -> SLR1                   |  2510 |       |           | 10.89 |
|     Using TX_REG only            |     0 |     0 |           |       |
|     Using RX_REG only            |     0 |     0 |           |       |
|     Using Both TX_REG and RX_REG |     0 |     0 |           |       |
| SLR1 <-> SLR0                    |  5401 |       |     23040 | 23.44 |
|   SLR0 -> SLR1                   |  2819 |       |           | 12.24 |
|     Using TX_REG only            |     0 |     0 |           |       |
|     Using RX_REG only            |     0 |     0 |           |       |
|     Using Both TX_REG and RX_REG |     0 |     0 |           |       |
|   SLR1 -> SLR0                   |  2582 |       |           | 11.21 |
|     Using TX_REG only            |     0 |     0 |           |       |
|     Using RX_REG only            |     0 |     0 |           |       |
|     Using Both TX_REG and RX_REG |     0 |     0 |           |       |
+----------------------------------+-------+-------+-----------+-------+
| Total SLLs Used                  | 10503 |       |           |       |
+----------------------------------+-------+-------+-----------+-------+


2. SLR Connectivity Matrix
--------------------------

+-----------+------+------+------+
| FROM \ TO | SLR2 | SLR1 | SLR0 |
+-----------+------+------+------+
| SLR2      |    0 | 2375 |  135 |
| SLR1      | 2527 |    0 | 2447 |
| SLR0      |   65 | 2754 |    0 |
+-----------+------+------+------+


3. SLR CLB Logic and Dedicated Block Utilization
------------------------------------------------

+----------------------------+--------+-------+-------+--------+--------+--------+
|          Site Type         |  SLR0  |  SLR1 |  SLR2 | SLR0 % | SLR1 % | SLR2 % |
+----------------------------+--------+-------+-------+--------+--------+--------+
| CLB                        |  27801 | 10547 |  7102 |  50.58 |  19.53 |  13.15 |
|   CLBL                     |  14884 |  5779 |  3761 |  50.83 |  19.74 |  12.84 |
|   CLBM                     |  12917 |  4768 |  3341 |  50.30 |  19.29 |  13.52 |
| CLB LUTs                   | 121081 | 58255 | 25658 |  27.54 |  13.48 |   5.94 |
|   LUT as Logic             | 111798 | 54586 | 24137 |  25.43 |  12.64 |   5.59 |
|     using O5 output only   |   1651 |   864 |   442 |   0.38 |   0.20 |   0.10 |
|     using O6 output only   |  80931 | 40424 | 17130 |  18.41 |   9.36 |   3.97 |
|     using O5 and O6        |  29216 | 13298 |  6565 |   6.64 |   3.08 |   1.52 |
|   LUT as Memory            |   9283 |  3669 |  1521 |   4.52 |   1.86 |   0.77 |
|     LUT as Distributed RAM |   2408 |  3532 |   820 |   1.17 |   1.79 |   0.41 |
|       using O6 output only |    880 |   386 |     0 |   0.43 |   0.20 |   0.00 |
|       using O5 and O6      |   1528 |  3146 |   820 |   0.74 |   1.59 |   0.41 |
|     LUT as Shift Register  |   6875 |   137 |   701 |   3.35 |   0.07 |   0.35 |
|       using O6 output only |   4873 |    81 |   667 |   2.37 |   0.04 |   0.34 |
|       using O5 and O6      |   2002 |    56 |    34 |   0.97 |   0.03 |   0.02 |
| CLB Registers              | 180178 | 66498 | 35554 |  20.49 |   7.70 |   4.12 |
| CARRY8                     |   3107 |   577 |   107 |   5.65 |   1.07 |   0.20 |
| F7 Muxes                   |   4875 |  1037 |   437 |   2.22 |   0.48 |   0.20 |
| F8 Muxes                   |   1227 |   260 |     0 |   1.12 |   0.24 |   0.00 |
| F9 Muxes                   |      0 |     0 |     0 |   0.00 |   0.00 |   0.00 |
| Block RAM Tile             |    398 |    90 |    50 |  59.23 |  13.39 |   7.44 |
|   RAMB36/FIFO              |    363 |    90 |    50 |  54.02 |  13.39 |   7.44 |
|   RAMB18                   |     70 |     0 |     0 |   5.21 |   0.00 |   0.00 |
| URAM                       |     90 |     0 |     0 |  28.13 |   0.00 |   0.00 |
| DSPs                       |    196 |     0 |     4 |   6.81 |   0.00 |   0.13 |
| Unique Control Sets        |   4239 |  3188 |  1108 |   3.86 |   2.95 |   1.03 |
+----------------------------+--------+-------+-------+--------+--------+--------+
* Note: Available Control Sets based on CLB Registers / 8


4. SLR IO Utilization
---------------------

+-----------+-----------+---------+------------+----------+------------+----------+-----+
| SLR Index | Used IOBs | (%)IOBs | Used IPADs | (%)IPADs | Used OPADs | (%)OPADs | GTs |
+-----------+-----------+---------+------------+----------+------------+----------+-----+
| SLR2      |         0 |    0.00 |          0 |     0.00 |          0 |     0.00 |   0 |
| SLR1      |         0 |    0.00 |          0 |     0.00 |          0 |     0.00 |   0 |
| SLR0      |        12 |    5.77 |          0 |     0.00 |          0 |     0.00 |  16 |
+-----------+-----------+---------+------------+----------+------------+----------+-----+
| Total     |        12 |         |          0 |          |          0 |          |  16 |
+-----------+-----------+---------+------------+----------+------------+----------+-----+


