Copyright 1986-2022 Xilinx, Inc. All Rights Reserved. Copyright 2022-2025 Advanced Micro Devices, Inc. All Rights Reserved.
------------------------------------------------------------------------------------------------------------------------------------------------------------------------------------------------------------------------------------------------------------------------------------------------------------------------------------------------------------------------------------------
| Tool Version : Vivado v.2025.1 (lin64) Build 6140274 Wed May 21 22:58:25 MDT 2025
| Date         : Wed Feb 25 13:17:57 2026
| Host         : cyberdeck running 64-bit Ubuntu 22.04.5 LTS
| Command      : report_accelerator_utilization -kernels { NeuroRing:level0_i/ulp/NeuroRing_0/inst:NeuroRing_0 NeuroRing_Poisson:level0_i/ulp/NeuroRing_Poisson_0/inst:NeuroRing_Poisson_0 SynapseRouter:level0_i/ulp/SynapseRouter_0/inst:SynapseRouter_0 SynapseRouter:level0_i/ulp/SynapseRouter_1/inst:SynapseRouter_1} -file kernel_util_synthed.rpt -name kernel_util_synthed -json
| Design       : level0_wrapper
| Device       : xcu55c
| Design State : Synthesized
------------------------------------------------------------------------------------------------------------------------------------------------------------------------------------------------------------------------------------------------------------------------------------------------------------------------------------------------------------------------------------------

Accelerator Utilization Design Information

Table of Contents
-----------------
1. System Utilization

1. System Utilization
---------------------

+------------------------+-------------------+------------------+-------------------+----------------+---------------+----------------+
| Name                   | LUT               | LUTAsMem         | REG               | BRAM           | URAM          | DSP            |
+------------------------+-------------------+------------------+-------------------+----------------+---------------+----------------+
| Platform               |  138444 [ 10.62%] |  10354 [  1.72%] |  172121 [  6.60%] |  368 [ 18.25%] |  10 [  1.04%] |    4 [  0.04%] |
| User Budget            | 1165236 [100.00%] | 590606 [100.00%] | 2435239 [100.00%] | 1648 [100.00%] | 950 [100.00%] | 9020 [100.00%] |
|    Used Resources      |   85379 [  7.33%] |   7245 [  1.23%] |  113244 [  4.65%] |  169 [ 10.25%] |  80 [  8.42%] |  196 [  2.17%] |
|    Unused Resources    | 1079857 [ 92.67%] | 583361 [ 98.77%] | 2321995 [ 95.35%] | 1479 [ 89.75%] | 870 [ 91.58%] | 8824 [ 97.83%] |
| NeuroRing              |   28005 [  2.40%] |   1906 [  0.32%] |   30359 [  1.25%] |   25 [  1.52%] |   0 [  0.00%] |  154 [  1.71%] |
|    NeuroRing_0         |   28005 [  2.40%] |   1906 [  0.32%] |   30359 [  1.25%] |   25 [  1.52%] |   0 [  0.00%] |  154 [  1.71%] |
| NeuroRing_Poisson      |   14062 [  1.21%] |   1355 [  0.23%] |   13771 [  0.57%] |   16 [  0.97%] |   0 [  0.00%] |   10 [  0.11%] |
|    NeuroRing_Poisson_0 |   14062 [  1.21%] |   1355 [  0.23%] |   13771 [  0.57%] |   16 [  0.97%] |   0 [  0.00%] |   10 [  0.11%] |
| SynapseRouter          |   43312 [  3.72%] |   3984 [  0.67%] |   69114 [  2.84%] |  128 [  7.77%] |  80 [  8.42%] |   32 [  0.35%] |
|    SynapseRouter_0     |   21656 [  1.86%] |   1992 [  0.34%] |   34557 [  1.42%] |   64 [  3.88%] |  40 [  4.21%] |   16 [  0.18%] |
|    SynapseRouter_1     |   21656 [  1.86%] |   1992 [  0.34%] |   34557 [  1.42%] |   64 [  3.88%] |  40 [  4.21%] |   16 [  0.18%] |
+------------------------+-------------------+------------------+-------------------+----------------+---------------+----------------+


