
*** Running vivado
    with args -log bd_58f6_lut_buffer_0.vds -m64 -product Vivado -mode batch -messageDb vivado.pb -notrace -source bd_58f6_lut_buffer_0.tcl


****** Vivado v2025.1 (64-bit)
  **** SW Build 6140274 on Wed May 21 22:58:25 MDT 2025
  **** IP Build 6138677 on Thu May 22 03:10:11 MDT 2025
  **** SharedData Build 6139179 on Tue May 20 17:58:58 MDT 2025
  **** Start of session at: Wed Feb 25 13:01:23 2026
    ** Copyright 1986-2022 Xilinx, Inc. All Rights Reserved.
    ** Copyright 2022-2025 Advanced Micro Devices, Inc. All Rights Reserved.

source bd_58f6_lut_buffer_0.tcl -notrace
INFO: Dispatch client connection id - 42293
create_project: Time (s): cpu = 00:00:10 ; elapsed = 00:00:11 . Memory (MB): peak = 1533.875 ; gain = 36.836 ; free physical = 52702 ; free virtual = 128882
INFO: [IP_Flow 19-234] Refreshing IP repositories
INFO: [IP_Flow 19-1700] Loaded user IP repository '/home/miahafiz/NeuroRing_a_sudoku_v2/_x.hw.NUM_4096.CORE_10.FREQ_300/link/int/xo/ip_repo/xilinx_com_hls_SynapseRouter_1_0'.
INFO: [IP_Flow 19-1700] Loaded user IP repository '/home/miahafiz/NeuroRing_a_sudoku_v2/_x.hw.NUM_4096.CORE_10.FREQ_300/link/int/xo/ip_repo/xilinx_com_hls_NeuroRing_Poisson_1_0'.
INFO: [IP_Flow 19-1700] Loaded user IP repository '/home/miahafiz/NeuroRing_a_sudoku_v2/_x.hw.NUM_4096.CORE_10.FREQ_300/link/int/xo/ip_repo/xilinx_com_hls_NeuroRing_1_0'.
INFO: [IP_Flow 19-1700] Loaded user IP repository '/home/miahafiz/NeuroRing_a_sudoku_v2/_x.hw.NUM_4096.CORE_10.FREQ_300/link/vivado/vpl/.local/hw_platform/iprepo'.
INFO: [IP_Flow 19-1700] Loaded user IP repository '/opt/xilinx/2025.1/Vitis/data/cache/xilinx'.
INFO: [IP_Flow 19-1700] Loaded user IP repository '/home/miahafiz/NeuroRing_a_sudoku_v2/_x.hw.NUM_4096.CORE_10.FREQ_300/link/vivado/vpl/.local/hw_platform/ipcache'.
INFO: [IP_Flow 19-1700] Loaded user IP repository '/opt/xilinx/2025.1/Vitis/data/vitis/ip'.
INFO: [IP_Flow 19-2313] Loaded Vivado IP repository '/opt/xilinx/2025.1/Vivado/data/ip'.
WARNING: [IP_Flow 19-1663] Duplicate IP found for 'xilinx.com:ip:axi_clk_metadata_adapter:1.0'. The one found in IP location '/home/miahafiz/NeuroRing_a_sudoku_v2/_x.hw.NUM_4096.CORE_10.FREQ_300/link/vivado/vpl/.local/hw_platform/iprepo/ipdefs/other_ipdefs/axi_clk_metadata_adapter_v1_0' will take precedence over the same IP in location /home/miahafiz/NeuroRing_a_sudoku_v2/_x.hw.NUM_4096.CORE_10.FREQ_300/link/vivado/vpl/.local/hw_platform/iprepo/ipdefs/pxi_ii_infra/axi_clk_metadata_adapter_v1_0
WARNING: [IP_Flow 19-1663] Duplicate IP found for 'xilinx.com:ip:axis_clk_metadata_adapter:1.0'. The one found in IP location '/home/miahafiz/NeuroRing_a_sudoku_v2/_x.hw.NUM_4096.CORE_10.FREQ_300/link/vivado/vpl/.local/hw_platform/iprepo/ipdefs/other_ipdefs/axis_clk_metadata_adapter_v1_0' will take precedence over the same IP in location /home/miahafiz/NeuroRing_a_sudoku_v2/_x.hw.NUM_4096.CORE_10.FREQ_300/link/vivado/vpl/.local/hw_platform/iprepo/ipdefs/pxi_ii_infra/axis_clk_metadata_adapter_v1_0
WARNING: [IP_Flow 19-1663] Duplicate IP found for 'xilinx.com:ip:clk_metadata_adapter:1.0'. The one found in IP location '/home/miahafiz/NeuroRing_a_sudoku_v2/_x.hw.NUM_4096.CORE_10.FREQ_300/link/vivado/vpl/.local/hw_platform/iprepo/ipdefs/other_ipdefs/clk_metadata_adapter_v1_0' will take precedence over the same IP in location /home/miahafiz/NeuroRing_a_sudoku_v2/_x.hw.NUM_4096.CORE_10.FREQ_300/link/vivado/vpl/.local/hw_platform/iprepo/ipdefs/pxi_ii_infra/clk_metadata_adapter_v1_0
WARNING: [IP_Flow 19-1663] Duplicate IP found for 'xilinx.com:ip:pipeline_reg:1.0'. The one found in IP location '/home/miahafiz/NeuroRing_a_sudoku_v2/_x.hw.NUM_4096.CORE_10.FREQ_300/link/vivado/vpl/.local/hw_platform/iprepo/ipdefs/other_ipdefs/pipeline_reg_v1_0' will take precedence over the same IP in location /home/miahafiz/NeuroRing_a_sudoku_v2/_x.hw.NUM_4096.CORE_10.FREQ_300/link/vivado/vpl/.local/hw_platform/iprepo/ipdefs/pxi_ii_infra/pipeline_reg_v1_0
Command: synth_design -top bd_58f6_lut_buffer_0 -part xcu55c-fsvh2892-2L-e -incremental_mode off -mode out_of_context
Starting synth_design
Attempting to get a license for feature 'Synthesis' and/or device 'xcu55c'
INFO: [Common 17-349] Got license for feature 'Synthesis' and/or device 'xcu55c'
INFO: [Device 21-403] Loading part xcu55c-fsvh2892-2L-e
INFO: [Synth 8-7079] Multithreading enabled for synth_design using a maximum of 1 processes.
INFO: [Synth 8-7078] Launching helper process for spawning children vivado processes
INFO: [Synth 8-7075] Helper process launched with PID 1387350
---------------------------------------------------------------------------------
Starting RTL Elaboration : Time (s): cpu = 00:00:05 ; elapsed = 00:00:06 . Memory (MB): peak = 3237.258 ; gain = 288.691 ; free physical = 56964 ; free virtual = 133174
---------------------------------------------------------------------------------
INFO: [Synth 8-6157] synthesizing module 'bd_58f6_lut_buffer_0' [/home/miahafiz/NeuroRing_a_sudoku_v2/_x.hw.NUM_4096.CORE_10.FREQ_300/link/vivado/vpl/prj/prj.gen/my_rm/bd/ulp/ip/ulp_ulp_cmp_0/bd_2/ip/ip_1/synth/bd_58f6_lut_buffer_0.v:53]
INFO: [Synth 8-6157] synthesizing module 'LUT1' [/opt/xilinx/2025.1/Vivado/scripts/rt/data/unisim_comp.v:88920]
INFO: [Synth 8-6155] done synthesizing module 'LUT1' (0#1) [/opt/xilinx/2025.1/Vivado/scripts/rt/data/unisim_comp.v:88920]
INFO: [Synth 8-6155] done synthesizing module 'bd_58f6_lut_buffer_0' (0#1) [/home/miahafiz/NeuroRing_a_sudoku_v2/_x.hw.NUM_4096.CORE_10.FREQ_300/link/vivado/vpl/prj/prj.gen/my_rm/bd/ulp/ip/ulp_ulp_cmp_0/bd_2/ip/ip_1/synth/bd_58f6_lut_buffer_0.v:53]
WARNING: [Synth 8-7129] Port bscanid_i[31] in module lut_buffer_v2_0_1_lut_buffer is either unconnected or has no load
WARNING: [Synth 8-7129] Port bscanid_i[30] in module lut_buffer_v2_0_1_lut_buffer is either unconnected or has no load
WARNING: [Synth 8-7129] Port bscanid_i[29] in module lut_buffer_v2_0_1_lut_buffer is either unconnected or has no load
WARNING: [Synth 8-7129] Port bscanid_i[28] in module lut_buffer_v2_0_1_lut_buffer is either unconnected or has no load
WARNING: [Synth 8-7129] Port bscanid_i[27] in module lut_buffer_v2_0_1_lut_buffer is either unconnected or has no load
WARNING: [Synth 8-7129] Port bscanid_i[26] in module lut_buffer_v2_0_1_lut_buffer is either unconnected or has no load
WARNING: [Synth 8-7129] Port bscanid_i[25] in module lut_buffer_v2_0_1_lut_buffer is either unconnected or has no load
WARNING: [Synth 8-7129] Port bscanid_i[24] in module lut_buffer_v2_0_1_lut_buffer is either unconnected or has no load
WARNING: [Synth 8-7129] Port bscanid_i[23] in module lut_buffer_v2_0_1_lut_buffer is either unconnected or has no load
WARNING: [Synth 8-7129] Port bscanid_i[22] in module lut_buffer_v2_0_1_lut_buffer is either unconnected or has no load
WARNING: [Synth 8-7129] Port bscanid_i[21] in module lut_buffer_v2_0_1_lut_buffer is either unconnected or has no load
WARNING: [Synth 8-7129] Port bscanid_i[20] in module lut_buffer_v2_0_1_lut_buffer is either unconnected or has no load
WARNING: [Synth 8-7129] Port bscanid_i[19] in module lut_buffer_v2_0_1_lut_buffer is either unconnected or has no load
WARNING: [Synth 8-7129] Port bscanid_i[18] in module lut_buffer_v2_0_1_lut_buffer is either unconnected or has no load
WARNING: [Synth 8-7129] Port bscanid_i[17] in module lut_buffer_v2_0_1_lut_buffer is either unconnected or has no load
WARNING: [Synth 8-7129] Port bscanid_i[16] in module lut_buffer_v2_0_1_lut_buffer is either unconnected or has no load
WARNING: [Synth 8-7129] Port bscanid_i[15] in module lut_buffer_v2_0_1_lut_buffer is either unconnected or has no load
WARNING: [Synth 8-7129] Port bscanid_i[14] in module lut_buffer_v2_0_1_lut_buffer is either unconnected or has no load
WARNING: [Synth 8-7129] Port bscanid_i[13] in module lut_buffer_v2_0_1_lut_buffer is either unconnected or has no load
WARNING: [Synth 8-7129] Port bscanid_i[12] in module lut_buffer_v2_0_1_lut_buffer is either unconnected or has no load
WARNING: [Synth 8-7129] Port bscanid_i[11] in module lut_buffer_v2_0_1_lut_buffer is either unconnected or has no load
WARNING: [Synth 8-7129] Port bscanid_i[10] in module lut_buffer_v2_0_1_lut_buffer is either unconnected or has no load
WARNING: [Synth 8-7129] Port bscanid_i[9] in module lut_buffer_v2_0_1_lut_buffer is either unconnected or has no load
WARNING: [Synth 8-7129] Port bscanid_i[8] in module lut_buffer_v2_0_1_lut_buffer is either unconnected or has no load
WARNING: [Synth 8-7129] Port bscanid_i[7] in module lut_buffer_v2_0_1_lut_buffer is either unconnected or has no load
WARNING: [Synth 8-7129] Port bscanid_i[6] in module lut_buffer_v2_0_1_lut_buffer is either unconnected or has no load
WARNING: [Synth 8-7129] Port bscanid_i[5] in module lut_buffer_v2_0_1_lut_buffer is either unconnected or has no load
WARNING: [Synth 8-7129] Port bscanid_i[4] in module lut_buffer_v2_0_1_lut_buffer is either unconnected or has no load
WARNING: [Synth 8-7129] Port bscanid_i[3] in module lut_buffer_v2_0_1_lut_buffer is either unconnected or has no load
WARNING: [Synth 8-7129] Port bscanid_i[2] in module lut_buffer_v2_0_1_lut_buffer is either unconnected or has no load
WARNING: [Synth 8-7129] Port bscanid_i[1] in module lut_buffer_v2_0_1_lut_buffer is either unconnected or has no load
WARNING: [Synth 8-7129] Port bscanid_i[0] in module lut_buffer_v2_0_1_lut_buffer is either unconnected or has no load
---------------------------------------------------------------------------------
Finished RTL Elaboration : Time (s): cpu = 00:00:07 ; elapsed = 00:00:09 . Memory (MB): peak = 3318.195 ; gain = 369.629 ; free physical = 56172 ; free virtual = 132407
---------------------------------------------------------------------------------
---------------------------------------------------------------------------------
Start Handling Custom Attributes
---------------------------------------------------------------------------------
---------------------------------------------------------------------------------
Finished Handling Custom Attributes : Time (s): cpu = 00:00:07 ; elapsed = 00:00:09 . Memory (MB): peak = 3330.070 ; gain = 381.504 ; free physical = 56171 ; free virtual = 132385
---------------------------------------------------------------------------------
---------------------------------------------------------------------------------
Finished RTL Optimization Phase 1 : Time (s): cpu = 00:00:07 ; elapsed = 00:00:09 . Memory (MB): peak = 3330.070 ; gain = 381.504 ; free physical = 56171 ; free virtual = 132385
---------------------------------------------------------------------------------
Netlist sorting complete. Time (s): cpu = 00:00:00.01 ; elapsed = 00:00:00 . Memory (MB): peak = 3344.008 ; gain = 0.000 ; free physical = 56124 ; free virtual = 132339
INFO: [Project 1-570] Preparing netlist for logic optimization

Processing XDC Constraints
Initializing timing engine
Completed Processing XDC Constraints

Netlist sorting complete. Time (s): cpu = 00:00:00 ; elapsed = 00:00:00.01 . Memory (MB): peak = 3349.945 ; gain = 0.000 ; free physical = 54645 ; free virtual = 130848
INFO: [Project 1-111] Unisim Transformation Summary:
No Unisim elements were transformed.

Constraint Validation Runtime : Time (s): cpu = 00:00:00.03 ; elapsed = 00:00:00.04 . Memory (MB): peak = 3349.980 ; gain = 0.000 ; free physical = 54368 ; free virtual = 130572
INFO: [Designutils 20-5008] Incremental synthesis strategy off
---------------------------------------------------------------------------------
Finished Constraint Validation : Time (s): cpu = 00:00:16 ; elapsed = 00:00:18 . Memory (MB): peak = 3349.980 ; gain = 401.414 ; free physical = 57363 ; free virtual = 133569
---------------------------------------------------------------------------------
---------------------------------------------------------------------------------
Start Loading Part and Timing Information
---------------------------------------------------------------------------------
Loading part: xcu55c-fsvh2892-2L-e
INFO: [Synth 8-6742] Reading net delay rules and data
---------------------------------------------------------------------------------
Finished Loading Part and Timing Information : Time (s): cpu = 00:00:16 ; elapsed = 00:00:18 . Memory (MB): peak = 3357.949 ; gain = 409.383 ; free physical = 57353 ; free virtual = 133558
---------------------------------------------------------------------------------
---------------------------------------------------------------------------------
Start Applying 'set_property' XDC Constraints
---------------------------------------------------------------------------------
---------------------------------------------------------------------------------
Finished applying 'set_property' XDC Constraints : Time (s): cpu = 00:00:16 ; elapsed = 00:00:18 . Memory (MB): peak = 3357.949 ; gain = 409.383 ; free physical = 57322 ; free virtual = 133527
---------------------------------------------------------------------------------
---------------------------------------------------------------------------------
Finished RTL Optimization Phase 2 : Time (s): cpu = 00:00:16 ; elapsed = 00:00:19 . Memory (MB): peak = 3357.949 ; gain = 409.383 ; free physical = 56835 ; free virtual = 133039
---------------------------------------------------------------------------------
---------------------------------------------------------------------------------
Start RTL Component Statistics 
---------------------------------------------------------------------------------
Detailed RTL Component Info : 
---------------------------------------------------------------------------------
Finished RTL Component Statistics 
---------------------------------------------------------------------------------
---------------------------------------------------------------------------------
Start Part Resource Summary
---------------------------------------------------------------------------------
Part Resources:
DSPs: 9024 (col length:94)
BRAMs: 4032 (col length: RAMB18 288 RAMB36 144)
---------------------------------------------------------------------------------
Finished Part Resource Summary
---------------------------------------------------------------------------------
---------------------------------------------------------------------------------
Start Cross Boundary and Area Optimization
---------------------------------------------------------------------------------
WARNING: [Synth 8-7080] Parallel synthesis criteria is not met
WARNING: [Synth 8-7129] Port bscanid_i[31] in module lut_buffer_v2_0_1_lut_buffer is either unconnected or has no load
WARNING: [Synth 8-7129] Port bscanid_i[30] in module lut_buffer_v2_0_1_lut_buffer is either unconnected or has no load
WARNING: [Synth 8-7129] Port bscanid_i[29] in module lut_buffer_v2_0_1_lut_buffer is either unconnected or has no load
WARNING: [Synth 8-7129] Port bscanid_i[28] in module lut_buffer_v2_0_1_lut_buffer is either unconnected or has no load
WARNING: [Synth 8-7129] Port bscanid_i[27] in module lut_buffer_v2_0_1_lut_buffer is either unconnected or has no load
WARNING: [Synth 8-7129] Port bscanid_i[26] in module lut_buffer_v2_0_1_lut_buffer is either unconnected or has no load
WARNING: [Synth 8-7129] Port bscanid_i[25] in module lut_buffer_v2_0_1_lut_buffer is either unconnected or has no load
WARNING: [Synth 8-7129] Port bscanid_i[24] in module lut_buffer_v2_0_1_lut_buffer is either unconnected or has no load
WARNING: [Synth 8-7129] Port bscanid_i[23] in module lut_buffer_v2_0_1_lut_buffer is either unconnected or has no load
WARNING: [Synth 8-7129] Port bscanid_i[22] in module lut_buffer_v2_0_1_lut_buffer is either unconnected or has no load
WARNING: [Synth 8-7129] Port bscanid_i[21] in module lut_buffer_v2_0_1_lut_buffer is either unconnected or has no load
WARNING: [Synth 8-7129] Port bscanid_i[20] in module lut_buffer_v2_0_1_lut_buffer is either unconnected or has no load
WARNING: [Synth 8-7129] Port bscanid_i[19] in module lut_buffer_v2_0_1_lut_buffer is either unconnected or has no load
WARNING: [Synth 8-7129] Port bscanid_i[18] in module lut_buffer_v2_0_1_lut_buffer is either unconnected or has no load
WARNING: [Synth 8-7129] Port bscanid_i[17] in module lut_buffer_v2_0_1_lut_buffer is either unconnected or has no load
WARNING: [Synth 8-7129] Port bscanid_i[16] in module lut_buffer_v2_0_1_lut_buffer is either unconnected or has no load
WARNING: [Synth 8-7129] Port bscanid_i[15] in module lut_buffer_v2_0_1_lut_buffer is either unconnected or has no load
WARNING: [Synth 8-7129] Port bscanid_i[14] in module lut_buffer_v2_0_1_lut_buffer is either unconnected or has no load
WARNING: [Synth 8-7129] Port bscanid_i[13] in module lut_buffer_v2_0_1_lut_buffer is either unconnected or has no load
WARNING: [Synth 8-7129] Port bscanid_i[12] in module lut_buffer_v2_0_1_lut_buffer is either unconnected or has no load
WARNING: [Synth 8-7129] Port bscanid_i[11] in module lut_buffer_v2_0_1_lut_buffer is either unconnected or has no load
WARNING: [Synth 8-7129] Port bscanid_i[10] in module lut_buffer_v2_0_1_lut_buffer is either unconnected or has no load
WARNING: [Synth 8-7129] Port bscanid_i[9] in module lut_buffer_v2_0_1_lut_buffer is either unconnected or has no load
WARNING: [Synth 8-7129] Port bscanid_i[8] in module lut_buffer_v2_0_1_lut_buffer is either unconnected or has no load
WARNING: [Synth 8-7129] Port bscanid_i[7] in module lut_buffer_v2_0_1_lut_buffer is either unconnected or has no load
WARNING: [Synth 8-7129] Port bscanid_i[6] in module lut_buffer_v2_0_1_lut_buffer is either unconnected or has no load
WARNING: [Synth 8-7129] Port bscanid_i[5] in module lut_buffer_v2_0_1_lut_buffer is either unconnected or has no load
WARNING: [Synth 8-7129] Port bscanid_i[4] in module lut_buffer_v2_0_1_lut_buffer is either unconnected or has no load
WARNING: [Synth 8-7129] Port bscanid_i[3] in module lut_buffer_v2_0_1_lut_buffer is either unconnected or has no load
WARNING: [Synth 8-7129] Port bscanid_i[2] in module lut_buffer_v2_0_1_lut_buffer is either unconnected or has no load
WARNING: [Synth 8-7129] Port bscanid_i[1] in module lut_buffer_v2_0_1_lut_buffer is either unconnected or has no load
WARNING: [Synth 8-7129] Port bscanid_i[0] in module lut_buffer_v2_0_1_lut_buffer is either unconnected or has no load
---------------------------------------------------------------------------------
Finished Cross Boundary and Area Optimization : Time (s): cpu = 00:00:18 ; elapsed = 00:00:20 . Memory (MB): peak = 3357.949 ; gain = 409.383 ; free physical = 56432 ; free virtual = 132638
---------------------------------------------------------------------------------
---------------------------------------------------------------------------------
Start Applying XDC Timing Constraints
---------------------------------------------------------------------------------
---------------------------------------------------------------------------------
Finished Applying XDC Timing Constraints : Time (s): cpu = 00:00:25 ; elapsed = 00:00:28 . Memory (MB): peak = 3857.359 ; gain = 908.793 ; free physical = 55578 ; free virtual = 131787
---------------------------------------------------------------------------------
---------------------------------------------------------------------------------
Start Timing Optimization
---------------------------------------------------------------------------------
---------------------------------------------------------------------------------
Finished Timing Optimization : Time (s): cpu = 00:00:25 ; elapsed = 00:00:28 . Memory (MB): peak = 3857.359 ; gain = 908.793 ; free physical = 55577 ; free virtual = 131786
---------------------------------------------------------------------------------
---------------------------------------------------------------------------------
Start Technology Mapping
---------------------------------------------------------------------------------
---------------------------------------------------------------------------------
Finished Technology Mapping : Time (s): cpu = 00:00:25 ; elapsed = 00:00:28 . Memory (MB): peak = 3867.375 ; gain = 918.809 ; free physical = 55563 ; free virtual = 131772
---------------------------------------------------------------------------------
---------------------------------------------------------------------------------
Start IO Insertion
---------------------------------------------------------------------------------
---------------------------------------------------------------------------------
Start Flattening Before IO Insertion
---------------------------------------------------------------------------------
---------------------------------------------------------------------------------
Finished Flattening Before IO Insertion
---------------------------------------------------------------------------------
---------------------------------------------------------------------------------
Start Final Netlist Cleanup
---------------------------------------------------------------------------------
---------------------------------------------------------------------------------
Finished Final Netlist Cleanup
---------------------------------------------------------------------------------
---------------------------------------------------------------------------------
Finished IO Insertion : Time (s): cpu = 00:00:30 ; elapsed = 00:00:33 . Memory (MB): peak = 4043.188 ; gain = 1094.621 ; free physical = 52969 ; free virtual = 129177
---------------------------------------------------------------------------------
---------------------------------------------------------------------------------
Start Renaming Generated Instances
---------------------------------------------------------------------------------
---------------------------------------------------------------------------------
Finished Renaming Generated Instances : Time (s): cpu = 00:00:30 ; elapsed = 00:00:33 . Memory (MB): peak = 4043.188 ; gain = 1094.621 ; free physical = 52967 ; free virtual = 129175
---------------------------------------------------------------------------------
---------------------------------------------------------------------------------
Start Rebuilding User Hierarchy
---------------------------------------------------------------------------------
---------------------------------------------------------------------------------
Finished Rebuilding User Hierarchy : Time (s): cpu = 00:00:30 ; elapsed = 00:00:33 . Memory (MB): peak = 4043.188 ; gain = 1094.621 ; free physical = 52962 ; free virtual = 129170
---------------------------------------------------------------------------------
---------------------------------------------------------------------------------
Start Renaming Generated Ports
---------------------------------------------------------------------------------
---------------------------------------------------------------------------------
Finished Renaming Generated Ports : Time (s): cpu = 00:00:30 ; elapsed = 00:00:33 . Memory (MB): peak = 4043.188 ; gain = 1094.621 ; free physical = 52959 ; free virtual = 129167
---------------------------------------------------------------------------------
---------------------------------------------------------------------------------
Start Handling Custom Attributes
---------------------------------------------------------------------------------
---------------------------------------------------------------------------------
Finished Handling Custom Attributes : Time (s): cpu = 00:00:30 ; elapsed = 00:00:33 . Memory (MB): peak = 4043.188 ; gain = 1094.621 ; free physical = 52957 ; free virtual = 129165
---------------------------------------------------------------------------------
---------------------------------------------------------------------------------
Start Renaming Generated Nets
---------------------------------------------------------------------------------
---------------------------------------------------------------------------------
Finished Renaming Generated Nets : Time (s): cpu = 00:00:30 ; elapsed = 00:00:33 . Memory (MB): peak = 4043.188 ; gain = 1094.621 ; free physical = 52955 ; free virtual = 129163
---------------------------------------------------------------------------------
---------------------------------------------------------------------------------
Start Writing Synthesis Report
---------------------------------------------------------------------------------

Report BlackBoxes: 
+-+--------------+----------+
| |BlackBox name |Instances |
+-+--------------+----------+
+-+--------------+----------+

Report Cell Usage: 
+------+-----+------+
|      |Cell |Count |
+------+-----+------+
|1     |LUT1 |     1|
+------+-----+------+
---------------------------------------------------------------------------------
Finished Writing Synthesis Report : Time (s): cpu = 00:00:30 ; elapsed = 00:00:33 . Memory (MB): peak = 4043.188 ; gain = 1094.621 ; free physical = 52953 ; free virtual = 129161
---------------------------------------------------------------------------------
Synthesis finished with 0 errors, 0 critical warnings and 33 warnings.
Synthesis Optimization Runtime : Time (s): cpu = 00:00:28 ; elapsed = 00:00:30 . Memory (MB): peak = 4043.188 ; gain = 1074.711 ; free physical = 52450 ; free virtual = 128685
Synthesis Optimization Complete : Time (s): cpu = 00:00:30 ; elapsed = 00:00:33 . Memory (MB): peak = 4043.188 ; gain = 1094.621 ; free physical = 52454 ; free virtual = 128689
INFO: [Project 1-571] Translating synthesized netlist
Netlist sorting complete. Time (s): cpu = 00:00:00 ; elapsed = 00:00:00 . Memory (MB): peak = 4043.188 ; gain = 0.000 ; free physical = 52438 ; free virtual = 128671
INFO: [Project 1-570] Preparing netlist for logic optimization
INFO: [Opt 31-138] Pushed 0 inverter(s) to 0 load pin(s).
Netlist sorting complete. Time (s): cpu = 00:00:00 ; elapsed = 00:00:00 . Memory (MB): peak = 4043.188 ; gain = 0.000 ; free physical = 57639 ; free virtual = 133845
INFO: [Project 1-111] Unisim Transformation Summary:
No Unisim elements were transformed.

Synth Design complete | Checksum: e2b2fb98
INFO: [Common 17-83] Releasing license: Synthesis
27 Infos, 69 Warnings, 0 Critical Warnings and 0 Errors encountered.
synth_design completed successfully
synth_design: Time (s): cpu = 00:00:49 ; elapsed = 00:00:49 . Memory (MB): peak = 4043.188 ; gain = 2465.594 ; free physical = 57548 ; free virtual = 133756
INFO: [Common 17-2834] synth_design peak Physical Memory [PSS] (MB): overall = 3062.050; main = 2984.865; forked = 172.422
INFO: [Common 17-2834] synth_design peak Virtual Memory [VSS] (MB): overall = 4902.586; main = 4015.492; forked = 955.207
INFO: [Common 17-1381] The checkpoint '/home/miahafiz/NeuroRing_a_sudoku_v2/_x.hw.NUM_4096.CORE_10.FREQ_300/link/vivado/vpl/prj/prj.runs/bd_58f6_lut_buffer_0_synth_1/bd_58f6_lut_buffer_0.dcp' has been generated.
INFO: [Coretcl 2-1648] Added synthesis output to IP cache for IP bd_58f6_lut_buffer_0, cache-ID = 41edb01bfd7ec1c3
INFO: [Common 17-1381] The checkpoint '/home/miahafiz/NeuroRing_a_sudoku_v2/_x.hw.NUM_4096.CORE_10.FREQ_300/link/vivado/vpl/prj/prj.runs/bd_58f6_lut_buffer_0_synth_1/bd_58f6_lut_buffer_0.dcp' has been generated.
INFO: [Vivado 12-24828] Executing command : report_utilization -file bd_58f6_lut_buffer_0_utilization_synth.rpt -pb bd_58f6_lut_buffer_0_utilization_synth.pb
INFO: [Common 17-206] Exiting Vivado at Wed Feb 25 13:02:38 2026...
