
*** Running vivado
    with args -log bd_7cf0_bs_switch_1_0.vds -m64 -product Vivado -mode batch -messageDb vivado.pb -notrace -source bd_7cf0_bs_switch_1_0.tcl


****** Vivado v2025.1 (64-bit)
  **** SW Build 6140274 on Wed May 21 22:58:25 MDT 2025
  **** IP Build 6138677 on Thu May 22 03:10:11 MDT 2025
  **** SharedData Build 6139179 on Tue May 20 17:58:58 MDT 2025
  **** Start of session at: Wed Feb 25 13:01:09 2026
    ** Copyright 1986-2022 Xilinx, Inc. All Rights Reserved.
    ** Copyright 2022-2025 Advanced Micro Devices, Inc. All Rights Reserved.

source bd_7cf0_bs_switch_1_0.tcl -notrace
INFO: Dispatch client connection id - 42293
create_project: Time (s): cpu = 00:00:10 ; elapsed = 00:00:11 . Memory (MB): peak = 1535.227 ; gain = 5.961 ; free physical = 57011 ; free virtual = 133211
INFO: [IP_Flow 19-234] Refreshing IP repositories
INFO: [IP_Flow 19-1700] Loaded user IP repository '/home/miahafiz/NeuroRing_a_sudoku_v2/_x.hw.NUM_4096.CORE_10.FREQ_300/link/int/xo/ip_repo/xilinx_com_hls_SynapseRouter_1_0'.
INFO: [IP_Flow 19-1700] Loaded user IP repository '/home/miahafiz/NeuroRing_a_sudoku_v2/_x.hw.NUM_4096.CORE_10.FREQ_300/link/int/xo/ip_repo/xilinx_com_hls_NeuroRing_Poisson_1_0'.
INFO: [IP_Flow 19-1700] Loaded user IP repository '/home/miahafiz/NeuroRing_a_sudoku_v2/_x.hw.NUM_4096.CORE_10.FREQ_300/link/int/xo/ip_repo/xilinx_com_hls_NeuroRing_1_0'.
INFO: [IP_Flow 19-1700] Loaded user IP repository '/home/miahafiz/NeuroRing_a_sudoku_v2/_x.hw.NUM_4096.CORE_10.FREQ_300/link/vivado/vpl/.local/hw_platform/iprepo'.
INFO: [IP_Flow 19-1700] Loaded user IP repository '/opt/xilinx/2025.1/Vitis/data/cache/xilinx'.
INFO: [IP_Flow 19-1700] Loaded user IP repository '/home/miahafiz/NeuroRing_a_sudoku_v2/_x.hw.NUM_4096.CORE_10.FREQ_300/link/vivado/vpl/.local/hw_platform/ipcache'.
INFO: [IP_Flow 19-1700] Loaded user IP repository '/opt/xilinx/2025.1/Vitis/data/vitis/ip'.
INFO: [IP_Flow 19-2313] Loaded Vivado IP repository '/opt/xilinx/2025.1/Vivado/data/ip'.
WARNING: [IP_Flow 19-1663] Duplicate IP found for 'xilinx.com:ip:axi_clk_metadata_adapter:1.0'. The one found in IP location '/home/miahafiz/NeuroRing_a_sudoku_v2/_x.hw.NUM_4096.CORE_10.FREQ_300/link/vivado/vpl/.local/hw_platform/iprepo/ipdefs/other_ipdefs/axi_clk_metadata_adapter_v1_0' will take precedence over the same IP in location /home/miahafiz/NeuroRing_a_sudoku_v2/_x.hw.NUM_4096.CORE_10.FREQ_300/link/vivado/vpl/.local/hw_platform/iprepo/ipdefs/pxi_ii_infra/axi_clk_metadata_adapter_v1_0
WARNING: [IP_Flow 19-1663] Duplicate IP found for 'xilinx.com:ip:axis_clk_metadata_adapter:1.0'. The one found in IP location '/home/miahafiz/NeuroRing_a_sudoku_v2/_x.hw.NUM_4096.CORE_10.FREQ_300/link/vivado/vpl/.local/hw_platform/iprepo/ipdefs/other_ipdefs/axis_clk_metadata_adapter_v1_0' will take precedence over the same IP in location /home/miahafiz/NeuroRing_a_sudoku_v2/_x.hw.NUM_4096.CORE_10.FREQ_300/link/vivado/vpl/.local/hw_platform/iprepo/ipdefs/pxi_ii_infra/axis_clk_metadata_adapter_v1_0
WARNING: [IP_Flow 19-1663] Duplicate IP found for 'xilinx.com:ip:clk_metadata_adapter:1.0'. The one found in IP location '/home/miahafiz/NeuroRing_a_sudoku_v2/_x.hw.NUM_4096.CORE_10.FREQ_300/link/vivado/vpl/.local/hw_platform/iprepo/ipdefs/other_ipdefs/clk_metadata_adapter_v1_0' will take precedence over the same IP in location /home/miahafiz/NeuroRing_a_sudoku_v2/_x.hw.NUM_4096.CORE_10.FREQ_300/link/vivado/vpl/.local/hw_platform/iprepo/ipdefs/pxi_ii_infra/clk_metadata_adapter_v1_0
WARNING: [IP_Flow 19-1663] Duplicate IP found for 'xilinx.com:ip:pipeline_reg:1.0'. The one found in IP location '/home/miahafiz/NeuroRing_a_sudoku_v2/_x.hw.NUM_4096.CORE_10.FREQ_300/link/vivado/vpl/.local/hw_platform/iprepo/ipdefs/other_ipdefs/pipeline_reg_v1_0' will take precedence over the same IP in location /home/miahafiz/NeuroRing_a_sudoku_v2/_x.hw.NUM_4096.CORE_10.FREQ_300/link/vivado/vpl/.local/hw_platform/iprepo/ipdefs/pxi_ii_infra/pipeline_reg_v1_0
Command: synth_design -top bd_7cf0_bs_switch_1_0 -part xcu55c-fsvh2892-2L-e -incremental_mode off -mode out_of_context
Starting synth_design
Attempting to get a license for feature 'Synthesis' and/or device 'xcu55c'
INFO: [Common 17-349] Got license for feature 'Synthesis' and/or device 'xcu55c'
INFO: [Device 21-403] Loading part xcu55c-fsvh2892-2L-e
INFO: [Synth 8-7079] Multithreading enabled for synth_design using a maximum of 1 processes.
INFO: [Synth 8-7078] Launching helper process for spawning children vivado processes
INFO: [Synth 8-7075] Helper process launched with PID 1386667
---------------------------------------------------------------------------------
Starting RTL Elaboration : Time (s): cpu = 00:00:05 ; elapsed = 00:00:06 . Memory (MB): peak = 3237.812 ; gain = 288.777 ; free physical = 49843 ; free virtual = 126028
---------------------------------------------------------------------------------
INFO: [Synth 8-11241] undeclared symbol 'bscanid_en_int', assumed default net type 'wire' [/home/miahafiz/NeuroRing_a_sudoku_v2/_x.hw.NUM_4096.CORE_10.FREQ_300/link/vivado/vpl/prj/prj.gen/my_rm/bd/ulp/ipshared/9146/hdl/verilog/bs_switch_v1_0_5_bs_ext.vh:76]
INFO: [Synth 8-11241] undeclared symbol 'bscanid_en_int', assumed default net type 'wire' [/home/miahafiz/NeuroRing_a_sudoku_v2/_x.hw.NUM_4096.CORE_10.FREQ_300/link/vivado/vpl/prj/prj.gen/my_rm/bd/ulp/ipshared/9146/hdl/verilog/bs_switch_v1_0_5_bs_ext.vh:113]
INFO: [Synth 8-11241] undeclared symbol 'bscanid_en_int', assumed default net type 'wire' [/home/miahafiz/NeuroRing_a_sudoku_v2/_x.hw.NUM_4096.CORE_10.FREQ_300/link/vivado/vpl/prj/prj.gen/my_rm/bd/ulp/ipshared/9146/hdl/verilog/bs_switch_v1_0_5_bs_ext.vh:151]
INFO: [Synth 8-11241] undeclared symbol 'bscanid_en_int', assumed default net type 'wire' [/home/miahafiz/NeuroRing_a_sudoku_v2/_x.hw.NUM_4096.CORE_10.FREQ_300/link/vivado/vpl/prj/prj.gen/my_rm/bd/ulp/ipshared/9146/hdl/verilog/bs_switch_v1_0_5_bs_ext.vh:190]
INFO: [Synth 8-11241] undeclared symbol 'bscanid_en_int', assumed default net type 'wire' [/home/miahafiz/NeuroRing_a_sudoku_v2/_x.hw.NUM_4096.CORE_10.FREQ_300/link/vivado/vpl/prj/prj.gen/my_rm/bd/ulp/ipshared/9146/hdl/verilog/bs_switch_v1_0_5_bs_ext.vh:230]
INFO: [Synth 8-11241] undeclared symbol 'bscanid_en_int', assumed default net type 'wire' [/home/miahafiz/NeuroRing_a_sudoku_v2/_x.hw.NUM_4096.CORE_10.FREQ_300/link/vivado/vpl/prj/prj.gen/my_rm/bd/ulp/ipshared/9146/hdl/verilog/bs_switch_v1_0_5_bs_ext.vh:271]
INFO: [Synth 8-11241] undeclared symbol 'bscanid_en_int', assumed default net type 'wire' [/home/miahafiz/NeuroRing_a_sudoku_v2/_x.hw.NUM_4096.CORE_10.FREQ_300/link/vivado/vpl/prj/prj.gen/my_rm/bd/ulp/ipshared/9146/hdl/verilog/bs_switch_v1_0_5_bs_ext.vh:313]
INFO: [Synth 8-11241] undeclared symbol 'bscanid_en_int', assumed default net type 'wire' [/home/miahafiz/NeuroRing_a_sudoku_v2/_x.hw.NUM_4096.CORE_10.FREQ_300/link/vivado/vpl/prj/prj.gen/my_rm/bd/ulp/ipshared/9146/hdl/verilog/bs_switch_v1_0_5_bs_ext.vh:356]
INFO: [Synth 8-11241] undeclared symbol 'bscanid_en_int', assumed default net type 'wire' [/home/miahafiz/NeuroRing_a_sudoku_v2/_x.hw.NUM_4096.CORE_10.FREQ_300/link/vivado/vpl/prj/prj.gen/my_rm/bd/ulp/ipshared/9146/hdl/verilog/bs_switch_v1_0_5_bs_ext.vh:400]
INFO: [Synth 8-11241] undeclared symbol 'bscanid_en_int', assumed default net type 'wire' [/home/miahafiz/NeuroRing_a_sudoku_v2/_x.hw.NUM_4096.CORE_10.FREQ_300/link/vivado/vpl/prj/prj.gen/my_rm/bd/ulp/ipshared/9146/hdl/verilog/bs_switch_v1_0_5_bs_ext.vh:445]
INFO: [Synth 8-11241] undeclared symbol 'bscanid_en_int', assumed default net type 'wire' [/home/miahafiz/NeuroRing_a_sudoku_v2/_x.hw.NUM_4096.CORE_10.FREQ_300/link/vivado/vpl/prj/prj.gen/my_rm/bd/ulp/ipshared/9146/hdl/verilog/bs_switch_v1_0_5_bs_ext.vh:491]
INFO: [Synth 8-11241] undeclared symbol 'bscanid_en_int', assumed default net type 'wire' [/home/miahafiz/NeuroRing_a_sudoku_v2/_x.hw.NUM_4096.CORE_10.FREQ_300/link/vivado/vpl/prj/prj.gen/my_rm/bd/ulp/ipshared/9146/hdl/verilog/bs_switch_v1_0_5_bs_ext.vh:538]
INFO: [Synth 8-11241] undeclared symbol 'bscanid_en_int', assumed default net type 'wire' [/home/miahafiz/NeuroRing_a_sudoku_v2/_x.hw.NUM_4096.CORE_10.FREQ_300/link/vivado/vpl/prj/prj.gen/my_rm/bd/ulp/ipshared/9146/hdl/verilog/bs_switch_v1_0_5_bs_ext.vh:586]
INFO: [Synth 8-11241] undeclared symbol 'bscanid_en_int', assumed default net type 'wire' [/home/miahafiz/NeuroRing_a_sudoku_v2/_x.hw.NUM_4096.CORE_10.FREQ_300/link/vivado/vpl/prj/prj.gen/my_rm/bd/ulp/ipshared/9146/hdl/verilog/bs_switch_v1_0_5_bs_ext.vh:635]
INFO: [Synth 8-11241] undeclared symbol 'bscanid_en_int', assumed default net type 'wire' [/home/miahafiz/NeuroRing_a_sudoku_v2/_x.hw.NUM_4096.CORE_10.FREQ_300/link/vivado/vpl/prj/prj.gen/my_rm/bd/ulp/ipshared/9146/hdl/verilog/bs_switch_v1_0_5_bs_ext.vh:685]
INFO: [Synth 8-6157] synthesizing module 'bd_7cf0_bs_switch_1_0' [/home/miahafiz/NeuroRing_a_sudoku_v2/_x.hw.NUM_4096.CORE_10.FREQ_300/link/vivado/vpl/prj/prj.gen/my_rm/bd/ulp/ip/ulp_ulp_cmp_0/bd_1/ip/ip_2/synth/bd_7cf0_bs_switch_1_0.v:53]
INFO: [Synth 8-6155] done synthesizing module 'bd_7cf0_bs_switch_1_0' (0#1) [/home/miahafiz/NeuroRing_a_sudoku_v2/_x.hw.NUM_4096.CORE_10.FREQ_300/link/vivado/vpl/prj/prj.gen/my_rm/bd/ulp/ip/ulp_ulp_cmp_0/bd_1/ip/ip_2/synth/bd_7cf0_bs_switch_1_0.v:53]
WARNING: [Synth 8-7129] Port drck_1 in module bs_switch_v1_0_5_bs_switch is either unconnected or has no load
WARNING: [Synth 8-7129] Port reset_1 in module bs_switch_v1_0_5_bs_switch is either unconnected or has no load
WARNING: [Synth 8-7129] Port sel_1 in module bs_switch_v1_0_5_bs_switch is either unconnected or has no load
WARNING: [Synth 8-7129] Port capture_1 in module bs_switch_v1_0_5_bs_switch is either unconnected or has no load
WARNING: [Synth 8-7129] Port shift_1 in module bs_switch_v1_0_5_bs_switch is either unconnected or has no load
WARNING: [Synth 8-7129] Port update_1 in module bs_switch_v1_0_5_bs_switch is either unconnected or has no load
WARNING: [Synth 8-7129] Port tdi_1 in module bs_switch_v1_0_5_bs_switch is either unconnected or has no load
WARNING: [Synth 8-7129] Port runtest_1 in module bs_switch_v1_0_5_bs_switch is either unconnected or has no load
WARNING: [Synth 8-7129] Port tck_1 in module bs_switch_v1_0_5_bs_switch is either unconnected or has no load
WARNING: [Synth 8-7129] Port tms_1 in module bs_switch_v1_0_5_bs_switch is either unconnected or has no load
WARNING: [Synth 8-7129] Port bscanid_en_1 in module bs_switch_v1_0_5_bs_switch is either unconnected or has no load
WARNING: [Synth 8-7129] Port drck_2 in module bs_switch_v1_0_5_bs_switch is either unconnected or has no load
WARNING: [Synth 8-7129] Port reset_2 in module bs_switch_v1_0_5_bs_switch is either unconnected or has no load
WARNING: [Synth 8-7129] Port sel_2 in module bs_switch_v1_0_5_bs_switch is either unconnected or has no load
WARNING: [Synth 8-7129] Port capture_2 in module bs_switch_v1_0_5_bs_switch is either unconnected or has no load
WARNING: [Synth 8-7129] Port shift_2 in module bs_switch_v1_0_5_bs_switch is either unconnected or has no load
WARNING: [Synth 8-7129] Port update_2 in module bs_switch_v1_0_5_bs_switch is either unconnected or has no load
WARNING: [Synth 8-7129] Port tdi_2 in module bs_switch_v1_0_5_bs_switch is either unconnected or has no load
WARNING: [Synth 8-7129] Port runtest_2 in module bs_switch_v1_0_5_bs_switch is either unconnected or has no load
WARNING: [Synth 8-7129] Port tck_2 in module bs_switch_v1_0_5_bs_switch is either unconnected or has no load
WARNING: [Synth 8-7129] Port tms_2 in module bs_switch_v1_0_5_bs_switch is either unconnected or has no load
WARNING: [Synth 8-7129] Port bscanid_en_2 in module bs_switch_v1_0_5_bs_switch is either unconnected or has no load
WARNING: [Synth 8-7129] Port drck_3 in module bs_switch_v1_0_5_bs_switch is either unconnected or has no load
WARNING: [Synth 8-7129] Port reset_3 in module bs_switch_v1_0_5_bs_switch is either unconnected or has no load
WARNING: [Synth 8-7129] Port sel_3 in module bs_switch_v1_0_5_bs_switch is either unconnected or has no load
WARNING: [Synth 8-7129] Port capture_3 in module bs_switch_v1_0_5_bs_switch is either unconnected or has no load
WARNING: [Synth 8-7129] Port shift_3 in module bs_switch_v1_0_5_bs_switch is either unconnected or has no load
WARNING: [Synth 8-7129] Port update_3 in module bs_switch_v1_0_5_bs_switch is either unconnected or has no load
WARNING: [Synth 8-7129] Port tdi_3 in module bs_switch_v1_0_5_bs_switch is either unconnected or has no load
WARNING: [Synth 8-7129] Port runtest_3 in module bs_switch_v1_0_5_bs_switch is either unconnected or has no load
WARNING: [Synth 8-7129] Port tck_3 in module bs_switch_v1_0_5_bs_switch is either unconnected or has no load
WARNING: [Synth 8-7129] Port tms_3 in module bs_switch_v1_0_5_bs_switch is either unconnected or has no load
WARNING: [Synth 8-7129] Port bscanid_en_3 in module bs_switch_v1_0_5_bs_switch is either unconnected or has no load
WARNING: [Synth 8-7129] Port drck_4 in module bs_switch_v1_0_5_bs_switch is either unconnected or has no load
WARNING: [Synth 8-7129] Port reset_4 in module bs_switch_v1_0_5_bs_switch is either unconnected or has no load
WARNING: [Synth 8-7129] Port sel_4 in module bs_switch_v1_0_5_bs_switch is either unconnected or has no load
WARNING: [Synth 8-7129] Port capture_4 in module bs_switch_v1_0_5_bs_switch is either unconnected or has no load
WARNING: [Synth 8-7129] Port shift_4 in module bs_switch_v1_0_5_bs_switch is either unconnected or has no load
WARNING: [Synth 8-7129] Port update_4 in module bs_switch_v1_0_5_bs_switch is either unconnected or has no load
WARNING: [Synth 8-7129] Port tdi_4 in module bs_switch_v1_0_5_bs_switch is either unconnected or has no load
WARNING: [Synth 8-7129] Port runtest_4 in module bs_switch_v1_0_5_bs_switch is either unconnected or has no load
WARNING: [Synth 8-7129] Port tck_4 in module bs_switch_v1_0_5_bs_switch is either unconnected or has no load
WARNING: [Synth 8-7129] Port tms_4 in module bs_switch_v1_0_5_bs_switch is either unconnected or has no load
WARNING: [Synth 8-7129] Port bscanid_en_4 in module bs_switch_v1_0_5_bs_switch is either unconnected or has no load
WARNING: [Synth 8-7129] Port drck_5 in module bs_switch_v1_0_5_bs_switch is either unconnected or has no load
WARNING: [Synth 8-7129] Port reset_5 in module bs_switch_v1_0_5_bs_switch is either unconnected or has no load
WARNING: [Synth 8-7129] Port sel_5 in module bs_switch_v1_0_5_bs_switch is either unconnected or has no load
WARNING: [Synth 8-7129] Port capture_5 in module bs_switch_v1_0_5_bs_switch is either unconnected or has no load
WARNING: [Synth 8-7129] Port shift_5 in module bs_switch_v1_0_5_bs_switch is either unconnected or has no load
WARNING: [Synth 8-7129] Port update_5 in module bs_switch_v1_0_5_bs_switch is either unconnected or has no load
WARNING: [Synth 8-7129] Port tdi_5 in module bs_switch_v1_0_5_bs_switch is either unconnected or has no load
WARNING: [Synth 8-7129] Port runtest_5 in module bs_switch_v1_0_5_bs_switch is either unconnected or has no load
WARNING: [Synth 8-7129] Port tck_5 in module bs_switch_v1_0_5_bs_switch is either unconnected or has no load
WARNING: [Synth 8-7129] Port tms_5 in module bs_switch_v1_0_5_bs_switch is either unconnected or has no load
WARNING: [Synth 8-7129] Port bscanid_en_5 in module bs_switch_v1_0_5_bs_switch is either unconnected or has no load
WARNING: [Synth 8-7129] Port drck_6 in module bs_switch_v1_0_5_bs_switch is either unconnected or has no load
WARNING: [Synth 8-7129] Port reset_6 in module bs_switch_v1_0_5_bs_switch is either unconnected or has no load
WARNING: [Synth 8-7129] Port sel_6 in module bs_switch_v1_0_5_bs_switch is either unconnected or has no load
WARNING: [Synth 8-7129] Port capture_6 in module bs_switch_v1_0_5_bs_switch is either unconnected or has no load
WARNING: [Synth 8-7129] Port shift_6 in module bs_switch_v1_0_5_bs_switch is either unconnected or has no load
WARNING: [Synth 8-7129] Port update_6 in module bs_switch_v1_0_5_bs_switch is either unconnected or has no load
WARNING: [Synth 8-7129] Port tdi_6 in module bs_switch_v1_0_5_bs_switch is either unconnected or has no load
WARNING: [Synth 8-7129] Port runtest_6 in module bs_switch_v1_0_5_bs_switch is either unconnected or has no load
WARNING: [Synth 8-7129] Port tck_6 in module bs_switch_v1_0_5_bs_switch is either unconnected or has no load
WARNING: [Synth 8-7129] Port tms_6 in module bs_switch_v1_0_5_bs_switch is either unconnected or has no load
WARNING: [Synth 8-7129] Port bscanid_en_6 in module bs_switch_v1_0_5_bs_switch is either unconnected or has no load
WARNING: [Synth 8-7129] Port drck_7 in module bs_switch_v1_0_5_bs_switch is either unconnected or has no load
WARNING: [Synth 8-7129] Port reset_7 in module bs_switch_v1_0_5_bs_switch is either unconnected or has no load
WARNING: [Synth 8-7129] Port sel_7 in module bs_switch_v1_0_5_bs_switch is either unconnected or has no load
WARNING: [Synth 8-7129] Port capture_7 in module bs_switch_v1_0_5_bs_switch is either unconnected or has no load
WARNING: [Synth 8-7129] Port shift_7 in module bs_switch_v1_0_5_bs_switch is either unconnected or has no load
WARNING: [Synth 8-7129] Port update_7 in module bs_switch_v1_0_5_bs_switch is either unconnected or has no load
WARNING: [Synth 8-7129] Port tdi_7 in module bs_switch_v1_0_5_bs_switch is either unconnected or has no load
WARNING: [Synth 8-7129] Port runtest_7 in module bs_switch_v1_0_5_bs_switch is either unconnected or has no load
WARNING: [Synth 8-7129] Port tck_7 in module bs_switch_v1_0_5_bs_switch is either unconnected or has no load
WARNING: [Synth 8-7129] Port tms_7 in module bs_switch_v1_0_5_bs_switch is either unconnected or has no load
WARNING: [Synth 8-7129] Port bscanid_en_7 in module bs_switch_v1_0_5_bs_switch is either unconnected or has no load
WARNING: [Synth 8-7129] Port drck_8 in module bs_switch_v1_0_5_bs_switch is either unconnected or has no load
WARNING: [Synth 8-7129] Port reset_8 in module bs_switch_v1_0_5_bs_switch is either unconnected or has no load
WARNING: [Synth 8-7129] Port sel_8 in module bs_switch_v1_0_5_bs_switch is either unconnected or has no load
WARNING: [Synth 8-7129] Port capture_8 in module bs_switch_v1_0_5_bs_switch is either unconnected or has no load
WARNING: [Synth 8-7129] Port shift_8 in module bs_switch_v1_0_5_bs_switch is either unconnected or has no load
WARNING: [Synth 8-7129] Port update_8 in module bs_switch_v1_0_5_bs_switch is either unconnected or has no load
WARNING: [Synth 8-7129] Port tdi_8 in module bs_switch_v1_0_5_bs_switch is either unconnected or has no load
WARNING: [Synth 8-7129] Port runtest_8 in module bs_switch_v1_0_5_bs_switch is either unconnected or has no load
WARNING: [Synth 8-7129] Port tck_8 in module bs_switch_v1_0_5_bs_switch is either unconnected or has no load
WARNING: [Synth 8-7129] Port tms_8 in module bs_switch_v1_0_5_bs_switch is either unconnected or has no load
WARNING: [Synth 8-7129] Port bscanid_en_8 in module bs_switch_v1_0_5_bs_switch is either unconnected or has no load
WARNING: [Synth 8-7129] Port drck_9 in module bs_switch_v1_0_5_bs_switch is either unconnected or has no load
WARNING: [Synth 8-7129] Port reset_9 in module bs_switch_v1_0_5_bs_switch is either unconnected or has no load
WARNING: [Synth 8-7129] Port sel_9 in module bs_switch_v1_0_5_bs_switch is either unconnected or has no load
WARNING: [Synth 8-7129] Port capture_9 in module bs_switch_v1_0_5_bs_switch is either unconnected or has no load
WARNING: [Synth 8-7129] Port shift_9 in module bs_switch_v1_0_5_bs_switch is either unconnected or has no load
WARNING: [Synth 8-7129] Port update_9 in module bs_switch_v1_0_5_bs_switch is either unconnected or has no load
WARNING: [Synth 8-7129] Port tdi_9 in module bs_switch_v1_0_5_bs_switch is either unconnected or has no load
WARNING: [Synth 8-7129] Port runtest_9 in module bs_switch_v1_0_5_bs_switch is either unconnected or has no load
WARNING: [Synth 8-7129] Port tck_9 in module bs_switch_v1_0_5_bs_switch is either unconnected or has no load
WARNING: [Synth 8-7129] Port tms_9 in module bs_switch_v1_0_5_bs_switch is either unconnected or has no load
WARNING: [Synth 8-7129] Port bscanid_en_9 in module bs_switch_v1_0_5_bs_switch is either unconnected or has no load
WARNING: [Synth 8-7129] Port drck_10 in module bs_switch_v1_0_5_bs_switch is either unconnected or has no load
INFO: [Common 17-14] Message 'Synth 8-7129' appears 100 times and further instances of the messages will be disabled.
---------------------------------------------------------------------------------
Finished RTL Elaboration : Time (s): cpu = 00:00:07 ; elapsed = 00:00:08 . Memory (MB): peak = 3321.750 ; gain = 372.715 ; free physical = 52111 ; free virtual = 128295
---------------------------------------------------------------------------------
---------------------------------------------------------------------------------
Start Handling Custom Attributes
---------------------------------------------------------------------------------
---------------------------------------------------------------------------------
Finished Handling Custom Attributes : Time (s): cpu = 00:00:07 ; elapsed = 00:00:08 . Memory (MB): peak = 3333.625 ; gain = 384.590 ; free physical = 52059 ; free virtual = 128243
---------------------------------------------------------------------------------
---------------------------------------------------------------------------------
Finished RTL Optimization Phase 1 : Time (s): cpu = 00:00:07 ; elapsed = 00:00:08 . Memory (MB): peak = 3333.625 ; gain = 384.590 ; free physical = 52059 ; free virtual = 128243
---------------------------------------------------------------------------------
Netlist sorting complete. Time (s): cpu = 00:00:00 ; elapsed = 00:00:00 . Memory (MB): peak = 3333.625 ; gain = 0.000 ; free physical = 52043 ; free virtual = 128227
INFO: [Project 1-570] Preparing netlist for logic optimization

Processing XDC Constraints
Initializing timing engine
Parsing XDC File [/home/miahafiz/NeuroRing_a_sudoku_v2/_x.hw.NUM_4096.CORE_10.FREQ_300/link/vivado/vpl/prj/prj.gen/my_rm/bd/ulp/ip/ulp_ulp_cmp_0/bd_1/ip/ip_2/bd_7cf0_bs_switch_1_0_ooc.xdc] for cell 'inst'
Finished Parsing XDC File [/home/miahafiz/NeuroRing_a_sudoku_v2/_x.hw.NUM_4096.CORE_10.FREQ_300/link/vivado/vpl/prj/prj.gen/my_rm/bd/ulp/ip/ulp_ulp_cmp_0/bd_1/ip/ip_2/bd_7cf0_bs_switch_1_0_ooc.xdc] for cell 'inst'
Parsing XDC File [/home/miahafiz/NeuroRing_a_sudoku_v2/_x.hw.NUM_4096.CORE_10.FREQ_300/link/vivado/vpl/prj/prj.gen/my_rm/bd/ulp/ip/ulp_ulp_cmp_0/bd_1/ip/ip_2/constraints/bs_switch.xdc] for cell 'inst'
Finished Parsing XDC File [/home/miahafiz/NeuroRing_a_sudoku_v2/_x.hw.NUM_4096.CORE_10.FREQ_300/link/vivado/vpl/prj/prj.gen/my_rm/bd/ulp/ip/ulp_ulp_cmp_0/bd_1/ip/ip_2/constraints/bs_switch.xdc] for cell 'inst'
INFO: [Project 1-236] Implementation specific constraints were found while reading constraint file [/home/miahafiz/NeuroRing_a_sudoku_v2/_x.hw.NUM_4096.CORE_10.FREQ_300/link/vivado/vpl/prj/prj.gen/my_rm/bd/ulp/ip/ulp_ulp_cmp_0/bd_1/ip/ip_2/constraints/bs_switch.xdc]. These constraints will be ignored for synthesis but will be used in implementation. Impacted constraints are listed in the file [.Xil/bd_7cf0_bs_switch_1_0_propImpl.xdc].
Resolution: To avoid this warning, move constraints listed in [.Xil/bd_7cf0_bs_switch_1_0_propImpl.xdc] to another XDC file and exclude this new file from synthesis with the used_in_synthesis property (File Properties dialog in GUI) and re-run elaboration/synthesis.
Parsing XDC File [/home/miahafiz/NeuroRing_a_sudoku_v2/_x.hw.NUM_4096.CORE_10.FREQ_300/link/vivado/vpl/prj/prj.runs/bd_7cf0_bs_switch_1_0_synth_1/dont_touch.xdc]
Finished Parsing XDC File [/home/miahafiz/NeuroRing_a_sudoku_v2/_x.hw.NUM_4096.CORE_10.FREQ_300/link/vivado/vpl/prj/prj.runs/bd_7cf0_bs_switch_1_0_synth_1/dont_touch.xdc]
Completed Processing XDC Constraints

Netlist sorting complete. Time (s): cpu = 00:00:00 ; elapsed = 00:00:00 . Memory (MB): peak = 3422.484 ; gain = 0.000 ; free physical = 53807 ; free virtual = 129994
INFO: [Project 1-111] Unisim Transformation Summary:
No Unisim elements were transformed.

Constraint Validation Runtime : Time (s): cpu = 00:00:00.05 ; elapsed = 00:00:00.06 . Memory (MB): peak = 3422.520 ; gain = 0.000 ; free physical = 54059 ; free virtual = 130248
INFO: [Designutils 20-5008] Incremental synthesis strategy off
---------------------------------------------------------------------------------
Finished Constraint Validation : Time (s): cpu = 00:00:16 ; elapsed = 00:00:18 . Memory (MB): peak = 3422.520 ; gain = 473.484 ; free physical = 54303 ; free virtual = 130534
---------------------------------------------------------------------------------
---------------------------------------------------------------------------------
Start Loading Part and Timing Information
---------------------------------------------------------------------------------
Loading part: xcu55c-fsvh2892-2L-e
INFO: [Synth 8-6742] Reading net delay rules and data
---------------------------------------------------------------------------------
Finished Loading Part and Timing Information : Time (s): cpu = 00:00:16 ; elapsed = 00:00:18 . Memory (MB): peak = 3430.488 ; gain = 481.453 ; free physical = 54298 ; free virtual = 130530
---------------------------------------------------------------------------------
---------------------------------------------------------------------------------
Start Applying 'set_property' XDC Constraints
---------------------------------------------------------------------------------
---------------------------------------------------------------------------------
Finished applying 'set_property' XDC Constraints : Time (s): cpu = 00:00:16 ; elapsed = 00:00:18 . Memory (MB): peak = 3430.488 ; gain = 481.453 ; free physical = 54842 ; free virtual = 131074
---------------------------------------------------------------------------------
INFO: [Synth 8-802] inferred FSM for state register 'id_state_reg' in module 'bs_switch_v1_0_5_core'
INFO: [Synth 8-6159] Found Keep on FSM register 'id_state_reg' in module 'bs_switch_v1_0_5_core', re-encoding will not be performed
---------------------------------------------------------------------------------------------------
                   State |                     New Encoding |                Previous Encoding 
---------------------------------------------------------------------------------------------------
*
                  iSTATE |                               00 |                               00
                 iSTATE0 |                               01 |                               01
---------------------------------------------------------------------------------------------------
---------------------------------------------------------------------------------
Finished RTL Optimization Phase 2 : Time (s): cpu = 00:00:17 ; elapsed = 00:00:19 . Memory (MB): peak = 3430.488 ; gain = 481.453 ; free physical = 57254 ; free virtual = 133461
---------------------------------------------------------------------------------
---------------------------------------------------------------------------------
Start RTL Component Statistics 
---------------------------------------------------------------------------------
Detailed RTL Component Info : 
+---Adders : 
	   2 Input    6 Bit       Adders := 1     
+---Registers : 
	               32 Bit    Registers := 3     
	                8 Bit    Registers := 1     
	                6 Bit    Registers := 2     
	                3 Bit    Registers := 2     
	                1 Bit    Registers := 1     
+---Muxes : 
	   2 Input   32 Bit        Muxes := 6     
	   2 Input    8 Bit        Muxes := 1     
	   2 Input    6 Bit        Muxes := 4     
	   2 Input    3 Bit        Muxes := 3     
	   3 Input    2 Bit        Muxes := 1     
	   2 Input    2 Bit        Muxes := 2     
	   2 Input    1 Bit        Muxes := 15    
	   3 Input    1 Bit        Muxes := 1     
---------------------------------------------------------------------------------
Finished RTL Component Statistics 
---------------------------------------------------------------------------------
---------------------------------------------------------------------------------
Start Part Resource Summary
---------------------------------------------------------------------------------
Part Resources:
DSPs: 9024 (col length:94)
BRAMs: 4032 (col length: RAMB18 288 RAMB36 144)
---------------------------------------------------------------------------------
Finished Part Resource Summary
---------------------------------------------------------------------------------
---------------------------------------------------------------------------------
Start Cross Boundary and Area Optimization
---------------------------------------------------------------------------------
WARNING: [Synth 8-7080] Parallel synthesis criteria is not met
---------------------------------------------------------------------------------
Finished Cross Boundary and Area Optimization : Time (s): cpu = 00:00:19 ; elapsed = 00:00:22 . Memory (MB): peak = 3430.488 ; gain = 481.453 ; free physical = 56261 ; free virtual = 132493
---------------------------------------------------------------------------------
---------------------------------------------------------------------------------
Start Applying XDC Timing Constraints
---------------------------------------------------------------------------------
---------------------------------------------------------------------------------
Finished Applying XDC Timing Constraints : Time (s): cpu = 00:00:27 ; elapsed = 00:00:30 . Memory (MB): peak = 3879.867 ; gain = 930.832 ; free physical = 58790 ; free virtual = 135010
---------------------------------------------------------------------------------
---------------------------------------------------------------------------------
Start Timing Optimization
---------------------------------------------------------------------------------
---------------------------------------------------------------------------------
Finished Timing Optimization : Time (s): cpu = 00:00:27 ; elapsed = 00:00:30 . Memory (MB): peak = 3879.867 ; gain = 930.832 ; free physical = 58782 ; free virtual = 135002
---------------------------------------------------------------------------------
---------------------------------------------------------------------------------
Start Technology Mapping
---------------------------------------------------------------------------------
---------------------------------------------------------------------------------
Finished Technology Mapping : Time (s): cpu = 00:00:27 ; elapsed = 00:00:30 . Memory (MB): peak = 3898.898 ; gain = 949.863 ; free physical = 58748 ; free virtual = 134968
---------------------------------------------------------------------------------
---------------------------------------------------------------------------------
Start IO Insertion
---------------------------------------------------------------------------------
---------------------------------------------------------------------------------
Start Flattening Before IO Insertion
---------------------------------------------------------------------------------
---------------------------------------------------------------------------------
Finished Flattening Before IO Insertion
---------------------------------------------------------------------------------
---------------------------------------------------------------------------------
Start Final Netlist Cleanup
---------------------------------------------------------------------------------
---------------------------------------------------------------------------------
Finished Final Netlist Cleanup
---------------------------------------------------------------------------------
---------------------------------------------------------------------------------
Finished IO Insertion : Time (s): cpu = 00:00:32 ; elapsed = 00:00:35 . Memory (MB): peak = 4065.711 ; gain = 1116.676 ; free physical = 55524 ; free virtual = 131727
---------------------------------------------------------------------------------
---------------------------------------------------------------------------------
Start Renaming Generated Instances
---------------------------------------------------------------------------------
---------------------------------------------------------------------------------
Finished Renaming Generated Instances : Time (s): cpu = 00:00:32 ; elapsed = 00:00:35 . Memory (MB): peak = 4065.711 ; gain = 1116.676 ; free physical = 55523 ; free virtual = 131725
---------------------------------------------------------------------------------
---------------------------------------------------------------------------------
Start Rebuilding User Hierarchy
---------------------------------------------------------------------------------
---------------------------------------------------------------------------------
Finished Rebuilding User Hierarchy : Time (s): cpu = 00:00:32 ; elapsed = 00:00:35 . Memory (MB): peak = 4065.711 ; gain = 1116.676 ; free physical = 55511 ; free virtual = 131714
---------------------------------------------------------------------------------
---------------------------------------------------------------------------------
Start Renaming Generated Ports
---------------------------------------------------------------------------------
---------------------------------------------------------------------------------
Finished Renaming Generated Ports : Time (s): cpu = 00:00:32 ; elapsed = 00:00:35 . Memory (MB): peak = 4065.711 ; gain = 1116.676 ; free physical = 55508 ; free virtual = 131711
---------------------------------------------------------------------------------
---------------------------------------------------------------------------------
Start Handling Custom Attributes
---------------------------------------------------------------------------------
---------------------------------------------------------------------------------
Finished Handling Custom Attributes : Time (s): cpu = 00:00:32 ; elapsed = 00:00:35 . Memory (MB): peak = 4065.711 ; gain = 1116.676 ; free physical = 55500 ; free virtual = 131702
---------------------------------------------------------------------------------
---------------------------------------------------------------------------------
Start Renaming Generated Nets
---------------------------------------------------------------------------------
---------------------------------------------------------------------------------
Finished Renaming Generated Nets : Time (s): cpu = 00:00:32 ; elapsed = 00:00:35 . Memory (MB): peak = 4065.711 ; gain = 1116.676 ; free physical = 55496 ; free virtual = 131698
---------------------------------------------------------------------------------
---------------------------------------------------------------------------------
Start Writing Synthesis Report
---------------------------------------------------------------------------------

Report BlackBoxes: 
+-+--------------+----------+
| |BlackBox name |Instances |
+-+--------------+----------+
+-+--------------+----------+

Report Cell Usage: 
+------+-------+------+
|      |Cell   |Count |
+------+-------+------+
|1     |CARRY8 |     1|
|2     |LUT1   |     1|
|3     |LUT2   |    34|
|4     |LUT3   |    13|
|5     |LUT4   |    36|
|6     |LUT5   |    45|
|7     |LUT6   |    19|
|8     |FDRE   |   120|
|9     |FDSE   |     5|
+------+-------+------+
---------------------------------------------------------------------------------
Finished Writing Synthesis Report : Time (s): cpu = 00:00:32 ; elapsed = 00:00:35 . Memory (MB): peak = 4065.711 ; gain = 1116.676 ; free physical = 55492 ; free virtual = 131695
---------------------------------------------------------------------------------
Synthesis finished with 0 errors, 0 critical warnings and 193 warnings.
Synthesis Optimization Runtime : Time (s): cpu = 00:00:29 ; elapsed = 00:00:33 . Memory (MB): peak = 4065.711 ; gain = 1027.781 ; free physical = 55339 ; free virtual = 131541
Synthesis Optimization Complete : Time (s): cpu = 00:00:32 ; elapsed = 00:00:36 . Memory (MB): peak = 4065.711 ; gain = 1116.676 ; free physical = 55335 ; free virtual = 131537
INFO: [Project 1-571] Translating synthesized netlist
Netlist sorting complete. Time (s): cpu = 00:00:00 ; elapsed = 00:00:00.01 . Memory (MB): peak = 4065.711 ; gain = 0.000 ; free physical = 55335 ; free virtual = 131538
INFO: [Netlist 29-17] Analyzing 1 Unisim elements for replacement
INFO: [Netlist 29-28] Unisim Transformation completed in 0 CPU seconds
INFO: [Project 1-570] Preparing netlist for logic optimization
INFO: [Opt 31-138] Pushed 0 inverter(s) to 0 load pin(s).
Netlist sorting complete. Time (s): cpu = 00:00:00 ; elapsed = 00:00:00 . Memory (MB): peak = 4065.711 ; gain = 0.000 ; free physical = 52449 ; free virtual = 128651
INFO: [Project 1-111] Unisim Transformation Summary:
No Unisim elements were transformed.

Synth Design complete | Checksum: 5c7c56da
INFO: [Common 17-83] Releasing license: Synthesis
46 Infos, 105 Warnings, 0 Critical Warnings and 0 Errors encountered.
synth_design completed successfully
synth_design: Time (s): cpu = 00:00:51 ; elapsed = 00:00:52 . Memory (MB): peak = 4065.711 ; gain = 2487.766 ; free physical = 51390 ; free virtual = 127592
INFO: [Common 17-2834] synth_design peak Physical Memory [PSS] (MB): overall = 3012.988; main = 2986.407; forked = 171.616
INFO: [Common 17-2834] synth_design peak Virtual Memory [VSS] (MB): overall = 4854.109; main = 4038.016; forked = 955.207
Write ShapeDB Complete: Time (s): cpu = 00:00:00 ; elapsed = 00:00:00 . Memory (MB): peak = 4065.711 ; gain = 0.000 ; free physical = 51556 ; free virtual = 127759
INFO: [Common 17-1381] The checkpoint '/home/miahafiz/NeuroRing_a_sudoku_v2/_x.hw.NUM_4096.CORE_10.FREQ_300/link/vivado/vpl/prj/prj.runs/bd_7cf0_bs_switch_1_0_synth_1/bd_7cf0_bs_switch_1_0.dcp' has been generated.
INFO: [Coretcl 2-1648] Added synthesis output to IP cache for IP bd_7cf0_bs_switch_1_0, cache-ID = ae1fbdcb4f7ebb89
INFO: [Coretcl 2-1174] Renamed 2 cell refs.
Write ShapeDB Complete: Time (s): cpu = 00:00:00 ; elapsed = 00:00:00.04 . Memory (MB): peak = 4065.711 ; gain = 0.000 ; free physical = 54649 ; free virtual = 130885
INFO: [Common 17-1381] The checkpoint '/home/miahafiz/NeuroRing_a_sudoku_v2/_x.hw.NUM_4096.CORE_10.FREQ_300/link/vivado/vpl/prj/prj.runs/bd_7cf0_bs_switch_1_0_synth_1/bd_7cf0_bs_switch_1_0.dcp' has been generated.
INFO: [Vivado 12-24828] Executing command : report_utilization -file bd_7cf0_bs_switch_1_0_utilization_synth.rpt -pb bd_7cf0_bs_switch_1_0_utilization_synth.pb
INFO: [Common 17-206] Exiting Vivado at Wed Feb 25 13:02:27 2026...
