
*** Running vivado
    with args -log bd_85ad_slice0_14_0.vds -m64 -product Vivado -mode batch -messageDb vivado.pb -notrace -source bd_85ad_slice0_14_0.tcl


****** Vivado v2025.1 (64-bit)
  **** SW Build 6140274 on Wed May 21 22:58:25 MDT 2025
  **** IP Build 6138677 on Thu May 22 03:10:11 MDT 2025
  **** SharedData Build 6139179 on Tue May 20 17:58:58 MDT 2025
  **** Start of session at: Fri Feb 27 05:56:13 2026
    ** Copyright 1986-2022 Xilinx, Inc. All Rights Reserved.
    ** Copyright 2022-2025 Advanced Micro Devices, Inc. All Rights Reserved.

source bd_85ad_slice0_14_0.tcl -notrace
INFO: Dispatch client connection id - 42901
create_project: Time (s): cpu = 00:00:11 ; elapsed = 00:00:13 . Memory (MB): peak = 1537.316 ; gain = 0.023 ; free physical = 24522 ; free virtual = 98876
INFO: [IP_Flow 19-234] Refreshing IP repositories
INFO: [IP_Flow 19-1700] Loaded user IP repository '/home/miahafiz/NeuroRing_a_4096_10c/_x.hw.NUM_4096.CORE_10.FREQ_300/link/int/xo/ip_repo/xilinx_com_hls_SynapseRouter_1_0'.
INFO: [IP_Flow 19-1700] Loaded user IP repository '/home/miahafiz/NeuroRing_a_4096_10c/_x.hw.NUM_4096.CORE_10.FREQ_300/link/int/xo/ip_repo/xilinx_com_hls_NeuroRing_1_0'.
INFO: [IP_Flow 19-1700] Loaded user IP repository '/home/miahafiz/NeuroRing_a_4096_10c/_x.hw.NUM_4096.CORE_10.FREQ_300/link/vivado/vpl/.local/hw_platform/iprepo'.
INFO: [IP_Flow 19-1700] Loaded user IP repository '/opt/xilinx/2025.1/Vitis/data/cache/xilinx'.
INFO: [IP_Flow 19-1700] Loaded user IP repository '/home/miahafiz/NeuroRing_a_4096_10c/_x.hw.NUM_4096.CORE_10.FREQ_300/link/vivado/vpl/.local/hw_platform/ipcache'.
INFO: [IP_Flow 19-1700] Loaded user IP repository '/opt/xilinx/2025.1/Vitis/data/vitis/ip'.
INFO: [IP_Flow 19-2313] Loaded Vivado IP repository '/opt/xilinx/2025.1/Vivado/data/ip'.
WARNING: [IP_Flow 19-1663] Duplicate IP found for 'xilinx.com:ip:axi_clk_metadata_adapter:1.0'. The one found in IP location '/home/miahafiz/NeuroRing_a_4096_10c/_x.hw.NUM_4096.CORE_10.FREQ_300/link/vivado/vpl/.local/hw_platform/iprepo/ipdefs/other_ipdefs/axi_clk_metadata_adapter_v1_0' will take precedence over the same IP in location /home/miahafiz/NeuroRing_a_4096_10c/_x.hw.NUM_4096.CORE_10.FREQ_300/link/vivado/vpl/.local/hw_platform/iprepo/ipdefs/pxi_ii_infra/axi_clk_metadata_adapter_v1_0
WARNING: [IP_Flow 19-1663] Duplicate IP found for 'xilinx.com:ip:axis_clk_metadata_adapter:1.0'. The one found in IP location '/home/miahafiz/NeuroRing_a_4096_10c/_x.hw.NUM_4096.CORE_10.FREQ_300/link/vivado/vpl/.local/hw_platform/iprepo/ipdefs/other_ipdefs/axis_clk_metadata_adapter_v1_0' will take precedence over the same IP in location /home/miahafiz/NeuroRing_a_4096_10c/_x.hw.NUM_4096.CORE_10.FREQ_300/link/vivado/vpl/.local/hw_platform/iprepo/ipdefs/pxi_ii_infra/axis_clk_metadata_adapter_v1_0
WARNING: [IP_Flow 19-1663] Duplicate IP found for 'xilinx.com:ip:clk_metadata_adapter:1.0'. The one found in IP location '/home/miahafiz/NeuroRing_a_4096_10c/_x.hw.NUM_4096.CORE_10.FREQ_300/link/vivado/vpl/.local/hw_platform/iprepo/ipdefs/other_ipdefs/clk_metadata_adapter_v1_0' will take precedence over the same IP in location /home/miahafiz/NeuroRing_a_4096_10c/_x.hw.NUM_4096.CORE_10.FREQ_300/link/vivado/vpl/.local/hw_platform/iprepo/ipdefs/pxi_ii_infra/clk_metadata_adapter_v1_0
WARNING: [IP_Flow 19-1663] Duplicate IP found for 'xilinx.com:ip:pipeline_reg:1.0'. The one found in IP location '/home/miahafiz/NeuroRing_a_4096_10c/_x.hw.NUM_4096.CORE_10.FREQ_300/link/vivado/vpl/.local/hw_platform/iprepo/ipdefs/other_ipdefs/pipeline_reg_v1_0' will take precedence over the same IP in location /home/miahafiz/NeuroRing_a_4096_10c/_x.hw.NUM_4096.CORE_10.FREQ_300/link/vivado/vpl/.local/hw_platform/iprepo/ipdefs/pxi_ii_infra/pipeline_reg_v1_0
Command: synth_design -top bd_85ad_slice0_14_0 -part xcu55c-fsvh2892-2L-e -incremental_mode off -mode out_of_context
Starting synth_design
Attempting to get a license for feature 'Synthesis' and/or device 'xcu55c'
INFO: [Common 17-349] Got license for feature 'Synthesis' and/or device 'xcu55c'
INFO: [Device 21-403] Loading part xcu55c-fsvh2892-2L-e
INFO: [Synth 8-7079] Multithreading enabled for synth_design using a maximum of 1 processes.
INFO: [Synth 8-7078] Launching helper process for spawning children vivado processes
INFO: [Synth 8-7075] Helper process launched with PID 948084
---------------------------------------------------------------------------------
Starting RTL Elaboration : Time (s): cpu = 00:00:06 ; elapsed = 00:00:06 . Memory (MB): peak = 3237.379 ; gain = 288.777 ; free physical = 23640 ; free virtual = 98340
---------------------------------------------------------------------------------
INFO: [Synth 8-6157] synthesizing module 'bd_85ad_slice0_14_0' [/home/miahafiz/NeuroRing_a_4096_10c/_x.hw.NUM_4096.CORE_10.FREQ_300/link/vivado/vpl/prj/prj.gen/my_rm/bd/ulp/ip/ulp_hmss_0_0/bd_0/ip/ip_22/synth/bd_85ad_slice0_14_0.v:53]
INFO: [Synth 8-6157] synthesizing module 'axi_register_slice_v2_1_35_axi_register_slice' [/home/miahafiz/NeuroRing_a_4096_10c/_x.hw.NUM_4096.CORE_10.FREQ_300/link/vivado/vpl/prj/prj.gen/my_rm/bd/ulp/ipshared/c5b7/hdl/axi_register_slice_v2_1_vl_rfs.v:3721]
INFO: [Synth 8-6157] synthesizing module 'axi_infrastructure_v1_1_0_axi2vector' [/home/miahafiz/NeuroRing_a_4096_10c/_x.hw.NUM_4096.CORE_10.FREQ_300/link/vivado/vpl/prj/prj.gen/my_rm/bd/ulp/ipshared/ec67/hdl/axi_infrastructure_v1_1_vl_rfs.v:59]
INFO: [Synth 8-6155] done synthesizing module 'axi_infrastructure_v1_1_0_axi2vector' (0#1) [/home/miahafiz/NeuroRing_a_4096_10c/_x.hw.NUM_4096.CORE_10.FREQ_300/link/vivado/vpl/prj/prj.gen/my_rm/bd/ulp/ipshared/ec67/hdl/axi_infrastructure_v1_1_vl_rfs.v:59]
INFO: [Synth 8-6157] synthesizing module 'axi_infrastructure_v1_1_0_vector2axi' [/home/miahafiz/NeuroRing_a_4096_10c/_x.hw.NUM_4096.CORE_10.FREQ_300/link/vivado/vpl/prj/prj.gen/my_rm/bd/ulp/ipshared/ec67/hdl/axi_infrastructure_v1_1_vl_rfs.v:473]
INFO: [Synth 8-6155] done synthesizing module 'axi_infrastructure_v1_1_0_vector2axi' (0#1) [/home/miahafiz/NeuroRing_a_4096_10c/_x.hw.NUM_4096.CORE_10.FREQ_300/link/vivado/vpl/prj/prj.gen/my_rm/bd/ulp/ipshared/ec67/hdl/axi_infrastructure_v1_1_vl_rfs.v:473]
INFO: [Synth 8-6157] synthesizing module 'axi_register_slice_v2_1_35_multi_slr' [/home/miahafiz/NeuroRing_a_4096_10c/_x.hw.NUM_4096.CORE_10.FREQ_300/link/vivado/vpl/prj/prj.gen/my_rm/bd/ulp/ipshared/c5b7/hdl/axi_register_slice_v2_1_vl_rfs.v:2197]
INFO: [Synth 8-6157] synthesizing module 'axi_register_slice_v2_1_35_source_region_slr' [/home/miahafiz/NeuroRing_a_4096_10c/_x.hw.NUM_4096.CORE_10.FREQ_300/link/vivado/vpl/prj/prj.gen/my_rm/bd/ulp/ipshared/c5b7/hdl/axi_register_slice_v2_1_vl_rfs.v:2850]
INFO: [Synth 8-6157] synthesizing module 'FDCE' [/opt/xilinx/2025.1/Vivado/scripts/rt/data/unisim_comp.v:44015]
INFO: [Synth 8-6155] done synthesizing module 'FDCE' (0#1) [/opt/xilinx/2025.1/Vivado/scripts/rt/data/unisim_comp.v:44015]
INFO: [Synth 8-6155] done synthesizing module 'axi_register_slice_v2_1_35_source_region_slr' (0#1) [/home/miahafiz/NeuroRing_a_4096_10c/_x.hw.NUM_4096.CORE_10.FREQ_300/link/vivado/vpl/prj/prj.gen/my_rm/bd/ulp/ipshared/c5b7/hdl/axi_register_slice_v2_1_vl_rfs.v:2850]
INFO: [Synth 8-6157] synthesizing module 'axi_register_slice_v2_1_35_middle_region_slr' [/home/miahafiz/NeuroRing_a_4096_10c/_x.hw.NUM_4096.CORE_10.FREQ_300/link/vivado/vpl/prj/prj.gen/my_rm/bd/ulp/ipshared/c5b7/hdl/axi_register_slice_v2_1_vl_rfs.v:2709]
INFO: [Synth 8-6155] done synthesizing module 'axi_register_slice_v2_1_35_middle_region_slr' (0#1) [/home/miahafiz/NeuroRing_a_4096_10c/_x.hw.NUM_4096.CORE_10.FREQ_300/link/vivado/vpl/prj/prj.gen/my_rm/bd/ulp/ipshared/c5b7/hdl/axi_register_slice_v2_1_vl_rfs.v:2709]
INFO: [Synth 8-6157] synthesizing module 'axi_register_slice_v2_1_35_dest_region_slr' [/home/miahafiz/NeuroRing_a_4096_10c/_x.hw.NUM_4096.CORE_10.FREQ_300/link/vivado/vpl/prj/prj.gen/my_rm/bd/ulp/ipshared/c5b7/hdl/axi_register_slice_v2_1_vl_rfs.v:3034]
INFO: [Synth 8-6157] synthesizing module 'axi_register_slice_v2_1_35_axic_reg_srl_fifo' [/home/miahafiz/NeuroRing_a_4096_10c/_x.hw.NUM_4096.CORE_10.FREQ_300/link/vivado/vpl/prj/prj.gen/my_rm/bd/ulp/ipshared/c5b7/hdl/axi_register_slice_v2_1_vl_rfs.v:3438]
INFO: [Synth 8-6157] synthesizing module 'axi_register_slice_v2_1_35_srl_rtl' [/home/miahafiz/NeuroRing_a_4096_10c/_x.hw.NUM_4096.CORE_10.FREQ_300/link/vivado/vpl/prj/prj.gen/my_rm/bd/ulp/ipshared/c5b7/hdl/axi_register_slice_v2_1_vl_rfs.v:1468]
INFO: [Synth 8-6155] done synthesizing module 'axi_register_slice_v2_1_35_srl_rtl' (0#1) [/home/miahafiz/NeuroRing_a_4096_10c/_x.hw.NUM_4096.CORE_10.FREQ_300/link/vivado/vpl/prj/prj.gen/my_rm/bd/ulp/ipshared/c5b7/hdl/axi_register_slice_v2_1_vl_rfs.v:1468]
INFO: [Synth 8-6155] done synthesizing module 'axi_register_slice_v2_1_35_axic_reg_srl_fifo' (0#1) [/home/miahafiz/NeuroRing_a_4096_10c/_x.hw.NUM_4096.CORE_10.FREQ_300/link/vivado/vpl/prj/prj.gen/my_rm/bd/ulp/ipshared/c5b7/hdl/axi_register_slice_v2_1_vl_rfs.v:3438]
INFO: [Synth 8-6155] done synthesizing module 'axi_register_slice_v2_1_35_dest_region_slr' (0#1) [/home/miahafiz/NeuroRing_a_4096_10c/_x.hw.NUM_4096.CORE_10.FREQ_300/link/vivado/vpl/prj/prj.gen/my_rm/bd/ulp/ipshared/c5b7/hdl/axi_register_slice_v2_1_vl_rfs.v:3034]
INFO: [Synth 8-6155] done synthesizing module 'axi_register_slice_v2_1_35_multi_slr' (0#1) [/home/miahafiz/NeuroRing_a_4096_10c/_x.hw.NUM_4096.CORE_10.FREQ_300/link/vivado/vpl/prj/prj.gen/my_rm/bd/ulp/ipshared/c5b7/hdl/axi_register_slice_v2_1_vl_rfs.v:2197]
INFO: [Synth 8-6157] synthesizing module 'axi_register_slice_v2_1_35_multi_slr__parameterized0' [/home/miahafiz/NeuroRing_a_4096_10c/_x.hw.NUM_4096.CORE_10.FREQ_300/link/vivado/vpl/prj/prj.gen/my_rm/bd/ulp/ipshared/c5b7/hdl/axi_register_slice_v2_1_vl_rfs.v:2197]
INFO: [Synth 8-6157] synthesizing module 'axi_register_slice_v2_1_35_source_region_slr__parameterized0' [/home/miahafiz/NeuroRing_a_4096_10c/_x.hw.NUM_4096.CORE_10.FREQ_300/link/vivado/vpl/prj/prj.gen/my_rm/bd/ulp/ipshared/c5b7/hdl/axi_register_slice_v2_1_vl_rfs.v:2850]
INFO: [Synth 8-6155] done synthesizing module 'axi_register_slice_v2_1_35_source_region_slr__parameterized0' (0#1) [/home/miahafiz/NeuroRing_a_4096_10c/_x.hw.NUM_4096.CORE_10.FREQ_300/link/vivado/vpl/prj/prj.gen/my_rm/bd/ulp/ipshared/c5b7/hdl/axi_register_slice_v2_1_vl_rfs.v:2850]
INFO: [Synth 8-6157] synthesizing module 'axi_register_slice_v2_1_35_middle_region_slr__parameterized0' [/home/miahafiz/NeuroRing_a_4096_10c/_x.hw.NUM_4096.CORE_10.FREQ_300/link/vivado/vpl/prj/prj.gen/my_rm/bd/ulp/ipshared/c5b7/hdl/axi_register_slice_v2_1_vl_rfs.v:2709]
INFO: [Synth 8-6155] done synthesizing module 'axi_register_slice_v2_1_35_middle_region_slr__parameterized0' (0#1) [/home/miahafiz/NeuroRing_a_4096_10c/_x.hw.NUM_4096.CORE_10.FREQ_300/link/vivado/vpl/prj/prj.gen/my_rm/bd/ulp/ipshared/c5b7/hdl/axi_register_slice_v2_1_vl_rfs.v:2709]
INFO: [Synth 8-6157] synthesizing module 'axi_register_slice_v2_1_35_dest_region_slr__parameterized0' [/home/miahafiz/NeuroRing_a_4096_10c/_x.hw.NUM_4096.CORE_10.FREQ_300/link/vivado/vpl/prj/prj.gen/my_rm/bd/ulp/ipshared/c5b7/hdl/axi_register_slice_v2_1_vl_rfs.v:3034]
INFO: [Synth 8-6157] synthesizing module 'axi_register_slice_v2_1_35_axic_reg_srl_fifo__parameterized0' [/home/miahafiz/NeuroRing_a_4096_10c/_x.hw.NUM_4096.CORE_10.FREQ_300/link/vivado/vpl/prj/prj.gen/my_rm/bd/ulp/ipshared/c5b7/hdl/axi_register_slice_v2_1_vl_rfs.v:3438]
INFO: [Synth 8-6155] done synthesizing module 'axi_register_slice_v2_1_35_axic_reg_srl_fifo__parameterized0' (0#1) [/home/miahafiz/NeuroRing_a_4096_10c/_x.hw.NUM_4096.CORE_10.FREQ_300/link/vivado/vpl/prj/prj.gen/my_rm/bd/ulp/ipshared/c5b7/hdl/axi_register_slice_v2_1_vl_rfs.v:3438]
INFO: [Synth 8-6155] done synthesizing module 'axi_register_slice_v2_1_35_dest_region_slr__parameterized0' (0#1) [/home/miahafiz/NeuroRing_a_4096_10c/_x.hw.NUM_4096.CORE_10.FREQ_300/link/vivado/vpl/prj/prj.gen/my_rm/bd/ulp/ipshared/c5b7/hdl/axi_register_slice_v2_1_vl_rfs.v:3034]
INFO: [Synth 8-6155] done synthesizing module 'axi_register_slice_v2_1_35_multi_slr__parameterized0' (0#1) [/home/miahafiz/NeuroRing_a_4096_10c/_x.hw.NUM_4096.CORE_10.FREQ_300/link/vivado/vpl/prj/prj.gen/my_rm/bd/ulp/ipshared/c5b7/hdl/axi_register_slice_v2_1_vl_rfs.v:2197]
INFO: [Synth 8-6157] synthesizing module 'axi_register_slice_v2_1_35_multi_slr__parameterized1' [/home/miahafiz/NeuroRing_a_4096_10c/_x.hw.NUM_4096.CORE_10.FREQ_300/link/vivado/vpl/prj/prj.gen/my_rm/bd/ulp/ipshared/c5b7/hdl/axi_register_slice_v2_1_vl_rfs.v:2197]
INFO: [Synth 8-6157] synthesizing module 'axi_register_slice_v2_1_35_source_region_slr__parameterized1' [/home/miahafiz/NeuroRing_a_4096_10c/_x.hw.NUM_4096.CORE_10.FREQ_300/link/vivado/vpl/prj/prj.gen/my_rm/bd/ulp/ipshared/c5b7/hdl/axi_register_slice_v2_1_vl_rfs.v:2850]
INFO: [Synth 8-6155] done synthesizing module 'axi_register_slice_v2_1_35_source_region_slr__parameterized1' (0#1) [/home/miahafiz/NeuroRing_a_4096_10c/_x.hw.NUM_4096.CORE_10.FREQ_300/link/vivado/vpl/prj/prj.gen/my_rm/bd/ulp/ipshared/c5b7/hdl/axi_register_slice_v2_1_vl_rfs.v:2850]
INFO: [Synth 8-6157] synthesizing module 'axi_register_slice_v2_1_35_middle_region_slr__parameterized1' [/home/miahafiz/NeuroRing_a_4096_10c/_x.hw.NUM_4096.CORE_10.FREQ_300/link/vivado/vpl/prj/prj.gen/my_rm/bd/ulp/ipshared/c5b7/hdl/axi_register_slice_v2_1_vl_rfs.v:2709]
INFO: [Synth 8-6155] done synthesizing module 'axi_register_slice_v2_1_35_middle_region_slr__parameterized1' (0#1) [/home/miahafiz/NeuroRing_a_4096_10c/_x.hw.NUM_4096.CORE_10.FREQ_300/link/vivado/vpl/prj/prj.gen/my_rm/bd/ulp/ipshared/c5b7/hdl/axi_register_slice_v2_1_vl_rfs.v:2709]
INFO: [Synth 8-6157] synthesizing module 'axi_register_slice_v2_1_35_dest_region_slr__parameterized1' [/home/miahafiz/NeuroRing_a_4096_10c/_x.hw.NUM_4096.CORE_10.FREQ_300/link/vivado/vpl/prj/prj.gen/my_rm/bd/ulp/ipshared/c5b7/hdl/axi_register_slice_v2_1_vl_rfs.v:3034]
INFO: [Synth 8-6157] synthesizing module 'axi_register_slice_v2_1_35_axic_reg_srl_fifo__parameterized1' [/home/miahafiz/NeuroRing_a_4096_10c/_x.hw.NUM_4096.CORE_10.FREQ_300/link/vivado/vpl/prj/prj.gen/my_rm/bd/ulp/ipshared/c5b7/hdl/axi_register_slice_v2_1_vl_rfs.v:3438]
INFO: [Synth 8-6155] done synthesizing module 'axi_register_slice_v2_1_35_axic_reg_srl_fifo__parameterized1' (0#1) [/home/miahafiz/NeuroRing_a_4096_10c/_x.hw.NUM_4096.CORE_10.FREQ_300/link/vivado/vpl/prj/prj.gen/my_rm/bd/ulp/ipshared/c5b7/hdl/axi_register_slice_v2_1_vl_rfs.v:3438]
INFO: [Synth 8-6155] done synthesizing module 'axi_register_slice_v2_1_35_dest_region_slr__parameterized1' (0#1) [/home/miahafiz/NeuroRing_a_4096_10c/_x.hw.NUM_4096.CORE_10.FREQ_300/link/vivado/vpl/prj/prj.gen/my_rm/bd/ulp/ipshared/c5b7/hdl/axi_register_slice_v2_1_vl_rfs.v:3034]
INFO: [Synth 8-6155] done synthesizing module 'axi_register_slice_v2_1_35_multi_slr__parameterized1' (0#1) [/home/miahafiz/NeuroRing_a_4096_10c/_x.hw.NUM_4096.CORE_10.FREQ_300/link/vivado/vpl/prj/prj.gen/my_rm/bd/ulp/ipshared/c5b7/hdl/axi_register_slice_v2_1_vl_rfs.v:2197]
INFO: [Synth 8-6157] synthesizing module 'axi_register_slice_v2_1_35_multi_slr__parameterized2' [/home/miahafiz/NeuroRing_a_4096_10c/_x.hw.NUM_4096.CORE_10.FREQ_300/link/vivado/vpl/prj/prj.gen/my_rm/bd/ulp/ipshared/c5b7/hdl/axi_register_slice_v2_1_vl_rfs.v:2197]
INFO: [Synth 8-6157] synthesizing module 'axi_register_slice_v2_1_35_source_region_slr__parameterized2' [/home/miahafiz/NeuroRing_a_4096_10c/_x.hw.NUM_4096.CORE_10.FREQ_300/link/vivado/vpl/prj/prj.gen/my_rm/bd/ulp/ipshared/c5b7/hdl/axi_register_slice_v2_1_vl_rfs.v:2850]
INFO: [Synth 8-6155] done synthesizing module 'axi_register_slice_v2_1_35_source_region_slr__parameterized2' (0#1) [/home/miahafiz/NeuroRing_a_4096_10c/_x.hw.NUM_4096.CORE_10.FREQ_300/link/vivado/vpl/prj/prj.gen/my_rm/bd/ulp/ipshared/c5b7/hdl/axi_register_slice_v2_1_vl_rfs.v:2850]
INFO: [Synth 8-6157] synthesizing module 'axi_register_slice_v2_1_35_middle_region_slr__parameterized2' [/home/miahafiz/NeuroRing_a_4096_10c/_x.hw.NUM_4096.CORE_10.FREQ_300/link/vivado/vpl/prj/prj.gen/my_rm/bd/ulp/ipshared/c5b7/hdl/axi_register_slice_v2_1_vl_rfs.v:2709]
INFO: [Synth 8-6155] done synthesizing module 'axi_register_slice_v2_1_35_middle_region_slr__parameterized2' (0#1) [/home/miahafiz/NeuroRing_a_4096_10c/_x.hw.NUM_4096.CORE_10.FREQ_300/link/vivado/vpl/prj/prj.gen/my_rm/bd/ulp/ipshared/c5b7/hdl/axi_register_slice_v2_1_vl_rfs.v:2709]
INFO: [Synth 8-6157] synthesizing module 'axi_register_slice_v2_1_35_dest_region_slr__parameterized2' [/home/miahafiz/NeuroRing_a_4096_10c/_x.hw.NUM_4096.CORE_10.FREQ_300/link/vivado/vpl/prj/prj.gen/my_rm/bd/ulp/ipshared/c5b7/hdl/axi_register_slice_v2_1_vl_rfs.v:3034]
INFO: [Synth 8-6157] synthesizing module 'axi_register_slice_v2_1_35_axic_reg_srl_fifo__parameterized2' [/home/miahafiz/NeuroRing_a_4096_10c/_x.hw.NUM_4096.CORE_10.FREQ_300/link/vivado/vpl/prj/prj.gen/my_rm/bd/ulp/ipshared/c5b7/hdl/axi_register_slice_v2_1_vl_rfs.v:3438]
INFO: [Synth 8-6155] done synthesizing module 'axi_register_slice_v2_1_35_axic_reg_srl_fifo__parameterized2' (0#1) [/home/miahafiz/NeuroRing_a_4096_10c/_x.hw.NUM_4096.CORE_10.FREQ_300/link/vivado/vpl/prj/prj.gen/my_rm/bd/ulp/ipshared/c5b7/hdl/axi_register_slice_v2_1_vl_rfs.v:3438]
INFO: [Synth 8-6155] done synthesizing module 'axi_register_slice_v2_1_35_dest_region_slr__parameterized2' (0#1) [/home/miahafiz/NeuroRing_a_4096_10c/_x.hw.NUM_4096.CORE_10.FREQ_300/link/vivado/vpl/prj/prj.gen/my_rm/bd/ulp/ipshared/c5b7/hdl/axi_register_slice_v2_1_vl_rfs.v:3034]
INFO: [Synth 8-6155] done synthesizing module 'axi_register_slice_v2_1_35_multi_slr__parameterized2' (0#1) [/home/miahafiz/NeuroRing_a_4096_10c/_x.hw.NUM_4096.CORE_10.FREQ_300/link/vivado/vpl/prj/prj.gen/my_rm/bd/ulp/ipshared/c5b7/hdl/axi_register_slice_v2_1_vl_rfs.v:2197]
INFO: [Synth 8-6155] done synthesizing module 'axi_register_slice_v2_1_35_axi_register_slice' (0#1) [/home/miahafiz/NeuroRing_a_4096_10c/_x.hw.NUM_4096.CORE_10.FREQ_300/link/vivado/vpl/prj/prj.gen/my_rm/bd/ulp/ipshared/c5b7/hdl/axi_register_slice_v2_1_vl_rfs.v:3721]
INFO: [Synth 8-6155] done synthesizing module 'bd_85ad_slice0_14_0' (0#1) [/home/miahafiz/NeuroRing_a_4096_10c/_x.hw.NUM_4096.CORE_10.FREQ_300/link/vivado/vpl/prj/prj.gen/my_rm/bd/ulp/ip/ulp_hmss_0_0/bd_0/ip/ip_22/synth/bd_85ad_slice0_14_0.v:53]
WARNING: [Synth 8-6014] Unused sequential element common.areset_dly_reg was removed.  [/home/miahafiz/NeuroRing_a_4096_10c/_x.hw.NUM_4096.CORE_10.FREQ_300/link/vivado/vpl/prj/prj.gen/my_rm/bd/ulp/ipshared/c5b7/hdl/axi_register_slice_v2_1_vl_rfs.v:3186]
WARNING: [Synth 8-6014] Unused sequential element common.areset_dly_reg was removed.  [/home/miahafiz/NeuroRing_a_4096_10c/_x.hw.NUM_4096.CORE_10.FREQ_300/link/vivado/vpl/prj/prj.gen/my_rm/bd/ulp/ipshared/c5b7/hdl/axi_register_slice_v2_1_vl_rfs.v:3186]
WARNING: [Synth 8-6014] Unused sequential element common.areset_dly_reg was removed.  [/home/miahafiz/NeuroRing_a_4096_10c/_x.hw.NUM_4096.CORE_10.FREQ_300/link/vivado/vpl/prj/prj.gen/my_rm/bd/ulp/ipshared/c5b7/hdl/axi_register_slice_v2_1_vl_rfs.v:2956]
WARNING: [Synth 8-6014] Unused sequential element common.areset_dly_reg was removed.  [/home/miahafiz/NeuroRing_a_4096_10c/_x.hw.NUM_4096.CORE_10.FREQ_300/link/vivado/vpl/prj/prj.gen/my_rm/bd/ulp/ipshared/c5b7/hdl/axi_register_slice_v2_1_vl_rfs.v:2956]
WARNING: [Synth 8-7129] Port ACLK2X in module axi_register_slice_v2_1_35_dest_region_slr__parameterized2 is either unconnected or has no load
WARNING: [Synth 8-7129] Port ACLK2X in module axi_register_slice_v2_1_35_source_region_slr__parameterized2 is either unconnected or has no load
WARNING: [Synth 8-7129] Port ACLK2X in module axi_register_slice_v2_1_35_dest_region_slr is either unconnected or has no load
WARNING: [Synth 8-7129] Port ACLK2X in module axi_register_slice_v2_1_35_source_region_slr is either unconnected or has no load
WARNING: [Synth 8-7129] Port ACLK2X in module axi_register_slice_v2_1_35_dest_region_slr__parameterized1 is either unconnected or has no load
WARNING: [Synth 8-7129] Port ACLK2X in module axi_register_slice_v2_1_35_source_region_slr__parameterized1 is either unconnected or has no load
WARNING: [Synth 8-7129] Port ACLK2X in module axi_register_slice_v2_1_35_dest_region_slr__parameterized0 is either unconnected or has no load
WARNING: [Synth 8-7129] Port ACLK2X in module axi_register_slice_v2_1_35_source_region_slr__parameterized0 is either unconnected or has no load
WARNING: [Synth 8-7129] Port m_axi_buser[0] in module axi_infrastructure_v1_1_0_vector2axi is either unconnected or has no load
WARNING: [Synth 8-7129] Port m_axi_ruser[0] in module axi_infrastructure_v1_1_0_vector2axi is either unconnected or has no load
WARNING: [Synth 8-7129] Port s_axi_awregion[3] in module axi_infrastructure_v1_1_0_axi2vector is either unconnected or has no load
WARNING: [Synth 8-7129] Port s_axi_awregion[2] in module axi_infrastructure_v1_1_0_axi2vector is either unconnected or has no load
WARNING: [Synth 8-7129] Port s_axi_awregion[1] in module axi_infrastructure_v1_1_0_axi2vector is either unconnected or has no load
WARNING: [Synth 8-7129] Port s_axi_awregion[0] in module axi_infrastructure_v1_1_0_axi2vector is either unconnected or has no load
WARNING: [Synth 8-7129] Port s_axi_awuser[0] in module axi_infrastructure_v1_1_0_axi2vector is either unconnected or has no load
WARNING: [Synth 8-7129] Port s_axi_wuser[0] in module axi_infrastructure_v1_1_0_axi2vector is either unconnected or has no load
WARNING: [Synth 8-7129] Port s_axi_arregion[3] in module axi_infrastructure_v1_1_0_axi2vector is either unconnected or has no load
WARNING: [Synth 8-7129] Port s_axi_arregion[2] in module axi_infrastructure_v1_1_0_axi2vector is either unconnected or has no load
WARNING: [Synth 8-7129] Port s_axi_arregion[1] in module axi_infrastructure_v1_1_0_axi2vector is either unconnected or has no load
WARNING: [Synth 8-7129] Port s_axi_arregion[0] in module axi_infrastructure_v1_1_0_axi2vector is either unconnected or has no load
WARNING: [Synth 8-7129] Port s_axi_aruser[0] in module axi_infrastructure_v1_1_0_axi2vector is either unconnected or has no load
WARNING: [Synth 8-7129] Port aclk2x in module axi_register_slice_v2_1_35_axi_register_slice is either unconnected or has no load
---------------------------------------------------------------------------------
Finished RTL Elaboration : Time (s): cpu = 00:00:09 ; elapsed = 00:00:11 . Memory (MB): peak = 3337.316 ; gain = 388.715 ; free physical = 23358 ; free virtual = 98136
---------------------------------------------------------------------------------
---------------------------------------------------------------------------------
Start Handling Custom Attributes
---------------------------------------------------------------------------------
---------------------------------------------------------------------------------
Finished Handling Custom Attributes : Time (s): cpu = 00:00:09 ; elapsed = 00:00:11 . Memory (MB): peak = 3346.223 ; gain = 397.621 ; free physical = 23193 ; free virtual = 97991
---------------------------------------------------------------------------------
---------------------------------------------------------------------------------
Finished RTL Optimization Phase 1 : Time (s): cpu = 00:00:09 ; elapsed = 00:00:11 . Memory (MB): peak = 3346.223 ; gain = 397.621 ; free physical = 23191 ; free virtual = 97989
---------------------------------------------------------------------------------
Netlist sorting complete. Time (s): cpu = 00:00:00.37 ; elapsed = 00:00:00.39 . Memory (MB): peak = 3354.223 ; gain = 0.000 ; free physical = 25204 ; free virtual = 100004
INFO: [Project 1-570] Preparing netlist for logic optimization

Processing XDC Constraints
Initializing timing engine
Parsing XDC File [/home/miahafiz/NeuroRing_a_4096_10c/_x.hw.NUM_4096.CORE_10.FREQ_300/link/vivado/vpl/prj/prj.gen/my_rm/bd/ulp/ip/ulp_hmss_0_0/bd_0/ip/ip_22/bd_85ad_slice0_14_0_ooc.xdc] for cell 'inst'
create_clock: Time (s): cpu = 00:00:09 ; elapsed = 00:00:09 . Memory (MB): peak = 3443.988 ; gain = 0.000 ; free physical = 35965 ; free virtual = 110825
Finished Parsing XDC File [/home/miahafiz/NeuroRing_a_4096_10c/_x.hw.NUM_4096.CORE_10.FREQ_300/link/vivado/vpl/prj/prj.gen/my_rm/bd/ulp/ip/ulp_hmss_0_0/bd_0/ip/ip_22/bd_85ad_slice0_14_0_ooc.xdc] for cell 'inst'
Parsing XDC File [/home/miahafiz/NeuroRing_a_4096_10c/_x.hw.NUM_4096.CORE_10.FREQ_300/link/vivado/vpl/prj/prj.runs/bd_85ad_slice0_14_0_synth_1/dont_touch.xdc]
Finished Parsing XDC File [/home/miahafiz/NeuroRing_a_4096_10c/_x.hw.NUM_4096.CORE_10.FREQ_300/link/vivado/vpl/prj/prj.runs/bd_85ad_slice0_14_0_synth_1/dont_touch.xdc]
Parsing XDC File [/home/miahafiz/NeuroRing_a_4096_10c/_x.hw.NUM_4096.CORE_10.FREQ_300/link/vivado/vpl/prj/prj.gen/my_rm/bd/ulp/ip/ulp_hmss_0_0/bd_0/ip/ip_22/bd_85ad_slice0_14_0_clocks.xdc] for cell 'inst'
Finished Parsing XDC File [/home/miahafiz/NeuroRing_a_4096_10c/_x.hw.NUM_4096.CORE_10.FREQ_300/link/vivado/vpl/prj/prj.gen/my_rm/bd/ulp/ip/ulp_hmss_0_0/bd_0/ip/ip_22/bd_85ad_slice0_14_0_clocks.xdc] for cell 'inst'
INFO: [Project 1-236] Implementation specific constraints were found while reading constraint file [/home/miahafiz/NeuroRing_a_4096_10c/_x.hw.NUM_4096.CORE_10.FREQ_300/link/vivado/vpl/prj/prj.gen/my_rm/bd/ulp/ip/ulp_hmss_0_0/bd_0/ip/ip_22/bd_85ad_slice0_14_0_clocks.xdc]. These constraints will be ignored for synthesis but will be used in implementation. Impacted constraints are listed in the file [.Xil/bd_85ad_slice0_14_0_propImpl.xdc].
Resolution: To avoid this warning, move constraints listed in [.Xil/bd_85ad_slice0_14_0_propImpl.xdc] to another XDC file and exclude this new file from synthesis with the used_in_synthesis property (File Properties dialog in GUI) and re-run elaboration/synthesis.
Completed Processing XDC Constraints

Netlist sorting complete. Time (s): cpu = 00:00:00.01 ; elapsed = 00:00:00.02 . Memory (MB): peak = 3443.988 ; gain = 0.000 ; free physical = 38623 ; free virtual = 113462
INFO: [Project 1-111] Unisim Transformation Summary:
No Unisim elements were transformed.

Constraint Validation Runtime : Time (s): cpu = 00:00:00.6 ; elapsed = 00:00:00.84 . Memory (MB): peak = 3449.926 ; gain = 5.902 ; free physical = 38038 ; free virtual = 112879
INFO: [Designutils 20-5008] Incremental synthesis strategy off
---------------------------------------------------------------------------------
Finished Constraint Validation : Time (s): cpu = 00:00:33 ; elapsed = 00:00:36 . Memory (MB): peak = 3449.926 ; gain = 501.324 ; free physical = 43187 ; free virtual = 118043
---------------------------------------------------------------------------------
---------------------------------------------------------------------------------
Start Loading Part and Timing Information
---------------------------------------------------------------------------------
Loading part: xcu55c-fsvh2892-2L-e
INFO: [Synth 8-6742] Reading net delay rules and data
---------------------------------------------------------------------------------
Finished Loading Part and Timing Information : Time (s): cpu = 00:00:33 ; elapsed = 00:00:36 . Memory (MB): peak = 3457.930 ; gain = 509.328 ; free physical = 43182 ; free virtual = 118039
---------------------------------------------------------------------------------
---------------------------------------------------------------------------------
Start Applying 'set_property' XDC Constraints
---------------------------------------------------------------------------------
---------------------------------------------------------------------------------
Finished applying 'set_property' XDC Constraints : Time (s): cpu = 00:00:33 ; elapsed = 00:00:36 . Memory (MB): peak = 3457.930 ; gain = 509.328 ; free physical = 43167 ; free virtual = 118024
---------------------------------------------------------------------------------
---------------------------------------------------------------------------------
Finished RTL Optimization Phase 2 : Time (s): cpu = 00:00:34 ; elapsed = 00:00:38 . Memory (MB): peak = 3457.930 ; gain = 509.328 ; free physical = 41822 ; free virtual = 116661
---------------------------------------------------------------------------------
---------------------------------------------------------------------------------
Start RTL Component Statistics 
---------------------------------------------------------------------------------
Detailed RTL Component Info : 
+---Adders : 
	   2 Input    6 Bit       Adders := 5     
+---Registers : 
	              290 Bit    Registers := 17    
	              260 Bit    Registers := 17    
	               57 Bit    Registers := 34    
	               16 Bit    Registers := 5     
	                6 Bit    Registers := 5     
	                4 Bit    Registers := 15    
	                3 Bit    Registers := 17    
	                1 Bit    Registers := 95    
+---Muxes : 
	   2 Input  290 Bit        Muxes := 1     
	   2 Input  260 Bit        Muxes := 1     
	   2 Input   57 Bit        Muxes := 2     
	   2 Input    3 Bit        Muxes := 1     
	   2 Input    2 Bit        Muxes := 10    
	   4 Input    2 Bit        Muxes := 5     
	   4 Input    1 Bit        Muxes := 15    
	  10 Input    1 Bit        Muxes := 5     
	   2 Input    1 Bit        Muxes := 5     
	   7 Input    1 Bit        Muxes := 5     
---------------------------------------------------------------------------------
Finished RTL Component Statistics 
---------------------------------------------------------------------------------
---------------------------------------------------------------------------------
Start Part Resource Summary
---------------------------------------------------------------------------------
Part Resources:
DSPs: 9024 (col length:94)
BRAMs: 4032 (col length: RAMB18 288 RAMB36 144)
---------------------------------------------------------------------------------
Finished Part Resource Summary
---------------------------------------------------------------------------------
---------------------------------------------------------------------------------
Start Cross Boundary and Area Optimization
---------------------------------------------------------------------------------
WARNING: [Synth 8-7080] Parallel synthesis criteria is not met
WARNING: [Synth 8-7129] Port aclk2x in module axi_register_slice_v2_1_35_axi_register_slice is either unconnected or has no load
WARNING: [Synth 8-7129] Port s_axi_awregion[3] in module axi_register_slice_v2_1_35_axi_register_slice is either unconnected or has no load
WARNING: [Synth 8-7129] Port s_axi_awregion[2] in module axi_register_slice_v2_1_35_axi_register_slice is either unconnected or has no load
WARNING: [Synth 8-7129] Port s_axi_awregion[1] in module axi_register_slice_v2_1_35_axi_register_slice is either unconnected or has no load
WARNING: [Synth 8-7129] Port s_axi_awregion[0] in module axi_register_slice_v2_1_35_axi_register_slice is either unconnected or has no load
WARNING: [Synth 8-7129] Port s_axi_awuser[0] in module axi_register_slice_v2_1_35_axi_register_slice is either unconnected or has no load
WARNING: [Synth 8-7129] Port s_axi_wuser[0] in module axi_register_slice_v2_1_35_axi_register_slice is either unconnected or has no load
WARNING: [Synth 8-7129] Port s_axi_arregion[3] in module axi_register_slice_v2_1_35_axi_register_slice is either unconnected or has no load
WARNING: [Synth 8-7129] Port s_axi_arregion[2] in module axi_register_slice_v2_1_35_axi_register_slice is either unconnected or has no load
WARNING: [Synth 8-7129] Port s_axi_arregion[1] in module axi_register_slice_v2_1_35_axi_register_slice is either unconnected or has no load
WARNING: [Synth 8-7129] Port s_axi_arregion[0] in module axi_register_slice_v2_1_35_axi_register_slice is either unconnected or has no load
WARNING: [Synth 8-7129] Port s_axi_aruser[0] in module axi_register_slice_v2_1_35_axi_register_slice is either unconnected or has no load
WARNING: [Synth 8-7129] Port m_axi_buser[0] in module axi_register_slice_v2_1_35_axi_register_slice is either unconnected or has no load
WARNING: [Synth 8-7129] Port m_axi_ruser[0] in module axi_register_slice_v2_1_35_axi_register_slice is either unconnected or has no load
INFO: [Synth 8-3332] Sequential element (aw15.aw_multi/triple_slr.fwd.slr_master/common.pipe[4].payload_valid_asyncclear_inst) is unused and will be removed from module axi_register_slice_v2_1_35_axi_register_slice.
INFO: [Synth 8-3332] Sequential element (aw15.aw_multi/triple_slr.fwd.slr_middle/common.pipe[0].payload_valid_asyncclear_inst) is unused and will be removed from module axi_register_slice_v2_1_35_axi_register_slice.
INFO: [Synth 8-3332] Sequential element (aw15.aw_multi/triple_slr.fwd.slr_middle/common.pipe[5].payload_valid_asyncclear_inst) is unused and will be removed from module axi_register_slice_v2_1_35_axi_register_slice.
INFO: [Synth 8-3332] Sequential element (aw15.aw_multi/triple_slr.fwd.slr_slave/common.pipe[0].payload_valid_asyncclear_inst) is unused and will be removed from module axi_register_slice_v2_1_35_axi_register_slice.
INFO: [Synth 8-3332] Sequential element (w15.w_multi/triple_slr.fwd.slr_master/common.pipe[4].payload_valid_asyncclear_inst) is unused and will be removed from module axi_register_slice_v2_1_35_axi_register_slice.
INFO: [Synth 8-3332] Sequential element (w15.w_multi/triple_slr.fwd.slr_middle/common.pipe[0].payload_valid_asyncclear_inst) is unused and will be removed from module axi_register_slice_v2_1_35_axi_register_slice.
INFO: [Synth 8-3332] Sequential element (w15.w_multi/triple_slr.fwd.slr_middle/common.pipe[5].payload_valid_asyncclear_inst) is unused and will be removed from module axi_register_slice_v2_1_35_axi_register_slice.
INFO: [Synth 8-3332] Sequential element (w15.w_multi/triple_slr.fwd.slr_slave/common.pipe[0].payload_valid_asyncclear_inst) is unused and will be removed from module axi_register_slice_v2_1_35_axi_register_slice.
INFO: [Synth 8-3332] Sequential element (b15.b_multi/triple_slr.resp.slr_slave/common.pipe[4].payload_valid_asyncclear_inst) is unused and will be removed from module axi_register_slice_v2_1_35_axi_register_slice.
INFO: [Synth 8-3332] Sequential element (b15.b_multi/triple_slr.resp.slr_middle/common.pipe[0].payload_valid_asyncclear_inst) is unused and will be removed from module axi_register_slice_v2_1_35_axi_register_slice.
INFO: [Synth 8-3332] Sequential element (b15.b_multi/triple_slr.resp.slr_middle/common.pipe[5].payload_valid_asyncclear_inst) is unused and will be removed from module axi_register_slice_v2_1_35_axi_register_slice.
INFO: [Synth 8-3332] Sequential element (b15.b_multi/triple_slr.resp.slr_master/common.pipe[0].payload_valid_asyncclear_inst) is unused and will be removed from module axi_register_slice_v2_1_35_axi_register_slice.
INFO: [Synth 8-3332] Sequential element (ar15.ar_multi/triple_slr.fwd.slr_master/common.pipe[4].payload_valid_asyncclear_inst) is unused and will be removed from module axi_register_slice_v2_1_35_axi_register_slice.
INFO: [Synth 8-3332] Sequential element (ar15.ar_multi/triple_slr.fwd.slr_middle/common.pipe[0].payload_valid_asyncclear_inst) is unused and will be removed from module axi_register_slice_v2_1_35_axi_register_slice.
INFO: [Synth 8-3332] Sequential element (ar15.ar_multi/triple_slr.fwd.slr_middle/common.pipe[5].payload_valid_asyncclear_inst) is unused and will be removed from module axi_register_slice_v2_1_35_axi_register_slice.
INFO: [Synth 8-3332] Sequential element (ar15.ar_multi/triple_slr.fwd.slr_slave/common.pipe[0].payload_valid_asyncclear_inst) is unused and will be removed from module axi_register_slice_v2_1_35_axi_register_slice.
INFO: [Synth 8-3332] Sequential element (r15.r_multi/triple_slr.resp.slr_slave/common.pipe[4].payload_valid_asyncclear_inst) is unused and will be removed from module axi_register_slice_v2_1_35_axi_register_slice.
INFO: [Synth 8-3332] Sequential element (r15.r_multi/triple_slr.resp.slr_middle/common.pipe[0].payload_valid_asyncclear_inst) is unused and will be removed from module axi_register_slice_v2_1_35_axi_register_slice.
INFO: [Synth 8-3332] Sequential element (r15.r_multi/triple_slr.resp.slr_middle/common.pipe[5].payload_valid_asyncclear_inst) is unused and will be removed from module axi_register_slice_v2_1_35_axi_register_slice.
INFO: [Synth 8-3332] Sequential element (r15.r_multi/triple_slr.resp.slr_master/common.pipe[0].payload_valid_asyncclear_inst) is unused and will be removed from module axi_register_slice_v2_1_35_axi_register_slice.
---------------------------------------------------------------------------------
Finished Cross Boundary and Area Optimization : Time (s): cpu = 00:00:39 ; elapsed = 00:00:44 . Memory (MB): peak = 3457.930 ; gain = 509.328 ; free physical = 46625 ; free virtual = 121462
---------------------------------------------------------------------------------
---------------------------------------------------------------------------------
Start Applying XDC Timing Constraints
---------------------------------------------------------------------------------
---------------------------------------------------------------------------------
Finished Applying XDC Timing Constraints : Time (s): cpu = 00:00:48 ; elapsed = 00:00:53 . Memory (MB): peak = 3915.254 ; gain = 966.652 ; free physical = 52522 ; free virtual = 127377
---------------------------------------------------------------------------------
---------------------------------------------------------------------------------
Start Timing Optimization
---------------------------------------------------------------------------------
---------------------------------------------------------------------------------
Finished Timing Optimization : Time (s): cpu = 00:00:51 ; elapsed = 00:00:56 . Memory (MB): peak = 4001.848 ; gain = 1053.246 ; free physical = 56472 ; free virtual = 131314
---------------------------------------------------------------------------------
---------------------------------------------------------------------------------
Start Technology Mapping
---------------------------------------------------------------------------------
---------------------------------------------------------------------------------
Finished Technology Mapping : Time (s): cpu = 00:00:54 ; elapsed = 00:00:59 . Memory (MB): peak = 4001.848 ; gain = 1053.246 ; free physical = 62005 ; free virtual = 136848
---------------------------------------------------------------------------------
---------------------------------------------------------------------------------
Start IO Insertion
---------------------------------------------------------------------------------
---------------------------------------------------------------------------------
Start Flattening Before IO Insertion
---------------------------------------------------------------------------------
---------------------------------------------------------------------------------
Finished Flattening Before IO Insertion
---------------------------------------------------------------------------------
---------------------------------------------------------------------------------
Start Final Netlist Cleanup
---------------------------------------------------------------------------------
---------------------------------------------------------------------------------
Finished Final Netlist Cleanup
---------------------------------------------------------------------------------
---------------------------------------------------------------------------------
Finished IO Insertion : Time (s): cpu = 00:00:59 ; elapsed = 00:01:05 . Memory (MB): peak = 4124.660 ; gain = 1176.059 ; free physical = 59262 ; free virtual = 134161
---------------------------------------------------------------------------------
---------------------------------------------------------------------------------
Start Renaming Generated Instances
---------------------------------------------------------------------------------
---------------------------------------------------------------------------------
Finished Renaming Generated Instances : Time (s): cpu = 00:00:59 ; elapsed = 00:01:05 . Memory (MB): peak = 4124.660 ; gain = 1176.059 ; free physical = 59236 ; free virtual = 134135
---------------------------------------------------------------------------------
---------------------------------------------------------------------------------
Start Rebuilding User Hierarchy
---------------------------------------------------------------------------------
---------------------------------------------------------------------------------
Finished Rebuilding User Hierarchy : Time (s): cpu = 00:01:00 ; elapsed = 00:01:06 . Memory (MB): peak = 4124.660 ; gain = 1176.059 ; free physical = 59315 ; free virtual = 134189
---------------------------------------------------------------------------------
---------------------------------------------------------------------------------
Start Renaming Generated Ports
---------------------------------------------------------------------------------
---------------------------------------------------------------------------------
Finished Renaming Generated Ports : Time (s): cpu = 00:01:00 ; elapsed = 00:01:06 . Memory (MB): peak = 4124.660 ; gain = 1176.059 ; free physical = 59286 ; free virtual = 134161
---------------------------------------------------------------------------------
---------------------------------------------------------------------------------
Start Handling Custom Attributes
---------------------------------------------------------------------------------
---------------------------------------------------------------------------------
Finished Handling Custom Attributes : Time (s): cpu = 00:01:00 ; elapsed = 00:01:06 . Memory (MB): peak = 4124.660 ; gain = 1176.059 ; free physical = 59144 ; free virtual = 134028
---------------------------------------------------------------------------------
---------------------------------------------------------------------------------
Start Renaming Generated Nets
---------------------------------------------------------------------------------
---------------------------------------------------------------------------------
Finished Renaming Generated Nets : Time (s): cpu = 00:01:00 ; elapsed = 00:01:06 . Memory (MB): peak = 4124.660 ; gain = 1176.059 ; free physical = 59127 ; free virtual = 134010
---------------------------------------------------------------------------------
---------------------------------------------------------------------------------
Start ROM, RAM, DSP, Shift Register and Retiming Reporting
---------------------------------------------------------------------------------

Dynamic Shift Register Report:
+------------+---------------+--------+------------+--------+---------+--------+--------+--------+
|Module Name | RTL Name      | Length | Data Width | SRL16E | SRLC32E | Mux F7 | Mux F8 | Mux F9 | 
+------------+---------------+--------+------------+--------+---------+--------+--------+--------+
|dsrl        | shift_reg_reg | 64     | 1          | 0      | 2       | 1      | 0      | 0      | 
+------------+---------------+--------+------------+--------+---------+--------+--------+--------+

---------------------------------------------------------------------------------
Finished ROM, RAM, DSP, Shift Register and Retiming Reporting
---------------------------------------------------------------------------------
---------------------------------------------------------------------------------
Start Writing Synthesis Report
---------------------------------------------------------------------------------

Report BlackBoxes: 
+-+--------------+----------+
| |BlackBox name |Instances |
+-+--------------+----------+
+-+--------------+----------+

Report Cell Usage: 
+------+--------+------+
|      |Cell    |Count |
+------+--------+------+
|1     |LUT1    |    13|
|2     |LUT2    |    15|
|3     |LUT4    |   676|
|4     |LUT5    |    22|
|5     |LUT6    |    52|
|6     |MUXF7   |   667|
|7     |SRLC32E |  1334|
|8     |FDCE    |    95|
|9     |FDRE    | 11494|
|10    |FDSE    |   125|
+------+--------+------+
---------------------------------------------------------------------------------
Finished Writing Synthesis Report : Time (s): cpu = 00:01:00 ; elapsed = 00:01:06 . Memory (MB): peak = 4124.660 ; gain = 1176.059 ; free physical = 59119 ; free virtual = 134002
---------------------------------------------------------------------------------
Synthesis finished with 0 errors, 0 critical warnings and 15 warnings.
Synthesis Optimization Runtime : Time (s): cpu = 00:00:44 ; elapsed = 00:00:48 . Memory (MB): peak = 4124.660 ; gain = 1072.355 ; free physical = 58612 ; free virtual = 133463
Synthesis Optimization Complete : Time (s): cpu = 00:01:01 ; elapsed = 00:01:06 . Memory (MB): peak = 4124.660 ; gain = 1176.059 ; free physical = 58604 ; free virtual = 133455
INFO: [Project 1-571] Translating synthesized netlist
Netlist sorting complete. Time (s): cpu = 00:00:00.16 ; elapsed = 00:00:00.17 . Memory (MB): peak = 4124.660 ; gain = 0.000 ; free physical = 64188 ; free virtual = 139041
INFO: [Netlist 29-17] Analyzing 667 Unisim elements for replacement
INFO: [Netlist 29-28] Unisim Transformation completed in 0 CPU seconds
INFO: [Project 1-570] Preparing netlist for logic optimization
INFO: [Opt 31-138] Pushed 0 inverter(s) to 0 load pin(s).
Netlist sorting complete. Time (s): cpu = 00:00:00.01 ; elapsed = 00:00:00 . Memory (MB): peak = 4124.660 ; gain = 0.000 ; free physical = 62213 ; free virtual = 137068
INFO: [Project 1-111] Unisim Transformation Summary:
No Unisim elements were transformed.

Synth Design complete | Checksum: 82bce2ff
INFO: [Common 17-83] Releasing license: Synthesis
97 Infos, 45 Warnings, 0 Critical Warnings and 0 Errors encountered.
synth_design completed successfully
synth_design: Time (s): cpu = 00:01:24 ; elapsed = 00:01:27 . Memory (MB): peak = 4124.660 ; gain = 2546.594 ; free physical = 61501 ; free virtual = 136357
INFO: [Common 17-2834] synth_design peak Physical Memory [PSS] (MB): overall = 3114.924; main = 3046.889; forked = 171.495
INFO: [Common 17-2834] synth_design peak Virtual Memory [VSS] (MB): overall = 4957.059; main = 4096.965; forked = 955.207
Write ShapeDB Complete: Time (s): cpu = 00:00:00.02 ; elapsed = 00:00:00.01 . Memory (MB): peak = 4124.660 ; gain = 0.000 ; free physical = 64656 ; free virtual = 139526
INFO: [Common 17-1381] The checkpoint '/home/miahafiz/NeuroRing_a_4096_10c/_x.hw.NUM_4096.CORE_10.FREQ_300/link/vivado/vpl/prj/prj.runs/bd_85ad_slice0_14_0_synth_1/bd_85ad_slice0_14_0.dcp' has been generated.
INFO: [Coretcl 2-1648] Added synthesis output to IP cache for IP bd_85ad_slice0_14_0, cache-ID = 45eb3b7dc6eb7185
INFO: [Coretcl 2-1174] Renamed 693 cell refs.
Write ShapeDB Complete: Time (s): cpu = 00:00:00.02 ; elapsed = 00:00:00.02 . Memory (MB): peak = 4124.660 ; gain = 0.000 ; free physical = 56510 ; free virtual = 131462
INFO: [Common 17-1381] The checkpoint '/home/miahafiz/NeuroRing_a_4096_10c/_x.hw.NUM_4096.CORE_10.FREQ_300/link/vivado/vpl/prj/prj.runs/bd_85ad_slice0_14_0_synth_1/bd_85ad_slice0_14_0.dcp' has been generated.
INFO: [Vivado 12-24828] Executing command : report_utilization -file bd_85ad_slice0_14_0_utilization_synth.rpt -pb bd_85ad_slice0_14_0_utilization_synth.pb
INFO: [Common 17-206] Exiting Vivado at Fri Feb 27 05:58:15 2026...
