INFO: [v++ 60-1306] Additional information associated with this v++ link can be found at:
	Reports: /home/miahafiz/NeuroRing_a_8192_5c/_x.hw.NUM_8192.CORE_5.FREQ_300/reports/link
	Log files: /home/miahafiz/NeuroRing_a_8192_5c/_x.hw.NUM_8192.CORE_5.FREQ_300/logs/link
INFO: [v++ 60-1548] Creating build summary session with primary output /home/miahafiz/NeuroRing_a_8192_5c/_build_dir.hw.NUM_8192.CORE_5.FREQ_300/krnl_neuroring_hw.xclbin.link_summary, at Fri Feb 27 05:07:24 2026
INFO: [v++ 60-1315] Creating rulecheck session with output '/home/miahafiz/NeuroRing_a_8192_5c/_x.hw.NUM_8192.CORE_5.FREQ_300/reports/link/v++_link_krnl_neuroring_hw_guidance.html', at Fri Feb 27 05:07:24 2026
INFO: [v++ 60-895]   Target platform: /opt/xilinx/platforms/xilinx_u55c_gen3x16_xdma_3_202210_1/xilinx_u55c_gen3x16_xdma_3_202210_1.xpfm
INFO: [v++ 60-1578]   This platform contains Xilinx Shell Archive '/opt/xilinx/platforms/xilinx_u55c_gen3x16_xdma_3_202210_1/hw/hw.xsa'
INFO: [v++ 74-78] Compiler Version string: 2025.1
INFO: [v++ 60-1302] Platform 'xilinx_u55c_gen3x16_xdma_3_202210_1.xpfm' has been explicitly enabled for this release.
INFO: [v++ 60-629] Linking for hardware target
INFO: [v++ 60-423]   Target device: xilinx_u55c_gen3x16_xdma_3_202210_1
WARNING: [v++ 60-889] User-specified kernel frequency for ID 0 is the same as the default frequency 300 MHz, so it will be ignored
INFO: [v++ 60-1332] Run 'run_link' status: Not started
INFO: [v++ 60-1443] [05:07:36] Run run_link: Step system_link: Started
INFO: [v++ 60-1453] Command Line: system_link --xo /home/miahafiz/NeuroRing_a_8192_5c/_x.hw.NUM_8192.CORE_5.FREQ_300/krnl_neuroring.xo --xo /home/miahafiz/NeuroRing_a_8192_5c/_x.hw.NUM_8192.CORE_5.FREQ_300/krnl_synapserouter.xo -keep --config /home/miahafiz/NeuroRing_a_8192_5c/_x.hw.NUM_8192.CORE_5.FREQ_300/link/int/syslinkConfig.ini --xpfm /opt/xilinx/platforms/xilinx_u55c_gen3x16_xdma_3_202210_1/xilinx_u55c_gen3x16_xdma_3_202210_1.xpfm --target hw --output_dir /home/miahafiz/NeuroRing_a_8192_5c/_x.hw.NUM_8192.CORE_5.FREQ_300/link/int --temp_dir /home/miahafiz/NeuroRing_a_8192_5c/_x.hw.NUM_8192.CORE_5.FREQ_300/link/sys_link
INFO: [v++ 60-1454] Run Directory: /home/miahafiz/NeuroRing_a_8192_5c/_x.hw.NUM_8192.CORE_5.FREQ_300/link/run_link
INFO: [SYSTEM_LINK 82-70] Extracting xo v3 file /home/miahafiz/NeuroRing_a_8192_5c/_x.hw.NUM_8192.CORE_5.FREQ_300/krnl_neuroring.xo
INFO: [SYSTEM_LINK 82-70] Extracting xo v3 file /home/miahafiz/NeuroRing_a_8192_5c/_x.hw.NUM_8192.CORE_5.FREQ_300/krnl_synapserouter.xo
INFO: [SYSTEM_LINK 82-53] Creating IP database /home/miahafiz/NeuroRing_a_8192_5c/_x.hw.NUM_8192.CORE_5.FREQ_300/link/sys_link/_sysl/.cdb/xd_ip_db.xml
INFO: [SYSTEM_LINK 82-38] [05:07:44] build_xd_ip_db started: /opt/xilinx/2025.1/Vitis/bin/build_xd_ip_db -ip_search 0  -sds-pf /home/miahafiz/NeuroRing_a_8192_5c/_x.hw.NUM_8192.CORE_5.FREQ_300/link/sys_link/hw.hpfm -clkid 0 -ip /home/miahafiz/NeuroRing_a_8192_5c/_x.hw.NUM_8192.CORE_5.FREQ_300/link/sys_link/iprepo/xilinx_com_hls_NeuroRing_1_0,NeuroRing -ip /home/miahafiz/NeuroRing_a_8192_5c/_x.hw.NUM_8192.CORE_5.FREQ_300/link/sys_link/iprepo/xilinx_com_hls_SynapseRouter_1_0,SynapseRouter -o /home/miahafiz/NeuroRing_a_8192_5c/_x.hw.NUM_8192.CORE_5.FREQ_300/link/sys_link/_sysl/.cdb/xd_ip_db.xml
INFO: [SYSTEM_LINK 82-37] [05:07:45] build_xd_ip_db finished successfully
Time (s): cpu = 00:00:00.68 ; elapsed = 00:00:01 . Memory (MB): peak = 498.840 ; gain = 0.000 ; free physical = 136726 ; free virtual = 218015
INFO: [SYSTEM_LINK 82-51] Create system connectivity graph
INFO: [SYSTEM_LINK 82-102] Applying explicit connections to the system connectivity graph: /home/miahafiz/NeuroRing_a_8192_5c/_x.hw.NUM_8192.CORE_5.FREQ_300/link/sys_link/cfgraph/cfgen_cfgraph.xml
INFO: [SYSTEM_LINK 82-38] [05:07:45] cfgen started: /opt/xilinx/2025.1/Vitis/bin/cfgen  -nk NeuroRing:5:NeuroRing_0,NeuroRing_1,NeuroRing_2,NeuroRing_3,NeuroRing_4 -nk SynapseRouter:5:SynapseRouter_0,SynapseRouter_1,SynapseRouter_2,SynapseRouter_3,SynapseRouter_4 -sc NeuroRing_0.SynapseStreamRight:SynapseRouter_0.synapse_stream_right:256 -sc NeuroRing_1.SynapseStreamRight:SynapseRouter_1.synapse_stream_right:256 -sc NeuroRing_2.SynapseStreamRight:SynapseRouter_2.synapse_stream_right:256 -sc NeuroRing_3.SynapseStreamRight:SynapseRouter_3.synapse_stream_right:256 -sc NeuroRing_4.SynapseStreamRight:SynapseRouter_4.synapse_stream_right:256 -sc NeuroRing_0.SynapseStreamLeft:SynapseRouter_0.synapse_stream_left:256 -sc NeuroRing_1.SynapseStreamLeft:SynapseRouter_1.synapse_stream_left:256 -sc NeuroRing_2.SynapseStreamLeft:SynapseRouter_2.synapse_stream_left:256 -sc NeuroRing_3.SynapseStreamLeft:SynapseRouter_3.synapse_stream_left:256 -sc NeuroRing_4.SynapseStreamLeft:SynapseRouter_4.synapse_stream_left:256 -sc SynapseRouter_0.SpikeOutWeight:NeuroRing_0.SpikeInWeight:64 -sc SynapseRouter_1.SpikeOutWeight:NeuroRing_1.SpikeInWeight:64 -sc SynapseRouter_2.SpikeOutWeight:NeuroRing_2.SpikeInWeight:64 -sc SynapseRouter_3.SpikeOutWeight:NeuroRing_3.SpikeInWeight:64 -sc SynapseRouter_4.SpikeOutWeight:NeuroRing_4.SpikeInWeight:64 -sc SynapseRouter_0.syn_forward_rt_right:SynapseRouter_1.syn_route_in_right:2048 -sc SynapseRouter_1.syn_forward_rt_right:SynapseRouter_2.syn_route_in_right:2048 -sc SynapseRouter_2.syn_forward_rt_right:SynapseRouter_3.syn_route_in_right:2048 -sc SynapseRouter_3.syn_forward_rt_right:SynapseRouter_4.syn_route_in_right:2048 -sc SynapseRouter_4.syn_forward_rt_right:SynapseRouter_0.syn_route_in_right:2048 -sc SynapseRouter_0.syn_forward_rt_left:SynapseRouter_4.syn_route_in_left:2048 -sc SynapseRouter_4.syn_forward_rt_left:SynapseRouter_3.syn_route_in_left:2048 -sc SynapseRouter_3.syn_forward_rt_left:SynapseRouter_2.syn_route_in_left:2048 -sc SynapseRouter_2.syn_forward_rt_left:SynapseRouter_1.syn_route_in_left:2048 -sc SynapseRouter_1.syn_forward_rt_left:SynapseRouter_0.syn_route_in_left:2048 -sp NeuroRing_0.SpikeRecorder_SynapseList:HBM[0:1] -sp NeuroRing_1.SpikeRecorder_SynapseList:HBM[4:5] -sp NeuroRing_2.SpikeRecorder_SynapseList:HBM[8:9] -sp NeuroRing_3.SpikeRecorder_SynapseList:HBM[12:13] -sp NeuroRing_4.SpikeRecorder_SynapseList:HBM[14:15] -dpa_mem_offload false -dpa_aie_mem_offload false -dmclkid 0 -r /home/miahafiz/NeuroRing_a_8192_5c/_x.hw.NUM_8192.CORE_5.FREQ_300/link/sys_link/_sysl/.cdb/xd_ip_db.xml -o /home/miahafiz/NeuroRing_a_8192_5c/_x.hw.NUM_8192.CORE_5.FREQ_300/link/sys_link/cfgraph/cfgen_cfgraph.xml
INFO: [CFGEN 83-0] Kernel Specs: 
INFO: [CFGEN 83-0]   kernel: NeuroRing, num: 5  {NeuroRing_0 NeuroRing_1 NeuroRing_2 NeuroRing_3 NeuroRing_4}
INFO: [CFGEN 83-0]   kernel: SynapseRouter, num: 5  {SynapseRouter_0 SynapseRouter_1 SynapseRouter_2 SynapseRouter_3 SynapseRouter_4}
INFO: [CFGEN 83-0] Port Specs: 
INFO: [CFGEN 83-0]   kernel: NeuroRing_0, k_port: SpikeRecorder_SynapseList, sptag: HBM[0:1]
INFO: [CFGEN 83-0]   kernel: NeuroRing_1, k_port: SpikeRecorder_SynapseList, sptag: HBM[4:5]
INFO: [CFGEN 83-0]   kernel: NeuroRing_2, k_port: SpikeRecorder_SynapseList, sptag: HBM[8:9]
INFO: [CFGEN 83-0]   kernel: NeuroRing_3, k_port: SpikeRecorder_SynapseList, sptag: HBM[12:13]
INFO: [CFGEN 83-0]   kernel: NeuroRing_4, k_port: SpikeRecorder_SynapseList, sptag: HBM[14:15]
INFO: [CFGEN 83-0] Stream Specs: 
INFO: [CFGEN 83-0]   NeuroRing_0.SynapseStreamRight => SynapseRouter_0.synapse_stream_right
INFO: [CFGEN 83-0]   NeuroRing_1.SynapseStreamRight => SynapseRouter_1.synapse_stream_right
INFO: [CFGEN 83-0]   NeuroRing_2.SynapseStreamRight => SynapseRouter_2.synapse_stream_right
INFO: [CFGEN 83-0]   NeuroRing_3.SynapseStreamRight => SynapseRouter_3.synapse_stream_right
INFO: [CFGEN 83-0]   NeuroRing_4.SynapseStreamRight => SynapseRouter_4.synapse_stream_right
INFO: [CFGEN 83-0]   NeuroRing_0.SynapseStreamLeft => SynapseRouter_0.synapse_stream_left
INFO: [CFGEN 83-0]   NeuroRing_1.SynapseStreamLeft => SynapseRouter_1.synapse_stream_left
INFO: [CFGEN 83-0]   NeuroRing_2.SynapseStreamLeft => SynapseRouter_2.synapse_stream_left
INFO: [CFGEN 83-0]   NeuroRing_3.SynapseStreamLeft => SynapseRouter_3.synapse_stream_left
INFO: [CFGEN 83-0]   NeuroRing_4.SynapseStreamLeft => SynapseRouter_4.synapse_stream_left
INFO: [CFGEN 83-0]   SynapseRouter_0.SpikeOutWeight => NeuroRing_0.SpikeInWeight
INFO: [CFGEN 83-0]   SynapseRouter_1.SpikeOutWeight => NeuroRing_1.SpikeInWeight
INFO: [CFGEN 83-0]   SynapseRouter_2.SpikeOutWeight => NeuroRing_2.SpikeInWeight
INFO: [CFGEN 83-0]   SynapseRouter_3.SpikeOutWeight => NeuroRing_3.SpikeInWeight
INFO: [CFGEN 83-0]   SynapseRouter_4.SpikeOutWeight => NeuroRing_4.SpikeInWeight
INFO: [CFGEN 83-0]   SynapseRouter_0.syn_forward_rt_right => SynapseRouter_1.syn_route_in_right
INFO: [CFGEN 83-0]   SynapseRouter_1.syn_forward_rt_right => SynapseRouter_2.syn_route_in_right
INFO: [CFGEN 83-0]   SynapseRouter_2.syn_forward_rt_right => SynapseRouter_3.syn_route_in_right
INFO: [CFGEN 83-0]   SynapseRouter_3.syn_forward_rt_right => SynapseRouter_4.syn_route_in_right
INFO: [CFGEN 83-0]   SynapseRouter_4.syn_forward_rt_right => SynapseRouter_0.syn_route_in_right
INFO: [CFGEN 83-0]   SynapseRouter_0.syn_forward_rt_left => SynapseRouter_4.syn_route_in_left
INFO: [CFGEN 83-0]   SynapseRouter_4.syn_forward_rt_left => SynapseRouter_3.syn_route_in_left
INFO: [CFGEN 83-0]   SynapseRouter_3.syn_forward_rt_left => SynapseRouter_2.syn_route_in_left
INFO: [CFGEN 83-0]   SynapseRouter_2.syn_forward_rt_left => SynapseRouter_1.syn_route_in_left
INFO: [CFGEN 83-0]   SynapseRouter_1.syn_forward_rt_left => SynapseRouter_0.syn_route_in_left
INFO: [SYSTEM_LINK 82-37] [05:07:55] cfgen finished successfully
Time (s): cpu = 00:00:09 ; elapsed = 00:00:10 . Memory (MB): peak = 498.840 ; gain = 0.000 ; free physical = 136706 ; free virtual = 217995
INFO: [SYSTEM_LINK 82-52] Create top-level block diagram
INFO: [SYSTEM_LINK 82-38] [05:07:55] cf2bd started: /opt/xilinx/2025.1/Vitis/bin/cf2bd  --linux --trace_buffer 1024 --input_file /home/miahafiz/NeuroRing_a_8192_5c/_x.hw.NUM_8192.CORE_5.FREQ_300/link/sys_link/cfgraph/cfgen_cfgraph.xml --ip_db /home/miahafiz/NeuroRing_a_8192_5c/_x.hw.NUM_8192.CORE_5.FREQ_300/link/sys_link/_sysl/.cdb/xd_ip_db.xml --cf_name dr --working_dir /home/miahafiz/NeuroRing_a_8192_5c/_x.hw.NUM_8192.CORE_5.FREQ_300/link/sys_link/_sysl/.xsd --temp_dir /home/miahafiz/NeuroRing_a_8192_5c/_x.hw.NUM_8192.CORE_5.FREQ_300/link/sys_link --output_dir /home/miahafiz/NeuroRing_a_8192_5c/_x.hw.NUM_8192.CORE_5.FREQ_300/link/int --target_bd ulp.bd
INFO: [CF2BD 82-31] Launching cf2xd: cf2xd -linux -trace-buffer 1024 -i /home/miahafiz/NeuroRing_a_8192_5c/_x.hw.NUM_8192.CORE_5.FREQ_300/link/sys_link/cfgraph/cfgen_cfgraph.xml -r /home/miahafiz/NeuroRing_a_8192_5c/_x.hw.NUM_8192.CORE_5.FREQ_300/link/sys_link/_sysl/.cdb/xd_ip_db.xml -o dr.xml
INFO: [CF2BD 82-28] cf2xd finished successfully
INFO: [CF2BD 82-31] Launching cf_xsd: cf_xsd -disable-address-gen -bd ulp.bd -dn dr -dp /home/miahafiz/NeuroRing_a_8192_5c/_x.hw.NUM_8192.CORE_5.FREQ_300/link/sys_link/_sysl/.xsd
rlwrap: warning: your $TERM is 'screen.xterm-256color' but rlwrap couldn't find it in the terminfo database. Expect some problems.: Inappropriate ioctl for device
INFO: [CF2BD 82-28] cf_xsd finished successfully
INFO: [SYSTEM_LINK 82-37] [05:08:19] cf2bd finished successfully
Time (s): cpu = 00:00:23 ; elapsed = 00:00:24 . Memory (MB): peak = 498.840 ; gain = 0.000 ; free physical = 136708 ; free virtual = 218000
INFO: [v++ 60-1441] [05:08:19] Run run_link: Step system_link: Completed
Time (s): cpu = 00:00:37 ; elapsed = 00:00:44 . Memory (MB): peak = 515.875 ; gain = 0.000 ; free physical = 136819 ; free virtual = 218111
INFO: [v++ 60-1443] [05:08:19] Run run_link: Step cf2sw: Started
INFO: [v++ 60-1453] Command Line: cf2sw -sdsl /home/miahafiz/NeuroRing_a_8192_5c/_x.hw.NUM_8192.CORE_5.FREQ_300/link/int/sdsl.dat -rtd /home/miahafiz/NeuroRing_a_8192_5c/_x.hw.NUM_8192.CORE_5.FREQ_300/link/int/cf2sw.rtd -nofilter /home/miahafiz/NeuroRing_a_8192_5c/_x.hw.NUM_8192.CORE_5.FREQ_300/link/int/cf2sw_full.rtd -xclbin /home/miahafiz/NeuroRing_a_8192_5c/_x.hw.NUM_8192.CORE_5.FREQ_300/link/int/xclbin_orig.xml -o /home/miahafiz/NeuroRing_a_8192_5c/_x.hw.NUM_8192.CORE_5.FREQ_300/link/int/xclbin_orig.1.xml
INFO: [v++ 60-1454] Run Directory: /home/miahafiz/NeuroRing_a_8192_5c/_x.hw.NUM_8192.CORE_5.FREQ_300/link/run_link
INFO: [v++ 60-1441] [05:08:46] Run run_link: Step cf2sw: Completed
Time (s): cpu = 00:00:26 ; elapsed = 00:00:27 . Memory (MB): peak = 515.875 ; gain = 0.000 ; free physical = 136820 ; free virtual = 218112
INFO: [v++ 60-1443] [05:08:46] Run run_link: Step rtd2_system_diagram: Started
INFO: [v++ 60-1453] Command Line: rtd2SystemDiagram
INFO: [v++ 60-1454] Run Directory: /home/miahafiz/NeuroRing_a_8192_5c/_x.hw.NUM_8192.CORE_5.FREQ_300/link/run_link
INFO: [v++ 60-1441] [05:08:47] Run run_link: Step rtd2_system_diagram: Completed
Time (s): cpu = 00:00:00 ; elapsed = 00:00:00.6 . Memory (MB): peak = 515.875 ; gain = 0.000 ; free physical = 136803 ; free virtual = 218095
INFO: [v++ 60-1443] [05:08:47] Run run_link: Step vpl: Started
INFO: [v++ 60-1453] Command Line: vpl -t hw -f xilinx_u55c_gen3x16_xdma_3_202210_1 -s --kernel_frequency 300 --remote_ip_cache /home/miahafiz/NeuroRing_a_8192_5c/.ipcache --output_dir /home/miahafiz/NeuroRing_a_8192_5c/_x.hw.NUM_8192.CORE_5.FREQ_300/link/int --log_dir /home/miahafiz/NeuroRing_a_8192_5c/_x.hw.NUM_8192.CORE_5.FREQ_300/logs/link --report_dir /home/miahafiz/NeuroRing_a_8192_5c/_x.hw.NUM_8192.CORE_5.FREQ_300/reports/link --config /home/miahafiz/NeuroRing_a_8192_5c/_x.hw.NUM_8192.CORE_5.FREQ_300/link/int/vplConfig.ini -k /home/miahafiz/NeuroRing_a_8192_5c/_x.hw.NUM_8192.CORE_5.FREQ_300/link/int/kernel_info.dat --webtalk_flag Vitis --temp_dir /home/miahafiz/NeuroRing_a_8192_5c/_x.hw.NUM_8192.CORE_5.FREQ_300/link --no-info --iprepo /home/miahafiz/NeuroRing_a_8192_5c/_x.hw.NUM_8192.CORE_5.FREQ_300/link/int/xo/ip_repo/xilinx_com_hls_SynapseRouter_1_0 --iprepo /home/miahafiz/NeuroRing_a_8192_5c/_x.hw.NUM_8192.CORE_5.FREQ_300/link/int/xo/ip_repo/xilinx_com_hls_NeuroRing_1_0 --messageDb /home/miahafiz/NeuroRing_a_8192_5c/_x.hw.NUM_8192.CORE_5.FREQ_300/link/run_link/vpl.pb /home/miahafiz/NeuroRing_a_8192_5c/_x.hw.NUM_8192.CORE_5.FREQ_300/link/int/dr.bd.tcl
INFO: [v++ 60-1454] Run Directory: /home/miahafiz/NeuroRing_a_8192_5c/_x.hw.NUM_8192.CORE_5.FREQ_300/link/run_link

****** vpl v2025.1 (64-bit)
  **** SW Build 6137779 on 2025-05-21-18:10:03
  **** Start of session at: Fri Feb 27 05:08:49 2026
    ** Copyright 1986-2022 Xilinx, Inc. All Rights Reserved.
    ** Copyright 2022-2025 Advanced Micro Devices, Inc. All Rights Reserved.

INFO: [VPL 60-839] Read in kernel information from file '/home/miahafiz/NeuroRing_a_8192_5c/_x.hw.NUM_8192.CORE_5.FREQ_300/link/int/kernel_info.dat'.
INFO: [VPL 74-78] Compiler Version string: 2025.1
INFO: [VPL 60-423]   Target device: xilinx_u55c_gen3x16_xdma_3_202210_1
WARNING: [VPL 60-889] User-specified kernel frequency for ID 0 is the same as the default frequency 300 MHz, so it will be ignored
INFO: [VPL 60-1032] Extracting hardware platform to /home/miahafiz/NeuroRing_a_8192_5c/_x.hw.NUM_8192.CORE_5.FREQ_300/link/vivado/vpl/.local/hw_platform
[05:09:10] Run vpl: Step create_project: Started
Creating Vivado project.
[05:09:13] Run vpl: Step create_project: Completed
[05:09:13] Run vpl: Step create_bd: Started
[05:10:04] Run vpl: Step create_bd: Completed
[05:10:04] Run vpl: Step update_bd: Started
[05:10:06] Run vpl: Step update_bd: Completed
[05:10:06] Run vpl: Step generate_target: Started
[05:11:22] Run vpl: Step generate_target: RUNNING...
[05:12:28] Run vpl: Step generate_target: Completed
[05:12:28] Run vpl: Step config_hw_runs: Started
[05:13:48] Run vpl: Step config_hw_runs: RUNNING...
[05:15:06] Run vpl: Step config_hw_runs: RUNNING...
[05:15:14] Run vpl: Step config_hw_runs: Completed
[05:15:14] Run vpl: Step synth: Started
[05:16:21] Block-level synthesis in progress, 0 of 198 jobs complete, 16 jobs running.
[05:16:52] Block-level synthesis in progress, 0 of 198 jobs complete, 16 jobs running.
[05:17:24] Block-level synthesis in progress, 14 of 198 jobs complete, 2 jobs running.
[05:17:56] Block-level synthesis in progress, 18 of 198 jobs complete, 12 jobs running.
[05:18:28] Block-level synthesis in progress, 19 of 198 jobs complete, 16 jobs running.
[05:18:59] Block-level synthesis in progress, 28 of 198 jobs complete, 9 jobs running.
[05:19:31] Block-level synthesis in progress, 34 of 198 jobs complete, 12 jobs running.
[05:20:03] Block-level synthesis in progress, 44 of 198 jobs complete, 6 jobs running.
[05:20:35] Block-level synthesis in progress, 53 of 198 jobs complete, 7 jobs running.
[05:21:07] Block-level synthesis in progress, 62 of 198 jobs complete, 8 jobs running.
[05:21:39] Block-level synthesis in progress, 72 of 198 jobs complete, 7 jobs running.
[05:22:10] Block-level synthesis in progress, 77 of 198 jobs complete, 12 jobs running.
[05:22:42] Block-level synthesis in progress, 86 of 198 jobs complete, 9 jobs running.
[05:23:14] Block-level synthesis in progress, 93 of 198 jobs complete, 9 jobs running.
[05:23:46] Block-level synthesis in progress, 99 of 198 jobs complete, 10 jobs running.
[05:24:18] Block-level synthesis in progress, 106 of 198 jobs complete, 9 jobs running.
[05:24:50] Block-level synthesis in progress, 117 of 198 jobs complete, 8 jobs running.
[05:25:21] Block-level synthesis in progress, 122 of 198 jobs complete, 12 jobs running.
[05:25:53] Block-level synthesis in progress, 124 of 198 jobs complete, 14 jobs running.
[05:26:25] Block-level synthesis in progress, 133 of 198 jobs complete, 8 jobs running.
[05:26:56] Block-level synthesis in progress, 141 of 198 jobs complete, 10 jobs running.
[05:27:28] Block-level synthesis in progress, 151 of 198 jobs complete, 8 jobs running.
[05:27:59] Block-level synthesis in progress, 164 of 198 jobs complete, 3 jobs running.
[05:28:32] Block-level synthesis in progress, 168 of 198 jobs complete, 13 jobs running.
[05:29:03] Block-level synthesis in progress, 175 of 198 jobs complete, 10 jobs running.
[05:29:35] Block-level synthesis in progress, 182 of 198 jobs complete, 9 jobs running.
[05:30:08] Block-level synthesis in progress, 183 of 198 jobs complete, 12 jobs running.
[05:30:40] Block-level synthesis in progress, 191 of 198 jobs complete, 4 jobs running.
[05:31:12] Block-level synthesis in progress, 197 of 198 jobs complete, 0 jobs running.
[05:31:43] Block-level synthesis in progress, 197 of 198 jobs complete, 1 job running.
[05:32:15] Block-level synthesis in progress, 197 of 198 jobs complete, 1 job running.
[05:32:47] Block-level synthesis in progress, 198 of 198 jobs complete, 0 jobs running.
[05:33:19] Top-level synthesis in progress.
[05:33:51] Top-level synthesis in progress.
[05:34:23] Top-level synthesis in progress.
[05:34:56] Top-level synthesis in progress.
[05:36:01] Run vpl: Step synth: Completed
[05:36:01] Run vpl: Step impl: Started
[05:51:45] Finished 2nd of 6 tasks (FPGA linking synthesized kernels to platform). Elapsed time: 00h 42m 55s 

[05:51:45] Starting logic optimization..
[05:52:19] Phase 1 Initialization
[05:52:19] Phase 1.1 Core Generation And Design Setup
[05:52:58] Phase 1.2 Setup Constraints And Sort Netlist
[05:52:58] Phase 2 Timer Update And Timing Data Collection
[05:52:58] Phase 2.1 Timer Update
[05:52:58] Phase 2.2 Timing Data Collection
[05:52:58] Phase 3 Retarget
[05:53:33] Phase 4 Constant propagation
[05:53:33] Phase 5 Sweep
[05:54:42] Phase 6 BUFG optimization
[05:54:42] Phase 7 Shift Register Optimization
[05:54:42] Phase 8 Post Processing Netlist
[05:55:13] Phase 9 Finalization
[05:55:13] Phase 9.1 Finalizing Design Cores and Updating Shapes
[05:55:13] Phase 9.2 Verifying Netlist Connectivity
[05:55:47] Finished 3rd of 6 tasks (FPGA logic optimization). Elapsed time: 00h 04m 02s 

[05:55:47] Starting logic placement..
[05:56:19] Phase 1 Placer Initialization
[05:56:19] Phase 1.1 Placer Initialization Netlist Sorting
[06:02:45] Phase 1.2 IO Placement/ Clock Placement/ Build Placer Device
[06:04:21] Phase 1.3 Build Placer Netlist Model
[06:08:06] Phase 1.4 Constrain Clocks/Macros
[06:08:06] Phase 2 Global Placement
[06:08:06] Phase 2.1 Floorplanning
[06:10:47] Phase 2.1.1 Partition Driven Placement
[06:10:47] Phase 2.1.1.1 PBP: Partition Driven Placement
[06:17:11] Phase 2.1.1.2 PBP: Clock Region Placement
[06:18:15] Phase 2.1.1.3 PBP: Compute Congestion
[06:18:47] Phase 2.1.1.4 PBP: UpdateTiming
[06:19:19] Phase 2.1.1.5 PBP: Add part constraints
[06:19:19] Phase 2.2 Physical Synthesis After Floorplan
[06:20:23] Phase 2.3 Update Timing before SLR Path Opt
[06:20:23] Phase 2.4 Post-Processing in Floorplanning
[06:20:23] Phase 2.5 Global Place Phase1
[06:39:06] Phase 2.6 Global Place Phase2
[06:39:06] Phase 2.6.1 UpdateTiming Before Physical Synthesis
[06:39:38] Phase 2.6.2 Physical Synthesis In Placer
[06:49:50] Phase 3 Detail Placement
[06:50:22] Phase 3.1 Commit Multi Column Macros
[06:50:22] Phase 3.2 Commit Most Macros & LUTRAMs
[06:54:38] Phase 3.3 Small Shape DP
[06:54:38] Phase 3.3.1 Small Shape Clustering
[06:55:11] Phase 3.3.2 Slice Area Swap
[06:55:43] Phase 3.3.2.1 Slice Area Swap Initial
[07:00:34] Phase 3.4 Place Remaining
[07:01:07] Phase 3.5 Re-assign LUT pins
[07:02:13] Phase 3.6 Pipeline Register Optimization
[07:02:46] Phase 3.7 Fast Optimization
[07:05:59] Phase 4 Post Placement Optimization and Clean-Up
[07:05:59] Phase 4.1 Post Commit Optimization
[07:08:41] Phase 4.1.1 Post Placement Optimization
[07:09:12] Phase 4.1.1.1 BUFG Insertion
[07:09:12] Phase 1 Physical Synthesis Initialization
[07:10:49] Phase 4.1.1.2 BUFG Replication
[07:10:49] Phase 4.1.1.3 Post Placement Timing Optimization
[07:19:56] Phase 4.1.1.4 Replication
[07:22:37] Phase 4.2 Post Placement Cleanup
[07:22:37] Phase 4.3 Placer Reporting
[07:22:37] Phase 4.3.1 Print Estimated Congestion
[07:22:37] Phase 4.4 Final Placement Cleanup
[08:08:48] Finished 4th of 6 tasks (FPGA logic placement). Elapsed time: 02h 13m 00s 

[08:08:48] Starting logic routing..
[08:08:48] Phase 1 Build RT Design
[08:12:02] Phase 2 Router Initialization
[08:12:02] Phase 2.1 Fix Topology Constraints
[08:12:02] Phase 2.2 Pre Route Cleanup
[08:12:34] Phase 2.3 Global Clock Net Routing
[08:13:06] Phase 2.4 Update Timing
[08:17:24] Phase 2.5 Update Timing for Bus Skew
[08:17:24] Phase 2.5.1 Update Timing
[08:19:02] Phase 2.6 Soft Constraint Pins - Fast Budgeting
[08:19:34] Phase 3 Global Routing
[08:19:34] Phase 3.1 SLL Assignment
[08:20:06] Phase 4 Initial Routing
[08:20:06] Phase 4.1 Initial Net Routing Pass
[08:22:15] Phase 5 Rip-up And Reroute
[08:22:15] Phase 5.1 Global Iteration 0
[10:32:36] Phase 5.2 Global Iteration 1
[10:40:47] Phase 5.3 Global Iteration 2
[11:07:42] Phase 6 Delay and Skew Optimization
[11:07:42] Phase 6.1 Delay CleanUp
[11:09:19] Phase 6.2 Clock Skew Optimization
[11:09:19] Phase 7 Post Hold Fix
[11:09:19] Phase 7.1 Hold Fix Iter
[11:10:23] Phase 7.2 Non Free Resource Hold Fix Iter
[11:10:23] Phase 8 Route finalize
[11:10:55] Phase 9 Verifying routed nets
[11:10:55] Phase 10 Depositing Routes
[11:11:59] Phase 11 Leaf Clock Prog Delay Opt
[11:12:31] Phase 11.1 Optimize Skews
[11:12:31] Phase 11.1.1 Leaf ClockOpt Init
[11:15:44] Phase 11.2 Post SkewOpt Delay Cleanup
[11:15:44] Phase 11.2.1 Delay CleanUp
[11:17:20] Phase 11.3 Post SkewOpt Hold Fix
[11:17:20] Phase 11.3.1 Hold Fix Iter
[11:20:01] Phase 12 Depositing Routes
[11:20:33] Phase 13 Resolve XTalk
[11:20:33] Phase 14 Post Process Routing
[11:21:05] Phase 15 Post Router Timing
[11:22:09] Phase 16 Physical Synthesis in Router
[11:22:09] Phase 16.1 Physical Synthesis Initialization
[11:25:22] Phase 16.2 Critical Path Optimization
[11:30:11] Phase 17 Route finalize
[11:30:11] Phase 18 Post-Route Event Processing
[11:31:15] Finished 5th of 6 tasks (FPGA routing). Elapsed time: 03h 22m 27s 

[11:31:15] Starting bitstream generation..
[12:01:27] Creating bitmap...
[12:06:49] Writing bitstream ./level0_i_ulp_my_rm_partial.bit...
[12:07:21] Finished 6th of 6 tasks (FPGA bitstream generation). Elapsed time: 00h 36m 06s 
Check VPL, containing 12 checks, has run: 0 errors, 2 warning violations
WARNING: [AUTO-FREQ-SCALING-07] One or more timing paths failed timing requirements. The system clock hbm_aclk has an original frequency equal to 450 MHz. The frequency has been automatically changed to 441.5 MHz to enable proper functionality.
WARNING: [AUTO-FREQ-SCALING-04] One or more timing paths failed timing requirements. The kernel clock ulp_ucs/aclk_kernel_00 has an original frequency equal to 300.000000 MHz. The frequency has been automatically changed to 216.4 MHz to enable proper functionality. The clock Id is 0.
[12:08:30] Run vpl: Step impl: Completed
[12:08:32] Run vpl: FINISHED. Run Status: impl Complete!
INFO: [v++ 60-1441] [12:08:41] Run run_link: Step vpl: Completed
Time (s): cpu = 00:12:48 ; elapsed = 06:59:55 . Memory (MB): peak = 515.875 ; gain = 0.000 ; free physical = 55676 ; free virtual = 112098
INFO: [v++ 60-1443] [12:08:42] Run run_link: Step rtdgen: Started
INFO: [v++ 60-1453] Command Line: rtdgen
INFO: [v++ 60-1454] Run Directory: /home/miahafiz/NeuroRing_a_8192_5c/_x.hw.NUM_8192.CORE_5.FREQ_300/link/run_link
INFO: [v++ 60-991] clock name 'ulp_ucs/aclk_kernel_01' (clock ID '1') is being mapped to clock name 'KERNEL_CLK' in the xclbin
INFO: [v++ 60-991] clock name 'ulp_ucs/aclk_kernel_00' (clock ID '0') is being mapped to clock name 'DATA_CLK' in the xclbin
INFO: [v++ 60-991] clock name 'hbm_aclk' (clock ID '') is being mapped to clock name 'hbm_aclk' in the xclbin
INFO: [v++ 60-1230] The compiler selected the following frequencies for the runtime controllable kernel clock(s) and scalable system clock(s): System (SYSTEM) clock: hbm_aclk = 441, Kernel (KERNEL) clock: ulp_ucs/aclk_kernel_01 = 500, Kernel (DATA) clock: ulp_ucs/aclk_kernel_00 = 216
INFO: [v++ 60-1453] Command Line: cf2sw -a /home/miahafiz/NeuroRing_a_8192_5c/_x.hw.NUM_8192.CORE_5.FREQ_300/link/int/address_map.xml -sdsl /home/miahafiz/NeuroRing_a_8192_5c/_x.hw.NUM_8192.CORE_5.FREQ_300/link/int/sdsl.dat -xclbin /home/miahafiz/NeuroRing_a_8192_5c/_x.hw.NUM_8192.CORE_5.FREQ_300/link/int/xclbin_orig.xml -rtd /home/miahafiz/NeuroRing_a_8192_5c/_x.hw.NUM_8192.CORE_5.FREQ_300/link/int/krnl_neuroring_hw.rtd -o /home/miahafiz/NeuroRing_a_8192_5c/_x.hw.NUM_8192.CORE_5.FREQ_300/link/int/krnl_neuroring_hw.xml
INFO: [v++ 60-1652] Cf2sw returned exit code: 0
INFO: [v++ 60-1441] [12:09:12] Run run_link: Step rtdgen: Completed
Time (s): cpu = 00:00:28 ; elapsed = 00:00:30 . Memory (MB): peak = 515.875 ; gain = 0.000 ; free physical = 55628 ; free virtual = 112112
INFO: [v++ 60-1443] [12:09:12] Run run_link: Step xclbinutil: Started
INFO: [v++ 60-1453] Command Line: xclbinutil --add-section BITSTREAM:RAW:/home/miahafiz/NeuroRing_a_8192_5c/_x.hw.NUM_8192.CORE_5.FREQ_300/link/int/partial.bit --force --target hw --key-value SYS:dfx_enable:true --add-section :JSON:/home/miahafiz/NeuroRing_a_8192_5c/_x.hw.NUM_8192.CORE_5.FREQ_300/link/int/krnl_neuroring_hw.rtd --append-section :JSON:/home/miahafiz/NeuroRing_a_8192_5c/_x.hw.NUM_8192.CORE_5.FREQ_300/link/int/appendSection.rtd --add-section CLOCK_FREQ_TOPOLOGY:JSON:/home/miahafiz/NeuroRing_a_8192_5c/_x.hw.NUM_8192.CORE_5.FREQ_300/link/int/krnl_neuroring_hw_xml.rtd --add-section BUILD_METADATA:JSON:/home/miahafiz/NeuroRing_a_8192_5c/_x.hw.NUM_8192.CORE_5.FREQ_300/link/int/krnl_neuroring_hw_build.rtd --add-section EMBEDDED_METADATA:RAW:/home/miahafiz/NeuroRing_a_8192_5c/_x.hw.NUM_8192.CORE_5.FREQ_300/link/int/krnl_neuroring_hw.xml --add-section SYSTEM_METADATA:RAW:/home/miahafiz/NeuroRing_a_8192_5c/_x.hw.NUM_8192.CORE_5.FREQ_300/link/int/systemDiagramModelSlrBaseAddress.json --key-value SYS:PlatformVBNV:xilinx_u55c_gen3x16_xdma_3_202210_1 --output /home/miahafiz/NeuroRing_a_8192_5c/_build_dir.hw.NUM_8192.CORE_5.FREQ_300/krnl_neuroring_hw.xclbin
INFO: [v++ 60-1454] Run Directory: /home/miahafiz/NeuroRing_a_8192_5c/_x.hw.NUM_8192.CORE_5.FREQ_300/link/run_link
XRT Build Version: 2.18.179 (2024.2)
       Build Date: 2024-11-05 13:57:47
          Hash ID: 3ade2e671e5ab463400813fc2846c57edf82bb10
Creating a default 'in-memory' xclbin image.

Section: 'BITSTREAM'(0) was successfully added.
Size   : 70638034 bytes
Format : RAW
File   : '/home/miahafiz/NeuroRing_a_8192_5c/_x.hw.NUM_8192.CORE_5.FREQ_300/link/int/partial.bit'

Section: 'MEM_TOPOLOGY'(6) was successfully added.
Format : JSON
File   : 'mem_topology'

Section: 'IP_LAYOUT'(8) was successfully added.
Format : JSON
File   : 'ip_layout'

Section: 'CONNECTIVITY'(7) was successfully added.
Format : JSON
File   : 'connectivity'

Section: 'CLOCK_FREQ_TOPOLOGY'(11) was successfully added.
Size   : 410 bytes
Format : JSON
File   : '/home/miahafiz/NeuroRing_a_8192_5c/_x.hw.NUM_8192.CORE_5.FREQ_300/link/int/krnl_neuroring_hw_xml.rtd'

Section: 'BUILD_METADATA'(14) was successfully added.
Size   : 11712 bytes
Format : JSON
File   : '/home/miahafiz/NeuroRing_a_8192_5c/_x.hw.NUM_8192.CORE_5.FREQ_300/link/int/krnl_neuroring_hw_build.rtd'

Section: 'EMBEDDED_METADATA'(2) was successfully added.
Size   : 83156 bytes
Format : RAW
File   : '/home/miahafiz/NeuroRing_a_8192_5c/_x.hw.NUM_8192.CORE_5.FREQ_300/link/int/krnl_neuroring_hw.xml'

Section: 'SYSTEM_METADATA'(22) was successfully added.
Size   : 145489 bytes
Format : RAW
File   : '/home/miahafiz/NeuroRing_a_8192_5c/_x.hw.NUM_8192.CORE_5.FREQ_300/link/int/systemDiagramModelSlrBaseAddress.json'

Section: 'PARTITION_METADATA'(20) was successfully appended to.
Format : JSON
File   : 'partition_metadata'

Section: 'IP_LAYOUT'(8) was successfully appended to.
Format : JSON
File   : 'ip_layout'
Successfully wrote (70938144 bytes) to the output file: /home/miahafiz/NeuroRing_a_8192_5c/_build_dir.hw.NUM_8192.CORE_5.FREQ_300/krnl_neuroring_hw.xclbin
Leaving xclbinutil.
INFO: [v++ 60-1441] [12:09:14] Run run_link: Step xclbinutil: Completed
Time (s): cpu = 00:00:00.14 ; elapsed = 00:00:02 . Memory (MB): peak = 515.875 ; gain = 0.000 ; free physical = 55544 ; free virtual = 112107
INFO: [v++ 60-1443] [12:09:14] Run run_link: Step xclbinutilinfo: Started
INFO: [v++ 60-1453] Command Line: xclbinutil --quiet --force --info /home/miahafiz/NeuroRing_a_8192_5c/_build_dir.hw.NUM_8192.CORE_5.FREQ_300/krnl_neuroring_hw.xclbin.info --input /home/miahafiz/NeuroRing_a_8192_5c/_build_dir.hw.NUM_8192.CORE_5.FREQ_300/krnl_neuroring_hw.xclbin
INFO: [v++ 60-1454] Run Directory: /home/miahafiz/NeuroRing_a_8192_5c/_x.hw.NUM_8192.CORE_5.FREQ_300/link/run_link
INFO: [v++ 60-1441] [12:09:15] Run run_link: Step xclbinutilinfo: Completed
Time (s): cpu = 00:00:00.9 ; elapsed = 00:00:01 . Memory (MB): peak = 515.875 ; gain = 0.000 ; free physical = 55533 ; free virtual = 112107
INFO: [v++ 60-244] Generating system estimate report...
INFO: [v++ 60-1092] Generated system estimate report: /home/miahafiz/NeuroRing_a_8192_5c/_x.hw.NUM_8192.CORE_5.FREQ_300/reports/link/system_estimate_krnl_neuroring_hw.xtxt
INFO: [v++ 60-586] Created /home/miahafiz/NeuroRing_a_8192_5c/_build_dir.hw.NUM_8192.CORE_5.FREQ_300/krnl_neuroring_hw.ltx
INFO: [v++ 60-586] Created _build_dir.hw.NUM_8192.CORE_5.FREQ_300/krnl_neuroring_hw.xclbin
INFO: [v++ 60-1307] Run completed. Additional information can be found in:
	Guidance: /home/miahafiz/NeuroRing_a_8192_5c/_x.hw.NUM_8192.CORE_5.FREQ_300/reports/link/v++_link_krnl_neuroring_hw_guidance.html
	Timing Report: /home/miahafiz/NeuroRing_a_8192_5c/_x.hw.NUM_8192.CORE_5.FREQ_300/reports/link/imp/impl_1_hw_bb_locked_timing_summary_routed.rpt
	Vivado Log: /home/miahafiz/NeuroRing_a_8192_5c/_x.hw.NUM_8192.CORE_5.FREQ_300/logs/link/vivado.log
	Steps Log File: /home/miahafiz/NeuroRing_a_8192_5c/_x.hw.NUM_8192.CORE_5.FREQ_300/logs/link/link.steps.log

INFO: [v++ 60-2343] Use the Vitis Unified IDE to visualize and navigate the reports. Run the following command. 
    vitis --analyze /home/miahafiz/NeuroRing_a_8192_5c/_build_dir.hw.NUM_8192.CORE_5.FREQ_300/krnl_neuroring_hw.xclbin.link_summary 
INFO: [v++ 60-791] Total elapsed time: 7h 1m 55s
