Copyright 1986-2022 Xilinx, Inc. All Rights Reserved. Copyright 2022-2025 Advanced Micro Devices, Inc. All Rights Reserved.
---------------------------------------------------------------------------------------------------------------------------------------------
| Tool Version : Vivado v.2025.1 (lin64) Build 6140274 Wed May 21 22:58:25 MDT 2025
| Date         : Fri Feb 13 18:57:47 2026
| Host         : cyberdeck running 64-bit Ubuntu 22.04.5 LTS
| Command      : report_utilization -slr -file slr_util_routed.rpt -pb slr_util_routed.pb
| Design       : level0_wrapper
| Device       : xcu55c-fsvh2892-2L-e
| Speed File   : -2L
| Design State : Routed
---------------------------------------------------------------------------------------------------------------------------------------------

Utilization Design Information

Table of Contents
-----------------
1. SLR Connectivity
2. SLR Connectivity Matrix
3. SLR CLB Logic and Dedicated Block Utilization
4. SLR IO Utilization

1. SLR Connectivity
-------------------

+----------------------------------+-------+-------+-----------+-------+
|                                  |  Used | Fixed | Available | Util% |
+----------------------------------+-------+-------+-----------+-------+
| SLR2 <-> SLR1                    |  9427 |       |     23040 | 40.92 |
|   SLR1 -> SLR2                   |  4769 |       |           | 20.70 |
|     Using TX_REG only            |     0 |     0 |           |       |
|     Using RX_REG only            |     0 |     0 |           |       |
|     Using Both TX_REG and RX_REG |     0 |     0 |           |       |
|   SLR2 -> SLR1                   |  4658 |       |           | 20.22 |
|     Using TX_REG only            |     1 |     0 |           |       |
|     Using RX_REG only            |     0 |     0 |           |       |
|     Using Both TX_REG and RX_REG |     0 |     0 |           |       |
| SLR1 <-> SLR0                    | 12331 |       |     23040 | 53.52 |
|   SLR0 -> SLR1                   |  5701 |       |           | 24.74 |
|     Using TX_REG only            |     1 |     0 |           |       |
|     Using RX_REG only            |     0 |     0 |           |       |
|     Using Both TX_REG and RX_REG |     0 |     0 |           |       |
|   SLR1 -> SLR0                   |  6630 |       |           | 28.78 |
|     Using TX_REG only            |     1 |     0 |           |       |
|     Using RX_REG only            |     0 |     0 |           |       |
|     Using Both TX_REG and RX_REG |     0 |     0 |           |       |
+----------------------------------+-------+-------+-----------+-------+
| Total SLLs Used                  | 21758 |       |           |       |
+----------------------------------+-------+-------+-----------+-------+


2. SLR Connectivity Matrix
--------------------------

+-----------+------+------+------+
| FROM \ TO | SLR2 | SLR1 | SLR0 |
+-----------+------+------+------+
| SLR2      |    0 | 4515 |  143 |
| SLR1      | 4680 |    0 | 6487 |
| SLR0      |   89 | 5612 |    0 |
+-----------+------+------+------+


3. SLR CLB Logic and Dedicated Block Utilization
------------------------------------------------

+----------------------------+--------+--------+--------+--------+--------+--------+
|          Site Type         |  SLR0  |  SLR1  |  SLR2  | SLR0 % | SLR1 % | SLR2 % |
+----------------------------+--------+--------+--------+--------+--------+--------+
| CLB                        |  54473 |  52017 |  31083 |  99.11 |  96.33 |  57.56 |
|   CLBL                     |  28996 |  28107 |  16493 |  99.03 |  95.99 |  56.33 |
|   CLBM                     |  25477 |  23910 |  14590 |  99.21 |  96.72 |  59.02 |
| CLB LUTs                   | 275810 | 269745 | 121987 |  62.73 |  62.44 |  28.24 |
|   LUT as Logic             | 252717 | 255159 | 112336 |  57.48 |  59.06 |  26.00 |
|     using O5 output only   |   3224 |   2366 |   1188 |   0.73 |   0.55 |   0.28 |
|     using O6 output only   | 182165 | 196541 |  74572 |  41.43 |  45.50 |  17.26 |
|     using O5 and O6        |  67328 |  56252 |  36576 |  15.31 |  13.02 |   8.47 |
|   LUT as Memory            |  23093 |  14586 |   9651 |  11.24 |   7.38 |   4.88 |
|     LUT as Distributed RAM |   8680 |   4172 |   2740 |   4.23 |   2.11 |   1.39 |
|       using O6 output only |   2160 |   1026 |   1920 |   1.05 |   0.52 |   0.97 |
|       using O5 and O6      |   6520 |   3146 |    820 |   3.17 |   1.59 |   0.41 |
|     LUT as Shift Register  |  14413 |  10414 |   6911 |   7.02 |   5.27 |   3.49 |
|       using O6 output only |   9825 |   8886 |   3181 |   4.78 |   4.49 |   1.61 |
|       using O5 and O6      |   4588 |   1528 |   3730 |   2.23 |   0.77 |   1.89 |
| CLB Registers              | 393101 | 333281 | 201236 |  44.70 |  38.57 |  23.29 |
| CARRY8                     |   6842 |   5533 |   3688 |  12.45 |  10.25 |   6.83 |
| F7 Muxes                   |   5520 |   7253 |    917 |   2.51 |   3.36 |   0.42 |
| F8 Muxes                   |   1151 |   1540 |     12 |   1.05 |   1.43 |   0.01 |
| F9 Muxes                   |      0 |      0 |      0 |   0.00 |   0.00 |   0.00 |
| Block RAM Tile             |    483 |  544.5 |    444 |  71.88 |  81.03 |  66.07 |
|   RAMB36/FIFO              |    339 |    384 |    414 |  50.45 |  57.14 |  61.61 |
|   RAMB18                   |    288 |    321 |     60 |  21.43 |  23.88 |   4.46 |
| URAM                       |    169 |     58 |    174 |  52.81 |  18.13 |  54.38 |
| DSPs                       |   1026 |   1248 |    124 |  35.63 |  40.63 |   4.04 |
| Unique Control Sets        |   8911 |   9339 |   3946 |   8.11 |   8.65 |   3.65 |
+----------------------------+--------+--------+--------+--------+--------+--------+
* Note: Available Control Sets based on CLB Registers / 8


4. SLR IO Utilization
---------------------

+-----------+-----------+---------+------------+----------+------------+----------+-----+
| SLR Index | Used IOBs | (%)IOBs | Used IPADs | (%)IPADs | Used OPADs | (%)OPADs | GTs |
+-----------+-----------+---------+------------+----------+------------+----------+-----+
| SLR2      |         0 |    0.00 |          0 |     0.00 |          0 |     0.00 |   0 |
| SLR1      |         0 |    0.00 |          0 |     0.00 |          0 |     0.00 |   4 |
| SLR0      |        12 |    5.77 |          0 |     0.00 |          0 |     0.00 |  16 |
+-----------+-----------+---------+------------+----------+------------+----------+-----+
| Total     |        12 |         |          0 |          |          0 |          |  20 |
+-----------+-----------+---------+------------+----------+------------+----------+-----+


