Copyright 1986-2022 Xilinx, Inc. All Rights Reserved. Copyright 2022-2025 Advanced Micro Devices, Inc. All Rights Reserved.
----------------------------------------------------------------------------------------------------------------------------------------------------------------------------------------------------------------------------------------------------------------------------------------------------------------------------------------------------------------------------------------------------------------------------------------------------------------------------------------------------------------------------------------------------------------------------------------------------------------------------------------------------------------------------------------------------------------------------------------------------------------------------------------------------------------------------------------------------------------------------------------------------------------------------------------------------------------------------------------------------------------------------------------------------------------------------------------------------------------------------------------------------------------------------------------------------------------------------------------------------------------------------------------------------------------------------------------------------------------------------------------------------------------------------------------------------------------------------------------------------------------------------------------------------------------------------------------------------------------------------------------------------------------------------------------------------------------------------------------------------------------------------------------------------------------------------------------------------------------------------------------------------------------------------------------------------------------------------------------------------------------------------------------------------------------------------------------------------------------------------------------------------------------------
| Tool Version : Vivado v.2025.1 (lin64) Build 6140274 Wed May 21 22:58:25 MDT 2025
| Date         : Thu Feb 12 16:08:31 2026
| Host         : cyberdeck running 64-bit Ubuntu 22.04.5 LTS
| Command      : report_accelerator_utilization -kernels { NeuroRing:level0_i/ulp/NeuroRing_0/inst:NeuroRing_0 NeuroRing:level0_i/ulp/NeuroRing_1/inst:NeuroRing_1 NeuroRing:level0_i/ulp/NeuroRing_10/inst:NeuroRing_10 NeuroRing:level0_i/ulp/NeuroRing_11/inst:NeuroRing_11 NeuroRing:level0_i/ulp/NeuroRing_12/inst:NeuroRing_12 NeuroRing:level0_i/ulp/NeuroRing_13/inst:NeuroRing_13 NeuroRing:level0_i/ulp/NeuroRing_2/inst:NeuroRing_2 NeuroRing:level0_i/ulp/NeuroRing_3/inst:NeuroRing_3 NeuroRing:level0_i/ulp/NeuroRing_4/inst:NeuroRing_4 NeuroRing:level0_i/ulp/NeuroRing_5/inst:NeuroRing_5 NeuroRing:level0_i/ulp/NeuroRing_6/inst:NeuroRing_6 NeuroRing:level0_i/ulp/NeuroRing_7/inst:NeuroRing_7 NeuroRing:level0_i/ulp/NeuroRing_8/inst:NeuroRing_8 NeuroRing:level0_i/ulp/NeuroRing_9/inst:NeuroRing_9 SerialIn:level0_i/ulp/SerialIn_0/inst:SerialIn_0 SerialOut:level0_i/ulp/SerialOut_0/inst:SerialOut_0 SynapseRouter:level0_i/ulp/SynapseRouter_0/inst:SynapseRouter_0 SynapseRouter:level0_i/ulp/SynapseRouter_1/inst:SynapseRouter_1 SynapseRouter:level0_i/ulp/SynapseRouter_10/inst:SynapseRouter_10 SynapseRouter:level0_i/ulp/SynapseRouter_11/inst:SynapseRouter_11 SynapseRouter:level0_i/ulp/SynapseRouter_12/inst:SynapseRouter_12 SynapseRouter:level0_i/ulp/SynapseRouter_13/inst:SynapseRouter_13 SynapseRouter:level0_i/ulp/SynapseRouter_2/inst:SynapseRouter_2 SynapseRouter:level0_i/ulp/SynapseRouter_3/inst:SynapseRouter_3 SynapseRouter:level0_i/ulp/SynapseRouter_4/inst:SynapseRouter_4 SynapseRouter:level0_i/ulp/SynapseRouter_5/inst:SynapseRouter_5 SynapseRouter:level0_i/ulp/SynapseRouter_6/inst:SynapseRouter_6 SynapseRouter:level0_i/ulp/SynapseRouter_7/inst:SynapseRouter_7 SynapseRouter:level0_i/ulp/SynapseRouter_8/inst:SynapseRouter_8 SynapseRouter:level0_i/ulp/SynapseRouter_9/inst:SynapseRouter_9 krnl_aurora:level0_i/ulp/krnl_aurora_0/inst:krnl_aurora_0 krnl_aurora:level0_i/ulp/krnl_aurora_1/inst:krnl_aurora_1 strm_dump:level0_i/ulp/strm_dump_0/inst:strm_dump_0 strm_issue:level0_i/ulp/strm_issue_0/inst:strm_issue_0} -file kernel_util_synthed.rpt -name kernel_util_synthed -json
| Design       : level0_wrapper
| Device       : xcu55c
| Design State : Synthesized
----------------------------------------------------------------------------------------------------------------------------------------------------------------------------------------------------------------------------------------------------------------------------------------------------------------------------------------------------------------------------------------------------------------------------------------------------------------------------------------------------------------------------------------------------------------------------------------------------------------------------------------------------------------------------------------------------------------------------------------------------------------------------------------------------------------------------------------------------------------------------------------------------------------------------------------------------------------------------------------------------------------------------------------------------------------------------------------------------------------------------------------------------------------------------------------------------------------------------------------------------------------------------------------------------------------------------------------------------------------------------------------------------------------------------------------------------------------------------------------------------------------------------------------------------------------------------------------------------------------------------------------------------------------------------------------------------------------------------------------------------------------------------------------------------------------------------------------------------------------------------------------------------------------------------------------------------------------------------------------------------------------------------------------------------------------------------------------------------------------------------------------------------------------------

Accelerator Utilization Design Information

Table of Contents
-----------------
1. System Utilization

1. System Utilization
---------------------

+---------------------+-------------------+------------------+-------------------+----------------+---------------+----------------+
| Name                | LUT               | LUTAsMem         | REG               | BRAM           | URAM          | DSP            |
+---------------------+-------------------+------------------+-------------------+----------------+---------------+----------------+
| Platform            |  167405 [ 12.84%] |  16753 [  2.79%] |  227001 [  8.71%] |  597 [ 29.61%] |  65 [  6.77%] |    4 [  0.04%] |
| User Budget         | 1136275 [100.00%] | 584207 [100.00%] | 2380359 [100.00%] | 1419 [100.00%] | 895 [100.00%] | 9020 [100.00%] |
|    Used Resources   |  570293 [ 50.19%] |  45714 [  7.82%] |  728642 [ 30.61%] |  884 [ 62.30%] | 336 [ 37.54%] | 2394 [ 26.54%] |
|    Unused Resources |  565982 [ 49.81%] | 538493 [ 92.18%] | 1651717 [ 69.39%] |  535 [ 37.70%] | 559 [ 62.46%] | 6626 [ 73.46%] |
| NeuroRing           |  325920 [ 28.68%] |  17206 [  2.95%] |  347788 [ 14.61%] |  350 [ 24.67%] |   0 [  0.00%] | 2114 [ 23.44%] |
|    NeuroRing_0      |   23280 [  2.05%] |   1229 [  0.21%] |   24842 [  1.04%] |   25 [  1.76%] |   0 [  0.00%] |  151 [  1.67%] |
|    NeuroRing_1      |   23280 [  2.05%] |   1229 [  0.21%] |   24842 [  1.04%] |   25 [  1.76%] |   0 [  0.00%] |  151 [  1.67%] |
|    NeuroRing_10     |   23280 [  2.05%] |   1229 [  0.21%] |   24842 [  1.04%] |   25 [  1.76%] |   0 [  0.00%] |  151 [  1.67%] |
|    NeuroRing_11     |   23280 [  2.05%] |   1229 [  0.21%] |   24842 [  1.04%] |   25 [  1.76%] |   0 [  0.00%] |  151 [  1.67%] |
|    NeuroRing_12     |   23280 [  2.05%] |   1229 [  0.21%] |   24842 [  1.04%] |   25 [  1.76%] |   0 [  0.00%] |  151 [  1.67%] |
|    NeuroRing_13     |   23280 [  2.05%] |   1229 [  0.21%] |   24842 [  1.04%] |   25 [  1.76%] |   0 [  0.00%] |  151 [  1.67%] |
|    NeuroRing_2      |   23280 [  2.05%] |   1229 [  0.21%] |   24842 [  1.04%] |   25 [  1.76%] |   0 [  0.00%] |  151 [  1.67%] |
|    NeuroRing_3      |   23280 [  2.05%] |   1229 [  0.21%] |   24842 [  1.04%] |   25 [  1.76%] |   0 [  0.00%] |  151 [  1.67%] |
|    NeuroRing_4      |   23280 [  2.05%] |   1229 [  0.21%] |   24842 [  1.04%] |   25 [  1.76%] |   0 [  0.00%] |  151 [  1.67%] |
|    NeuroRing_5      |   23280 [  2.05%] |   1229 [  0.21%] |   24842 [  1.04%] |   25 [  1.76%] |   0 [  0.00%] |  151 [  1.67%] |
|    NeuroRing_6      |   23280 [  2.05%] |   1229 [  0.21%] |   24842 [  1.04%] |   25 [  1.76%] |   0 [  0.00%] |  151 [  1.67%] |
|    NeuroRing_7      |   23280 [  2.05%] |   1229 [  0.21%] |   24842 [  1.04%] |   25 [  1.76%] |   0 [  0.00%] |  151 [  1.67%] |
|    NeuroRing_8      |   23280 [  2.05%] |   1229 [  0.21%] |   24842 [  1.04%] |   25 [  1.76%] |   0 [  0.00%] |  151 [  1.67%] |
|    NeuroRing_9      |   23280 [  2.05%] |   1229 [  0.21%] |   24842 [  1.04%] |   25 [  1.76%] |   0 [  0.00%] |  151 [  1.67%] |
| SerialIn            |     681 [  0.06%] |      0 [  0.00%] |    1318 [  0.06%] |    0 [  0.00%] |   0 [  0.00%] |    0 [  0.00%] |
|    SerialIn_0       |     681 [  0.06%] |      0 [  0.00%] |    1318 [  0.06%] |    0 [  0.00%] |   0 [  0.00%] |    0 [  0.00%] |
| SerialOut           |     680 [  0.06%] |      0 [  0.00%] |    1318 [  0.06%] |    0 [  0.00%] |   0 [  0.00%] |    0 [  0.00%] |
|    SerialOut_0      |     680 [  0.06%] |      0 [  0.00%] |    1318 [  0.06%] |    0 [  0.00%] |   0 [  0.00%] |    0 [  0.00%] |
| SynapseRouter       |  224532 [ 19.76%] |  27552 [  4.72%] |  359058 [ 15.08%] |  504 [ 35.52%] | 336 [ 37.54%] |  280 [  3.10%] |
|    SynapseRouter_0  |   16038 [  1.41%] |   1968 [  0.34%] |   25647 [  1.08%] |   36 [  2.54%] |  24 [  2.68%] |   20 [  0.22%] |
|    SynapseRouter_1  |   16038 [  1.41%] |   1968 [  0.34%] |   25647 [  1.08%] |   36 [  2.54%] |  24 [  2.68%] |   20 [  0.22%] |
|    SynapseRouter_10 |   16038 [  1.41%] |   1968 [  0.34%] |   25647 [  1.08%] |   36 [  2.54%] |  24 [  2.68%] |   20 [  0.22%] |
|    SynapseRouter_11 |   16038 [  1.41%] |   1968 [  0.34%] |   25647 [  1.08%] |   36 [  2.54%] |  24 [  2.68%] |   20 [  0.22%] |
|    SynapseRouter_12 |   16038 [  1.41%] |   1968 [  0.34%] |   25647 [  1.08%] |   36 [  2.54%] |  24 [  2.68%] |   20 [  0.22%] |
|    SynapseRouter_13 |   16038 [  1.41%] |   1968 [  0.34%] |   25647 [  1.08%] |   36 [  2.54%] |  24 [  2.68%] |   20 [  0.22%] |
|    SynapseRouter_2  |   16038 [  1.41%] |   1968 [  0.34%] |   25647 [  1.08%] |   36 [  2.54%] |  24 [  2.68%] |   20 [  0.22%] |
|    SynapseRouter_3  |   16038 [  1.41%] |   1968 [  0.34%] |   25647 [  1.08%] |   36 [  2.54%] |  24 [  2.68%] |   20 [  0.22%] |
|    SynapseRouter_4  |   16038 [  1.41%] |   1968 [  0.34%] |   25647 [  1.08%] |   36 [  2.54%] |  24 [  2.68%] |   20 [  0.22%] |
|    SynapseRouter_5  |   16038 [  1.41%] |   1968 [  0.34%] |   25647 [  1.08%] |   36 [  2.54%] |  24 [  2.68%] |   20 [  0.22%] |
|    SynapseRouter_6  |   16038 [  1.41%] |   1968 [  0.34%] |   25647 [  1.08%] |   36 [  2.54%] |  24 [  2.68%] |   20 [  0.22%] |
|    SynapseRouter_7  |   16038 [  1.41%] |   1968 [  0.34%] |   25647 [  1.08%] |   36 [  2.54%] |  24 [  2.68%] |   20 [  0.22%] |
|    SynapseRouter_8  |   16038 [  1.41%] |   1968 [  0.34%] |   25647 [  1.08%] |   36 [  2.54%] |  24 [  2.68%] |   20 [  0.22%] |
|    SynapseRouter_9  |   16038 [  1.41%] |   1968 [  0.34%] |   25647 [  1.08%] |   36 [  2.54%] |  24 [  2.68%] |   20 [  0.22%] |
| krnl_aurora         |   15266 [  1.34%] |     74 [  0.01%] |   14230 [  0.60%] |   26 [  1.83%] |   0 [  0.00%] |    0 [  0.00%] |
|    krnl_aurora_0    |    7633 [  0.67%] |     37 [ <0.01%] |    7115 [  0.30%] |   13 [  0.92%] |   0 [  0.00%] |    0 [  0.00%] |
|    krnl_aurora_1    |    7633 [  0.67%] |     37 [ <0.01%] |    7115 [  0.30%] |   13 [  0.92%] |   0 [  0.00%] |    0 [  0.00%] |
| strm_dump           |    1800 [  0.16%] |    617 [  0.11%] |    2733 [  0.11%] |    0 [  0.00%] |   0 [  0.00%] |    0 [  0.00%] |
|    strm_dump_0      |    1800 [  0.16%] |    617 [  0.11%] |    2733 [  0.11%] |    0 [  0.00%] |   0 [  0.00%] |    0 [  0.00%] |
| strm_issue          |    1414 [  0.12%] |    265 [  0.05%] |    2197 [  0.09%] |    4 [  0.28%] |   0 [  0.00%] |    0 [  0.00%] |
|    strm_issue_0     |    1414 [  0.12%] |    265 [  0.05%] |    2197 [  0.09%] |    4 [  0.28%] |   0 [  0.00%] |    0 [  0.00%] |
+---------------------+-------------------+------------------+-------------------+----------------+---------------+----------------+


