Copyright 1986-2022 Xilinx, Inc. All Rights Reserved. Copyright 2022-2025 Advanced Micro Devices, Inc. All Rights Reserved.
-----------------------------------------------------------------------------------------------------------------------------------------------------------------------------------------------------------------------------------------------------------------------------------------------------------------------------------------------------------------------------------------------------------------------------------------------------------------------------------------------------------------------------------------------------------------------------------------------------------------------------------------------------------------------------------------------------------------------------------------------------------------------------------------------------------------------------------------------------------------------------------------------------------------------------------------------------------------------------------------------------------------------------------------------------------------------------------------------------------------------------------------------------------------------------------------------------------------------------------------------------------------------------------------------------------------------------------------------------------------------------------------------------------------------------------------------------------------------------------------------------------------------------------------------------------------------------------------------------------------------------------------------------------------------------------------------------------------------------------------------------------------------------------------------------------------------------------------------------------------------------------------------------------------------------------------------------------------------------------------------
| Tool Version : Vivado v.2025.1 (lin64) Build 6140274 Wed May 21 22:58:25 MDT 2025
| Date         : Fri Feb 13 13:17:24 2026
| Host         : cyberdeck running 64-bit Ubuntu 22.04.5 LTS
| Command      : report_accelerator_utilization -kernels { NeuroRing:level0_i/ulp/NeuroRing_0/inst:NeuroRing_0 NeuroRing:level0_i/ulp/NeuroRing_1/inst:NeuroRing_1 NeuroRing:level0_i/ulp/NeuroRing_10/inst:NeuroRing_10 NeuroRing:level0_i/ulp/NeuroRing_11/inst:NeuroRing_11 NeuroRing:level0_i/ulp/NeuroRing_12/inst:NeuroRing_12 NeuroRing:level0_i/ulp/NeuroRing_13/inst:NeuroRing_13 NeuroRing:level0_i/ulp/NeuroRing_2/inst:NeuroRing_2 NeuroRing:level0_i/ulp/NeuroRing_3/inst:NeuroRing_3 NeuroRing:level0_i/ulp/NeuroRing_4/inst:NeuroRing_4 NeuroRing:level0_i/ulp/NeuroRing_5/inst:NeuroRing_5 NeuroRing:level0_i/ulp/NeuroRing_6/inst:NeuroRing_6 NeuroRing:level0_i/ulp/NeuroRing_7/inst:NeuroRing_7 NeuroRing:level0_i/ulp/NeuroRing_8/inst:NeuroRing_8 NeuroRing:level0_i/ulp/NeuroRing_9/inst:NeuroRing_9 SerialIn:level0_i/ulp/SerialIn_0/inst:SerialIn_0 SerialOut:level0_i/ulp/SerialOut_0/inst:SerialOut_0 SynapseRouter:level0_i/ulp/SynapseRouter_0/inst:SynapseRouter_0 SynapseRouter:level0_i/ulp/SynapseRouter_1/inst:SynapseRouter_1 SynapseRouter:level0_i/ulp/SynapseRouter_10/inst:SynapseRouter_10 SynapseRouter:level0_i/ulp/SynapseRouter_11/inst:SynapseRouter_11 SynapseRouter:level0_i/ulp/SynapseRouter_12/inst:SynapseRouter_12 SynapseRouter:level0_i/ulp/SynapseRouter_13/inst:SynapseRouter_13 SynapseRouter:level0_i/ulp/SynapseRouter_2/inst:SynapseRouter_2 SynapseRouter:level0_i/ulp/SynapseRouter_3/inst:SynapseRouter_3 SynapseRouter:level0_i/ulp/SynapseRouter_4/inst:SynapseRouter_4 SynapseRouter:level0_i/ulp/SynapseRouter_5/inst:SynapseRouter_5 SynapseRouter:level0_i/ulp/SynapseRouter_6/inst:SynapseRouter_6 SynapseRouter:level0_i/ulp/SynapseRouter_7/inst:SynapseRouter_7 SynapseRouter:level0_i/ulp/SynapseRouter_8/inst:SynapseRouter_8 SynapseRouter:level0_i/ulp/SynapseRouter_9/inst:SynapseRouter_9 krnl_aurora:level0_i/ulp/krnl_aurora_0/inst:krnl_aurora_0} -file kernel_util_placed.rpt -name kernel_util_placed -json
| Design       : level0_wrapper
| Device       : xcu55c
| Design State : Fully Placed
-----------------------------------------------------------------------------------------------------------------------------------------------------------------------------------------------------------------------------------------------------------------------------------------------------------------------------------------------------------------------------------------------------------------------------------------------------------------------------------------------------------------------------------------------------------------------------------------------------------------------------------------------------------------------------------------------------------------------------------------------------------------------------------------------------------------------------------------------------------------------------------------------------------------------------------------------------------------------------------------------------------------------------------------------------------------------------------------------------------------------------------------------------------------------------------------------------------------------------------------------------------------------------------------------------------------------------------------------------------------------------------------------------------------------------------------------------------------------------------------------------------------------------------------------------------------------------------------------------------------------------------------------------------------------------------------------------------------------------------------------------------------------------------------------------------------------------------------------------------------------------------------------------------------------------------------------------------------------------------------------

Accelerator Utilization Design Information

Table of Contents
-----------------
1. System Utilization

1. System Utilization
---------------------

+---------------------+-------------------+------------------+-------------------+----------------+---------------+----------------+
| Name                | LUT               | LUTAsMem         | REG               | BRAM           | URAM          | DSP            |
+---------------------+-------------------+------------------+-------------------+----------------+---------------+----------------+
| Platform            |  146669 [ 11.25%] |  14057 [  2.34%] |  216443 [  8.30%] |  597 [ 29.61%] |  65 [  6.77%] |    4 [  0.04%] |
| User Budget         | 1157011 [100.00%] | 586903 [100.00%] | 2390917 [100.00%] | 1419 [100.00%] | 895 [100.00%] | 9020 [100.00%] |
|    Used Resources   |  520829 [ 45.02%] |  33273 [  5.67%] |  711102 [ 29.74%] |  867 [ 61.10%] | 336 [ 37.54%] | 2394 [ 26.54%] |
|    Unused Resources |  636182 [ 54.98%] | 553630 [ 94.33%] | 1679815 [ 70.26%] |  552 [ 38.90%] | 559 [ 62.46%] | 6626 [ 73.46%] |
| NeuroRing           |  308025 [ 26.62%] |  14308 [  2.44%] |  342653 [ 14.33%] |  350 [ 24.67%] |   0 [  0.00%] | 2114 [ 23.44%] |
|    NeuroRing_0      |   22026 [  1.90%] |   1022 [  0.17%] |   24463 [  1.02%] |   25 [  1.76%] |   0 [  0.00%] |  151 [  1.67%] |
|    NeuroRing_1      |   22149 [  1.91%] |   1022 [  0.17%] |   24475 [  1.02%] |   25 [  1.76%] |   0 [  0.00%] |  151 [  1.67%] |
|    NeuroRing_10     |   21860 [  1.89%] |   1022 [  0.17%] |   24487 [  1.02%] |   25 [  1.76%] |   0 [  0.00%] |  151 [  1.67%] |
|    NeuroRing_11     |   22123 [  1.91%] |   1022 [  0.17%] |   24474 [  1.02%] |   25 [  1.76%] |   0 [  0.00%] |  151 [  1.67%] |
|    NeuroRing_12     |   21999 [  1.90%] |   1022 [  0.17%] |   24482 [  1.02%] |   25 [  1.76%] |   0 [  0.00%] |  151 [  1.67%] |
|    NeuroRing_13     |   21978 [  1.90%] |   1022 [  0.17%] |   24474 [  1.02%] |   25 [  1.76%] |   0 [  0.00%] |  151 [  1.67%] |
|    NeuroRing_2      |   21998 [  1.90%] |   1022 [  0.17%] |   24476 [  1.02%] |   25 [  1.76%] |   0 [  0.00%] |  151 [  1.67%] |
|    NeuroRing_3      |   21994 [  1.90%] |   1022 [  0.17%] |   24476 [  1.02%] |   25 [  1.76%] |   0 [  0.00%] |  151 [  1.67%] |
|    NeuroRing_4      |   22026 [  1.90%] |   1022 [  0.17%] |   24475 [  1.02%] |   25 [  1.76%] |   0 [  0.00%] |  151 [  1.67%] |
|    NeuroRing_5      |   21956 [  1.90%] |   1022 [  0.17%] |   24478 [  1.02%] |   25 [  1.76%] |   0 [  0.00%] |  151 [  1.67%] |
|    NeuroRing_6      |   21978 [  1.90%] |   1022 [  0.17%] |   24460 [  1.02%] |   25 [  1.76%] |   0 [  0.00%] |  151 [  1.67%] |
|    NeuroRing_7      |   22039 [  1.90%] |   1022 [  0.17%] |   24473 [  1.02%] |   25 [  1.76%] |   0 [  0.00%] |  151 [  1.67%] |
|    NeuroRing_8      |   21932 [  1.90%] |   1022 [  0.17%] |   24483 [  1.02%] |   25 [  1.76%] |   0 [  0.00%] |  151 [  1.67%] |
|    NeuroRing_9      |   21967 [  1.90%] |   1022 [  0.17%] |   24477 [  1.02%] |   25 [  1.76%] |   0 [  0.00%] |  151 [  1.67%] |
| SerialIn            |     678 [  0.06%] |      0 [  0.00%] |    1318 [  0.06%] |    0 [  0.00%] |   0 [  0.00%] |    0 [  0.00%] |
|    SerialIn_0       |     678 [  0.06%] |      0 [  0.00%] |    1318 [  0.06%] |    0 [  0.00%] |   0 [  0.00%] |    0 [  0.00%] |
| SerialOut           |     678 [  0.06%] |      0 [  0.00%] |    1318 [  0.06%] |    0 [  0.00%] |   0 [  0.00%] |    0 [  0.00%] |
|    SerialOut_0      |     678 [  0.06%] |      0 [  0.00%] |    1318 [  0.06%] |    0 [  0.00%] |   0 [  0.00%] |    0 [  0.00%] |
| SynapseRouter       |  209974 [ 18.15%] |  18928 [  3.23%] |  358993 [ 15.01%] |  504 [ 35.52%] | 336 [ 37.54%] |  280 [  3.10%] |
|    SynapseRouter_0  |   14965 [  1.29%] |   1352 [  0.23%] |   25645 [  1.07%] |   36 [  2.54%] |  24 [  2.68%] |   20 [  0.22%] |
|    SynapseRouter_1  |   14958 [  1.29%] |   1352 [  0.23%] |   25643 [  1.07%] |   36 [  2.54%] |  24 [  2.68%] |   20 [  0.22%] |
|    SynapseRouter_10 |   15007 [  1.30%] |   1352 [  0.23%] |   25643 [  1.07%] |   36 [  2.54%] |  24 [  2.68%] |   20 [  0.22%] |
|    SynapseRouter_11 |   14988 [  1.30%] |   1352 [  0.23%] |   25642 [  1.07%] |   36 [  2.54%] |  24 [  2.68%] |   20 [  0.22%] |
|    SynapseRouter_12 |   15041 [  1.30%] |   1352 [  0.23%] |   25639 [  1.07%] |   36 [  2.54%] |  24 [  2.68%] |   20 [  0.22%] |
|    SynapseRouter_13 |   15001 [  1.30%] |   1352 [  0.23%] |   25643 [  1.07%] |   36 [  2.54%] |  24 [  2.68%] |   20 [  0.22%] |
|    SynapseRouter_2  |   14961 [  1.29%] |   1352 [  0.23%] |   25642 [  1.07%] |   36 [  2.54%] |  24 [  2.68%] |   20 [  0.22%] |
|    SynapseRouter_3  |   14954 [  1.29%] |   1352 [  0.23%] |   25640 [  1.07%] |   36 [  2.54%] |  24 [  2.68%] |   20 [  0.22%] |
|    SynapseRouter_4  |   14953 [  1.29%] |   1352 [  0.23%] |   25642 [  1.07%] |   36 [  2.54%] |  24 [  2.68%] |   20 [  0.22%] |
|    SynapseRouter_5  |   14958 [  1.29%] |   1352 [  0.23%] |   25641 [  1.07%] |   36 [  2.54%] |  24 [  2.68%] |   20 [  0.22%] |
|    SynapseRouter_6  |   15016 [  1.30%] |   1352 [  0.23%] |   25642 [  1.07%] |   36 [  2.54%] |  24 [  2.68%] |   20 [  0.22%] |
|    SynapseRouter_7  |   15023 [  1.30%] |   1352 [  0.23%] |   25640 [  1.07%] |   36 [  2.54%] |  24 [  2.68%] |   20 [  0.22%] |
|    SynapseRouter_8  |   15093 [  1.30%] |   1352 [  0.23%] |   25646 [  1.07%] |   36 [  2.54%] |  24 [  2.68%] |   20 [  0.22%] |
|    SynapseRouter_9  |   15056 [  1.30%] |   1352 [  0.23%] |   25645 [  1.07%] |   36 [  2.54%] |  24 [  2.68%] |   20 [  0.22%] |
| krnl_aurora         |    1474 [  0.13%] |     37 [ <0.01%] |    6820 [  0.29%] |   13 [  0.92%] |   0 [  0.00%] |    0 [  0.00%] |
|    krnl_aurora_0    |    1474 [  0.13%] |     37 [ <0.01%] |    6820 [  0.29%] |   13 [  0.92%] |   0 [  0.00%] |    0 [  0.00%] |
+---------------------+-------------------+------------------+-------------------+----------------+---------------+----------------+


