Copyright 1986-2022 Xilinx, Inc. All Rights Reserved. Copyright 2022-2025 Advanced Micro Devices, Inc. All Rights Reserved.
---------------------------------------------------------------------------------------------------------------------------------------------
| Tool Version : Vivado v.2025.1 (lin64) Build 6140274 Wed May 21 22:58:25 MDT 2025
| Date         : Fri Feb 13 13:20:04 2026
| Host         : cyberdeck running 64-bit Ubuntu 22.04.5 LTS
| Command      : report_utilization -file full_util_placed.rpt -pb full_util_placed.pb
| Design       : level0_wrapper
| Device       : xcu55c-fsvh2892-2L-e
| Speed File   : -2L
| Design State : Fully Placed
---------------------------------------------------------------------------------------------------------------------------------------------

Utilization Design Information

Table of Contents
-----------------
1. CLB Logic
1.1 Summary of Registers by Type
2. CLB Logic Distribution
3. BLOCKRAM
4. ARITHMETIC
5. I/O
6. CLOCK
7. ADVANCED
8. CONFIGURATION
9. Primitives
10. Black Boxes
11. Instantiated Netlists
12. SLR Connectivity
13. SLR Connectivity Matrix
14. SLR CLB Logic and Dedicated Block Utilization
15. SLR IO Utilization

1. CLB Logic
------------

+----------------------------+--------+--------+------------+-----------+-------+
|          Site Type         |  Used  |  Fixed | Prohibited | Available | Util% |
+----------------------------+--------+--------+------------+-----------+-------+
| CLB LUTs                   | 667399 | 107889 |          0 |   1303680 | 51.19 |
|   LUT as Logic             | 620069 | 101912 |          0 |   1303680 | 47.56 |
|   LUT as Memory            |  47330 |   5977 |          0 |    600960 |  7.88 |
|     LUT as Distributed RAM |  15592 |   4564 |            |           |       |
|     LUT as Shift Register  |  31738 |   1413 |            |           |       |
| CLB Registers              | 927545 | 136116 |          0 |   2607360 | 35.57 |
|   Register as Flip Flop    | 927541 | 136112 |          0 |   2607360 | 35.57 |
|   Register as Latch        |      0 |      0 |          0 |   2607360 |  0.00 |
|   Register as AND/OR       |      4 |      4 |          0 |   2607360 | <0.01 |
| CARRY8                     |  16063 |    946 |          0 |    162960 |  9.86 |
| F7 Muxes                   |  13690 |   1684 |          0 |    651840 |  2.10 |
| F8 Muxes                   |   2703 |    451 |          0 |    325920 |  0.83 |
| F9 Muxes                   |      0 |      0 |          0 |    162960 |  0.00 |
+----------------------------+--------+--------+------------+-----------+-------+
* Warning! LUT value is adjusted to account for LUT combining.


1.1 Summary of Registers by Type
--------------------------------

+--------+--------------+-------------+--------------+
|  Total | Clock Enable | Synchronous | Asynchronous |
+--------+--------------+-------------+--------------+
| 4      |            _ |           - |            - |
| 0      |            _ |           - |          Set |
| 0      |            _ |           - |        Reset |
| 0      |            _ |         Set |            - |
| 0      |            _ |       Reset |            - |
| 0      |          Yes |           - |            - |
| 437    |          Yes |           - |          Set |
| 4614   |          Yes |           - |        Reset |
| 7007   |          Yes |         Set |            - |
| 915483 |          Yes |       Reset |            - |
+--------+--------------+-------------+--------------+


2. CLB Logic Distribution
-------------------------

+--------------------------------------------+--------+--------+------------+-----------+-------+
|                  Site Type                 |  Used  |  Fixed | Prohibited | Available | Util% |
+--------------------------------------------+--------+--------+------------+-----------+-------+
| CLB                                        | 137565 |      0 |          0 |    162960 | 84.42 |
|   CLBL                                     |  73592 |      0 |            |           |       |
|   CLBM                                     |  63973 |      0 |            |           |       |
| LUT as Logic                               | 620069 | 101912 |          0 |   1303680 | 47.56 |
|   using O5 output only                     |   6753 |        |            |           |       |
|   using O6 output only                     | 453138 |        |            |           |       |
|   using O5 and O6                          | 160178 |        |            |           |       |
| LUT as Memory                              |  47330 |   5977 |          0 |    600960 |  7.88 |
|   LUT as Distributed RAM                   |  15592 |   4564 |            |           |       |
|     using O5 output only                   |      0 |        |            |           |       |
|     using O6 output only                   |   5106 |        |            |           |       |
|     using O5 and O6                        |  10486 |        |            |           |       |
|   LUT as Shift Register                    |  31738 |   1413 |            |           |       |
|     using O5 output only                   |      0 |        |            |           |       |
|     using O6 output only                   |  21892 |        |            |           |       |
|     using O5 and O6                        |   9846 |        |            |           |       |
| CLB Registers                              | 927545 |      0 |          0 |   2607360 | 35.57 |
|   Register driven from within the CLB      | 427440 |        |            |           |       |
|   Register driven from outside the CLB     | 500105 |        |            |           |       |
|     LUT in front of the register is unused | 294399 |        |            |           |       |
|     LUT in front of the register is used   | 205706 |        |            |           |       |
| Unique Control Sets                        |  21849 |        |          0 |    325920 |  6.70 |
+--------------------------------------------+--------+--------+------------+-----------+-------+
* * Note: Available Control Sets calculated as Slices * 2, Review the Control Sets Report for more information regarding control sets.


3. BLOCKRAM
-----------

+-------------------+--------+-------+------------+-----------+-------+
|     Site Type     |  Used  | Fixed | Prohibited | Available | Util% |
+-------------------+--------+-------+------------+-----------+-------+
| Block RAM Tile    | 1471.5 |     0 |          0 |      2016 | 72.99 |
|   RAMB36/FIFO*    |   1137 |   193 |          0 |      2016 | 56.40 |
|     FIFO36E2 only |      4 |       |            |           |       |
|     RAMB36E2 only |   1133 |       |            |           |       |
|   RAMB18          |    669 |     6 |          0 |      4032 | 16.59 |
|     RAMB18E2 only |    669 |       |            |           |       |
| URAM              |    401 |     0 |          0 |       960 | 41.77 |
+-------------------+--------+-------+------------+-----------+-------+
* Note: Each Block RAM Tile only has one FIFO logic available and therefore can accommodate only one FIFO36E2 or one FIFO18E2. However, if a FIFO18E2 occupies a Block RAM Tile, that tile can still accommodate a RAMB18E2


4. ARITHMETIC
-------------

+----------------+------+-------+------------+-----------+-------+
|    Site Type   | Used | Fixed | Prohibited | Available | Util% |
+----------------+------+-------+------------+-----------+-------+
| DSPs           | 2398 |     4 |          0 |      9024 | 26.57 |
|   DSP48E2 only | 2398 |       |            |           |       |
+----------------+------+-------+------------+-----------+-------+


5. I/O
------

+------------------+------+-------+------------+-----------+-------+
|     Site Type    | Used | Fixed | Prohibited | Available | Util% |
+------------------+------+-------+------------+-----------+-------+
| Bonded IOB       |   12 |    12 |          0 |       624 |  1.92 |
|   HPIOB_M        |    6 |     6 |          0 |       288 |  2.08 |
|     INPUT        |    3 |       |            |           |       |
|     OUTPUT       |    3 |       |            |           |       |
|     BIDIR        |    0 |       |            |           |       |
|   HPIOB_S        |    5 |     5 |          0 |       288 |  1.74 |
|     INPUT        |    5 |       |            |           |       |
|     OUTPUT       |    0 |       |            |           |       |
|     BIDIR        |    0 |       |            |           |       |
|   HPIOB_SNGL     |    1 |     1 |          0 |        48 |  2.08 |
|     INPUT        |    1 |       |            |           |       |
|     OUTPUT       |    0 |       |            |           |       |
|     BIDIR        |    0 |       |            |           |       |
| HPIOBDIFFINBUF   |    1 |     1 |          0 |       288 |  0.35 |
|   DIFFINBUF      |    1 |     1 |            |           |       |
| HPIOBDIFFOUTBUF  |    0 |     0 |          0 |       288 |  0.00 |
| BITSLICE_CONTROL |    0 |     0 |          0 |        96 |  0.00 |
| BITSLICE_RX_TX   |    0 |     0 |          0 |      3744 |  0.00 |
| BITSLICE_TX      |    0 |     0 |          0 |        96 |  0.00 |
| RIU_OR           |    0 |     0 |          0 |        48 |  0.00 |
+------------------+------+-------+------------+-----------+-------+


6. CLOCK
--------

+------------+------+-------+------------+-----------+-------+
|  Site Type | Used | Fixed | Prohibited | Available | Util% |
+------------+------+-------+------------+-----------+-------+
| BUFGCE     |   23 |     6 |          0 |       288 |  7.99 |
| BUFGCE_DIV |    1 |     1 |          0 |        48 |  2.08 |
| BUFG_GT    |   24 |    22 |          0 |       576 |  4.17 |
| BUFGCTRL*  |    1 |     1 |          0 |        96 |  1.04 |
| PLL        |    1 |     1 |          0 |        24 |  4.17 |
| MMCM       |    3 |     1 |          0 |        12 | 25.00 |
+------------+------+-------+------------+-----------+-------+
* Note: Each used BUFGCTRL counts as two GLOBAL CLOCK BUFFERs. This table does not include global clocking resources, only buffer cell usage. See the Clock Utilization Report (report_clock_utilization) for detailed accounting of global clocking resource availability.


7. ADVANCED
-----------

+----------------------+------+-------+------------+-----------+--------+
|       Site Type      | Used | Fixed | Prohibited | Available |  Util% |
+----------------------+------+-------+------------+-----------+--------+
| CMACE4               |    0 |     0 |          0 |         8 |   0.00 |
| GTYE4_CHANNEL        |   20 |    20 |          0 |        40 |  50.00 |
| GTYE4_COMMON         |    5 |     4 |          0 |        10 |  50.00 |
| HBM_REF_CLK          |    2 |     2 |          0 |         2 | 100.00 |
| HBM_SNGLBLI_INTF_APB |    2 |     2 |          0 |        32 |   6.25 |
| HBM_SNGLBLI_INTF_AXI |   32 |    32 |          0 |        32 | 100.00 |
| ILKNE4               |    0 |     0 |          0 |         4 |   0.00 |
| OBUFDS_GTE4          |    0 |     0 |          0 |        20 |   0.00 |
| OBUFDS_GTE4_ADV      |    0 |     0 |          0 |        20 |   0.00 |
| PCIE40E4             |    0 |     0 |          0 |         2 |   0.00 |
| PCIE4CE4             |    1 |     1 |          0 |         4 |  25.00 |
| SYSMONE4             |    0 |     0 |          0 |         3 |   0.00 |
+----------------------+------+-------+------------+-----------+--------+


8. CONFIGURATION
----------------

+-------------+------+-------+------------+-----------+-------+
|  Site Type  | Used | Fixed | Prohibited | Available | Util% |
+-------------+------+-------+------------+-----------+-------+
| BSCANE2     |    1 |     1 |          0 |        12 |  8.33 |
| DNA_PORTE2  |    0 |     0 |          0 |         3 |  0.00 |
| EFUSE_USR   |    0 |     0 |          0 |         3 |  0.00 |
| FRAME_ECCE4 |    0 |     0 |          0 |         3 |  0.00 |
| ICAPE3      |    1 |     1 |          0 |         6 | 16.67 |
| MASTER_JTAG |    0 |     0 |          0 |         3 |  0.00 |
| STARTUPE3   |    1 |     1 |          0 |         3 | 33.33 |
+-------------+------+-------+------------+-----------+-------+


9. Primitives
-------------

+----------------------+--------+---------------------+
|       Ref Name       |  Used  | Functional Category |
+----------------------+--------+---------------------+
| FDRE                 | 915483 |            Register |
| LUT6                 | 234658 |                 CLB |
| LUT3                 | 211267 |                 CLB |
| LUT4                 | 146187 |                 CLB |
| LUT5                 | 105226 |                 CLB |
| LUT2                 |  70747 |                 CLB |
| SRL16E               |  30711 |                 CLB |
| RAMD32               |  18428 |                 CLB |
| CARRY8               |  16063 |                 CLB |
| MUXF7                |  13690 |                 CLB |
| LUT1                 |  12162 |                 CLB |
| SRLC32E              |  10859 |                 CLB |
| FDSE                 |   7007 |            Register |
| RAMD64E              |   5008 |                 CLB |
| FDCE                 |   4614 |            Register |
| MUXF8                |   2703 |                 CLB |
| RAMS32               |   2602 |                 CLB |
| DSP48E2              |   2398 |          Arithmetic |
| RAMB36E2             |   1133 |            BLOCKRAM |
| RAMB18E2             |    669 |            BLOCKRAM |
| FDPE                 |    437 |            Register |
| URAM288              |    401 |            BLOCKRAM |
| RAMS64E              |     40 |                 CLB |
| HBM_SNGLBLI_INTF_AXI |     32 |            Advanced |
| BUFG_GT              |     24 |               Clock |
| BUFGCE               |     23 |               Clock |
| GTYE4_CHANNEL        |     20 |            Advanced |
| BUFG_GT_SYNC         |     19 |               Clock |
| SRLC16E              |     14 |                 CLB |
| IBUFCTRL             |      8 |              Others |
| INBUF                |      7 |                 I/O |
| GTYE4_COMMON         |      5 |            Advanced |
| FIFO36E2             |      4 |            BLOCKRAM |
| AND2B1L              |      4 |              Others |
| OBUF                 |      3 |                 I/O |
| MMCME4_ADV           |      3 |               Clock |
| IBUFDS_GTE4          |      2 |                 I/O |
| HBM_SNGLBLI_INTF_APB |      2 |            Advanced |
| HBM_REF_CLK          |      2 |            Advanced |
| STARTUPE3            |      1 |       Configuration |
| PLLE4_ADV            |      1 |               Clock |
| PCIE4CE4             |      1 |            Advanced |
| ICAPE3               |      1 |       Configuration |
| DIFFINBUF            |      1 |                 I/O |
| BUFGCTRL             |      1 |               Clock |
| BUFGCE_DIV           |      1 |               Clock |
| BSCANE2              |      1 |       Configuration |
+----------------------+--------+---------------------+


10. Black Boxes
---------------

+----------+------+
| Ref Name | Used |
+----------+------+


11. Instantiated Netlists
-------------------------

+-------------------------------------------------------+------+
|                        Ref Name                       | Used |
+-------------------------------------------------------+------+
| xsdbm                                                 |    1 |
| ulp_ulp_ucs_0                                         |    1 |
| ulp_ulp_cmp_0                                         |    1 |
| ulp_regslice_control_userpf_2                         |    1 |
| ulp_regslice_control_userpf_1                         |    1 |
| ulp_regslice_control_userpf_0                         |    1 |
| ulp_proc_sys_reset_kernel_slr1_0                      |    1 |
| ulp_proc_sys_reset_kernel_slr0_0                      |    1 |
| ulp_proc_sys_reset_ctrl_slr2_0                        |    1 |
| ulp_proc_sys_reset_ctrl_slr1_0                        |    1 |
| ulp_proc_sys_reset_ctrl_slr0_0                        |    1 |
| ulp_krnl_aurora_0_0                                   |    1 |
| ulp_interconnect_axilite_user_upgraded_ipi_imp_xbar_0 |    1 |
| ulp_interconnect_axilite_user_imp_tier2_xbar_3_0      |    1 |
| ulp_interconnect_axilite_user_imp_tier2_xbar_2_0      |    1 |
| ulp_interconnect_axilite_user_imp_tier2_xbar_1_0      |    1 |
| ulp_interconnect_axilite_user_imp_tier2_xbar_0_0      |    1 |
| ulp_interconnect_axilite_user_imp_s00_regslice_2      |    1 |
| ulp_interconnect_axilite_user_imp_s00_regslice_1      |    1 |
| ulp_interconnect_axilite_user_imp_s00_regslice_0      |    1 |
| ulp_interconnect_axilite_user_imp_m29_regslice_0      |    1 |
| ulp_interconnect_axilite_user_imp_m28_regslice_0      |    1 |
| ulp_interconnect_axilite_user_imp_m27_regslice_0      |    1 |
| ulp_interconnect_axilite_user_imp_m26_regslice_0      |    1 |
| ulp_interconnect_axilite_user_imp_m25_regslice_0      |    1 |
| ulp_interconnect_axilite_user_imp_m24_regslice_0      |    1 |
| ulp_interconnect_axilite_user_imp_m23_regslice_0      |    1 |
| ulp_interconnect_axilite_user_imp_m22_regslice_0      |    1 |
| ulp_interconnect_axilite_user_imp_m21_regslice_0      |    1 |
| ulp_interconnect_axilite_user_imp_m20_regslice_0      |    1 |
| ulp_interconnect_axilite_user_imp_m19_regslice_0      |    1 |
| ulp_interconnect_axilite_user_imp_m18_regslice_0      |    1 |
| ulp_interconnect_axilite_user_imp_m17_regslice_0      |    1 |
| ulp_interconnect_axilite_user_imp_m16_regslice_0      |    1 |
| ulp_interconnect_axilite_user_imp_m15_regslice_0      |    1 |
| ulp_interconnect_axilite_user_imp_m14_regslice_0      |    1 |
| ulp_interconnect_axilite_user_imp_m13_regslice_0      |    1 |
| ulp_interconnect_axilite_user_imp_m12_regslice_0      |    1 |
| ulp_interconnect_axilite_user_imp_m11_regslice_0      |    1 |
| ulp_interconnect_axilite_user_imp_m10_regslice_0      |    1 |
| ulp_interconnect_axilite_user_imp_m09_regslice_0      |    1 |
| ulp_interconnect_axilite_user_imp_m08_regslice_0      |    1 |
| ulp_interconnect_axilite_user_imp_m07_regslice_0      |    1 |
| ulp_interconnect_axilite_user_imp_m06_regslice_0      |    1 |
| ulp_interconnect_axilite_user_imp_m05_regslice_0      |    1 |
| ulp_interconnect_axilite_user_imp_m04_regslice_0      |    1 |
| ulp_interconnect_axilite_user_imp_m03_regslice_0      |    1 |
| ulp_interconnect_axilite_user_imp_m02_regslice_0      |    1 |
| ulp_interconnect_axilite_user_imp_m01_regslice_0      |    1 |
| ulp_interconnect_axilite_user_imp_m00_regslice_0      |    1 |
| ulp_interconnect_axilite_user_imp_auto_cc_9           |    1 |
| ulp_interconnect_axilite_user_imp_auto_cc_8           |    1 |
| ulp_interconnect_axilite_user_imp_auto_cc_7           |    1 |
| ulp_interconnect_axilite_user_imp_auto_cc_6           |    1 |
| ulp_interconnect_axilite_user_imp_auto_cc_5           |    1 |
| ulp_interconnect_axilite_user_imp_auto_cc_4           |    1 |
| ulp_interconnect_axilite_user_imp_auto_cc_31          |    1 |
| ulp_interconnect_axilite_user_imp_auto_cc_30          |    1 |
| ulp_interconnect_axilite_user_imp_auto_cc_3           |    1 |
| ulp_interconnect_axilite_user_imp_auto_cc_29          |    1 |
| ulp_interconnect_axilite_user_imp_auto_cc_28          |    1 |
| ulp_interconnect_axilite_user_imp_auto_cc_27          |    1 |
| ulp_interconnect_axilite_user_imp_auto_cc_26          |    1 |
| ulp_interconnect_axilite_user_imp_auto_cc_25          |    1 |
| ulp_interconnect_axilite_user_imp_auto_cc_24          |    1 |
| ulp_interconnect_axilite_user_imp_auto_cc_23          |    1 |
| ulp_interconnect_axilite_user_imp_auto_cc_22          |    1 |
| ulp_interconnect_axilite_user_imp_auto_cc_21          |    1 |
| ulp_interconnect_axilite_user_imp_auto_cc_20          |    1 |
| ulp_interconnect_axilite_user_imp_auto_cc_2           |    1 |
| ulp_interconnect_axilite_user_imp_auto_cc_19          |    1 |
| ulp_interconnect_axilite_user_imp_auto_cc_18          |    1 |
| ulp_interconnect_axilite_user_imp_auto_cc_17          |    1 |
| ulp_interconnect_axilite_user_imp_auto_cc_16          |    1 |
| ulp_interconnect_axilite_user_imp_auto_cc_15          |    1 |
| ulp_interconnect_axilite_user_imp_auto_cc_14          |    1 |
| ulp_interconnect_axilite_user_imp_auto_cc_13          |    1 |
| ulp_interconnect_axilite_user_imp_auto_cc_12          |    1 |
| ulp_interconnect_axilite_user_imp_auto_cc_11          |    1 |
| ulp_interconnect_axilite_user_imp_auto_cc_10          |    1 |
| ulp_interconnect_axilite_user_imp_auto_cc_1           |    1 |
| ulp_interconnect_axilite_user_imp_auto_cc_0           |    1 |
| ulp_ii_level0_wire_0                                  |    1 |
| ulp_hmss_0_0                                          |    1 |
| ulp_buffer_krnl_aurora_0_rx_axis_0                    |    1 |
| ulp_buffer_SynapseRouter_9_syn_forward_rt_0           |    1 |
| ulp_buffer_SynapseRouter_9_SpikeOutWeight_0           |    1 |
| ulp_buffer_SynapseRouter_8_syn_forward_rt_0           |    1 |
| ulp_buffer_SynapseRouter_8_SpikeOutWeight_0           |    1 |
| ulp_buffer_SynapseRouter_7_syn_forward_rt_0           |    1 |
| ulp_buffer_SynapseRouter_7_SpikeOutWeight_0           |    1 |
| ulp_buffer_SynapseRouter_6_syn_forward_rt_0           |    1 |
| ulp_buffer_SynapseRouter_6_SpikeOutWeight_0           |    1 |
| ulp_buffer_SynapseRouter_5_syn_forward_rt_0           |    1 |
| ulp_buffer_SynapseRouter_5_SpikeOutWeight_0           |    1 |
| ulp_buffer_SynapseRouter_4_syn_forward_rt_0           |    1 |
| ulp_buffer_SynapseRouter_4_SpikeOutWeight_0           |    1 |
| ulp_buffer_SynapseRouter_3_syn_forward_rt_0           |    1 |
| ulp_buffer_SynapseRouter_3_SpikeOutWeight_0           |    1 |
| ulp_buffer_SynapseRouter_2_syn_forward_rt_0           |    1 |
| ulp_buffer_SynapseRouter_2_SpikeOutWeight_0           |    1 |
| ulp_buffer_SynapseRouter_1_syn_forward_rt_0           |    1 |
| ulp_buffer_SynapseRouter_1_SpikeOutWeight_0           |    1 |
| ulp_buffer_SynapseRouter_13_syn_forward_rt_0          |    1 |
| ulp_buffer_SynapseRouter_13_SpikeOutWeight_0          |    1 |
| ulp_buffer_SynapseRouter_12_syn_forward_rt_0          |    1 |
| ulp_buffer_SynapseRouter_12_SpikeOutWeight_0          |    1 |
| ulp_buffer_SynapseRouter_11_syn_forward_rt_0          |    1 |
| ulp_buffer_SynapseRouter_11_SpikeOutWeight_0          |    1 |
| ulp_buffer_SynapseRouter_10_syn_forward_rt_0          |    1 |
| ulp_buffer_SynapseRouter_10_SpikeOutWeight_0          |    1 |
| ulp_buffer_SynapseRouter_0_syn_forward_rt_0           |    1 |
| ulp_buffer_SynapseRouter_0_SpikeOutWeight_0           |    1 |
| ulp_buffer_SerialOut_0_data_output_0                  |    1 |
| ulp_buffer_SerialIn_0_SynapseOut_0                    |    1 |
| ulp_buffer_NeuroRing_9_SynapseStream_0                |    1 |
| ulp_buffer_NeuroRing_8_SynapseStream_0                |    1 |
| ulp_buffer_NeuroRing_7_SynapseStream_0                |    1 |
| ulp_buffer_NeuroRing_6_SynapseStream_0                |    1 |
| ulp_buffer_NeuroRing_5_SynapseStream_0                |    1 |
| ulp_buffer_NeuroRing_4_SynapseStream_0                |    1 |
| ulp_buffer_NeuroRing_3_SynapseStream_0                |    1 |
| ulp_buffer_NeuroRing_2_SynapseStream_0                |    1 |
| ulp_buffer_NeuroRing_1_SynapseStream_0                |    1 |
| ulp_buffer_NeuroRing_13_SynapseStream_0               |    1 |
| ulp_buffer_NeuroRing_12_SynapseStream_0               |    1 |
| ulp_buffer_NeuroRing_11_SynapseStream_0               |    1 |
| ulp_buffer_NeuroRing_10_SynapseStream_0               |    1 |
| ulp_buffer_NeuroRing_0_SynapseStream_0                |    1 |
| ulp_axi_vip_data_0                                    |    1 |
| ulp_axi_vip_ctrl_userpf_2                             |    1 |
| ulp_axi_vip_ctrl_userpf_1                             |    1 |
| ulp_axi_vip_ctrl_userpf_0                             |    1 |
| ulp_axi_ic_ctrl_mgmt_slr1_upgraded_ipi_imp_xbar_0     |    1 |
| ulp_axi_gpio_null_2                                   |    1 |
| ulp_axi_gpio_null_1                                   |    1 |
| ulp_axi_gpio_null_0                                   |    1 |
| ulp_SynapseRouter_9_0                                 |    1 |
| ulp_SynapseRouter_8_0                                 |    1 |
| ulp_SynapseRouter_7_0                                 |    1 |
| ulp_SynapseRouter_6_0                                 |    1 |
| ulp_SynapseRouter_5_0                                 |    1 |
| ulp_SynapseRouter_4_0                                 |    1 |
| ulp_SynapseRouter_3_0                                 |    1 |
| ulp_SynapseRouter_2_0                                 |    1 |
| ulp_SynapseRouter_1_0                                 |    1 |
| ulp_SynapseRouter_13_0                                |    1 |
| ulp_SynapseRouter_12_0                                |    1 |
| ulp_SynapseRouter_11_0                                |    1 |
| ulp_SynapseRouter_10_0                                |    1 |
| ulp_SynapseRouter_0_0                                 |    1 |
| ulp_SerialOut_0_0                                     |    1 |
| ulp_SerialIn_0_0                                      |    1 |
| ulp_NeuroRing_9_0                                     |    1 |
| ulp_NeuroRing_8_0                                     |    1 |
| ulp_NeuroRing_7_0                                     |    1 |
| ulp_NeuroRing_6_0                                     |    1 |
| ulp_NeuroRing_5_0                                     |    1 |
| ulp_NeuroRing_4_0                                     |    1 |
| ulp_NeuroRing_3_0                                     |    1 |
| ulp_NeuroRing_2_0                                     |    1 |
| ulp_NeuroRing_1_0                                     |    1 |
| ulp_NeuroRing_13_0                                    |    1 |
| ulp_NeuroRing_12_0                                    |    1 |
| ulp_NeuroRing_11_0                                    |    1 |
| ulp_NeuroRing_10_0                                    |    1 |
| ulp_NeuroRing_0_0                                     |    1 |
| ulp                                                   |    1 |
| level0_ii_level0_pipe_0                               |    1 |
| blp_wrapper                                           |    1 |
| bd_85ad_vip_S14_0                                     |    1 |
| bd_85ad_vip_S13_0                                     |    1 |
| bd_85ad_vip_S12_0                                     |    1 |
| bd_85ad_vip_S11_0                                     |    1 |
| bd_85ad_vip_S10_0                                     |    1 |
| bd_85ad_vip_S09_0                                     |    1 |
| bd_85ad_vip_S08_0                                     |    1 |
| bd_85ad_vip_S07_0                                     |    1 |
| bd_85ad_vip_S06_0                                     |    1 |
| bd_85ad_vip_S05_0                                     |    1 |
| bd_85ad_vip_S04_0                                     |    1 |
| bd_85ad_vip_S03_0                                     |    1 |
| bd_85ad_vip_S02_0                                     |    1 |
| bd_85ad_vip_S01_0                                     |    1 |
| bd_85ad_vip_S00_0                                     |    1 |
| bd_85ad_util_vector_logic_0                           |    1 |
| bd_85ad_slice9_16_0                                   |    1 |
| bd_85ad_slice8_13_0                                   |    1 |
| bd_85ad_slice7_12_0                                   |    1 |
| bd_85ad_slice6_9_0                                    |    1 |
| bd_85ad_slice5_8_0                                    |    1 |
| bd_85ad_slice4_5_0                                    |    1 |
| bd_85ad_slice3_4_0                                    |    1 |
| bd_85ad_slice2_1_0                                    |    1 |
| bd_85ad_slice1_0_0                                    |    1 |
| bd_85ad_slice14_25_0                                  |    1 |
| bd_85ad_slice13_24_0                                  |    1 |
| bd_85ad_slice12_21_0                                  |    1 |
| bd_85ad_slice11_20_0                                  |    1 |
| bd_85ad_slice10_17_0                                  |    1 |
| bd_85ad_slice0_14_0                                   |    1 |
| bd_85ad_interconnect9_16_0                            |    1 |
| bd_85ad_interconnect8_13_0                            |    1 |
| bd_85ad_interconnect7_12_0                            |    1 |
| bd_85ad_interconnect6_9_0                             |    1 |
| bd_85ad_interconnect5_8_0                             |    1 |
| bd_85ad_interconnect4_5_0                             |    1 |
| bd_85ad_interconnect3_4_0                             |    1 |
| bd_85ad_interconnect2_1_0                             |    1 |
| bd_85ad_interconnect1_0_0                             |    1 |
| bd_85ad_interconnect14_25_0                           |    1 |
| bd_85ad_interconnect13_24_0                           |    1 |
| bd_85ad_interconnect12_21_0                           |    1 |
| bd_85ad_interconnect11_20_0                           |    1 |
| bd_85ad_interconnect10_17_0                           |    1 |
| bd_85ad_interconnect0_14_0                            |    1 |
| bd_85ad_init_reduce_0                                 |    1 |
| bd_85ad_hbm_reset_sync_SLR2_0                         |    1 |
| bd_85ad_hbm_reset_sync_SLR0_0                         |    1 |
| bd_85ad_hbm_inst_0                                    |    1 |
| bd_85ad_axi_apb_bridge_inst_0                         |    1 |
| bd_7cf0_bsip_0                                        |    1 |
| bd_7cf0_bs_switch_1_0                                 |    1 |
| bd_7cf0_axi_jtag_0                                    |    1 |
| bd_58f6_xsdbm_0                                       |    1 |
| bd_58f6_lut_buffer_0                                  |    1 |
| bd_22c0_psreset_kernel_01_0                           |    1 |
| bd_22c0_psreset_kernel_00_0                           |    1 |
| bd_22c0_psreset_hbm_0                                 |    1 |
| bd_22c0_psreset_aclk_freerun_0                        |    1 |
| bd_22c0_gpio_ucs_control_status_0                     |    1 |
| bd_22c0_gpio_gapping_demand_0                         |    1 |
| bd_22c0_gapping_demand_update_0                       |    1 |
| bd_22c0_gapping_demand_toggle_0                       |    1 |
| bd_22c0_frequency_counter_aclk_kernel_01_0            |    1 |
| bd_22c0_frequency_counter_aclk_kernel_00_0            |    1 |
| bd_22c0_frequency_counter_aclk_hbm_0                  |    1 |
| bd_22c0_frequency_counter_aclk_0                      |    1 |
| bd_22c0_fanout_aresetn_pcie_slr2_4_0                  |    1 |
| bd_22c0_fanout_aresetn_pcie_slr2_3_0                  |    1 |
| bd_22c0_fanout_aresetn_pcie_slr2_2_0                  |    1 |
| bd_22c0_fanout_aresetn_pcie_slr2_1_0                  |    1 |
| bd_22c0_fanout_aresetn_pcie_slr1_4_0                  |    1 |
| bd_22c0_fanout_aresetn_pcie_slr1_3_0                  |    1 |
| bd_22c0_fanout_aresetn_pcie_slr1_2_0                  |    1 |
| bd_22c0_fanout_aresetn_pcie_slr1_1_0                  |    1 |
| bd_22c0_fanout_aresetn_pcie_slr0_4_0                  |    1 |
| bd_22c0_fanout_aresetn_pcie_slr0_3_0                  |    1 |
| bd_22c0_fanout_aresetn_pcie_slr0_2_0                  |    1 |
| bd_22c0_fanout_aresetn_pcie_slr0_1_0                  |    1 |
| bd_22c0_fanout_aresetn_kernel_01_slr2_4_0             |    1 |
| bd_22c0_fanout_aresetn_kernel_01_slr2_3_0             |    1 |
| bd_22c0_fanout_aresetn_kernel_01_slr2_2_0             |    1 |
| bd_22c0_fanout_aresetn_kernel_01_slr2_1_0             |    1 |
| bd_22c0_fanout_aresetn_kernel_01_slr1_4_0             |    1 |
| bd_22c0_fanout_aresetn_kernel_01_slr1_3_0             |    1 |
| bd_22c0_fanout_aresetn_kernel_01_slr1_2_0             |    1 |
| bd_22c0_fanout_aresetn_kernel_01_slr1_1_0             |    1 |
| bd_22c0_fanout_aresetn_kernel_01_slr0_4_0             |    1 |
| bd_22c0_fanout_aresetn_kernel_01_slr0_3_0             |    1 |
| bd_22c0_fanout_aresetn_kernel_01_slr0_2_0             |    1 |
| bd_22c0_fanout_aresetn_kernel_01_slr0_1_0             |    1 |
| bd_22c0_fanout_aresetn_kernel_00_slr2_4_0             |    1 |
| bd_22c0_fanout_aresetn_kernel_00_slr2_3_0             |    1 |
| bd_22c0_fanout_aresetn_kernel_00_slr2_2_0             |    1 |
| bd_22c0_fanout_aresetn_kernel_00_slr2_1_0             |    1 |
| bd_22c0_fanout_aresetn_kernel_00_slr1_4_0             |    1 |
| bd_22c0_fanout_aresetn_kernel_00_slr1_3_0             |    1 |
| bd_22c0_fanout_aresetn_kernel_00_slr1_2_0             |    1 |
| bd_22c0_fanout_aresetn_kernel_00_slr1_1_0             |    1 |
| bd_22c0_fanout_aresetn_kernel_00_slr0_4_0             |    1 |
| bd_22c0_fanout_aresetn_kernel_00_slr0_3_0             |    1 |
| bd_22c0_fanout_aresetn_kernel_00_slr0_2_0             |    1 |
| bd_22c0_fanout_aresetn_kernel_00_slr0_1_0             |    1 |
| bd_22c0_fanout_aresetn_hbm_0                          |    1 |
| bd_22c0_fanout_aresetn_ctrl_slr2_4_0                  |    1 |
| bd_22c0_fanout_aresetn_ctrl_slr2_3_0                  |    1 |
| bd_22c0_fanout_aresetn_ctrl_slr2_2_0                  |    1 |
| bd_22c0_fanout_aresetn_ctrl_slr2_1_0                  |    1 |
| bd_22c0_fanout_aresetn_ctrl_slr1_4_0                  |    1 |
| bd_22c0_fanout_aresetn_ctrl_slr1_3_0                  |    1 |
| bd_22c0_fanout_aresetn_ctrl_slr1_2_0                  |    1 |
| bd_22c0_fanout_aresetn_ctrl_slr1_1_0                  |    1 |
| bd_22c0_fanout_aresetn_ctrl_slr0_4_0                  |    1 |
| bd_22c0_fanout_aresetn_ctrl_slr0_3_0                  |    1 |
| bd_22c0_fanout_aresetn_ctrl_slr0_2_0                  |    1 |
| bd_22c0_fanout_aresetn_ctrl_slr0_1_0                  |    1 |
| bd_22c0_clock_throttling_avg_0                        |    1 |
| bd_22c0_clock_throttling_aclk_kernel_01_0             |    1 |
| bd_22c0_clock_throttling_aclk_kernel_00_0             |    1 |
| bd_22c0_clock_shutdown_latch_0                        |    1 |
| bd_22c0_clkwiz_hbm_0                                  |    1 |
| bd_22c0_clkwiz_aclk_kernel_01_0                       |    1 |
| bd_22c0_clkwiz_aclk_kernel_00_0                       |    1 |
| bd_22c0_clk_hbm_adapt_0                               |    1 |
| bd_22c0_build_info_0                                  |    1 |
| bd_22c0_axi_ic_ctrl_mgmt_top_imp_xbar_0               |    1 |
| bd_22c0_axi_ic_ctrl_mgmt_freq_imp_xbar_0              |    1 |
| bd_22c0_axi_ic_ctrl_mgmt_freq_imp_auto_cc_0           |    1 |
| bd_22c0_aclk_kernel_01_cont_adapt_0                   |    1 |
| bd_22c0_aclk_kernel_01_adapt_0                        |    1 |
| bd_22c0_aclk_kernel_00_cont_adapt_0                   |    1 |
| bd_22c0_aclk_kernel_00_adapt_0                        |    1 |
| bd_097b_user_debug_hub_0                              |    1 |
| bd_097b_user_debug_bridge_0                           |    1 |
| bd_097b_build_info_0                                  |    1 |
+-------------------------------------------------------+------+


12. SLR Connectivity
--------------------

+----------------------------------+-------+-------+-----------+-------+
|                                  |  Used | Fixed | Available | Util% |
+----------------------------------+-------+-------+-----------+-------+
| SLR2 <-> SLR1                    |  9426 |       |     23040 | 40.91 |
|   SLR1 -> SLR2                   |  4768 |       |           | 20.69 |
|     Using TX_REG only            |     0 |     0 |           |       |
|     Using RX_REG only            |     0 |     0 |           |       |
|     Using Both TX_REG and RX_REG |     0 |     0 |           |       |
|   SLR2 -> SLR1                   |  4658 |       |           | 20.22 |
|     Using TX_REG only            |     0 |     0 |           |       |
|     Using RX_REG only            |     0 |     0 |           |       |
|     Using Both TX_REG and RX_REG |     0 |     0 |           |       |
| SLR1 <-> SLR0                    | 12325 |       |     23040 | 53.49 |
|   SLR0 -> SLR1                   |  5700 |       |           | 24.74 |
|     Using TX_REG only            |     0 |     0 |           |       |
|     Using RX_REG only            |     0 |     0 |           |       |
|     Using Both TX_REG and RX_REG |     0 |     0 |           |       |
|   SLR1 -> SLR0                   |  6625 |       |           | 28.75 |
|     Using TX_REG only            |     0 |     0 |           |       |
|     Using RX_REG only            |     0 |     0 |           |       |
|     Using Both TX_REG and RX_REG |     0 |     0 |           |       |
+----------------------------------+-------+-------+-----------+-------+
| Total SLLs Used                  | 21751 |       |           |       |
+----------------------------------+-------+-------+-----------+-------+


13. SLR Connectivity Matrix
---------------------------

+-----------+------+------+------+
| FROM \ TO | SLR2 | SLR1 | SLR0 |
+-----------+------+------+------+
| SLR2      |    0 | 4515 |  143 |
| SLR1      | 4680 |    0 | 6482 |
| SLR0      |   88 | 5612 |    0 |
+-----------+------+------+------+


14. SLR CLB Logic and Dedicated Block Utilization
-------------------------------------------------

+----------------------------+--------+--------+--------+--------+--------+--------+
|          Site Type         |  SLR0  |  SLR1  |  SLR2  | SLR0 % | SLR1 % | SLR2 % |
+----------------------------+--------+--------+--------+--------+--------+--------+
| CLB                        |  54472 |  52014 |  31079 |  99.11 |  96.32 |  57.55 |
|   CLBL                     |  28995 |  28106 |  16491 |  99.03 |  95.99 |  56.32 |
|   CLBM                     |  25477 |  23908 |  14588 |  99.21 |  96.72 |  59.01 |
| CLB LUTs                   | 275784 | 269635 | 121980 |  62.72 |  62.42 |  28.24 |
|   LUT as Logic             | 252691 | 255049 | 112329 |  57.47 |  59.04 |  26.00 |
|     using O5 output only   |   3218 |   2350 |   1185 |   0.73 |   0.54 |   0.27 |
|     using O6 output only   | 182135 | 196438 |  74565 |  41.42 |  45.47 |  17.26 |
|     using O5 and O6        |  67338 |  56261 |  36579 |  15.32 |  13.02 |   8.47 |
|   LUT as Memory            |  23093 |  14586 |   9651 |  11.24 |   7.38 |   4.88 |
|     LUT as Distributed RAM |   8680 |   4172 |   2740 |   4.23 |   2.11 |   1.39 |
|       using O6 output only |   2160 |   1026 |   1920 |   1.05 |   0.52 |   0.97 |
|       using O5 and O6      |   6520 |   3146 |    820 |   3.17 |   1.59 |   0.41 |
|     LUT as Shift Register  |  14413 |  10414 |   6911 |   7.02 |   5.27 |   3.49 |
|       using O6 output only |   9825 |   8886 |   3181 |   4.78 |   4.49 |   1.61 |
|       using O5 and O6      |   4588 |   1528 |   3730 |   2.23 |   0.77 |   1.89 |
| CLB Registers              | 393069 | 333239 | 201237 |  44.70 |  38.57 |  23.29 |
| CARRY8                     |   6842 |   5533 |   3688 |  12.45 |  10.25 |   6.83 |
| F7 Muxes                   |   5520 |   7253 |    917 |   2.51 |   3.36 |   0.42 |
| F8 Muxes                   |   1151 |   1540 |     12 |   1.05 |   1.43 |   0.01 |
| F9 Muxes                   |      0 |      0 |      0 |   0.00 |   0.00 |   0.00 |
| Block RAM Tile             |    483 |  544.5 |    444 |  71.88 |  81.03 |  66.07 |
|   RAMB36/FIFO              |    339 |    384 |    414 |  50.45 |  57.14 |  61.61 |
|   RAMB18                   |    288 |    321 |     60 |  21.43 |  23.88 |   4.46 |
| URAM                       |    169 |     58 |    174 |  52.81 |  18.13 |  54.38 |
| DSPs                       |   1026 |   1248 |    124 |  35.63 |  40.63 |   4.04 |
| Unique Control Sets        |   8882 |   9106 |   3946 |   8.08 |   8.43 |   3.65 |
+----------------------------+--------+--------+--------+--------+--------+--------+
* Note: Available Control Sets based on CLB Registers / 8


15. SLR IO Utilization
----------------------

+-----------+-----------+---------+------------+----------+------------+----------+-----+
| SLR Index | Used IOBs | (%)IOBs | Used IPADs | (%)IPADs | Used OPADs | (%)OPADs | GTs |
+-----------+-----------+---------+------------+----------+------------+----------+-----+
| SLR2      |         0 |    0.00 |          0 |     0.00 |          0 |     0.00 |   0 |
| SLR1      |         0 |    0.00 |          0 |     0.00 |          0 |     0.00 |   4 |
| SLR0      |        12 |    5.77 |          0 |     0.00 |          0 |     0.00 |  16 |
+-----------+-----------+---------+------------+----------+------------+----------+-----+
| Total     |        12 |         |          0 |          |          0 |          |  20 |
+-----------+-----------+---------+------------+----------+------------+----------+-----+


