Copyright 1986-2022 Xilinx, Inc. All Rights Reserved. Copyright 2022-2025 Advanced Micro Devices, Inc. All Rights Reserved.
---------------------------------------------------------------------------------------------------------------------------------------------
| Tool Version : Vivado v.2025.1 (lin64) Build 6140274 Wed May 21 22:58:25 MDT 2025
| Date         : Fri Feb 13 13:18:17 2026
| Host         : cyberdeck running 64-bit Ubuntu 22.04.5 LTS
| Command      : report_utilization -slr -file slr_util_placed.rpt -pb slr_util_placed.pb
| Design       : level0_wrapper
| Device       : xcu55c-fsvh2892-2L-e
| Speed File   : -2L
| Design State : Fully Placed
---------------------------------------------------------------------------------------------------------------------------------------------

Utilization Design Information

Table of Contents
-----------------
1. SLR Connectivity
2. SLR Connectivity Matrix
3. SLR CLB Logic and Dedicated Block Utilization
4. SLR IO Utilization

1. SLR Connectivity
-------------------

+----------------------------------+-------+-------+-----------+-------+
|                                  |  Used | Fixed | Available | Util% |
+----------------------------------+-------+-------+-----------+-------+
| SLR2 <-> SLR1                    |  9426 |       |     23040 | 40.91 |
|   SLR1 -> SLR2                   |  4768 |       |           | 20.69 |
|     Using TX_REG only            |     0 |     0 |           |       |
|     Using RX_REG only            |     0 |     0 |           |       |
|     Using Both TX_REG and RX_REG |     0 |     0 |           |       |
|   SLR2 -> SLR1                   |  4658 |       |           | 20.22 |
|     Using TX_REG only            |     0 |     0 |           |       |
|     Using RX_REG only            |     0 |     0 |           |       |
|     Using Both TX_REG and RX_REG |     0 |     0 |           |       |
| SLR1 <-> SLR0                    | 12325 |       |     23040 | 53.49 |
|   SLR0 -> SLR1                   |  5700 |       |           | 24.74 |
|     Using TX_REG only            |     0 |     0 |           |       |
|     Using RX_REG only            |     0 |     0 |           |       |
|     Using Both TX_REG and RX_REG |     0 |     0 |           |       |
|   SLR1 -> SLR0                   |  6625 |       |           | 28.75 |
|     Using TX_REG only            |     0 |     0 |           |       |
|     Using RX_REG only            |     0 |     0 |           |       |
|     Using Both TX_REG and RX_REG |     0 |     0 |           |       |
+----------------------------------+-------+-------+-----------+-------+
| Total SLLs Used                  | 21751 |       |           |       |
+----------------------------------+-------+-------+-----------+-------+


2. SLR Connectivity Matrix
--------------------------

+-----------+------+------+------+
| FROM \ TO | SLR2 | SLR1 | SLR0 |
+-----------+------+------+------+
| SLR2      |    0 | 4515 |  143 |
| SLR1      | 4680 |    0 | 6482 |
| SLR0      |   88 | 5612 |    0 |
+-----------+------+------+------+


3. SLR CLB Logic and Dedicated Block Utilization
------------------------------------------------

+----------------------------+--------+--------+--------+--------+--------+--------+
|          Site Type         |  SLR0  |  SLR1  |  SLR2  | SLR0 % | SLR1 % | SLR2 % |
+----------------------------+--------+--------+--------+--------+--------+--------+
| CLB                        |  54472 |  52014 |  31079 |  99.11 |  96.32 |  57.55 |
|   CLBL                     |  28995 |  28106 |  16491 |  99.03 |  95.99 |  56.32 |
|   CLBM                     |  25477 |  23908 |  14588 |  99.21 |  96.72 |  59.01 |
| CLB LUTs                   | 275784 | 269635 | 121980 |  62.72 |  62.42 |  28.24 |
|   LUT as Logic             | 252691 | 255049 | 112329 |  57.47 |  59.04 |  26.00 |
|     using O5 output only   |   3218 |   2350 |   1185 |   0.73 |   0.54 |   0.27 |
|     using O6 output only   | 182135 | 196438 |  74565 |  41.42 |  45.47 |  17.26 |
|     using O5 and O6        |  67338 |  56261 |  36579 |  15.32 |  13.02 |   8.47 |
|   LUT as Memory            |  23093 |  14586 |   9651 |  11.24 |   7.38 |   4.88 |
|     LUT as Distributed RAM |   8680 |   4172 |   2740 |   4.23 |   2.11 |   1.39 |
|       using O6 output only |   2160 |   1026 |   1920 |   1.05 |   0.52 |   0.97 |
|       using O5 and O6      |   6520 |   3146 |    820 |   3.17 |   1.59 |   0.41 |
|     LUT as Shift Register  |  14413 |  10414 |   6911 |   7.02 |   5.27 |   3.49 |
|       using O6 output only |   9825 |   8886 |   3181 |   4.78 |   4.49 |   1.61 |
|       using O5 and O6      |   4588 |   1528 |   3730 |   2.23 |   0.77 |   1.89 |
| CLB Registers              | 393069 | 333239 | 201237 |  44.70 |  38.57 |  23.29 |
| CARRY8                     |   6842 |   5533 |   3688 |  12.45 |  10.25 |   6.83 |
| F7 Muxes                   |   5520 |   7253 |    917 |   2.51 |   3.36 |   0.42 |
| F8 Muxes                   |   1151 |   1540 |     12 |   1.05 |   1.43 |   0.01 |
| F9 Muxes                   |      0 |      0 |      0 |   0.00 |   0.00 |   0.00 |
| Block RAM Tile             |    483 |  544.5 |    444 |  71.88 |  81.03 |  66.07 |
|   RAMB36/FIFO              |    339 |    384 |    414 |  50.45 |  57.14 |  61.61 |
|   RAMB18                   |    288 |    321 |     60 |  21.43 |  23.88 |   4.46 |
| URAM                       |    169 |     58 |    174 |  52.81 |  18.13 |  54.38 |
| DSPs                       |   1026 |   1248 |    124 |  35.63 |  40.63 |   4.04 |
| Unique Control Sets        |   8882 |   9106 |   3946 |   8.08 |   8.43 |   3.65 |
+----------------------------+--------+--------+--------+--------+--------+--------+
* Note: Available Control Sets based on CLB Registers / 8


4. SLR IO Utilization
---------------------

+-----------+-----------+---------+------------+----------+------------+----------+-----+
| SLR Index | Used IOBs | (%)IOBs | Used IPADs | (%)IPADs | Used OPADs | (%)OPADs | GTs |
+-----------+-----------+---------+------------+----------+------------+----------+-----+
| SLR2      |         0 |    0.00 |          0 |     0.00 |          0 |     0.00 |   0 |
| SLR1      |         0 |    0.00 |          0 |     0.00 |          0 |     0.00 |   4 |
| SLR0      |        12 |    5.77 |          0 |     0.00 |          0 |     0.00 |  16 |
+-----------+-----------+---------+------------+----------+------------+----------+-----+
| Total     |        12 |         |          0 |          |          0 |          |  20 |
+-----------+-----------+---------+------------+----------+------------+----------+-----+


