Copyright 1986-2022 Xilinx, Inc. All Rights Reserved. Copyright 2022-2025 Advanced Micro Devices, Inc. All Rights Reserved.
---------------------------------------------------------------------------------------------------------------------------------------------
| Tool Version : Vivado v.2025.1 (lin64) Build 6140274 Wed May 21 22:58:25 MDT 2025
| Date         : Thu Feb 12 21:52:17 2026
| Host         : cyberdeck running 64-bit Ubuntu 22.04.5 LTS
| Command      : report_utilization -slr -file slr_util_routed.rpt -pb slr_util_routed.pb
| Design       : level0_wrapper
| Device       : xcu55c-fsvh2892-2L-e
| Speed File   : -2L
| Design State : Routed
---------------------------------------------------------------------------------------------------------------------------------------------

Utilization Design Information

Table of Contents
-----------------
1. SLR Connectivity
2. SLR Connectivity Matrix
3. SLR CLB Logic and Dedicated Block Utilization
4. SLR IO Utilization

1. SLR Connectivity
-------------------

+----------------------------------+-------+-------+-----------+-------+
|                                  |  Used | Fixed | Available | Util% |
+----------------------------------+-------+-------+-----------+-------+
| SLR2 <-> SLR1                    |  9328 |       |     23040 | 40.49 |
|   SLR1 -> SLR2                   |  4738 |       |           | 20.56 |
|     Using TX_REG only            |     0 |     0 |           |       |
|     Using RX_REG only            |     0 |     0 |           |       |
|     Using Both TX_REG and RX_REG |     0 |     0 |           |       |
|   SLR2 -> SLR1                   |  4590 |       |           | 19.92 |
|     Using TX_REG only            |     4 |     0 |           |       |
|     Using RX_REG only            |     0 |     0 |           |       |
|     Using Both TX_REG and RX_REG |     0 |     0 |           |       |
| SLR1 <-> SLR0                    | 12991 |       |     23040 | 56.38 |
|   SLR0 -> SLR1                   |  5979 |       |           | 25.95 |
|     Using TX_REG only            |     1 |     0 |           |       |
|     Using RX_REG only            |     0 |     0 |           |       |
|     Using Both TX_REG and RX_REG |     0 |     0 |           |       |
|   SLR1 -> SLR0                   |  7012 |       |           | 30.43 |
|     Using TX_REG only            |    11 |     0 |           |       |
|     Using RX_REG only            |     0 |     0 |           |       |
|     Using Both TX_REG and RX_REG |     0 |     0 |           |       |
+----------------------------------+-------+-------+-----------+-------+
| Total SLLs Used                  | 22319 |       |           |       |
+----------------------------------+-------+-------+-----------+-------+


2. SLR Connectivity Matrix
--------------------------

+-----------+------+------+------+
| FROM \ TO | SLR2 | SLR1 | SLR0 |
+-----------+------+------+------+
| SLR2      |    0 | 4478 |  112 |
| SLR1      | 4667 |    0 | 6900 |
| SLR0      |   71 | 5908 |    0 |
+-----------+------+------+------+


3. SLR CLB Logic and Dedicated Block Utilization
------------------------------------------------

+----------------------------+--------+--------+--------+--------+--------+--------+
|          Site Type         |  SLR0  |  SLR1  |  SLR2  | SLR0 % | SLR1 % | SLR2 % |
+----------------------------+--------+--------+--------+--------+--------+--------+
| CLB                        |  53010 |  52451 |  30420 |  96.45 |  97.13 |  56.33 |
|   CLBL                     |  28252 |  28396 |  16076 |  96.49 |  96.98 |  54.90 |
|   CLBM                     |  24758 |  24055 |  14344 |  96.41 |  97.31 |  58.03 |
| CLB LUTs                   | 277216 | 274188 | 121915 |  63.05 |  63.47 |  28.22 |
|   LUT as Logic             | 253650 | 258821 | 112265 |  57.69 |  59.91 |  25.99 |
|     using O5 output only   |   3138 |   2536 |   1145 |   0.71 |   0.59 |   0.27 |
|     using O6 output only   | 182406 | 198742 |  74579 |  41.49 |  46.01 |  17.26 |
|     using O5 and O6        |  68106 |  57543 |  36541 |  15.49 |  13.32 |   8.46 |
|   LUT as Memory            |  23566 |  15367 |   9650 |  11.47 |   7.77 |   4.88 |
|     LUT as Distributed RAM |   9096 |   4172 |   2740 |   4.43 |   2.11 |   1.39 |
|       using O6 output only |   2160 |   1026 |   1920 |   1.05 |   0.52 |   0.97 |
|       using O5 and O6      |   6936 |   3146 |    820 |   3.38 |   1.59 |   0.41 |
|     LUT as Shift Register  |  14470 |  11195 |   6910 |   7.04 |   5.66 |   3.49 |
|       using O6 output only |   9882 |   9650 |   3180 |   4.81 |   4.88 |   1.61 |
|       using O5 and O6      |   4588 |   1545 |   3730 |   2.23 |   0.78 |   1.89 |
| CLB Registers              | 396323 | 346146 | 200830 |  45.07 |  40.06 |  23.24 |
| CARRY8                     |   6858 |   5632 |   3688 |  12.48 |  10.43 |   6.83 |
| F7 Muxes                   |   5520 |   7403 |    917 |   2.51 |   3.43 |   0.42 |
| F8 Muxes                   |   1151 |   1540 |     12 |   1.05 |   1.43 |   0.01 |
| F9 Muxes                   |      0 |      0 |      0 |   0.00 |   0.00 |   0.00 |
| Block RAM Tile             |    483 |  542.5 |    463 |  71.88 |  80.73 |  68.90 |
|   RAMB36/FIFO              |    339 |    382 |    432 |  50.45 |  56.85 |  64.29 |
|   RAMB18                   |    288 |    321 |     62 |  21.43 |  23.88 |   4.61 |
| URAM                       |    174 |     58 |    169 |  54.38 |  18.13 |  52.81 |
| DSPs                       |   1026 |   1248 |    124 |  35.63 |  40.63 |   4.04 |
| Unique Control Sets        |   8713 |   9418 |   3906 |   7.93 |   8.72 |   3.62 |
+----------------------------+--------+--------+--------+--------+--------+--------+
* Note: Available Control Sets based on CLB Registers / 8


4. SLR IO Utilization
---------------------

+-----------+-----------+---------+------------+----------+------------+----------+-----+
| SLR Index | Used IOBs | (%)IOBs | Used IPADs | (%)IPADs | Used OPADs | (%)OPADs | GTs |
+-----------+-----------+---------+------------+----------+------------+----------+-----+
| SLR2      |         0 |    0.00 |          0 |     0.00 |          0 |     0.00 |   0 |
| SLR1      |         0 |    0.00 |          0 |     0.00 |          0 |     0.00 |   8 |
| SLR0      |        12 |    5.77 |          0 |     0.00 |          0 |     0.00 |  16 |
+-----------+-----------+---------+------------+----------+------------+----------+-----+
| Total     |        12 |         |          0 |          |          0 |          |  24 |
+-----------+-----------+---------+------------+----------+------------+----------+-----+


