Copyright 1986-2022 Xilinx, Inc. All Rights Reserved. Copyright 2022-2025 Advanced Micro Devices, Inc. All Rights Reserved.
----------------------------------------------------------------------------------------------------------------------------------------------------------------------------------------------------------------------------------------------------------------------------------------------------------------------------------------------------------------------------------------------------------------------------------------------------------------------------------------------------------------------------------------------------------------------------------------------------------------------------------------------------------------------------------------------------------------------------
| Tool Version : Vivado v.2025.1 (lin64) Build 6140274 Wed May 21 22:58:25 MDT 2025
| Date         : Fri Feb 27 11:34:25 2026
| Host         : cyberdeck running 64-bit Ubuntu 22.04.5 LTS
| Command      : report_accelerator_utilization -kernels { NeuroRing:level0_i/ulp/NeuroRing_0/inst:NeuroRing_0 NeuroRing:level0_i/ulp/NeuroRing_1/inst:NeuroRing_1 NeuroRing:level0_i/ulp/NeuroRing_2/inst:NeuroRing_2 NeuroRing:level0_i/ulp/NeuroRing_3/inst:NeuroRing_3 NeuroRing:level0_i/ulp/NeuroRing_4/inst:NeuroRing_4 SynapseRouter:level0_i/ulp/SynapseRouter_0/inst:SynapseRouter_0 SynapseRouter:level0_i/ulp/SynapseRouter_1/inst:SynapseRouter_1 SynapseRouter:level0_i/ulp/SynapseRouter_2/inst:SynapseRouter_2 SynapseRouter:level0_i/ulp/SynapseRouter_3/inst:SynapseRouter_3 SynapseRouter:level0_i/ulp/SynapseRouter_4/inst:SynapseRouter_4} -file kernel_util_routed.rpt -name kernel_util_routed -json
| Design       : level0_wrapper
| Device       : xcu55c
| Design State : Fully Placed
----------------------------------------------------------------------------------------------------------------------------------------------------------------------------------------------------------------------------------------------------------------------------------------------------------------------------------------------------------------------------------------------------------------------------------------------------------------------------------------------------------------------------------------------------------------------------------------------------------------------------------------------------------------------------------------------------------------------------

Accelerator Utilization Design Information

Table of Contents
-----------------
1. System Utilization

1. System Utilization
---------------------

+---------------------+-------------------+------------------+-------------------+----------------+---------------+----------------+
| Name                | LUT               | LUTAsMem         | REG               | BRAM           | URAM          | DSP            |
+---------------------+-------------------+------------------+-------------------+----------------+---------------+----------------+
| Platform            |  129675 [  9.95%] |  10168 [  1.69%] |  183036 [  7.02%] |  265 [ 13.14%] |  50 [  5.21%] |    4 [  0.04%] |
| User Budget         | 1174005 [100.00%] | 590792 [100.00%] | 2424324 [100.00%] | 1751 [100.00%] | 910 [100.00%] | 9020 [100.00%] |
|    Used Resources   |  280179 [ 23.87%] |  29290 [  4.96%] |  420193 [ 17.33%] |  230 [ 13.14%] | 320 [ 35.16%] |  850 [  9.42%] |
|    Unused Resources |  893826 [ 76.13%] | 561502 [ 95.04%] | 2004131 [ 82.67%] | 1521 [ 86.86%] | 590 [ 64.84%] | 8170 [ 90.58%] |
| NeuroRing           |  151566 [ 12.91%] |   7930 [  1.34%] |  167952 [  6.93%] |  210 [ 11.99%] |   0 [  0.00%] |  770 [  8.54%] |
|    NeuroRing_0      |   30186 [  2.57%] |   1586 [  0.27%] |   33612 [  1.39%] |   42 [  2.40%] |   0 [  0.00%] |  154 [  1.71%] |
|    NeuroRing_1      |   30354 [  2.59%] |   1586 [  0.27%] |   33551 [  1.38%] |   42 [  2.40%] |   0 [  0.00%] |  154 [  1.71%] |
|    NeuroRing_2      |   30465 [  2.59%] |   1586 [  0.27%] |   33614 [  1.39%] |   42 [  2.40%] |   0 [  0.00%] |  154 [  1.71%] |
|    NeuroRing_3      |   30187 [  2.57%] |   1586 [  0.27%] |   33596 [  1.39%] |   42 [  2.40%] |   0 [  0.00%] |  154 [  1.71%] |
|    NeuroRing_4      |   30374 [  2.59%] |   1586 [  0.27%] |   33579 [  1.39%] |   42 [  2.40%] |   0 [  0.00%] |  154 [  1.71%] |
| SynapseRouter       |  128613 [ 10.96%] |  21360 [  3.62%] |  252241 [ 10.40%] |   20 [  1.14%] | 320 [ 35.16%] |   80 [  0.89%] |
|    SynapseRouter_0  |   25713 [  2.19%] |   4272 [  0.72%] |   50458 [  2.08%] |    4 [  0.23%] |  64 [  7.03%] |   16 [  0.18%] |
|    SynapseRouter_1  |   25683 [  2.19%] |   4272 [  0.72%] |   50452 [  2.08%] |    4 [  0.23%] |  64 [  7.03%] |   16 [  0.18%] |
|    SynapseRouter_2  |   25774 [  2.20%] |   4272 [  0.72%] |   50456 [  2.08%] |    4 [  0.23%] |  64 [  7.03%] |   16 [  0.18%] |
|    SynapseRouter_3  |   25655 [  2.19%] |   4272 [  0.72%] |   50431 [  2.08%] |    4 [  0.23%] |  64 [  7.03%] |   16 [  0.18%] |
|    SynapseRouter_4  |   25788 [  2.20%] |   4272 [  0.72%] |   50444 [  2.08%] |    4 [  0.23%] |  64 [  7.03%] |   16 [  0.18%] |
+---------------------+-------------------+------------------+-------------------+----------------+---------------+----------------+


