Copyright 1986-2022 Xilinx, Inc. All Rights Reserved. Copyright 2022-2025 Advanced Micro Devices, Inc. All Rights Reserved.
------------------------------------------------------------------------------------------------------------------------------------------------------------------------------------------------------------------------------------------------------------------------------------------------------------------------------------------------------------------------------------------------------------------------------------------------------------------------------------------------------------------------------------------------------------------------------------------------------------------------------------------------------------------------------------------------------------------------------------------------------------------------------------------------------------------------------------------------
| Tool Version : Vivado v.2025.1 (lin64) Build 6140274 Wed May 21 22:58:25 MDT 2025
| Date         : Thu Feb 26 07:29:55 2026
| Host         : cyberdeck running 64-bit Ubuntu 22.04.5 LTS
| Command      : report_accelerator_utilization -kernels { NeuroRing:level0_i/ulp/NeuroRing_0/inst:NeuroRing_0 NeuroRing:level0_i/ulp/NeuroRing_1/inst:NeuroRing_1 NeuroRing:level0_i/ulp/NeuroRing_2/inst:NeuroRing_2 NeuroRing:level0_i/ulp/NeuroRing_3/inst:NeuroRing_3 NeuroRing:level0_i/ulp/NeuroRing_4/inst:NeuroRing_4 SynapseRouter:level0_i/ulp/SynapseRouter_0/inst:SynapseRouter_0 SynapseRouter:level0_i/ulp/SynapseRouter_1/inst:SynapseRouter_1 SynapseRouter:level0_i/ulp/SynapseRouter_2/inst:SynapseRouter_2 SynapseRouter:level0_i/ulp/SynapseRouter_3/inst:SynapseRouter_3 SynapseRouter:level0_i/ulp/SynapseRouter_4/inst:SynapseRouter_4 krnl_aurora:level0_i/ulp/krnl_aurora_0/inst:krnl_aurora_0 krnl_aurora:level0_i/ulp/krnl_aurora_1/inst:krnl_aurora_1} -file kernel_util_placed.rpt -name kernel_util_placed -json
| Design       : level0_wrapper
| Device       : xcu55c
| Design State : Fully Placed
------------------------------------------------------------------------------------------------------------------------------------------------------------------------------------------------------------------------------------------------------------------------------------------------------------------------------------------------------------------------------------------------------------------------------------------------------------------------------------------------------------------------------------------------------------------------------------------------------------------------------------------------------------------------------------------------------------------------------------------------------------------------------------------------------------------------------------------------

Accelerator Utilization Design Information

Table of Contents
-----------------
1. System Utilization

1. System Utilization
---------------------

+---------------------+-------------------+------------------+-------------------+----------------+---------------+----------------+
| Name                | LUT               | LUTAsMem         | REG               | BRAM           | URAM          | DSP            |
+---------------------+-------------------+------------------+-------------------+----------------+---------------+----------------+
| Platform            |  130621 [ 10.02%] |  10169 [  1.69%] |  183479 [  7.04%] |  524 [ 25.99%] |  40 [  4.17%] |    4 [  0.04%] |
| User Budget         | 1173059 [100.00%] | 590791 [100.00%] | 2423881 [100.00%] | 1492 [100.00%] | 920 [100.00%] | 9020 [100.00%] |
|    Used Resources   |  275241 [ 23.46%] |  17523 [  2.97%] |  412672 [ 17.03%] |  576 [ 38.61%] | 320 [ 34.78%] |  850 [  9.42%] |
|    Unused Resources |  897818 [ 76.54%] | 573268 [ 97.03%] | 2011209 [ 82.97%] |  916 [ 61.39%] | 600 [ 65.22%] | 8170 [ 90.58%] |
| NeuroRing           |  152869 [ 13.03%] |   7929 [  1.34%] |  166593 [  6.87%] |  210 [ 14.08%] |   0 [  0.00%] |  770 [  8.54%] |
|    NeuroRing_0      |   30662 [  2.61%] |   1586 [  0.27%] |   33382 [  1.38%] |   42 [  2.82%] |   0 [  0.00%] |  154 [  1.71%] |
|    NeuroRing_1      |   30920 [  2.64%] |   1585 [  0.27%] |   33283 [  1.37%] |   42 [  2.82%] |   0 [  0.00%] |  154 [  1.71%] |
|    NeuroRing_2      |   30744 [  2.62%] |   1586 [  0.27%] |   32847 [  1.36%] |   42 [  2.82%] |   0 [  0.00%] |  154 [  1.71%] |
|    NeuroRing_3      |   30277 [  2.58%] |   1586 [  0.27%] |   33518 [  1.38%] |   42 [  2.82%] |   0 [  0.00%] |  154 [  1.71%] |
|    NeuroRing_4      |   30266 [  2.58%] |   1586 [  0.27%] |   33563 [  1.38%] |   42 [  2.82%] |   0 [  0.00%] |  154 [  1.71%] |
| SynapseRouter       |  119427 [ 10.18%] |   9520 [  1.61%] |  232151 [  9.58%] |  340 [ 22.79%] | 320 [ 34.78%] |   80 [  0.89%] |
|    SynapseRouter_0  |   23952 [  2.04%] |   1904 [  0.32%] |   46437 [  1.92%] |   68 [  4.56%] |  64 [  6.96%] |   16 [  0.18%] |
|    SynapseRouter_1  |   24332 [  2.07%] |   1904 [  0.32%] |   46402 [  1.91%] |   68 [  4.56%] |  64 [  6.96%] |   16 [  0.18%] |
|    SynapseRouter_2  |   23719 [  2.02%] |   1904 [  0.32%] |   46436 [  1.92%] |   68 [  4.56%] |  64 [  6.96%] |   16 [  0.18%] |
|    SynapseRouter_3  |   23710 [  2.02%] |   1904 [  0.32%] |   46436 [  1.92%] |   68 [  4.56%] |  64 [  6.96%] |   16 [  0.18%] |
|    SynapseRouter_4  |   23714 [  2.02%] |   1904 [  0.32%] |   46440 [  1.92%] |   68 [  4.56%] |  64 [  6.96%] |   16 [  0.18%] |
| krnl_aurora         |    2945 [  0.25%] |     74 [  0.01%] |   13928 [  0.57%] |   26 [  1.74%] |   0 [  0.00%] |    0 [  0.00%] |
|    krnl_aurora_0    |    1470 [  0.13%] |     37 [ <0.01%] |    6964 [  0.29%] |   13 [  0.87%] |   0 [  0.00%] |    0 [  0.00%] |
|    krnl_aurora_1    |    1475 [  0.13%] |     37 [ <0.01%] |    6964 [  0.29%] |   13 [  0.87%] |   0 [  0.00%] |    0 [  0.00%] |
+---------------------+-------------------+------------------+-------------------+----------------+---------------+----------------+


