Copyright 1986-2022 Xilinx, Inc. All Rights Reserved. Copyright 2022-2025 Advanced Micro Devices, Inc. All Rights Reserved.
---------------------------------------------------------------------------------------------------------------------------------------------
| Tool Version : Vivado v.2025.1 (lin64) Build 6140274 Wed May 21 22:58:25 MDT 2025
| Date         : Fri Feb 27 07:26:48 2026
| Host         : cyberdeck running 64-bit Ubuntu 22.04.5 LTS
| Command      : report_utilization -file full_util_placed.rpt -pb full_util_placed.pb
| Design       : level0_wrapper
| Device       : xcu55c-fsvh2892-2L-e
| Speed File   : -2L
| Design State : Fully Placed
---------------------------------------------------------------------------------------------------------------------------------------------

Utilization Design Information

Table of Contents
-----------------
1. CLB Logic
1.1 Summary of Registers by Type
2. CLB Logic Distribution
3. BLOCKRAM
4. ARITHMETIC
5. I/O
6. CLOCK
7. ADVANCED
8. CONFIGURATION
9. Primitives
10. Black Boxes
11. Instantiated Netlists
12. SLR Connectivity
13. SLR Connectivity Matrix
14. SLR CLB Logic and Dedicated Block Utilization
15. SLR IO Utilization

1. CLB Logic
------------

+----------------------------+--------+--------+------------+-----------+-------+
|          Site Type         |  Used  |  Fixed | Prohibited | Available | Util% |
+----------------------------+--------+--------+------------+-----------+-------+
| CLB LUTs                   | 409746 | 107889 |          0 |   1303680 | 31.43 |
|   LUT as Logic             | 370288 | 101912 |          0 |   1303680 | 28.40 |
|   LUT as Memory            |  39458 |   5977 |          0 |    600960 |  6.57 |
|     LUT as Distributed RAM |  19208 |   4564 |            |           |       |
|     LUT as Shift Register  |  20250 |   1413 |            |           |       |
| CLB Registers              | 603150 | 136116 |          0 |   2607360 | 23.13 |
|   Register as Flip Flop    | 603146 | 136112 |          0 |   2607360 | 23.13 |
|   Register as Latch        |      0 |      0 |          0 |   2607360 |  0.00 |
|   Register as AND/OR       |      4 |      4 |          0 |   2607360 | <0.01 |
| CARRY8                     |   9653 |    946 |          0 |    162960 |  5.92 |
| F7 Muxes                   |  22845 |   1684 |          0 |    651840 |  3.50 |
| F8 Muxes                   |   5753 |    451 |          0 |    325920 |  1.77 |
| F9 Muxes                   |      0 |      0 |          0 |    162960 |  0.00 |
+----------------------------+--------+--------+------------+-----------+-------+
* Warning! LUT value is adjusted to account for LUT combining.


1.1 Summary of Registers by Type
--------------------------------

+--------+--------------+-------------+--------------+
|  Total | Clock Enable | Synchronous | Asynchronous |
+--------+--------------+-------------+--------------+
| 4      |            _ |           - |            - |
| 0      |            _ |           - |          Set |
| 0      |            _ |           - |        Reset |
| 0      |            _ |         Set |            - |
| 0      |            _ |       Reset |            - |
| 0      |          Yes |           - |            - |
| 389    |          Yes |           - |          Set |
| 3687   |          Yes |           - |        Reset |
| 5480   |          Yes |         Set |            - |
| 593590 |          Yes |       Reset |            - |
+--------+--------------+-------------+--------------+


2. CLB Logic Distribution
-------------------------

+--------------------------------------------+--------+--------+------------+-----------+-------+
|                  Site Type                 |  Used  |  Fixed | Prohibited | Available | Util% |
+--------------------------------------------+--------+--------+------------+-----------+-------+
| CLB                                        |  98199 |      0 |          0 |    162960 | 60.26 |
|   CLBL                                     |  52111 |      0 |            |           |       |
|   CLBM                                     |  46088 |      0 |            |           |       |
| LUT as Logic                               | 370288 | 101912 |          0 |   1303680 | 28.40 |
|   using O5 output only                     |   4245 |        |            |           |       |
|   using O6 output only                     | 269823 |        |            |           |       |
|   using O5 and O6                          |  96220 |        |            |           |       |
| LUT as Memory                              |  39458 |   5977 |          0 |    600960 |  6.57 |
|   LUT as Distributed RAM                   |  19208 |   4564 |            |           |       |
|     using O5 output only                   |      0 |        |            |           |       |
|     using O6 output only                   |    626 |        |            |           |       |
|     using O5 and O6                        |  18582 |        |            |           |       |
|   LUT as Shift Register                    |  20250 |   1413 |            |           |       |
|     using O5 output only                   |      0 |        |            |           |       |
|     using O6 output only                   |  14113 |        |            |           |       |
|     using O5 and O6                        |   6137 |        |            |           |       |
| CLB Registers                              | 603150 |      0 |          0 |   2607360 | 23.13 |
|   Register driven from within the CLB      | 258929 |        |            |           |       |
|   Register driven from outside the CLB     | 344221 |        |            |           |       |
|     LUT in front of the register is unused | 233959 |        |            |           |       |
|     LUT in front of the register is used   | 110262 |        |            |           |       |
| Unique Control Sets                        |  14100 |        |          0 |    325920 |  4.33 |
+--------------------------------------------+--------+--------+------------+-----------+-------+
* * Note: Available Control Sets calculated as Slices * 2, Review the Control Sets Report for more information regarding control sets.


3. BLOCKRAM
-----------

+-------------------+------+-------+------------+-----------+-------+
|     Site Type     | Used | Fixed | Prohibited | Available | Util% |
+-------------------+------+-------+------------+-----------+-------+
| Block RAM Tile    |  498 |     0 |          0 |      2016 | 24.70 |
|   RAMB36/FIFO*    |  445 |   193 |          0 |      2016 | 22.07 |
|     RAMB36E2 only |  445 |       |            |           |       |
|   RAMB18          |  106 |     6 |          0 |      4032 |  2.63 |
|     RAMB18E2 only |  106 |       |            |           |       |
| URAM              |  370 |     0 |          0 |       960 | 38.54 |
+-------------------+------+-------+------------+-----------+-------+
* Note: Each Block RAM Tile only has one FIFO logic available and therefore can accommodate only one FIFO36E2 or one FIFO18E2. However, if a FIFO18E2 occupies a Block RAM Tile, that tile can still accommodate a RAMB18E2


4. ARITHMETIC
-------------

+----------------+------+-------+------------+-----------+-------+
|    Site Type   | Used | Fixed | Prohibited | Available | Util% |
+----------------+------+-------+------------+-----------+-------+
| DSPs           |  854 |     4 |          0 |      9024 |  9.46 |
|   DSP48E2 only |  854 |       |            |           |       |
+----------------+------+-------+------------+-----------+-------+


5. I/O
------

+------------------+------+-------+------------+-----------+-------+
|     Site Type    | Used | Fixed | Prohibited | Available | Util% |
+------------------+------+-------+------------+-----------+-------+
| Bonded IOB       |   12 |    12 |          0 |       624 |  1.92 |
|   HPIOB_M        |    6 |     6 |          0 |       288 |  2.08 |
|     INPUT        |    3 |       |            |           |       |
|     OUTPUT       |    3 |       |            |           |       |
|     BIDIR        |    0 |       |            |           |       |
|   HPIOB_S        |    5 |     5 |          0 |       288 |  1.74 |
|     INPUT        |    5 |       |            |           |       |
|     OUTPUT       |    0 |       |            |           |       |
|     BIDIR        |    0 |       |            |           |       |
|   HPIOB_SNGL     |    1 |     1 |          0 |        48 |  2.08 |
|     INPUT        |    1 |       |            |           |       |
|     OUTPUT       |    0 |       |            |           |       |
|     BIDIR        |    0 |       |            |           |       |
| HPIOBDIFFINBUF   |    1 |     1 |          0 |       288 |  0.35 |
|   DIFFINBUF      |    1 |     1 |            |           |       |
| HPIOBDIFFOUTBUF  |    0 |     0 |          0 |       288 |  0.00 |
| BITSLICE_CONTROL |    0 |     0 |          0 |        96 |  0.00 |
| BITSLICE_RX_TX   |    0 |     0 |          0 |      3744 |  0.00 |
| BITSLICE_TX      |    0 |     0 |          0 |        96 |  0.00 |
| RIU_OR           |    0 |     0 |          0 |        48 |  0.00 |
+------------------+------+-------+------------+-----------+-------+


6. CLOCK
--------

+------------+------+-------+------------+-----------+-------+
|  Site Type | Used | Fixed | Prohibited | Available | Util% |
+------------+------+-------+------------+-----------+-------+
| BUFGCE     |   21 |     6 |          0 |       288 |  7.29 |
| BUFGCE_DIV |    1 |     1 |          0 |        48 |  2.08 |
| BUFG_GT    |   22 |    22 |          0 |       576 |  3.82 |
| BUFGCTRL*  |    1 |     1 |          0 |        96 |  1.04 |
| PLL        |    1 |     1 |          0 |        24 |  4.17 |
| MMCM       |    3 |     1 |          0 |        12 | 25.00 |
+------------+------+-------+------------+-----------+-------+
* Note: Each used BUFGCTRL counts as two GLOBAL CLOCK BUFFERs. This table does not include global clocking resources, only buffer cell usage. See the Clock Utilization Report (report_clock_utilization) for detailed accounting of global clocking resource availability.


7. ADVANCED
-----------

+----------------------+------+-------+------------+-----------+-------+
|       Site Type      | Used | Fixed | Prohibited | Available | Util% |
+----------------------+------+-------+------------+-----------+-------+
| CMACE4               |    0 |     0 |          0 |         8 |  0.00 |
| GTYE4_CHANNEL        |   16 |    16 |          0 |        40 | 40.00 |
| GTYE4_COMMON         |    4 |     4 |          0 |        10 | 40.00 |
| HBM_REF_CLK          |    1 |     1 |          0 |         2 | 50.00 |
| HBM_SNGLBLI_INTF_APB |    1 |     1 |          0 |        32 |  3.13 |
| HBM_SNGLBLI_INTF_AXI |   16 |    16 |          0 |        32 | 50.00 |
| ILKNE4               |    0 |     0 |          0 |         4 |  0.00 |
| OBUFDS_GTE4          |    0 |     0 |          0 |        20 |  0.00 |
| OBUFDS_GTE4_ADV      |    0 |     0 |          0 |        20 |  0.00 |
| PCIE40E4             |    0 |     0 |          0 |         2 |  0.00 |
| PCIE4CE4             |    1 |     1 |          0 |         4 | 25.00 |
| SYSMONE4             |    0 |     0 |          0 |         3 |  0.00 |
+----------------------+------+-------+------------+-----------+-------+


8. CONFIGURATION
----------------

+-------------+------+-------+------------+-----------+-------+
|  Site Type  | Used | Fixed | Prohibited | Available | Util% |
+-------------+------+-------+------------+-----------+-------+
| BSCANE2     |    1 |     1 |          0 |        12 |  8.33 |
| DNA_PORTE2  |    0 |     0 |          0 |         3 |  0.00 |
| EFUSE_USR   |    0 |     0 |          0 |         3 |  0.00 |
| FRAME_ECCE4 |    0 |     0 |          0 |         3 |  0.00 |
| ICAPE3      |    1 |     1 |          0 |         6 | 16.67 |
| MASTER_JTAG |    0 |     0 |          0 |         3 |  0.00 |
| STARTUPE3   |    1 |     1 |          0 |         3 | 33.33 |
+-------------+------+-------+------------+-----------+-------+


9. Primitives
-------------

+----------------------+--------+---------------------+
|       Ref Name       |  Used  | Functional Category |
+----------------------+--------+---------------------+
| FDRE                 | 593590 |            Register |
| LUT6                 | 152825 |                 CLB |
| LUT3                 | 124478 |                 CLB |
| LUT4                 |  76236 |                 CLB |
| LUT5                 |  54656 |                 CLB |
| LUT2                 |  51481 |                 CLB |
| RAMD32               |  32516 |                 CLB |
| MUXF7                |  22845 |                 CLB |
| SRL16E               |  18995 |                 CLB |
| CARRY8               |   9653 |                 CLB |
| SRLC32E              |   7378 |                 CLB |
| LUT1                 |   6832 |                 CLB |
| MUXF8                |   5753 |                 CLB |
| FDSE                 |   5480 |            Register |
| RAMS32               |   4706 |                 CLB |
| FDCE                 |   3687 |            Register |
| DSP48E2              |    854 |          Arithmetic |
| RAMD64E              |    528 |                 CLB |
| RAMB36E2             |    445 |            BLOCKRAM |
| FDPE                 |    389 |            Register |
| URAM288              |    370 |            BLOCKRAM |
| RAMB18E2             |    106 |            BLOCKRAM |
| RAMS64E              |     40 |                 CLB |
| BUFG_GT              |     22 |               Clock |
| BUFGCE               |     21 |               Clock |
| BUFG_GT_SYNC         |     17 |               Clock |
| HBM_SNGLBLI_INTF_AXI |     16 |            Advanced |
| GTYE4_CHANNEL        |     16 |            Advanced |
| SRLC16E              |     14 |                 CLB |
| IBUFCTRL             |      8 |              Others |
| INBUF                |      7 |                 I/O |
| GTYE4_COMMON         |      4 |            Advanced |
| AND2B1L              |      4 |              Others |
| OBUF                 |      3 |                 I/O |
| MMCME4_ADV           |      3 |               Clock |
| STARTUPE3            |      1 |       Configuration |
| PLLE4_ADV            |      1 |               Clock |
| PCIE4CE4             |      1 |            Advanced |
| ICAPE3               |      1 |       Configuration |
| IBUFDS_GTE4          |      1 |                 I/O |
| HBM_SNGLBLI_INTF_APB |      1 |            Advanced |
| HBM_REF_CLK          |      1 |            Advanced |
| DIFFINBUF            |      1 |                 I/O |
| BUFGCTRL             |      1 |               Clock |
| BUFGCE_DIV           |      1 |               Clock |
| BSCANE2              |      1 |       Configuration |
+----------------------+--------+---------------------+


10. Black Boxes
---------------

+----------+------+
| Ref Name | Used |
+----------+------+


11. Instantiated Netlists
-------------------------

+-------------------------------------------------------+------+
|                        Ref Name                       | Used |
+-------------------------------------------------------+------+
| xsdbm                                                 |    1 |
| ulp_ulp_ucs_0                                         |    1 |
| ulp_ulp_cmp_0                                         |    1 |
| ulp_regslice_control_userpf_2                         |    1 |
| ulp_regslice_control_userpf_1                         |    1 |
| ulp_regslice_control_userpf_0                         |    1 |
| ulp_proc_sys_reset_kernel_slr0_0                      |    1 |
| ulp_proc_sys_reset_ctrl_slr2_0                        |    1 |
| ulp_proc_sys_reset_ctrl_slr1_0                        |    1 |
| ulp_proc_sys_reset_ctrl_slr0_0                        |    1 |
| ulp_interconnect_axilite_user_upgraded_ipi_imp_xbar_0 |    1 |
| ulp_interconnect_axilite_user_imp_s00_regslice_2      |    1 |
| ulp_interconnect_axilite_user_imp_s00_regslice_1      |    1 |
| ulp_interconnect_axilite_user_imp_s00_regslice_0      |    1 |
| ulp_interconnect_axilite_user_imp_m10_regslice_0      |    1 |
| ulp_interconnect_axilite_user_imp_m09_regslice_0      |    1 |
| ulp_interconnect_axilite_user_imp_m08_regslice_0      |    1 |
| ulp_interconnect_axilite_user_imp_m07_regslice_0      |    1 |
| ulp_interconnect_axilite_user_imp_m06_regslice_0      |    1 |
| ulp_interconnect_axilite_user_imp_m05_regslice_0      |    1 |
| ulp_interconnect_axilite_user_imp_m04_regslice_0      |    1 |
| ulp_interconnect_axilite_user_imp_m03_regslice_0      |    1 |
| ulp_interconnect_axilite_user_imp_m02_regslice_0      |    1 |
| ulp_interconnect_axilite_user_imp_m01_regslice_0      |    1 |
| ulp_interconnect_axilite_user_imp_m00_regslice_0      |    1 |
| ulp_interconnect_axilite_user_imp_auto_cc_9           |    1 |
| ulp_interconnect_axilite_user_imp_auto_cc_8           |    1 |
| ulp_interconnect_axilite_user_imp_auto_cc_7           |    1 |
| ulp_interconnect_axilite_user_imp_auto_cc_6           |    1 |
| ulp_interconnect_axilite_user_imp_auto_cc_5           |    1 |
| ulp_interconnect_axilite_user_imp_auto_cc_4           |    1 |
| ulp_interconnect_axilite_user_imp_auto_cc_3           |    1 |
| ulp_interconnect_axilite_user_imp_auto_cc_2           |    1 |
| ulp_interconnect_axilite_user_imp_auto_cc_12          |    1 |
| ulp_interconnect_axilite_user_imp_auto_cc_11          |    1 |
| ulp_interconnect_axilite_user_imp_auto_cc_10          |    1 |
| ulp_interconnect_axilite_user_imp_auto_cc_1           |    1 |
| ulp_interconnect_axilite_user_imp_auto_cc_0           |    1 |
| ulp_ii_level0_wire_0                                  |    1 |
| ulp_hmss_0_0                                          |    1 |
| ulp_buffer_SynapseRouter_4_syn_forward_rt_right_0     |    1 |
| ulp_buffer_SynapseRouter_4_syn_forward_rt_left_0      |    1 |
| ulp_buffer_SynapseRouter_4_SpikeOutWeight_0           |    1 |
| ulp_buffer_SynapseRouter_3_syn_forward_rt_right_0     |    1 |
| ulp_buffer_SynapseRouter_3_syn_forward_rt_left_0      |    1 |
| ulp_buffer_SynapseRouter_3_SpikeOutWeight_0           |    1 |
| ulp_buffer_SynapseRouter_2_syn_forward_rt_right_0     |    1 |
| ulp_buffer_SynapseRouter_2_syn_forward_rt_left_0      |    1 |
| ulp_buffer_SynapseRouter_2_SpikeOutWeight_0           |    1 |
| ulp_buffer_SynapseRouter_1_syn_forward_rt_right_0     |    1 |
| ulp_buffer_SynapseRouter_1_syn_forward_rt_left_0      |    1 |
| ulp_buffer_SynapseRouter_1_SpikeOutWeight_0           |    1 |
| ulp_buffer_SynapseRouter_0_syn_forward_rt_right_0     |    1 |
| ulp_buffer_SynapseRouter_0_syn_forward_rt_left_0      |    1 |
| ulp_buffer_SynapseRouter_0_SpikeOutWeight_0           |    1 |
| ulp_buffer_NeuroRing_4_SynapseStreamRight_0           |    1 |
| ulp_buffer_NeuroRing_4_SynapseStreamLeft_0            |    1 |
| ulp_buffer_NeuroRing_3_SynapseStreamRight_0           |    1 |
| ulp_buffer_NeuroRing_3_SynapseStreamLeft_0            |    1 |
| ulp_buffer_NeuroRing_2_SynapseStreamRight_0           |    1 |
| ulp_buffer_NeuroRing_2_SynapseStreamLeft_0            |    1 |
| ulp_buffer_NeuroRing_1_SynapseStreamRight_0           |    1 |
| ulp_buffer_NeuroRing_1_SynapseStreamLeft_0            |    1 |
| ulp_buffer_NeuroRing_0_SynapseStreamRight_0           |    1 |
| ulp_buffer_NeuroRing_0_SynapseStreamLeft_0            |    1 |
| ulp_axi_vip_data_0                                    |    1 |
| ulp_axi_vip_ctrl_userpf_2                             |    1 |
| ulp_axi_vip_ctrl_userpf_1                             |    1 |
| ulp_axi_vip_ctrl_userpf_0                             |    1 |
| ulp_axi_ic_ctrl_mgmt_slr1_upgraded_ipi_imp_xbar_0     |    1 |
| ulp_axi_gpio_null_2                                   |    1 |
| ulp_axi_gpio_null_1                                   |    1 |
| ulp_axi_gpio_null_0                                   |    1 |
| ulp_SynapseRouter_4_0                                 |    1 |
| ulp_SynapseRouter_3_0                                 |    1 |
| ulp_SynapseRouter_2_0                                 |    1 |
| ulp_SynapseRouter_1_0                                 |    1 |
| ulp_SynapseRouter_0_0                                 |    1 |
| ulp_NeuroRing_4_0                                     |    1 |
| ulp_NeuroRing_3_0                                     |    1 |
| ulp_NeuroRing_2_0                                     |    1 |
| ulp_NeuroRing_1_0                                     |    1 |
| ulp_NeuroRing_0_0                                     |    1 |
| ulp                                                   |    1 |
| level0_ii_level0_pipe_0                               |    1 |
| blp_wrapper                                           |    1 |
| bd_85ad_vip_S05_0                                     |    1 |
| bd_85ad_vip_S04_0                                     |    1 |
| bd_85ad_vip_S03_0                                     |    1 |
| bd_85ad_vip_S02_0                                     |    1 |
| bd_85ad_vip_S01_0                                     |    1 |
| bd_85ad_vip_S00_0                                     |    1 |
| bd_85ad_slice5_13_0                                   |    1 |
| bd_85ad_slice4_12_0                                   |    1 |
| bd_85ad_slice3_8_0                                    |    1 |
| bd_85ad_slice2_4_0                                    |    1 |
| bd_85ad_slice1_0_0                                    |    1 |
| bd_85ad_slice0_9_0                                    |    1 |
| bd_85ad_interconnect5_13_0                            |    1 |
| bd_85ad_interconnect4_12_0                            |    1 |
| bd_85ad_interconnect3_8_0                             |    1 |
| bd_85ad_interconnect2_4_0                             |    1 |
| bd_85ad_interconnect1_0_0                             |    1 |
| bd_85ad_interconnect0_9_0                             |    1 |
| bd_85ad_init_reduce_0                                 |    1 |
| bd_85ad_hbm_reset_sync_SLR2_0                         |    1 |
| bd_85ad_hbm_reset_sync_SLR0_0                         |    1 |
| bd_85ad_hbm_inst_0                                    |    1 |
| bd_85ad_axi_apb_bridge_inst_0                         |    1 |
| bd_7cf0_bsip_0                                        |    1 |
| bd_7cf0_bs_switch_1_0                                 |    1 |
| bd_7cf0_axi_jtag_0                                    |    1 |
| bd_58f6_xsdbm_0                                       |    1 |
| bd_58f6_lut_buffer_0                                  |    1 |
| bd_22c0_psreset_kernel_01_0                           |    1 |
| bd_22c0_psreset_kernel_00_0                           |    1 |
| bd_22c0_psreset_hbm_0                                 |    1 |
| bd_22c0_psreset_aclk_freerun_0                        |    1 |
| bd_22c0_gpio_ucs_control_status_0                     |    1 |
| bd_22c0_gpio_gapping_demand_0                         |    1 |
| bd_22c0_gapping_demand_update_0                       |    1 |
| bd_22c0_gapping_demand_toggle_0                       |    1 |
| bd_22c0_frequency_counter_aclk_kernel_01_0            |    1 |
| bd_22c0_frequency_counter_aclk_kernel_00_0            |    1 |
| bd_22c0_frequency_counter_aclk_hbm_0                  |    1 |
| bd_22c0_frequency_counter_aclk_0                      |    1 |
| bd_22c0_fanout_aresetn_pcie_slr2_4_0                  |    1 |
| bd_22c0_fanout_aresetn_pcie_slr2_3_0                  |    1 |
| bd_22c0_fanout_aresetn_pcie_slr2_2_0                  |    1 |
| bd_22c0_fanout_aresetn_pcie_slr2_1_0                  |    1 |
| bd_22c0_fanout_aresetn_pcie_slr1_4_0                  |    1 |
| bd_22c0_fanout_aresetn_pcie_slr1_3_0                  |    1 |
| bd_22c0_fanout_aresetn_pcie_slr1_2_0                  |    1 |
| bd_22c0_fanout_aresetn_pcie_slr1_1_0                  |    1 |
| bd_22c0_fanout_aresetn_pcie_slr0_4_0                  |    1 |
| bd_22c0_fanout_aresetn_pcie_slr0_3_0                  |    1 |
| bd_22c0_fanout_aresetn_pcie_slr0_2_0                  |    1 |
| bd_22c0_fanout_aresetn_pcie_slr0_1_0                  |    1 |
| bd_22c0_fanout_aresetn_kernel_01_slr2_4_0             |    1 |
| bd_22c0_fanout_aresetn_kernel_01_slr2_3_0             |    1 |
| bd_22c0_fanout_aresetn_kernel_01_slr2_2_0             |    1 |
| bd_22c0_fanout_aresetn_kernel_01_slr2_1_0             |    1 |
| bd_22c0_fanout_aresetn_kernel_01_slr1_4_0             |    1 |
| bd_22c0_fanout_aresetn_kernel_01_slr1_3_0             |    1 |
| bd_22c0_fanout_aresetn_kernel_01_slr1_2_0             |    1 |
| bd_22c0_fanout_aresetn_kernel_01_slr1_1_0             |    1 |
| bd_22c0_fanout_aresetn_kernel_01_slr0_4_0             |    1 |
| bd_22c0_fanout_aresetn_kernel_01_slr0_3_0             |    1 |
| bd_22c0_fanout_aresetn_kernel_01_slr0_2_0             |    1 |
| bd_22c0_fanout_aresetn_kernel_01_slr0_1_0             |    1 |
| bd_22c0_fanout_aresetn_kernel_00_slr2_4_0             |    1 |
| bd_22c0_fanout_aresetn_kernel_00_slr2_3_0             |    1 |
| bd_22c0_fanout_aresetn_kernel_00_slr2_2_0             |    1 |
| bd_22c0_fanout_aresetn_kernel_00_slr2_1_0             |    1 |
| bd_22c0_fanout_aresetn_kernel_00_slr1_4_0             |    1 |
| bd_22c0_fanout_aresetn_kernel_00_slr1_3_0             |    1 |
| bd_22c0_fanout_aresetn_kernel_00_slr1_2_0             |    1 |
| bd_22c0_fanout_aresetn_kernel_00_slr1_1_0             |    1 |
| bd_22c0_fanout_aresetn_kernel_00_slr0_4_0             |    1 |
| bd_22c0_fanout_aresetn_kernel_00_slr0_3_0             |    1 |
| bd_22c0_fanout_aresetn_kernel_00_slr0_2_0             |    1 |
| bd_22c0_fanout_aresetn_kernel_00_slr0_1_0             |    1 |
| bd_22c0_fanout_aresetn_hbm_0                          |    1 |
| bd_22c0_fanout_aresetn_ctrl_slr2_4_0                  |    1 |
| bd_22c0_fanout_aresetn_ctrl_slr2_3_0                  |    1 |
| bd_22c0_fanout_aresetn_ctrl_slr2_2_0                  |    1 |
| bd_22c0_fanout_aresetn_ctrl_slr2_1_0                  |    1 |
| bd_22c0_fanout_aresetn_ctrl_slr1_4_0                  |    1 |
| bd_22c0_fanout_aresetn_ctrl_slr1_3_0                  |    1 |
| bd_22c0_fanout_aresetn_ctrl_slr1_2_0                  |    1 |
| bd_22c0_fanout_aresetn_ctrl_slr1_1_0                  |    1 |
| bd_22c0_fanout_aresetn_ctrl_slr0_4_0                  |    1 |
| bd_22c0_fanout_aresetn_ctrl_slr0_3_0                  |    1 |
| bd_22c0_fanout_aresetn_ctrl_slr0_2_0                  |    1 |
| bd_22c0_fanout_aresetn_ctrl_slr0_1_0                  |    1 |
| bd_22c0_clock_throttling_avg_0                        |    1 |
| bd_22c0_clock_throttling_aclk_kernel_01_0             |    1 |
| bd_22c0_clock_throttling_aclk_kernel_00_0             |    1 |
| bd_22c0_clock_shutdown_latch_0                        |    1 |
| bd_22c0_clkwiz_hbm_0                                  |    1 |
| bd_22c0_clkwiz_aclk_kernel_01_0                       |    1 |
| bd_22c0_clkwiz_aclk_kernel_00_0                       |    1 |
| bd_22c0_clk_hbm_adapt_0                               |    1 |
| bd_22c0_build_info_0                                  |    1 |
| bd_22c0_axi_ic_ctrl_mgmt_top_imp_xbar_0               |    1 |
| bd_22c0_axi_ic_ctrl_mgmt_freq_imp_xbar_0              |    1 |
| bd_22c0_axi_ic_ctrl_mgmt_freq_imp_auto_cc_0           |    1 |
| bd_22c0_aclk_kernel_01_cont_adapt_0                   |    1 |
| bd_22c0_aclk_kernel_01_adapt_0                        |    1 |
| bd_22c0_aclk_kernel_00_cont_adapt_0                   |    1 |
| bd_22c0_aclk_kernel_00_adapt_0                        |    1 |
| bd_097b_user_debug_hub_0                              |    1 |
| bd_097b_user_debug_bridge_0                           |    1 |
| bd_097b_build_info_0                                  |    1 |
+-------------------------------------------------------+------+


12. SLR Connectivity
--------------------

+----------------------------------+-------+-------+-----------+-------+
|                                  |  Used | Fixed | Available | Util% |
+----------------------------------+-------+-------+-----------+-------+
| SLR2 <-> SLR1                    |  7371 |       |     23040 | 31.99 |
|   SLR1 -> SLR2                   |  3634 |       |           | 15.77 |
|     Using TX_REG only            |     0 |     0 |           |       |
|     Using RX_REG only            |     0 |     0 |           |       |
|     Using Both TX_REG and RX_REG |     0 |     0 |           |       |
|   SLR2 -> SLR1                   |  3737 |       |           | 16.22 |
|     Using TX_REG only            |     0 |     0 |           |       |
|     Using RX_REG only            |     0 |     0 |           |       |
|     Using Both TX_REG and RX_REG |     0 |     0 |           |       |
| SLR1 <-> SLR0                    |  9090 |       |     23040 | 39.45 |
|   SLR0 -> SLR1                   |  4507 |       |           | 19.56 |
|     Using TX_REG only            |     0 |     0 |           |       |
|     Using RX_REG only            |     0 |     0 |           |       |
|     Using Both TX_REG and RX_REG |     0 |     0 |           |       |
|   SLR1 -> SLR0                   |  4583 |       |           | 19.89 |
|     Using TX_REG only            |     0 |     0 |           |       |
|     Using RX_REG only            |     0 |     0 |           |       |
|     Using Both TX_REG and RX_REG |     0 |     0 |           |       |
+----------------------------------+-------+-------+-----------+-------+
| Total SLLs Used                  | 16461 |       |           |       |
+----------------------------------+-------+-------+-----------+-------+


13. SLR Connectivity Matrix
---------------------------

+-----------+------+------+------+
| FROM \ TO | SLR2 | SLR1 | SLR0 |
+-----------+------+------+------+
| SLR2      |    0 | 3307 |  430 |
| SLR1      | 3199 |    0 | 4153 |
| SLR0      |  435 | 4072 |    0 |
+-----------+------+------+------+


14. SLR CLB Logic and Dedicated Block Utilization
-------------------------------------------------

+----------------------------+--------+--------+--------+--------+--------+--------+
|          Site Type         |  SLR0  |  SLR1  |  SLR2  | SLR0 % | SLR1 % | SLR2 % |
+----------------------------+--------+--------+--------+--------+--------+--------+
| CLB                        |  38044 |  39280 |  20875 |  69.22 |  72.74 |  38.66 |
|   CLBL                     |  20108 |  21073 |  10930 |  68.67 |  71.97 |  37.33 |
|   CLBM                     |  17936 |  18207 |   9945 |  69.84 |  73.65 |  40.23 |
| CLB LUTs                   | 152638 | 170771 |  86337 |  34.72 |  39.53 |  19.99 |
|   LUT as Logic             | 135961 | 155386 |  78941 |  30.92 |  35.97 |  18.27 |
|     using O5 output only   |   1957 |   1498 |    790 |   0.45 |   0.35 |   0.18 |
|     using O6 output only   |  97735 | 114709 |  57379 |  22.23 |  26.55 |  13.28 |
|     using O5 and O6        |  36269 |  39179 |  20772 |   8.25 |   9.07 |   4.81 |
|   LUT as Memory            |  16677 |  15385 |   7396 |   8.12 |   7.78 |   3.74 |
|     LUT as Distributed RAM |   7752 |   8268 |   3188 |   3.77 |   4.18 |   1.61 |
|       using O6 output only |    240 |    386 |      0 |   0.12 |   0.20 |   0.00 |
|       using O5 and O6      |   7512 |   7882 |   3188 |   3.66 |   3.99 |   1.61 |
|     LUT as Shift Register  |   8925 |   7117 |   4208 |   4.34 |   3.60 |   2.13 |
|       using O6 output only |   6079 |   4927 |   3107 |   2.96 |   2.49 |   1.57 |
|       using O5 and O6      |   2846 |   2190 |   1101 |   1.39 |   1.11 |   0.56 |
| CLB Registers              | 239382 | 236074 | 127694 |  27.22 |  27.32 |  14.78 |
| CARRY8                     |   3777 |   3983 |   1893 |   6.87 |   7.38 |   3.51 |
| F7 Muxes                   |   8870 |   9067 |   4908 |   4.03 |   4.20 |   2.27 |
| F8 Muxes                   |   2307 |   2376 |   1070 |   2.10 |   2.20 |   0.99 |
| F9 Muxes                   |      0 |      0 |      0 |   0.00 |   0.00 |   0.00 |
| Block RAM Tile             |    178 |    210 |    110 |  26.49 |  31.25 |  16.37 |
|   RAMB36/FIFO              |    155 |    190 |    100 |  23.07 |  28.27 |  14.88 |
|   RAMB18                   |     46 |     40 |     20 |   3.42 |   2.98 |   1.49 |
| URAM                       |    148 |    148 |     74 |  46.25 |  46.25 |  23.13 |
| DSPs                       |    340 |    340 |    174 |  11.81 |  11.07 |   5.66 |
| Unique Control Sets        |   5487 |   5950 |   2733 |   4.99 |   5.51 |   2.53 |
+----------------------------+--------+--------+--------+--------+--------+--------+
* Note: Available Control Sets based on CLB Registers / 8


15. SLR IO Utilization
----------------------

+-----------+-----------+---------+------------+----------+------------+----------+-----+
| SLR Index | Used IOBs | (%)IOBs | Used IPADs | (%)IPADs | Used OPADs | (%)OPADs | GTs |
+-----------+-----------+---------+------------+----------+------------+----------+-----+
| SLR2      |         0 |    0.00 |          0 |     0.00 |          0 |     0.00 |   0 |
| SLR1      |         0 |    0.00 |          0 |     0.00 |          0 |     0.00 |   0 |
| SLR0      |        12 |    5.77 |          0 |     0.00 |          0 |     0.00 |  16 |
+-----------+-----------+---------+------------+----------+------------+----------+-----+
| Total     |        12 |         |          0 |          |          0 |          |  16 |
+-----------+-----------+---------+------------+----------+------------+----------+-----+


