Copyright 1986-2022 Xilinx, Inc. All Rights Reserved. Copyright 2022-2025 Advanced Micro Devices, Inc. All Rights Reserved.
------------------------------------------------------------------------------------------------------------------------------------------------------------------------------------------------------------------------------------------------------------------------------------------------------------------------------------------------------------------------------------------------------------------------------------------------------------------------------------------------------------------------------------------------------------------------------------------------------------------------------------------------------------------------------------------------------------------------------
| Tool Version : Vivado v.2025.1 (lin64) Build 6140274 Wed May 21 22:58:25 MDT 2025
| Date         : Fri Feb 27 05:50:18 2026
| Host         : cyberdeck running 64-bit Ubuntu 22.04.5 LTS
| Command      : report_accelerator_utilization -kernels { NeuroRing:level0_i/ulp/NeuroRing_0/inst:NeuroRing_0 NeuroRing:level0_i/ulp/NeuroRing_1/inst:NeuroRing_1 NeuroRing:level0_i/ulp/NeuroRing_2/inst:NeuroRing_2 NeuroRing:level0_i/ulp/NeuroRing_3/inst:NeuroRing_3 NeuroRing:level0_i/ulp/NeuroRing_4/inst:NeuroRing_4 SynapseRouter:level0_i/ulp/SynapseRouter_0/inst:SynapseRouter_0 SynapseRouter:level0_i/ulp/SynapseRouter_1/inst:SynapseRouter_1 SynapseRouter:level0_i/ulp/SynapseRouter_2/inst:SynapseRouter_2 SynapseRouter:level0_i/ulp/SynapseRouter_3/inst:SynapseRouter_3 SynapseRouter:level0_i/ulp/SynapseRouter_4/inst:SynapseRouter_4} -file kernel_util_synthed.rpt -name kernel_util_synthed -json
| Design       : level0_wrapper
| Device       : xcu55c
| Design State : Synthesized
------------------------------------------------------------------------------------------------------------------------------------------------------------------------------------------------------------------------------------------------------------------------------------------------------------------------------------------------------------------------------------------------------------------------------------------------------------------------------------------------------------------------------------------------------------------------------------------------------------------------------------------------------------------------------------------------------------------------------

Accelerator Utilization Design Information

Table of Contents
-----------------
1. System Utilization

1. System Utilization
---------------------

+---------------------+-------------------+------------------+-------------------+----------------+---------------+----------------+
| Name                | LUT               | LUTAsMem         | REG               | BRAM           | URAM          | DSP            |
+---------------------+-------------------+------------------+-------------------+----------------+---------------+----------------+
| Platform            |  145078 [ 11.13%] |  11830 [  1.97%] |  186148 [  7.14%] |  265 [ 13.14%] |  50 [  5.21%] |    4 [  0.04%] |
| User Budget         | 1158602 [100.00%] | 589130 [100.00%] | 2421212 [100.00%] | 1751 [100.00%] | 910 [100.00%] | 9020 [100.00%] |
|    Used Resources   |  294015 [ 25.38%] |  35510 [  6.03%] |  421240 [ 17.40%] |  230 [ 13.14%] | 320 [ 35.16%] |  850 [  9.42%] |
|    Unused Resources |  864587 [ 74.62%] | 553620 [ 93.97%] | 1999972 [ 82.60%] | 1521 [ 86.86%] | 590 [ 64.84%] | 8170 [ 90.58%] |
| NeuroRing           |  158075 [ 13.64%] |   9110 [  1.55%] |  169495 [  7.00%] |  210 [ 11.99%] |   0 [  0.00%] |  770 [  8.54%] |
|    NeuroRing_0      |   31615 [  2.73%] |   1822 [  0.31%] |   33899 [  1.40%] |   42 [  2.40%] |   0 [  0.00%] |  154 [  1.71%] |
|    NeuroRing_1      |   31615 [  2.73%] |   1822 [  0.31%] |   33899 [  1.40%] |   42 [  2.40%] |   0 [  0.00%] |  154 [  1.71%] |
|    NeuroRing_2      |   31615 [  2.73%] |   1822 [  0.31%] |   33899 [  1.40%] |   42 [  2.40%] |   0 [  0.00%] |  154 [  1.71%] |
|    NeuroRing_3      |   31615 [  2.73%] |   1822 [  0.31%] |   33899 [  1.40%] |   42 [  2.40%] |   0 [  0.00%] |  154 [  1.71%] |
|    NeuroRing_4      |   31615 [  2.73%] |   1822 [  0.31%] |   33899 [  1.40%] |   42 [  2.40%] |   0 [  0.00%] |  154 [  1.71%] |
| SynapseRouter       |  135940 [ 11.73%] |  26400 [  4.48%] |  251745 [ 10.40%] |   20 [  1.14%] | 320 [ 35.16%] |   80 [  0.89%] |
|    SynapseRouter_0  |   27188 [  2.35%] |   5280 [  0.90%] |   50349 [  2.08%] |    4 [  0.23%] |  64 [  7.03%] |   16 [  0.18%] |
|    SynapseRouter_1  |   27188 [  2.35%] |   5280 [  0.90%] |   50349 [  2.08%] |    4 [  0.23%] |  64 [  7.03%] |   16 [  0.18%] |
|    SynapseRouter_2  |   27188 [  2.35%] |   5280 [  0.90%] |   50349 [  2.08%] |    4 [  0.23%] |  64 [  7.03%] |   16 [  0.18%] |
|    SynapseRouter_3  |   27188 [  2.35%] |   5280 [  0.90%] |   50349 [  2.08%] |    4 [  0.23%] |  64 [  7.03%] |   16 [  0.18%] |
|    SynapseRouter_4  |   27188 [  2.35%] |   5280 [  0.90%] |   50349 [  2.08%] |    4 [  0.23%] |  64 [  7.03%] |   16 [  0.18%] |
+---------------------+-------------------+------------------+-------------------+----------------+---------------+----------------+


