Copyright 1986-2022 Xilinx, Inc. All Rights Reserved. Copyright 2022-2025 Advanced Micro Devices, Inc. All Rights Reserved.
---------------------------------------------------------------------------------------------------------------------------------------------
| Tool Version : Vivado v.2025.1 (lin64) Build 6140274 Wed May 21 22:58:25 MDT 2025
| Date         : Thu Feb 26 09:36:23 2026
| Host         : cyberdeck running 64-bit Ubuntu 22.04.5 LTS
| Command      : report_utilization -file full_util_routed.rpt -pb full_util_routed.pb
| Design       : level0_wrapper
| Device       : xcu55c-fsvh2892-2L-e
| Speed File   : -2L
| Design State : Routed
---------------------------------------------------------------------------------------------------------------------------------------------

Utilization Design Information

Table of Contents
-----------------
1. CLB Logic
1.1 Summary of Registers by Type
2. CLB Logic Distribution
3. BLOCKRAM
4. ARITHMETIC
5. I/O
6. CLOCK
7. ADVANCED
8. CONFIGURATION
9. Primitives
10. Black Boxes
11. Instantiated Netlists
12. SLR Connectivity
13. SLR Connectivity Matrix
14. SLR CLB Logic and Dedicated Block Utilization
15. SLR IO Utilization

1. CLB Logic
------------

+----------------------------+--------+--------+------------+-----------+-------+
|          Site Type         |  Used  |  Fixed | Prohibited | Available | Util% |
+----------------------------+--------+--------+------------+-----------+-------+
| CLB LUTs                   | 405885 | 107889 |          0 |   1303680 | 31.13 |
|   LUT as Logic             | 378193 | 101912 |          0 |   1303680 | 29.01 |
|   LUT as Memory            |  27692 |   5977 |          0 |    600960 |  4.61 |
|     LUT as Distributed RAM |   7368 |   4564 |            |           |       |
|     LUT as Shift Register  |  20324 |   1413 |            |           |       |
| CLB Registers              | 596369 | 136116 |          0 |   2607360 | 22.87 |
|   Register as Flip Flop    | 596365 | 136112 |          0 |   2607360 | 22.87 |
|   Register as Latch        |      0 |      0 |          0 |   2607360 |  0.00 |
|   Register as AND/OR       |      4 |      4 |          0 |   2607360 | <0.01 |
| CARRY8                     |   9882 |    946 |          0 |    162960 |  6.06 |
| F7 Muxes                   |  22845 |   1684 |          0 |    651840 |  3.50 |
| F8 Muxes                   |   5753 |    451 |          0 |    325920 |  1.77 |
| F9 Muxes                   |      0 |      0 |          0 |    162960 |  0.00 |
+----------------------------+--------+--------+------------+-----------+-------+
* Warning! LUT value is adjusted to account for LUT combining.


1.1 Summary of Registers by Type
--------------------------------

+--------+--------------+-------------+--------------+
|  Total | Clock Enable | Synchronous | Asynchronous |
+--------+--------------+-------------+--------------+
| 4      |            _ |           - |            - |
| 0      |            _ |           - |          Set |
| 0      |            _ |           - |        Reset |
| 0      |            _ |         Set |            - |
| 0      |            _ |       Reset |            - |
| 0      |          Yes |           - |            - |
| 482    |          Yes |           - |          Set |
| 4388   |          Yes |           - |        Reset |
| 5904   |          Yes |         Set |            - |
| 585591 |          Yes |       Reset |            - |
+--------+--------------+-------------+--------------+


2. CLB Logic Distribution
-------------------------

+--------------------------------------------+--------+--------+------------+-----------+-------+
|                  Site Type                 |  Used  |  Fixed | Prohibited | Available | Util% |
+--------------------------------------------+--------+--------+------------+-----------+-------+
| CLB                                        |  93410 |      0 |          0 |    162960 | 57.32 |
|   CLBL                                     |  49710 |      0 |            |           |       |
|   CLBM                                     |  43700 |      0 |            |           |       |
| LUT as Logic                               | 378193 | 101912 |          0 |   1303680 | 29.01 |
|   using O5 output only                     |   4305 |        |            |           |       |
|   using O6 output only                     | 277844 |        |            |           |       |
|   using O5 and O6                          |  96044 |        |            |           |       |
| LUT as Memory                              |  27692 |   5977 |          0 |    600960 |  4.61 |
|   LUT as Distributed RAM                   |   7368 |   4564 |            |           |       |
|     using O5 output only                   |      0 |        |            |           |       |
|     using O6 output only                   |    626 |        |            |           |       |
|     using O5 and O6                        |   6742 |        |            |           |       |
|   LUT as Shift Register                    |  20324 |   1413 |            |           |       |
|     using O5 output only                   |      1 |        |            |           |       |
|     using O6 output only                   |  14185 |        |            |           |       |
|     using O5 and O6                        |   6138 |        |            |           |       |
| CLB Registers                              | 596369 |      0 |          0 |   2607360 | 22.87 |
|   Register driven from within the CLB      | 251110 |        |            |           |       |
|   Register driven from outside the CLB     | 345259 |        |            |           |       |
|     LUT in front of the register is unused | 228053 |        |            |           |       |
|     LUT in front of the register is used   | 117206 |        |            |           |       |
| Unique Control Sets                        |  13986 |        |          0 |    325920 |  4.29 |
+--------------------------------------------+--------+--------+------------+-----------+-------+
* * Note: Available Control Sets calculated as Slices * 2, Review the Control Sets Report for more information regarding control sets.


3. BLOCKRAM
-----------

+-------------------+------+-------+------------+-----------+-------+
|     Site Type     | Used | Fixed | Prohibited | Available | Util% |
+-------------------+------+-------+------------+-----------+-------+
| Block RAM Tile    | 1103 |     0 |          0 |      2016 | 54.71 |
|   RAMB36/FIFO*    | 1047 |   193 |          0 |      2016 | 51.93 |
|     FIFO36E2 only |    8 |       |            |           |       |
|     RAMB36E2 only | 1039 |       |            |           |       |
|   RAMB18          |  112 |     6 |          0 |      4032 |  2.78 |
|     RAMB18E2 only |  112 |       |            |           |       |
| URAM              |  360 |     0 |          0 |       960 | 37.50 |
+-------------------+------+-------+------------+-----------+-------+
* Note: Each Block RAM Tile only has one FIFO logic available and therefore can accommodate only one FIFO36E2 or one FIFO18E2. However, if a FIFO18E2 occupies a Block RAM Tile, that tile can still accommodate a RAMB18E2


4. ARITHMETIC
-------------

+----------------+------+-------+------------+-----------+-------+
|    Site Type   | Used | Fixed | Prohibited | Available | Util% |
+----------------+------+-------+------------+-----------+-------+
| DSPs           |  854 |     4 |          0 |      9024 |  9.46 |
|   DSP48E2 only |  854 |       |            |           |       |
+----------------+------+-------+------------+-----------+-------+


5. I/O
------

+------------------+------+-------+------------+-----------+-------+
|     Site Type    | Used | Fixed | Prohibited | Available | Util% |
+------------------+------+-------+------------+-----------+-------+
| Bonded IOB       |   12 |    12 |          0 |       624 |  1.92 |
|   HPIOB_M        |    6 |     6 |          0 |       288 |  2.08 |
|     INPUT        |    3 |       |            |           |       |
|     OUTPUT       |    3 |       |            |           |       |
|     BIDIR        |    0 |       |            |           |       |
|   HPIOB_S        |    5 |     5 |          0 |       288 |  1.74 |
|     INPUT        |    5 |       |            |           |       |
|     OUTPUT       |    0 |       |            |           |       |
|     BIDIR        |    0 |       |            |           |       |
|   HPIOB_SNGL     |    1 |     1 |          0 |        48 |  2.08 |
|     INPUT        |    1 |       |            |           |       |
|     OUTPUT       |    0 |       |            |           |       |
|     BIDIR        |    0 |       |            |           |       |
| HPIOBDIFFINBUF   |    1 |     1 |          0 |       288 |  0.35 |
|   DIFFINBUF      |    1 |     1 |            |           |       |
| HPIOBDIFFOUTBUF  |    0 |     0 |          0 |       288 |  0.00 |
| BITSLICE_CONTROL |    0 |     0 |          0 |        96 |  0.00 |
| BITSLICE_RX_TX   |    0 |     0 |          0 |      3744 |  0.00 |
| BITSLICE_TX      |    0 |     0 |          0 |        96 |  0.00 |
| RIU_OR           |    0 |     0 |          0 |        48 |  0.00 |
+------------------+------+-------+------------+-----------+-------+


6. CLOCK
--------

+------------+------+-------+------------+-----------+-------+
|  Site Type | Used | Fixed | Prohibited | Available | Util% |
+------------+------+-------+------------+-----------+-------+
| BUFGCE     |   22 |     6 |          0 |       288 |  7.64 |
| BUFGCE_DIV |    1 |     1 |          0 |        48 |  2.08 |
| BUFG_GT    |   26 |    22 |          0 |       576 |  4.51 |
| BUFGCTRL*  |    1 |     1 |          0 |        96 |  1.04 |
| PLL        |    1 |     1 |          0 |        24 |  4.17 |
| MMCM       |    3 |     1 |          0 |        12 | 25.00 |
+------------+------+-------+------------+-----------+-------+
* Note: Each used BUFGCTRL counts as two GLOBAL CLOCK BUFFERs. This table does not include global clocking resources, only buffer cell usage. See the Clock Utilization Report (report_clock_utilization) for detailed accounting of global clocking resource availability.


7. ADVANCED
-----------

+----------------------+------+-------+------------+-----------+--------+
|       Site Type      | Used | Fixed | Prohibited | Available |  Util% |
+----------------------+------+-------+------------+-----------+--------+
| CMACE4               |    0 |     0 |          0 |         8 |   0.00 |
| GTYE4_CHANNEL        |   24 |    24 |          0 |        40 |  60.00 |
| GTYE4_COMMON         |    6 |     4 |          0 |        10 |  60.00 |
| HBM_REF_CLK          |    2 |     2 |          0 |         2 | 100.00 |
| HBM_SNGLBLI_INTF_APB |    2 |     2 |          0 |        32 |   6.25 |
| HBM_SNGLBLI_INTF_AXI |   32 |    32 |          0 |        32 | 100.00 |
| ILKNE4               |    0 |     0 |          0 |         4 |   0.00 |
| OBUFDS_GTE4          |    0 |     0 |          0 |        20 |   0.00 |
| OBUFDS_GTE4_ADV      |    0 |     0 |          0 |        20 |   0.00 |
| PCIE40E4             |    0 |     0 |          0 |         2 |   0.00 |
| PCIE4CE4             |    1 |     1 |          0 |         4 |  25.00 |
| SYSMONE4             |    0 |     0 |          0 |         3 |   0.00 |
+----------------------+------+-------+------------+-----------+--------+


8. CONFIGURATION
----------------

+-------------+------+-------+------------+-----------+-------+
|  Site Type  | Used | Fixed | Prohibited | Available | Util% |
+-------------+------+-------+------------+-----------+-------+
| BSCANE2     |    1 |     1 |          0 |        12 |  8.33 |
| DNA_PORTE2  |    0 |     0 |          0 |         3 |  0.00 |
| EFUSE_USR   |    0 |     0 |          0 |         3 |  0.00 |
| FRAME_ECCE4 |    0 |     0 |          0 |         3 |  0.00 |
| ICAPE3      |    1 |     1 |          0 |         6 | 16.67 |
| MASTER_JTAG |    0 |     0 |          0 |         3 |  0.00 |
| STARTUPE3   |    1 |     1 |          0 |         3 | 33.33 |
+-------------+------+-------+------------+-----------+-------+


9. Primitives
-------------

+----------------------+--------+---------------------+
|       Ref Name       |  Used  | Functional Category |
+----------------------+--------+---------------------+
| FDRE                 | 585594 |            Register |
| LUT6                 | 155378 |                 CLB |
| LUT3                 | 126689 |                 CLB |
| LUT4                 |  77363 |                 CLB |
| LUT5                 |  54343 |                 CLB |
| LUT2                 |  53252 |                 CLB |
| MUXF7                |  22845 |                 CLB |
| SRL16E               |  19060 |                 CLB |
| RAMD32               |  11876 |                 CLB |
| CARRY8               |   9882 |                 CLB |
| SRLC32E              |   7388 |                 CLB |
| LUT1                 |   7212 |                 CLB |
| FDSE                 |   5905 |            Register |
| MUXF8                |   5753 |                 CLB |
| FDCE                 |   4388 |            Register |
| RAMS32               |   1666 |                 CLB |
| RAMB36E2             |   1039 |            BLOCKRAM |
| DSP48E2              |    854 |          Arithmetic |
| RAMD64E              |    528 |                 CLB |
| FDPE                 |    482 |            Register |
| URAM288              |    360 |            BLOCKRAM |
| RAMB18E2             |    112 |            BLOCKRAM |
| RAMS64E              |     40 |                 CLB |
| HBM_SNGLBLI_INTF_AXI |     32 |            Advanced |
| BUFG_GT              |     26 |               Clock |
| GTYE4_CHANNEL        |     24 |            Advanced |
| BUFGCE               |     22 |               Clock |
| BUFG_GT_SYNC         |     21 |               Clock |
| SRLC16E              |     14 |                 CLB |
| IBUFCTRL             |      8 |              Others |
| FIFO36E2             |      8 |            BLOCKRAM |
| INBUF                |      7 |                 I/O |
| GTYE4_COMMON         |      6 |            Advanced |
| AND2B1L              |      4 |              Others |
| OBUF                 |      3 |                 I/O |
| MMCME4_ADV           |      3 |               Clock |
| IBUFDS_GTE4          |      3 |                 I/O |
| HBM_SNGLBLI_INTF_APB |      2 |            Advanced |
| HBM_REF_CLK          |      2 |            Advanced |
| STARTUPE3            |      1 |       Configuration |
| PLLE4_ADV            |      1 |               Clock |
| PCIE4CE4             |      1 |            Advanced |
| ICAPE3               |      1 |       Configuration |
| DIFFINBUF            |      1 |                 I/O |
| BUFGCTRL             |      1 |               Clock |
| BUFGCE_DIV           |      1 |               Clock |
| BSCANE2              |      1 |       Configuration |
+----------------------+--------+---------------------+


10. Black Boxes
---------------

+----------+------+
| Ref Name | Used |
+----------+------+


11. Instantiated Netlists
-------------------------

+-------------------------------------------------------+------+
|                        Ref Name                       | Used |
+-------------------------------------------------------+------+
| xsdbm                                                 |    1 |
| ulp_ulp_ucs_0                                         |    1 |
| ulp_ulp_cmp_0                                         |    1 |
| ulp_regslice_control_userpf_2                         |    1 |
| ulp_regslice_control_userpf_1                         |    1 |
| ulp_regslice_control_userpf_0                         |    1 |
| ulp_proc_sys_reset_kernel_slr1_0                      |    1 |
| ulp_proc_sys_reset_kernel_slr0_0                      |    1 |
| ulp_proc_sys_reset_ctrl_slr2_0                        |    1 |
| ulp_proc_sys_reset_ctrl_slr1_0                        |    1 |
| ulp_proc_sys_reset_ctrl_slr0_0                        |    1 |
| ulp_krnl_aurora_1_0                                   |    1 |
| ulp_krnl_aurora_0_0                                   |    1 |
| ulp_interconnect_axilite_user_upgraded_ipi_imp_xbar_0 |    1 |
| ulp_interconnect_axilite_user_imp_s00_regslice_2      |    1 |
| ulp_interconnect_axilite_user_imp_s00_regslice_1      |    1 |
| ulp_interconnect_axilite_user_imp_s00_regslice_0      |    1 |
| ulp_interconnect_axilite_user_imp_m12_regslice_0      |    1 |
| ulp_interconnect_axilite_user_imp_m11_regslice_0      |    1 |
| ulp_interconnect_axilite_user_imp_m10_regslice_0      |    1 |
| ulp_interconnect_axilite_user_imp_m09_regslice_0      |    1 |
| ulp_interconnect_axilite_user_imp_m08_regslice_0      |    1 |
| ulp_interconnect_axilite_user_imp_m07_regslice_0      |    1 |
| ulp_interconnect_axilite_user_imp_m06_regslice_0      |    1 |
| ulp_interconnect_axilite_user_imp_m05_regslice_0      |    1 |
| ulp_interconnect_axilite_user_imp_m04_regslice_0      |    1 |
| ulp_interconnect_axilite_user_imp_m03_regslice_0      |    1 |
| ulp_interconnect_axilite_user_imp_m02_regslice_0      |    1 |
| ulp_interconnect_axilite_user_imp_m01_regslice_0      |    1 |
| ulp_interconnect_axilite_user_imp_m00_regslice_0      |    1 |
| ulp_interconnect_axilite_user_imp_auto_cc_9           |    1 |
| ulp_interconnect_axilite_user_imp_auto_cc_8           |    1 |
| ulp_interconnect_axilite_user_imp_auto_cc_7           |    1 |
| ulp_interconnect_axilite_user_imp_auto_cc_6           |    1 |
| ulp_interconnect_axilite_user_imp_auto_cc_5           |    1 |
| ulp_interconnect_axilite_user_imp_auto_cc_4           |    1 |
| ulp_interconnect_axilite_user_imp_auto_cc_3           |    1 |
| ulp_interconnect_axilite_user_imp_auto_cc_2           |    1 |
| ulp_interconnect_axilite_user_imp_auto_cc_14          |    1 |
| ulp_interconnect_axilite_user_imp_auto_cc_13          |    1 |
| ulp_interconnect_axilite_user_imp_auto_cc_12          |    1 |
| ulp_interconnect_axilite_user_imp_auto_cc_11          |    1 |
| ulp_interconnect_axilite_user_imp_auto_cc_10          |    1 |
| ulp_interconnect_axilite_user_imp_auto_cc_1           |    1 |
| ulp_interconnect_axilite_user_imp_auto_cc_0           |    1 |
| ulp_ii_level0_wire_0                                  |    1 |
| ulp_hmss_0_0                                          |    1 |
| ulp_buffer_krnl_aurora_1_rx_axis_0                    |    1 |
| ulp_buffer_krnl_aurora_0_rx_axis_0                    |    1 |
| ulp_buffer_SynapseRouter_4_syn_forward_rt_right_0     |    1 |
| ulp_buffer_SynapseRouter_4_syn_forward_rt_left_0      |    1 |
| ulp_buffer_SynapseRouter_4_SpikeOutWeight_0           |    1 |
| ulp_buffer_SynapseRouter_3_syn_forward_rt_right_0     |    1 |
| ulp_buffer_SynapseRouter_3_syn_forward_rt_left_0      |    1 |
| ulp_buffer_SynapseRouter_3_SpikeOutWeight_0           |    1 |
| ulp_buffer_SynapseRouter_2_syn_forward_rt_right_0     |    1 |
| ulp_buffer_SynapseRouter_2_syn_forward_rt_left_0      |    1 |
| ulp_buffer_SynapseRouter_2_SpikeOutWeight_0           |    1 |
| ulp_buffer_SynapseRouter_1_syn_forward_rt_right_0     |    1 |
| ulp_buffer_SynapseRouter_1_syn_forward_rt_left_0      |    1 |
| ulp_buffer_SynapseRouter_1_SpikeOutWeight_0           |    1 |
| ulp_buffer_SynapseRouter_0_syn_forward_rt_right_0     |    1 |
| ulp_buffer_SynapseRouter_0_syn_forward_rt_left_0      |    1 |
| ulp_buffer_SynapseRouter_0_SpikeOutWeight_0           |    1 |
| ulp_buffer_NeuroRing_4_SynapseStreamRight_0           |    1 |
| ulp_buffer_NeuroRing_4_SynapseStreamLeft_0            |    1 |
| ulp_buffer_NeuroRing_3_SynapseStreamRight_0           |    1 |
| ulp_buffer_NeuroRing_3_SynapseStreamLeft_0            |    1 |
| ulp_buffer_NeuroRing_2_SynapseStreamRight_0           |    1 |
| ulp_buffer_NeuroRing_2_SynapseStreamLeft_0            |    1 |
| ulp_buffer_NeuroRing_1_SynapseStreamRight_0           |    1 |
| ulp_buffer_NeuroRing_1_SynapseStreamLeft_0            |    1 |
| ulp_buffer_NeuroRing_0_SynapseStreamRight_0           |    1 |
| ulp_buffer_NeuroRing_0_SynapseStreamLeft_0            |    1 |
| ulp_axi_vip_data_0                                    |    1 |
| ulp_axi_vip_ctrl_userpf_2                             |    1 |
| ulp_axi_vip_ctrl_userpf_1                             |    1 |
| ulp_axi_vip_ctrl_userpf_0                             |    1 |
| ulp_axi_ic_ctrl_mgmt_slr1_upgraded_ipi_imp_xbar_0     |    1 |
| ulp_axi_gpio_null_2                                   |    1 |
| ulp_axi_gpio_null_1                                   |    1 |
| ulp_axi_gpio_null_0                                   |    1 |
| ulp_SynapseRouter_4_0                                 |    1 |
| ulp_SynapseRouter_3_0                                 |    1 |
| ulp_SynapseRouter_2_0                                 |    1 |
| ulp_SynapseRouter_1_0                                 |    1 |
| ulp_SynapseRouter_0_0                                 |    1 |
| ulp_NeuroRing_4_0                                     |    1 |
| ulp_NeuroRing_3_0                                     |    1 |
| ulp_NeuroRing_2_0                                     |    1 |
| ulp_NeuroRing_1_0                                     |    1 |
| ulp_NeuroRing_0_0                                     |    1 |
| ulp                                                   |    1 |
| level0_ii_level0_pipe_0                               |    1 |
| blp_wrapper                                           |    1 |
| bd_85ad_vip_S05_0                                     |    1 |
| bd_85ad_vip_S04_0                                     |    1 |
| bd_85ad_vip_S03_0                                     |    1 |
| bd_85ad_vip_S02_0                                     |    1 |
| bd_85ad_vip_S01_0                                     |    1 |
| bd_85ad_vip_S00_0                                     |    1 |
| bd_85ad_util_vector_logic_0                           |    1 |
| bd_85ad_slice5_24_0                                   |    1 |
| bd_85ad_slice4_16_0                                   |    1 |
| bd_85ad_slice3_12_0                                   |    1 |
| bd_85ad_slice2_4_0                                    |    1 |
| bd_85ad_slice1_0_0                                    |    1 |
| bd_85ad_slice0_13_0                                   |    1 |
| bd_85ad_interconnect5_24_0                            |    1 |
| bd_85ad_interconnect4_16_0                            |    1 |
| bd_85ad_interconnect3_12_0                            |    1 |
| bd_85ad_interconnect2_4_0                             |    1 |
| bd_85ad_interconnect1_0_0                             |    1 |
| bd_85ad_interconnect0_13_0                            |    1 |
| bd_85ad_init_reduce_0                                 |    1 |
| bd_85ad_hbm_reset_sync_SLR2_0                         |    1 |
| bd_85ad_hbm_reset_sync_SLR0_0                         |    1 |
| bd_85ad_hbm_inst_0                                    |    1 |
| bd_85ad_axi_apb_bridge_inst_0                         |    1 |
| bd_7cf0_bsip_0                                        |    1 |
| bd_7cf0_bs_switch_1_0                                 |    1 |
| bd_7cf0_axi_jtag_0                                    |    1 |
| bd_58f6_xsdbm_0                                       |    1 |
| bd_58f6_lut_buffer_0                                  |    1 |
| bd_22c0_psreset_kernel_01_0                           |    1 |
| bd_22c0_psreset_kernel_00_0                           |    1 |
| bd_22c0_psreset_hbm_0                                 |    1 |
| bd_22c0_psreset_aclk_freerun_0                        |    1 |
| bd_22c0_gpio_ucs_control_status_0                     |    1 |
| bd_22c0_gpio_gapping_demand_0                         |    1 |
| bd_22c0_gapping_demand_update_0                       |    1 |
| bd_22c0_gapping_demand_toggle_0                       |    1 |
| bd_22c0_frequency_counter_aclk_kernel_01_0            |    1 |
| bd_22c0_frequency_counter_aclk_kernel_00_0            |    1 |
| bd_22c0_frequency_counter_aclk_hbm_0                  |    1 |
| bd_22c0_frequency_counter_aclk_0                      |    1 |
| bd_22c0_fanout_aresetn_pcie_slr2_4_0                  |    1 |
| bd_22c0_fanout_aresetn_pcie_slr2_3_0                  |    1 |
| bd_22c0_fanout_aresetn_pcie_slr2_2_0                  |    1 |
| bd_22c0_fanout_aresetn_pcie_slr2_1_0                  |    1 |
| bd_22c0_fanout_aresetn_pcie_slr1_4_0                  |    1 |
| bd_22c0_fanout_aresetn_pcie_slr1_3_0                  |    1 |
| bd_22c0_fanout_aresetn_pcie_slr1_2_0                  |    1 |
| bd_22c0_fanout_aresetn_pcie_slr1_1_0                  |    1 |
| bd_22c0_fanout_aresetn_pcie_slr0_4_0                  |    1 |
| bd_22c0_fanout_aresetn_pcie_slr0_3_0                  |    1 |
| bd_22c0_fanout_aresetn_pcie_slr0_2_0                  |    1 |
| bd_22c0_fanout_aresetn_pcie_slr0_1_0                  |    1 |
| bd_22c0_fanout_aresetn_kernel_01_slr2_4_0             |    1 |
| bd_22c0_fanout_aresetn_kernel_01_slr2_3_0             |    1 |
| bd_22c0_fanout_aresetn_kernel_01_slr2_2_0             |    1 |
| bd_22c0_fanout_aresetn_kernel_01_slr2_1_0             |    1 |
| bd_22c0_fanout_aresetn_kernel_01_slr1_4_0             |    1 |
| bd_22c0_fanout_aresetn_kernel_01_slr1_3_0             |    1 |
| bd_22c0_fanout_aresetn_kernel_01_slr1_2_0             |    1 |
| bd_22c0_fanout_aresetn_kernel_01_slr1_1_0             |    1 |
| bd_22c0_fanout_aresetn_kernel_01_slr0_4_0             |    1 |
| bd_22c0_fanout_aresetn_kernel_01_slr0_3_0             |    1 |
| bd_22c0_fanout_aresetn_kernel_01_slr0_2_0             |    1 |
| bd_22c0_fanout_aresetn_kernel_01_slr0_1_0             |    1 |
| bd_22c0_fanout_aresetn_kernel_00_slr2_4_0             |    1 |
| bd_22c0_fanout_aresetn_kernel_00_slr2_3_0             |    1 |
| bd_22c0_fanout_aresetn_kernel_00_slr2_2_0             |    1 |
| bd_22c0_fanout_aresetn_kernel_00_slr2_1_0             |    1 |
| bd_22c0_fanout_aresetn_kernel_00_slr1_4_0             |    1 |
| bd_22c0_fanout_aresetn_kernel_00_slr1_3_0             |    1 |
| bd_22c0_fanout_aresetn_kernel_00_slr1_2_0             |    1 |
| bd_22c0_fanout_aresetn_kernel_00_slr1_1_0             |    1 |
| bd_22c0_fanout_aresetn_kernel_00_slr0_4_0             |    1 |
| bd_22c0_fanout_aresetn_kernel_00_slr0_3_0             |    1 |
| bd_22c0_fanout_aresetn_kernel_00_slr0_2_0             |    1 |
| bd_22c0_fanout_aresetn_kernel_00_slr0_1_0             |    1 |
| bd_22c0_fanout_aresetn_hbm_0                          |    1 |
| bd_22c0_fanout_aresetn_ctrl_slr2_4_0                  |    1 |
| bd_22c0_fanout_aresetn_ctrl_slr2_3_0                  |    1 |
| bd_22c0_fanout_aresetn_ctrl_slr2_2_0                  |    1 |
| bd_22c0_fanout_aresetn_ctrl_slr2_1_0                  |    1 |
| bd_22c0_fanout_aresetn_ctrl_slr1_4_0                  |    1 |
| bd_22c0_fanout_aresetn_ctrl_slr1_3_0                  |    1 |
| bd_22c0_fanout_aresetn_ctrl_slr1_2_0                  |    1 |
| bd_22c0_fanout_aresetn_ctrl_slr1_1_0                  |    1 |
| bd_22c0_fanout_aresetn_ctrl_slr0_4_0                  |    1 |
| bd_22c0_fanout_aresetn_ctrl_slr0_3_0                  |    1 |
| bd_22c0_fanout_aresetn_ctrl_slr0_2_0                  |    1 |
| bd_22c0_fanout_aresetn_ctrl_slr0_1_0                  |    1 |
| bd_22c0_clock_throttling_avg_0                        |    1 |
| bd_22c0_clock_throttling_aclk_kernel_01_0             |    1 |
| bd_22c0_clock_throttling_aclk_kernel_00_0             |    1 |
| bd_22c0_clock_shutdown_latch_0                        |    1 |
| bd_22c0_clkwiz_hbm_0                                  |    1 |
| bd_22c0_clkwiz_aclk_kernel_01_0                       |    1 |
| bd_22c0_clkwiz_aclk_kernel_00_0                       |    1 |
| bd_22c0_clk_hbm_adapt_0                               |    1 |
| bd_22c0_build_info_0                                  |    1 |
| bd_22c0_axi_ic_ctrl_mgmt_top_imp_xbar_0               |    1 |
| bd_22c0_axi_ic_ctrl_mgmt_freq_imp_xbar_0              |    1 |
| bd_22c0_axi_ic_ctrl_mgmt_freq_imp_auto_cc_0           |    1 |
| bd_22c0_aclk_kernel_01_cont_adapt_0                   |    1 |
| bd_22c0_aclk_kernel_01_adapt_0                        |    1 |
| bd_22c0_aclk_kernel_00_cont_adapt_0                   |    1 |
| bd_22c0_aclk_kernel_00_adapt_0                        |    1 |
| bd_097b_user_debug_hub_0                              |    1 |
| bd_097b_user_debug_bridge_0                           |    1 |
| bd_097b_build_info_0                                  |    1 |
+-------------------------------------------------------+------+


12. SLR Connectivity
--------------------

+----------------------------------+-------+-------+-----------+-------+
|                                  |  Used | Fixed | Available | Util% |
+----------------------------------+-------+-------+-----------+-------+
| SLR2 <-> SLR1                    |  7265 |       |     23040 | 31.53 |
|   SLR1 -> SLR2                   |  3872 |       |           | 16.81 |
|     Using TX_REG only            |     0 |     0 |           |       |
|     Using RX_REG only            |     0 |     0 |           |       |
|     Using Both TX_REG and RX_REG |     0 |     0 |           |       |
|   SLR2 -> SLR1                   |  3393 |       |           | 14.73 |
|     Using TX_REG only            |     1 |     0 |           |       |
|     Using RX_REG only            |     0 |     0 |           |       |
|     Using Both TX_REG and RX_REG |     0 |     0 |           |       |
| SLR1 <-> SLR0                    |  9120 |       |     23040 | 39.58 |
|   SLR0 -> SLR1                   |  4652 |       |           | 20.19 |
|     Using TX_REG only            |     1 |     0 |           |       |
|     Using RX_REG only            |     0 |     0 |           |       |
|     Using Both TX_REG and RX_REG |     0 |     0 |           |       |
|   SLR1 -> SLR0                   |  4468 |       |           | 19.39 |
|     Using TX_REG only            |     2 |     0 |           |       |
|     Using RX_REG only            |     0 |     0 |           |       |
|     Using Both TX_REG and RX_REG |     0 |     0 |           |       |
+----------------------------------+-------+-------+-----------+-------+
| Total SLLs Used                  | 16385 |       |           |       |
+----------------------------------+-------+-------+-----------+-------+


13. SLR Connectivity Matrix
---------------------------

+-----------+------+------+------+
| FROM \ TO | SLR2 | SLR1 | SLR0 |
+-----------+------+------+------+
| SLR2      |    0 | 3293 |  100 |
| SLR1      | 3807 |    0 | 4368 |
| SLR0      |   65 | 4587 |    0 |
+-----------+------+------+------+


14. SLR CLB Logic and Dedicated Block Utilization
-------------------------------------------------

+----------------------------+--------+--------+-------+--------+--------+--------+
|          Site Type         |  SLR0  |  SLR1  |  SLR2 | SLR0 % | SLR1 % | SLR2 % |
+----------------------------+--------+--------+-------+--------+--------+--------+
| CLB                        |  43512 |  36610 | 13288 |  79.17 |  67.80 |  24.61 |
|   CLBL                     |  22937 |  19760 |  7013 |  78.34 |  67.49 |  23.95 |
|   CLBM                     |  20575 |  16850 |  6275 |  80.12 |  68.16 |  25.38 |
| CLB LUTs                   | 181071 | 174863 | 49951 |  41.18 |  40.48 |  11.56 |
|   LUT as Logic             | 167544 | 164123 | 46526 |  38.11 |  37.99 |  10.77 |
|     using O5 output only   |   2075 |   1670 |   560 |   0.47 |   0.39 |   0.13 |
|     using O6 output only   | 125614 | 120733 | 31497 |  28.57 |  27.95 |   7.29 |
|     using O5 and O6        |  39855 |  41720 | 14469 |   9.06 |   9.66 |   3.35 |
|   LUT as Memory            |  13527 |  10740 |  3425 |   6.58 |   5.43 |   1.73 |
|     LUT as Distributed RAM |   3016 |   3532 |   820 |   1.47 |   1.79 |   0.41 |
|       using O6 output only |    240 |    386 |     0 |   0.12 |   0.20 |   0.00 |
|       using O5 and O6      |   2776 |   3146 |   820 |   1.35 |   1.59 |   0.41 |
|     LUT as Shift Register  |  10511 |   7208 |  2605 |   5.12 |   3.64 |   1.32 |
|       using O5 output only |      1 |      0 |     0 |  <0.01 |   0.00 |   0.00 |
|       using O6 output only |   7604 |   5018 |  1563 |   3.70 |   2.54 |   0.79 |
|       using O5 and O6      |   2906 |   2190 |  1042 |   1.41 |   1.11 |   0.53 |
| CLB Registers              | 260193 | 253048 | 83128 |  29.59 |  29.29 |   9.62 |
| CARRY8                     |   4674 |   4189 |  1019 |   8.50 |   7.76 |   1.89 |
| F7 Muxes                   |  12379 |   9516 |   950 |   5.63 |   4.41 |   0.44 |
| F8 Muxes                   |   3365 |   2388 |     0 |   3.06 |   2.21 |   0.00 |
| F9 Muxes                   |      0 |      0 |     0 |   0.00 |   0.00 |   0.00 |
| Block RAM Tile             |  483.5 |  368.5 |   251 |  71.95 |  54.84 |  37.35 |
|   RAMB36/FIFO              |    455 |    346 |   246 |  67.71 |  51.49 |  36.61 |
|   RAMB18                   |     57 |     45 |    10 |   4.24 |   3.35 |   0.74 |
| URAM                       |    143 |    143 |    74 |  44.69 |  44.69 |  23.13 |
| DSPs                       |    494 |    340 |    20 |  17.15 |  11.07 |   0.65 |
| Unique Control Sets        |   5539 |   6681 |  1843 |   5.04 |   6.19 |   1.71 |
+----------------------------+--------+--------+-------+--------+--------+--------+
* Note: Available Control Sets based on CLB Registers / 8


15. SLR IO Utilization
----------------------

+-----------+-----------+---------+------------+----------+------------+----------+-----+
| SLR Index | Used IOBs | (%)IOBs | Used IPADs | (%)IPADs | Used OPADs | (%)OPADs | GTs |
+-----------+-----------+---------+------------+----------+------------+----------+-----+
| SLR2      |         0 |    0.00 |          0 |     0.00 |          0 |     0.00 |   0 |
| SLR1      |         0 |    0.00 |          0 |     0.00 |          0 |     0.00 |   8 |
| SLR0      |        12 |    5.77 |          0 |     0.00 |          0 |     0.00 |  16 |
+-----------+-----------+---------+------------+----------+------------+----------+-----+
| Total     |        12 |         |          0 |          |          0 |          |  24 |
+-----------+-----------+---------+------------+----------+------------+----------+-----+


