Copyright 1986-2022 Xilinx, Inc. All Rights Reserved. Copyright 2022-2025 Advanced Micro Devices, Inc. All Rights Reserved.
---------------------------------------------------------------------------------------------------------------------------------------------
| Tool Version : Vivado v.2025.1 (lin64) Build 6140274 Wed May 21 22:58:25 MDT 2025
| Date         : Thu Feb 26 07:30:31 2026
| Host         : cyberdeck running 64-bit Ubuntu 22.04.5 LTS
| Command      : report_utilization -slr -file slr_util_placed.rpt -pb slr_util_placed.pb
| Design       : level0_wrapper
| Device       : xcu55c-fsvh2892-2L-e
| Speed File   : -2L
| Design State : Fully Placed
---------------------------------------------------------------------------------------------------------------------------------------------

Utilization Design Information

Table of Contents
-----------------
1. SLR Connectivity
2. SLR Connectivity Matrix
3. SLR CLB Logic and Dedicated Block Utilization
4. SLR IO Utilization

1. SLR Connectivity
-------------------

+----------------------------------+-------+-------+-----------+-------+
|                                  |  Used | Fixed | Available | Util% |
+----------------------------------+-------+-------+-----------+-------+
| SLR2 <-> SLR1                    |  7259 |       |     23040 | 31.51 |
|   SLR1 -> SLR2                   |  3871 |       |           | 16.80 |
|     Using TX_REG only            |     0 |     0 |           |       |
|     Using RX_REG only            |     0 |     0 |           |       |
|     Using Both TX_REG and RX_REG |     0 |     0 |           |       |
|   SLR2 -> SLR1                   |  3388 |       |           | 14.70 |
|     Using TX_REG only            |     0 |     0 |           |       |
|     Using RX_REG only            |     0 |     0 |           |       |
|     Using Both TX_REG and RX_REG |     0 |     0 |           |       |
| SLR1 <-> SLR0                    |  9116 |       |     23040 | 39.57 |
|   SLR0 -> SLR1                   |  4651 |       |           | 20.19 |
|     Using TX_REG only            |     0 |     0 |           |       |
|     Using RX_REG only            |     0 |     0 |           |       |
|     Using Both TX_REG and RX_REG |     0 |     0 |           |       |
|   SLR1 -> SLR0                   |  4465 |       |           | 19.38 |
|     Using TX_REG only            |     0 |     0 |           |       |
|     Using RX_REG only            |     0 |     0 |           |       |
|     Using Both TX_REG and RX_REG |     0 |     0 |           |       |
+----------------------------------+-------+-------+-----------+-------+
| Total SLLs Used                  | 16375 |       |           |       |
+----------------------------------+-------+-------+-----------+-------+


2. SLR Connectivity Matrix
--------------------------

+-----------+------+------+------+
| FROM \ TO | SLR2 | SLR1 | SLR0 |
+-----------+------+------+------+
| SLR2      |    0 | 3288 |  100 |
| SLR1      | 3807 |    0 | 4365 |
| SLR0      |   64 | 4587 |    0 |
+-----------+------+------+------+


3. SLR CLB Logic and Dedicated Block Utilization
------------------------------------------------

+----------------------------+--------+--------+-------+--------+--------+--------+
|          Site Type         |  SLR0  |  SLR1  |  SLR2 | SLR0 % | SLR1 % | SLR2 % |
+----------------------------+--------+--------+-------+--------+--------+--------+
| CLB                        |  43497 |  36588 | 13286 |  79.14 |  67.76 |  24.60 |
|   CLBL                     |  22925 |  19750 |  7011 |  78.30 |  67.45 |  23.94 |
|   CLBM                     |  20572 |  16838 |  6275 |  80.11 |  68.11 |  25.38 |
| CLB LUTs                   | 181027 | 174857 | 49945 |  41.17 |  40.48 |  11.56 |
|   LUT as Logic             | 167500 | 164117 | 46520 |  38.10 |  37.99 |  10.77 |
|     using O5 output only   |   2074 |   1670 |   560 |   0.47 |   0.39 |   0.13 |
|     using O6 output only   | 125571 | 120727 | 31490 |  28.56 |  27.95 |   7.29 |
|     using O5 and O6        |  39855 |  41720 | 14470 |   9.06 |   9.66 |   3.35 |
|   LUT as Memory            |  13527 |  10740 |  3425 |   6.58 |   5.43 |   1.73 |
|     LUT as Distributed RAM |   3016 |   3532 |   820 |   1.47 |   1.79 |   0.41 |
|       using O6 output only |    240 |    386 |     0 |   0.12 |   0.20 |   0.00 |
|       using O5 and O6      |   2776 |   3146 |   820 |   1.35 |   1.59 |   0.41 |
|     LUT as Shift Register  |  10511 |   7208 |  2605 |   5.12 |   3.64 |   1.32 |
|       using O5 output only |      1 |      0 |     0 |  <0.01 |   0.00 |   0.00 |
|       using O6 output only |   7604 |   5018 |  1563 |   3.70 |   2.54 |   0.79 |
|       using O5 and O6      |   2906 |   2190 |  1042 |   1.41 |   1.11 |   0.53 |
| CLB Registers              | 260142 | 252880 | 83129 |  29.58 |  29.27 |   9.62 |
| CARRY8                     |   4674 |   4189 |  1019 |   8.50 |   7.76 |   1.89 |
| F7 Muxes                   |  12379 |   9516 |   950 |   5.63 |   4.41 |   0.44 |
| F8 Muxes                   |   3365 |   2388 |     0 |   3.06 |   2.21 |   0.00 |
| F9 Muxes                   |      0 |      0 |     0 |   0.00 |   0.00 |   0.00 |
| Block RAM Tile             |  483.5 |  368.5 |   251 |  71.95 |  54.84 |  37.35 |
|   RAMB36/FIFO              |    455 |    346 |   246 |  67.71 |  51.49 |  36.61 |
|   RAMB18                   |     57 |     45 |    10 |   4.24 |   3.35 |   0.74 |
| URAM                       |    143 |    143 |    74 |  44.69 |  44.69 |  23.13 |
| DSPs                       |    494 |    340 |    20 |  17.15 |  11.07 |   0.65 |
| Unique Control Sets        |   5466 |   6652 |  1844 |   4.97 |   6.16 |   1.71 |
+----------------------------+--------+--------+-------+--------+--------+--------+
* Note: Available Control Sets based on CLB Registers / 8


4. SLR IO Utilization
---------------------

+-----------+-----------+---------+------------+----------+------------+----------+-----+
| SLR Index | Used IOBs | (%)IOBs | Used IPADs | (%)IPADs | Used OPADs | (%)OPADs | GTs |
+-----------+-----------+---------+------------+----------+------------+----------+-----+
| SLR2      |         0 |    0.00 |          0 |     0.00 |          0 |     0.00 |   0 |
| SLR1      |         0 |    0.00 |          0 |     0.00 |          0 |     0.00 |   8 |
| SLR0      |        12 |    5.77 |          0 |     0.00 |          0 |     0.00 |  16 |
+-----------+-----------+---------+------------+----------+------------+----------+-----+
| Total     |        12 |         |          0 |          |          0 |          |  24 |
+-----------+-----------+---------+------------+----------+------------+----------+-----+


