Copyright 1986-2022 Xilinx, Inc. All Rights Reserved. Copyright 2022-2025 Advanced Micro Devices, Inc. All Rights Reserved.
---------------------------------------------------------------------------------------------------------------------------------------------
| Tool Version : Vivado v.2025.1 (lin64) Build 6140274 Wed May 21 22:58:25 MDT 2025
| Date         : Fri Feb 27 07:25:05 2026
| Host         : cyberdeck running 64-bit Ubuntu 22.04.5 LTS
| Command      : report_utilization -slr -file slr_util_placed.rpt -pb slr_util_placed.pb
| Design       : level0_wrapper
| Device       : xcu55c-fsvh2892-2L-e
| Speed File   : -2L
| Design State : Fully Placed
---------------------------------------------------------------------------------------------------------------------------------------------

Utilization Design Information

Table of Contents
-----------------
1. SLR Connectivity
2. SLR Connectivity Matrix
3. SLR CLB Logic and Dedicated Block Utilization
4. SLR IO Utilization

1. SLR Connectivity
-------------------

+----------------------------------+-------+-------+-----------+-------+
|                                  |  Used | Fixed | Available | Util% |
+----------------------------------+-------+-------+-----------+-------+
| SLR2 <-> SLR1                    |  7371 |       |     23040 | 31.99 |
|   SLR1 -> SLR2                   |  3634 |       |           | 15.77 |
|     Using TX_REG only            |     0 |     0 |           |       |
|     Using RX_REG only            |     0 |     0 |           |       |
|     Using Both TX_REG and RX_REG |     0 |     0 |           |       |
|   SLR2 -> SLR1                   |  3737 |       |           | 16.22 |
|     Using TX_REG only            |     0 |     0 |           |       |
|     Using RX_REG only            |     0 |     0 |           |       |
|     Using Both TX_REG and RX_REG |     0 |     0 |           |       |
| SLR1 <-> SLR0                    |  9090 |       |     23040 | 39.45 |
|   SLR0 -> SLR1                   |  4507 |       |           | 19.56 |
|     Using TX_REG only            |     0 |     0 |           |       |
|     Using RX_REG only            |     0 |     0 |           |       |
|     Using Both TX_REG and RX_REG |     0 |     0 |           |       |
|   SLR1 -> SLR0                   |  4583 |       |           | 19.89 |
|     Using TX_REG only            |     0 |     0 |           |       |
|     Using RX_REG only            |     0 |     0 |           |       |
|     Using Both TX_REG and RX_REG |     0 |     0 |           |       |
+----------------------------------+-------+-------+-----------+-------+
| Total SLLs Used                  | 16461 |       |           |       |
+----------------------------------+-------+-------+-----------+-------+


2. SLR Connectivity Matrix
--------------------------

+-----------+------+------+------+
| FROM \ TO | SLR2 | SLR1 | SLR0 |
+-----------+------+------+------+
| SLR2      |    0 | 3307 |  430 |
| SLR1      | 3199 |    0 | 4153 |
| SLR0      |  435 | 4072 |    0 |
+-----------+------+------+------+


3. SLR CLB Logic and Dedicated Block Utilization
------------------------------------------------

+----------------------------+--------+--------+--------+--------+--------+--------+
|          Site Type         |  SLR0  |  SLR1  |  SLR2  | SLR0 % | SLR1 % | SLR2 % |
+----------------------------+--------+--------+--------+--------+--------+--------+
| CLB                        |  38044 |  39280 |  20875 |  69.22 |  72.74 |  38.66 |
|   CLBL                     |  20108 |  21073 |  10930 |  68.67 |  71.97 |  37.33 |
|   CLBM                     |  17936 |  18207 |   9945 |  69.84 |  73.65 |  40.23 |
| CLB LUTs                   | 152638 | 170771 |  86337 |  34.72 |  39.53 |  19.99 |
|   LUT as Logic             | 135961 | 155386 |  78941 |  30.92 |  35.97 |  18.27 |
|     using O5 output only   |   1957 |   1498 |    790 |   0.45 |   0.35 |   0.18 |
|     using O6 output only   |  97735 | 114709 |  57379 |  22.23 |  26.55 |  13.28 |
|     using O5 and O6        |  36269 |  39179 |  20772 |   8.25 |   9.07 |   4.81 |
|   LUT as Memory            |  16677 |  15385 |   7396 |   8.12 |   7.78 |   3.74 |
|     LUT as Distributed RAM |   7752 |   8268 |   3188 |   3.77 |   4.18 |   1.61 |
|       using O6 output only |    240 |    386 |      0 |   0.12 |   0.20 |   0.00 |
|       using O5 and O6      |   7512 |   7882 |   3188 |   3.66 |   3.99 |   1.61 |
|     LUT as Shift Register  |   8925 |   7117 |   4208 |   4.34 |   3.60 |   2.13 |
|       using O6 output only |   6079 |   4927 |   3107 |   2.96 |   2.49 |   1.57 |
|       using O5 and O6      |   2846 |   2190 |   1101 |   1.39 |   1.11 |   0.56 |
| CLB Registers              | 239382 | 236074 | 127694 |  27.22 |  27.32 |  14.78 |
| CARRY8                     |   3777 |   3983 |   1893 |   6.87 |   7.38 |   3.51 |
| F7 Muxes                   |   8870 |   9067 |   4908 |   4.03 |   4.20 |   2.27 |
| F8 Muxes                   |   2307 |   2376 |   1070 |   2.10 |   2.20 |   0.99 |
| F9 Muxes                   |      0 |      0 |      0 |   0.00 |   0.00 |   0.00 |
| Block RAM Tile             |    178 |    210 |    110 |  26.49 |  31.25 |  16.37 |
|   RAMB36/FIFO              |    155 |    190 |    100 |  23.07 |  28.27 |  14.88 |
|   RAMB18                   |     46 |     40 |     20 |   3.42 |   2.98 |   1.49 |
| URAM                       |    148 |    148 |     74 |  46.25 |  46.25 |  23.13 |
| DSPs                       |    340 |    340 |    174 |  11.81 |  11.07 |   5.66 |
| Unique Control Sets        |   5487 |   5950 |   2733 |   4.99 |   5.51 |   2.53 |
+----------------------------+--------+--------+--------+--------+--------+--------+
* Note: Available Control Sets based on CLB Registers / 8


4. SLR IO Utilization
---------------------

+-----------+-----------+---------+------------+----------+------------+----------+-----+
| SLR Index | Used IOBs | (%)IOBs | Used IPADs | (%)IPADs | Used OPADs | (%)OPADs | GTs |
+-----------+-----------+---------+------------+----------+------------+----------+-----+
| SLR2      |         0 |    0.00 |          0 |     0.00 |          0 |     0.00 |   0 |
| SLR1      |         0 |    0.00 |          0 |     0.00 |          0 |     0.00 |   0 |
| SLR0      |        12 |    5.77 |          0 |     0.00 |          0 |     0.00 |  16 |
+-----------+-----------+---------+------------+----------+------------+----------+-----+
| Total     |        12 |         |          0 |          |          0 |          |  16 |
+-----------+-----------+---------+------------+----------+------------+----------+-----+


