

================================================================
== Vitis HLS Report for 'NeuroRing'
================================================================
* Date:           Thu Feb 26 04:58:31 2026

* Version:        2025.1 (Build 6135595 on May 21 2025)
* Project:        NeuroRing
* Solution:       solution (Vitis Kernel Flow Target)
* Product family: virtexuplusHBM
* Target device:  xcu55c-fsvh2892-2L-e


================================================================
== Performance Estimates
================================================================
+ Timing: 
    * Summary: 
    +--------+---------+----------+------------+
    |  Clock |  Target | Estimated| Uncertainty|
    +--------+---------+----------+------------+
    |ap_clk  |  3.33 ns|  2.433 ns|     0.90 ns|
    +--------+---------+----------+------------+

+ Latency: 
    * Summary: 
    +---------+---------+----------+----------+-----+-----+---------+
    |  Latency (cycles) |  Latency (absolute) |  Interval | Pipeline|
    |   min   |   max   |    min   |    max   | min | max |   Type  |
    +---------+---------+----------+----------+-----+-----+---------+
    |        ?|        ?|         ?|         ?|    ?|    ?|       no|
    +---------+---------+----------+----------+-----+-----+---------+

    + Detail: 
        * Instance: 
        +----------------------------------------------------------+----------------------------------------------+---------+---------+-----------+-----------+------+------+------------------------------------------------+
        |                                                          |                                              |  Latency (cycles) |   Latency (absolute)  |   Interval  |                    Pipeline                    |
        |                         Instance                         |                    Module                    |   min   |   max   |    min    |    max    |  min |  max |                      Type                      |
        +----------------------------------------------------------+----------------------------------------------+---------+---------+-----------+-----------+------+------+------------------------------------------------+
        |grp_NeuroRing_Pipeline_VITIS_LOOP_94_1_fu_1660            |NeuroRing_Pipeline_VITIS_LOOP_94_1            |     4177|     4177|  13.922 us|  13.922 us|  4097|  4097|  loop auto-rewind stp (delay=0 clock cycles(s))|
        |grp_NeuroRing_Pipeline_update_membrane_potential_fu_1746  |NeuroRing_Pipeline_update_membrane_potential  |      740|      740|   2.466 us|   2.466 us|   705|   705|  loop auto-rewind stp (delay=0 clock cycles(s))|
        |grp_NeuroRing_Pipeline_VITIS_LOOP_224_6_fu_1977           |NeuroRing_Pipeline_VITIS_LOOP_224_6           |      706|      706|   2.353 us|   2.353 us|   705|   705|  loop auto-rewind stp (delay=0 clock cycles(s))|
        |grp_NeuroRing_Pipeline_write_spike_status_fu_1989         |NeuroRing_Pipeline_write_spike_status         |       93|       93|   0.310 us|   0.310 us|    23|    23|  loop auto-rewind stp (delay=0 clock cycles(s))|
        +----------------------------------------------------------+----------------------------------------------+---------+---------+-----------+-----------+------+------+------------------------------------------------+

        * Loop: 
        +-------------------------+---------+---------------+----------------------+-----------+-----------+---------------+----------+
        |                         |     Latency (cycles)    |       Iteration      |  Initiation Interval  |      Trip     |          |
        |        Loop Name        |   min   |      max      |        Latency       |  achieved |   target  |     Count     | Pipelined|
        +-------------------------+---------+---------------+----------------------+-----------+-----------+---------------+----------+
        |- read_status_loop       |        ?|              ?|  1098 ~ 3023657630711|          -|          -|              ?|        no|
        | + VITIS_LOOP_163_3      |      351|  3023657629871|       2 ~ 17179872897|          -|          -|            176|        no|
        |  ++ VITIS_LOOP_165_4    |       63|    17179872895|         2 ~ 536871028|          -|          -|             32|        no|
        |   +++ VITIS_LOOP_170_5  |        0|      536871023|                   114|          1|          1|  0 ~ 536870911|       yes|
        +-------------------------+---------+---------------+----------------------+-----------+-----------+---------------+----------+



================================================================
== Utilization Estimates
================================================================
* Summary: 
+---------------------+---------+------+---------+---------+-----+
|         Name        | BRAM_18K|  DSP |    FF   |   LUT   | URAM|
+---------------------+---------+------+---------+---------+-----+
|DSP                  |        -|     -|        -|        -|    -|
|Expression           |        -|     -|        0|      896|    -|
|FIFO                 |        -|     -|        -|        -|    -|
|Instance             |        8|   156|    42514|    32365|    0|
|Memory               |       79|     -|        0|        0|    -|
|Multiplexer          |        -|     -|        0|     2362|    -|
|Register             |        -|     -|     1417|       64|    -|
+---------------------+---------+------+---------+---------+-----+
|Total                |       87|   156|    43931|    35687|    0|
+---------------------+---------+------+---------+---------+-----+
|Available SLR        |     1344|  3008|   869120|   434560|  320|
+---------------------+---------+------+---------+---------+-----+
|Utilization SLR (%)  |        6|     5|        5|        8|    0|
+---------------------+---------+------+---------+---------+-----+
|Available            |     4032|  9024|  2607360|  1303680|  960|
+---------------------+---------+------+---------+---------+-----+
|Utilization (%)      |        2|     1|        1|        2|    0|
+---------------------+---------+------+---------+---------+-----+

+ Detail: 
    * Instance: 
    +----------------------------------------------------------+----------------------------------------------+---------+-----+-------+-------+-----+
    |                         Instance                         |                    Module                    | BRAM_18K| DSP |   FF  |  LUT  | URAM|
    +----------------------------------------------------------+----------------------------------------------+---------+-----+-------+-------+-----+
    |grp_NeuroRing_Pipeline_VITIS_LOOP_224_6_fu_1977           |NeuroRing_Pipeline_VITIS_LOOP_224_6           |        0|    0|     16|     89|    0|
    |grp_NeuroRing_Pipeline_VITIS_LOOP_94_1_fu_1660            |NeuroRing_Pipeline_VITIS_LOOP_94_1            |        0|    0|    655|    470|    0|
    |grp_NeuroRing_Pipeline_update_membrane_potential_fu_1746  |NeuroRing_Pipeline_update_membrane_potential  |        0|  149|  34246|  23392|    0|
    |grp_NeuroRing_Pipeline_write_spike_status_fu_1989         |NeuroRing_Pipeline_write_spike_status         |        0|    0|    472|   1065|    0|
    |control_s_axi_U                                           |control_s_axi                                 |        0|    0|    638|   1064|    0|
    |fadd_32ns_32ns_32_7_full_dsp_1_U601                       |fadd_32ns_32ns_32_7_full_dsp_1                |        0|    2|    318|    198|    0|
    |gmem_syn_m_axi_U                                          |gmem_syn_m_axi                                |        8|    0|   1430|   1625|    0|
    |mul_13ns_15ns_27_1_1_U598                                 |mul_13ns_15ns_27_1_1                          |        0|    1|      0|      2|    0|
    |mul_32ns_34ns_65_2_1_U596                                 |mul_32ns_34ns_65_2_1                          |        0|    4|    173|     53|    0|
    |sparsemux_353_8_32_1_1_U597                               |sparsemux_353_8_32_1_1                        |        0|    0|      0|    931|    0|
    |urem_32ns_32ns_32_36_1_U599                               |urem_32ns_32ns_32_36_1                        |        0|    0|   2283|   1738|    0|
    |urem_32ns_32ns_32_36_1_U600                               |urem_32ns_32ns_32_36_1                        |        0|    0|   2283|   1738|    0|
    +----------------------------------------------------------+----------------------------------------------+---------+-----+-------+-------+-----+
    |Total                                                     |                                              |        8|  156|  42514|  32365|    0|
    +----------------------------------------------------------+----------------------------------------------+---------+-----+-------+-------+-----+

    * DSP: 
    N/A

    * Memory: 
    +------------------+------------------------------+---------+---+----+-----+------+-----+------+-------------+
    |      Memory      |            Module            | BRAM_18K| FF| LUT| URAM| Words| Bits| Banks| W*Bits*Banks|
    +------------------+------------------------------+---------+---+----+-----+------+-----+------+-------------+
    |R_RefCnt_U        |R_RefCnt_RAM_2P_BRAM_1R1W     |        1|  0|   0|    0|   626|   16|     1|        10016|
    |R_RefCnt_1_U      |R_RefCnt_RAM_2P_BRAM_1R1W     |        1|  0|   0|    0|   626|   16|     1|        10016|
    |R_RefCnt_2_U      |R_RefCnt_RAM_2P_BRAM_1R1W     |        1|  0|   0|    0|   626|   16|     1|        10016|
    |R_RefCnt_3_U      |R_RefCnt_RAM_2P_BRAM_1R1W     |        1|  0|   0|    0|   626|   16|     1|        10016|
    |R_RefCnt_4_U      |R_RefCnt_RAM_2P_BRAM_1R1W     |        1|  0|   0|    0|   626|   16|     1|        10016|
    |R_RefCnt_5_U      |R_RefCnt_RAM_2P_BRAM_1R1W     |        1|  0|   0|    0|   626|   16|     1|        10016|
    |R_RefCnt_6_U      |R_RefCnt_RAM_2P_BRAM_1R1W     |        1|  0|   0|    0|   626|   16|     1|        10016|
    |R_RefCnt_7_U      |R_RefCnt_RAM_2P_BRAM_1R1W     |        1|  0|   0|    0|   626|   16|     1|        10016|
    |R_RefCnt_8_U      |R_RefCnt_RAM_2P_BRAM_1R1W     |        1|  0|   0|    0|   626|   16|     1|        10016|
    |SynapseSize_U     |SynapseSize_RAM_2P_BRAM_1R1W  |       16|  0|   0|    0|  5632|   32|     1|       180224|
    |U_membPot_U       |U_membPot_RAM_2P_BRAM_1R1W    |        2|  0|   0|    0|   626|   32|     1|        20032|
    |U_membPot_1_U     |U_membPot_RAM_2P_BRAM_1R1W    |        2|  0|   0|    0|   626|   32|     1|        20032|
    |U_membPot_2_U     |U_membPot_RAM_2P_BRAM_1R1W    |        2|  0|   0|    0|   626|   32|     1|        20032|
    |U_membPot_3_U     |U_membPot_RAM_2P_BRAM_1R1W    |        2|  0|   0|    0|   626|   32|     1|        20032|
    |U_membPot_4_U     |U_membPot_RAM_2P_BRAM_1R1W    |        2|  0|   0|    0|   626|   32|     1|        20032|
    |U_membPot_5_U     |U_membPot_RAM_2P_BRAM_1R1W    |        2|  0|   0|    0|   626|   32|     1|        20032|
    |U_membPot_6_U     |U_membPot_RAM_2P_BRAM_1R1W    |        2|  0|   0|    0|   626|   32|     1|        20032|
    |U_membPot_7_U     |U_membPot_RAM_2P_BRAM_1R1W    |        2|  0|   0|    0|   626|   32|     1|        20032|
    |U_membPot_8_U     |U_membPot_RAM_2P_BRAM_1R1W    |        2|  0|   0|    0|   626|   32|     1|        20032|
    |I_PreSynCurr_U    |U_membPot_RAM_2P_BRAM_1R1W    |        2|  0|   0|    0|   626|   32|     1|        20032|
    |I_PreSynCurr_1_U  |U_membPot_RAM_2P_BRAM_1R1W    |        2|  0|   0|    0|   626|   32|     1|        20032|
    |I_PreSynCurr_2_U  |U_membPot_RAM_2P_BRAM_1R1W    |        2|  0|   0|    0|   626|   32|     1|        20032|
    |I_PreSynCurr_3_U  |U_membPot_RAM_2P_BRAM_1R1W    |        2|  0|   0|    0|   626|   32|     1|        20032|
    |I_PreSynCurr_4_U  |U_membPot_RAM_2P_BRAM_1R1W    |        2|  0|   0|    0|   626|   32|     1|        20032|
    |I_PreSynCurr_5_U  |U_membPot_RAM_2P_BRAM_1R1W    |        2|  0|   0|    0|   626|   32|     1|        20032|
    |I_PreSynCurr_6_U  |U_membPot_RAM_2P_BRAM_1R1W    |        2|  0|   0|    0|   626|   32|     1|        20032|
    |I_PreSynCurr_7_U  |U_membPot_RAM_2P_BRAM_1R1W    |        2|  0|   0|    0|   626|   32|     1|        20032|
    |I_PreSynCurr_8_U  |U_membPot_RAM_2P_BRAM_1R1W    |        2|  0|   0|    0|   626|   32|     1|        20032|
    |I_bias_U          |U_membPot_RAM_2P_BRAM_1R1W    |        2|  0|   0|    0|   626|   32|     1|        20032|
    |I_bias_1_U        |U_membPot_RAM_2P_BRAM_1R1W    |        2|  0|   0|    0|   626|   32|     1|        20032|
    |I_bias_2_U        |U_membPot_RAM_2P_BRAM_1R1W    |        2|  0|   0|    0|   626|   32|     1|        20032|
    |I_bias_3_U        |U_membPot_RAM_2P_BRAM_1R1W    |        2|  0|   0|    0|   626|   32|     1|        20032|
    |I_bias_4_U        |U_membPot_RAM_2P_BRAM_1R1W    |        2|  0|   0|    0|   626|   32|     1|        20032|
    |I_bias_5_U        |U_membPot_RAM_2P_BRAM_1R1W    |        2|  0|   0|    0|   626|   32|     1|        20032|
    |I_bias_6_U        |U_membPot_RAM_2P_BRAM_1R1W    |        2|  0|   0|    0|   626|   32|     1|        20032|
    |I_bias_7_U        |U_membPot_RAM_2P_BRAM_1R1W    |        2|  0|   0|    0|   626|   32|     1|        20032|
    |I_bias_8_U        |U_membPot_RAM_2P_BRAM_1R1W    |        2|  0|   0|    0|   626|   32|     1|        20032|
    +------------------+------------------------------+---------+---+----+-----+------+-----+------+-------------+
    |Total             |                              |       79|  0|   0|    0| 28168| 1040|    37|       811232|
    +------------------+------------------------------+---------+---+----+-----+------+-----+------+-------------+

    * FIFO: 
    N/A

    * Expression: 
    +-------------------------------------------+----------+----+---+----+------------+------------+
    |               Variable Name               | Operation| DSP| FF| LUT| Bitwidth P0| Bitwidth P1|
    +-------------------------------------------+----------+----+---+----+------------+------------+
    |add_ln115_fu_2224_p2                       |         +|   0|  0|  39|          32|           1|
    |add_ln172_1_fu_3370_p2                     |         +|   0|  0|  32|          32|          25|
    |add_ln172_fu_3376_p2                       |         +|   0|  0|  32|          32|          32|
    |add_ln173_fu_3403_p2                       |         +|   0|  0|  71|          64|          64|
    |add_ln179_fu_3501_p2                       |         +|   0|  0|  32|          32|          32|
    |add_ln54_fu_3452_p2                        |         +|   0|  0|  32|          25|           2|
    |grp_fu_3496_p0                             |         +|   0|  0|  32|          32|          32|
    |i_fu_3306_p2                               |         +|   0|  0|  15|           8|           1|
    |j_fu_3333_p2                               |         +|   0|  0|  12|           5|           1|
    |k_1_fu_3418_p2                             |         +|   0|  0|  39|          32|           4|
    |next_mul33_fu_2230_p2                      |         +|   0|  0|  39|          32|           8|
    |grp_fu_3511_p0                             |         -|   0|  0|  32|          32|          32|
    |sub_ln177_fu_3486_p2                       |         -|   0|  0|  32|          32|          32|
    |and_ln166_fu_3322_p2                       |       and|   0|  0|  32|          32|          32|
    |ap_block_state127_on_subcall_done          |       and|   0|  0|   2|           1|           1|
    |ap_predicate_op870_write_state125          |       and|   0|  0|   2|           1|           1|
    |cmp233_fu_2199_p2                          |      icmp|   0|  0|  39|          32|           1|
    |icmp_ln115_fu_2219_p2                      |      icmp|   0|  0|  39|          32|          32|
    |icmp_ln163_fu_3542_p2                      |      icmp|   0|  0|  15|           8|           8|
    |icmp_ln164_fu_3300_p2                      |      icmp|   0|  0|  39|          32|           1|
    |icmp_ln165_fu_3536_p2                      |      icmp|   0|  0|  12|           5|           2|
    |icmp_ln166_fu_3327_p2                      |      icmp|   0|  0|  39|          32|           1|
    |icmp_ln170_fu_3365_p2                      |      icmp|   0|  0|  39|          32|          32|
    |icmp_ln181_fu_3516_p2                      |      icmp|   0|  0|  39|          32|          32|
    |icmp_ln53_fu_3447_p2                       |      icmp|   0|  0|  31|          24|           1|
    |ap_block_pp0_stage0_01001_grp1             |        or|   0|  0|   2|           1|           1|
    |ap_block_pp0_stage0_11001                  |        or|   0|  0|   2|           1|           1|
    |ap_block_state1                            |        or|   0|  0|   2|           1|           1|
    |ap_block_state122_pp0_stage0_iter112_grp1  |        or|   0|  0|   2|           1|           1|
    |ap_block_state123_pp0_stage0_iter113_grp1  |        or|   0|  0|   2|           1|           1|
    |ap_block_state125                          |        or|   0|  0|   2|           1|           1|
    |ap_block_state126                          |        or|   0|  0|   2|           1|           1|
    |ap_block_state128                          |        or|   0|  0|   2|           1|           1|
    |ap_predicate_op877_write_state125          |        or|   0|  0|   2|           1|           1|
    |core_fu_3476_p3                            |    select|   0|  0|  15|           1|          12|
    |shl_ln166_fu_3316_p2                       |       shl|   0|  0|  92|           1|          32|
    |ap_enable_pp0                              |       xor|   0|  0|   2|           1|           2|
    |ap_enable_reg_pp0_iter1                    |       xor|   0|  0|   2|           2|           1|
    +-------------------------------------------+----------+----+---+----+------------+------------+
    |Total                                      |          |   0|  0| 896|         667|         466|
    +-------------------------------------------+----------+----+---+----+------------+------------+

    * Multiplexer: 
    +---------------------------------------+----+-----------+-----+-----------+
    |                  Name                 | LUT| Input Size| Bits| Total Bits|
    +---------------------------------------+----+-----------+-----+-----------+
    |I_PreSynCurr_1_address1                |  14|          3|   10|         30|
    |I_PreSynCurr_1_ce0                     |   9|          2|    1|          2|
    |I_PreSynCurr_1_ce1                     |  14|          3|    1|          3|
    |I_PreSynCurr_1_d1                      |  14|          3|   32|         96|
    |I_PreSynCurr_1_we1                     |  14|          3|    1|          3|
    |I_PreSynCurr_2_address1                |  14|          3|   10|         30|
    |I_PreSynCurr_2_ce0                     |   9|          2|    1|          2|
    |I_PreSynCurr_2_ce1                     |  14|          3|    1|          3|
    |I_PreSynCurr_2_d1                      |  14|          3|   32|         96|
    |I_PreSynCurr_2_we1                     |  14|          3|    1|          3|
    |I_PreSynCurr_3_address1                |  14|          3|   10|         30|
    |I_PreSynCurr_3_ce0                     |   9|          2|    1|          2|
    |I_PreSynCurr_3_ce1                     |  14|          3|    1|          3|
    |I_PreSynCurr_3_d1                      |  14|          3|   32|         96|
    |I_PreSynCurr_3_we1                     |  14|          3|    1|          3|
    |I_PreSynCurr_4_address1                |  14|          3|   10|         30|
    |I_PreSynCurr_4_ce0                     |   9|          2|    1|          2|
    |I_PreSynCurr_4_ce1                     |  14|          3|    1|          3|
    |I_PreSynCurr_4_d1                      |  14|          3|   32|         96|
    |I_PreSynCurr_4_we1                     |  14|          3|    1|          3|
    |I_PreSynCurr_5_address1                |  14|          3|   10|         30|
    |I_PreSynCurr_5_ce0                     |   9|          2|    1|          2|
    |I_PreSynCurr_5_ce1                     |  14|          3|    1|          3|
    |I_PreSynCurr_5_d1                      |  14|          3|   32|         96|
    |I_PreSynCurr_5_we1                     |  14|          3|    1|          3|
    |I_PreSynCurr_6_address1                |  14|          3|   10|         30|
    |I_PreSynCurr_6_ce0                     |   9|          2|    1|          2|
    |I_PreSynCurr_6_ce1                     |  14|          3|    1|          3|
    |I_PreSynCurr_6_d1                      |  14|          3|   32|         96|
    |I_PreSynCurr_6_we1                     |  14|          3|    1|          3|
    |I_PreSynCurr_7_address1                |  14|          3|   10|         30|
    |I_PreSynCurr_7_ce0                     |   9|          2|    1|          2|
    |I_PreSynCurr_7_ce1                     |  14|          3|    1|          3|
    |I_PreSynCurr_7_d1                      |  14|          3|   32|         96|
    |I_PreSynCurr_7_we1                     |  14|          3|    1|          3|
    |I_PreSynCurr_8_address1                |  14|          3|   10|         30|
    |I_PreSynCurr_8_ce0                     |   9|          2|    1|          2|
    |I_PreSynCurr_8_ce1                     |  14|          3|    1|          3|
    |I_PreSynCurr_8_d1                      |  14|          3|   32|         96|
    |I_PreSynCurr_8_we1                     |  14|          3|    1|          3|
    |I_PreSynCurr_address1                  |  14|          3|   10|         30|
    |I_PreSynCurr_ce0                       |   9|          2|    1|          2|
    |I_PreSynCurr_ce1                       |  14|          3|    1|          3|
    |I_PreSynCurr_d1                        |  14|          3|   32|         96|
    |I_PreSynCurr_we1                       |  14|          3|    1|          3|
    |I_bias_1_ce0                           |   9|          2|    1|          2|
    |I_bias_1_ce1                           |   9|          2|    1|          2|
    |I_bias_1_we1                           |   9|          2|    1|          2|
    |I_bias_2_ce0                           |   9|          2|    1|          2|
    |I_bias_2_ce1                           |   9|          2|    1|          2|
    |I_bias_2_we1                           |   9|          2|    1|          2|
    |I_bias_3_ce0                           |   9|          2|    1|          2|
    |I_bias_3_ce1                           |   9|          2|    1|          2|
    |I_bias_3_we1                           |   9|          2|    1|          2|
    |I_bias_4_ce0                           |   9|          2|    1|          2|
    |I_bias_4_ce1                           |   9|          2|    1|          2|
    |I_bias_4_we1                           |   9|          2|    1|          2|
    |I_bias_5_ce0                           |   9|          2|    1|          2|
    |I_bias_5_ce1                           |   9|          2|    1|          2|
    |I_bias_5_we1                           |   9|          2|    1|          2|
    |I_bias_6_ce0                           |   9|          2|    1|          2|
    |I_bias_6_ce1                           |   9|          2|    1|          2|
    |I_bias_6_we1                           |   9|          2|    1|          2|
    |I_bias_7_ce0                           |   9|          2|    1|          2|
    |I_bias_7_ce1                           |   9|          2|    1|          2|
    |I_bias_7_we1                           |   9|          2|    1|          2|
    |I_bias_8_ce0                           |   9|          2|    1|          2|
    |I_bias_8_ce1                           |   9|          2|    1|          2|
    |I_bias_8_we1                           |   9|          2|    1|          2|
    |I_bias_ce0                             |   9|          2|    1|          2|
    |I_bias_ce1                             |   9|          2|    1|          2|
    |I_bias_we1                             |   9|          2|    1|          2|
    |R_RefCnt_1_address1                    |  14|          3|   10|         30|
    |R_RefCnt_1_ce0                         |   9|          2|    1|          2|
    |R_RefCnt_1_ce1                         |  14|          3|    1|          3|
    |R_RefCnt_1_d1                          |  14|          3|   16|         48|
    |R_RefCnt_1_we1                         |  14|          3|    1|          3|
    |R_RefCnt_2_address1                    |  14|          3|   10|         30|
    |R_RefCnt_2_ce0                         |   9|          2|    1|          2|
    |R_RefCnt_2_ce1                         |  14|          3|    1|          3|
    |R_RefCnt_2_d1                          |  14|          3|   16|         48|
    |R_RefCnt_2_we1                         |  14|          3|    1|          3|
    |R_RefCnt_3_address1                    |  14|          3|   10|         30|
    |R_RefCnt_3_ce0                         |   9|          2|    1|          2|
    |R_RefCnt_3_ce1                         |  14|          3|    1|          3|
    |R_RefCnt_3_d1                          |  14|          3|   16|         48|
    |R_RefCnt_3_we1                         |  14|          3|    1|          3|
    |R_RefCnt_4_address1                    |  14|          3|   10|         30|
    |R_RefCnt_4_ce0                         |   9|          2|    1|          2|
    |R_RefCnt_4_ce1                         |  14|          3|    1|          3|
    |R_RefCnt_4_d1                          |  14|          3|   16|         48|
    |R_RefCnt_4_we1                         |  14|          3|    1|          3|
    |R_RefCnt_5_address1                    |  14|          3|   10|         30|
    |R_RefCnt_5_ce0                         |   9|          2|    1|          2|
    |R_RefCnt_5_ce1                         |  14|          3|    1|          3|
    |R_RefCnt_5_d1                          |  14|          3|   16|         48|
    |R_RefCnt_5_we1                         |  14|          3|    1|          3|
    |R_RefCnt_6_address1                    |  14|          3|   10|         30|
    |R_RefCnt_6_ce0                         |   9|          2|    1|          2|
    |R_RefCnt_6_ce1                         |  14|          3|    1|          3|
    |R_RefCnt_6_d1                          |  14|          3|   16|         48|
    |R_RefCnt_6_we1                         |  14|          3|    1|          3|
    |R_RefCnt_7_address1                    |  14|          3|   10|         30|
    |R_RefCnt_7_ce0                         |   9|          2|    1|          2|
    |R_RefCnt_7_ce1                         |  14|          3|    1|          3|
    |R_RefCnt_7_d1                          |  14|          3|   16|         48|
    |R_RefCnt_7_we1                         |  14|          3|    1|          3|
    |R_RefCnt_8_address1                    |  14|          3|   10|         30|
    |R_RefCnt_8_ce0                         |   9|          2|    1|          2|
    |R_RefCnt_8_ce1                         |  14|          3|    1|          3|
    |R_RefCnt_8_d1                          |  14|          3|   16|         48|
    |R_RefCnt_8_we1                         |  14|          3|    1|          3|
    |R_RefCnt_address1                      |  14|          3|   10|         30|
    |R_RefCnt_ce0                           |   9|          2|    1|          2|
    |R_RefCnt_ce1                           |  14|          3|    1|          3|
    |R_RefCnt_d1                            |  14|          3|   16|         48|
    |R_RefCnt_we1                           |  14|          3|    1|          3|
    |SpikeInWeight_TREADY_int_regslice      |  14|          3|    1|          3|
    |SynapseSize_ce1                        |   9|          2|    1|          2|
    |SynapseSize_we1                        |   9|          2|    1|          2|
    |SynapseStreamLeft_TDATA_blk_n          |   9|          2|    1|          2|
    |SynapseStreamLeft_TDATA_int_regslice   |  14|          3|  256|        768|
    |SynapseStreamRight_TDATA_blk_n         |   9|          2|    1|          2|
    |SynapseStreamRight_TDATA_int_regslice  |  20|          4|  256|       1024|
    |U_membPot_1_address1                   |  14|          3|   10|         30|
    |U_membPot_1_ce0                        |   9|          2|    1|          2|
    |U_membPot_1_ce1                        |  14|          3|    1|          3|
    |U_membPot_1_d1                         |  14|          3|   32|         96|
    |U_membPot_1_we1                        |  14|          3|    1|          3|
    |U_membPot_2_address1                   |  14|          3|   10|         30|
    |U_membPot_2_ce0                        |   9|          2|    1|          2|
    |U_membPot_2_ce1                        |  14|          3|    1|          3|
    |U_membPot_2_d1                         |  14|          3|   32|         96|
    |U_membPot_2_we1                        |  14|          3|    1|          3|
    |U_membPot_3_address1                   |  14|          3|   10|         30|
    |U_membPot_3_ce0                        |   9|          2|    1|          2|
    |U_membPot_3_ce1                        |  14|          3|    1|          3|
    |U_membPot_3_d1                         |  14|          3|   32|         96|
    |U_membPot_3_we1                        |  14|          3|    1|          3|
    |U_membPot_4_address1                   |  14|          3|   10|         30|
    |U_membPot_4_ce0                        |   9|          2|    1|          2|
    |U_membPot_4_ce1                        |  14|          3|    1|          3|
    |U_membPot_4_d1                         |  14|          3|   32|         96|
    |U_membPot_4_we1                        |  14|          3|    1|          3|
    |U_membPot_5_address1                   |  14|          3|   10|         30|
    |U_membPot_5_ce0                        |   9|          2|    1|          2|
    |U_membPot_5_ce1                        |  14|          3|    1|          3|
    |U_membPot_5_d1                         |  14|          3|   32|         96|
    |U_membPot_5_we1                        |  14|          3|    1|          3|
    |U_membPot_6_address1                   |  14|          3|   10|         30|
    |U_membPot_6_ce0                        |   9|          2|    1|          2|
    |U_membPot_6_ce1                        |  14|          3|    1|          3|
    |U_membPot_6_d1                         |  14|          3|   32|         96|
    |U_membPot_6_we1                        |  14|          3|    1|          3|
    |U_membPot_7_address1                   |  14|          3|   10|         30|
    |U_membPot_7_ce0                        |   9|          2|    1|          2|
    |U_membPot_7_ce1                        |  14|          3|    1|          3|
    |U_membPot_7_d1                         |  14|          3|   32|         96|
    |U_membPot_7_we1                        |  14|          3|    1|          3|
    |U_membPot_8_address1                   |  14|          3|   10|         30|
    |U_membPot_8_ce0                        |   9|          2|    1|          2|
    |U_membPot_8_ce1                        |  14|          3|    1|          3|
    |U_membPot_8_d1                         |  14|          3|   32|         96|
    |U_membPot_8_we1                        |  14|          3|    1|          3|
    |U_membPot_address1                     |  14|          3|   10|         30|
    |U_membPot_ce0                          |   9|          2|    1|          2|
    |U_membPot_ce1                          |  14|          3|    1|          3|
    |U_membPot_d1                           |  14|          3|   32|         96|
    |U_membPot_we1                          |  14|          3|    1|          3|
    |ap_NS_fsm                              |  65|         16|    1|         16|
    |ap_done                                |   9|          2|    1|          2|
    |ap_enable_reg_pp0_iter1                |   9|          2|    1|          2|
    |ap_enable_reg_pp0_iter113              |   9|          2|    1|          2|
    |gmem_syn_0_ARADDR                      |  14|          3|   64|        192|
    |gmem_syn_0_ARLEN                       |  14|          3|   32|         96|
    |gmem_syn_0_ARVALID                     |  14|          3|    1|          3|
    |gmem_syn_0_AWVALID                     |   9|          2|    1|          2|
    |gmem_syn_0_BREADY                      |   9|          2|    1|          2|
    |gmem_syn_0_RREADY                      |  14|          3|    1|          3|
    |gmem_syn_0_WVALID                      |   9|          2|    1|          2|
    |gmem_syn_blk_n_AR                      |   9|          2|    1|          2|
    |gmem_syn_blk_n_R                       |   9|          2|    1|          2|
    |grp_fu_5352_ce                         |  14|          3|    1|          3|
    |grp_fu_5352_p0                         |  14|          3|   32|         96|
    |grp_fu_5352_p1                         |  14|          3|   32|         96|
    |i_424_reg_1625                         |   9|          2|    8|         16|
    |j23_reg_1637                           |   9|          2|    5|         10|
    |k_reg_1649                             |   9|          2|   32|         64|
    |phi_mul32_reg_1613                     |   9|          2|   32|         64|
    |t_reg_1602                             |   9|          2|   32|         64|
    +---------------------------------------+----+-----------+-----+-----------+
    |Total                                  |2362|        513| 1896|       5782|
    +---------------------------------------+----+-----------+-----+-----------+

    * Register: 
    +-----------------------------------------------------------------------+-----+----+-----+-----------+
    |                                  Name                                 |  FF | LUT| Bits| Const Bits|
    +-----------------------------------------------------------------------+-----+----+-----+-----------+
    |E_L_read_reg_3548                                                      |   32|   0|   32|          0|
    |I_decay_read_reg_4641                                                  |   32|   0|   32|          0|
    |NeuronTotal_read_reg_3553                                              |   32|   0|   32|          0|
    |SimulationTime_read_reg_4651                                           |   32|   0|   32|          0|
    |SpikeRecorder_SynapseList_read_reg_3558                                |   64|   0|   64|          0|
    |V_decay_read_reg_4646                                                  |   32|   0|   32|          0|
    |V_reset_rel_read_reg_4621                                              |   32|   0|   32|          0|
    |V_th_rel_read_reg_4626                                                 |   32|   0|   32|          0|
    |add_ln115_reg_4694                                                     |   32|   0|   32|          0|
    |add_ln54_reg_5312                                                      |   25|   0|   25|          0|
    |add_ln_reg_5255                                                        |   13|   0|   13|          0|
    |ap_CS_fsm                                                              |   15|   0|   15|          0|
    |ap_done_reg                                                            |    1|   0|    1|          0|
    |ap_enable_reg_pp0_iter0                                                |    1|   0|    1|          0|
    |ap_enable_reg_pp0_iter1                                                |    1|   0|    1|          0|
    |ap_enable_reg_pp0_iter10                                               |    1|   0|    1|          0|
    |ap_enable_reg_pp0_iter100                                              |    1|   0|    1|          0|
    |ap_enable_reg_pp0_iter101                                              |    1|   0|    1|          0|
    |ap_enable_reg_pp0_iter102                                              |    1|   0|    1|          0|
    |ap_enable_reg_pp0_iter103                                              |    1|   0|    1|          0|
    |ap_enable_reg_pp0_iter104                                              |    1|   0|    1|          0|
    |ap_enable_reg_pp0_iter105                                              |    1|   0|    1|          0|
    |ap_enable_reg_pp0_iter106                                              |    1|   0|    1|          0|
    |ap_enable_reg_pp0_iter107                                              |    1|   0|    1|          0|
    |ap_enable_reg_pp0_iter108                                              |    1|   0|    1|          0|
    |ap_enable_reg_pp0_iter109                                              |    1|   0|    1|          0|
    |ap_enable_reg_pp0_iter11                                               |    1|   0|    1|          0|
    |ap_enable_reg_pp0_iter110                                              |    1|   0|    1|          0|
    |ap_enable_reg_pp0_iter111                                              |    1|   0|    1|          0|
    |ap_enable_reg_pp0_iter112                                              |    1|   0|    1|          0|
    |ap_enable_reg_pp0_iter113                                              |    1|   0|    1|          0|
    |ap_enable_reg_pp0_iter12                                               |    1|   0|    1|          0|
    |ap_enable_reg_pp0_iter13                                               |    1|   0|    1|          0|
    |ap_enable_reg_pp0_iter14                                               |    1|   0|    1|          0|
    |ap_enable_reg_pp0_iter15                                               |    1|   0|    1|          0|
    |ap_enable_reg_pp0_iter16                                               |    1|   0|    1|          0|
    |ap_enable_reg_pp0_iter17                                               |    1|   0|    1|          0|
    |ap_enable_reg_pp0_iter18                                               |    1|   0|    1|          0|
    |ap_enable_reg_pp0_iter19                                               |    1|   0|    1|          0|
    |ap_enable_reg_pp0_iter2                                                |    1|   0|    1|          0|
    |ap_enable_reg_pp0_iter20                                               |    1|   0|    1|          0|
    |ap_enable_reg_pp0_iter21                                               |    1|   0|    1|          0|
    |ap_enable_reg_pp0_iter22                                               |    1|   0|    1|          0|
    |ap_enable_reg_pp0_iter23                                               |    1|   0|    1|          0|
    |ap_enable_reg_pp0_iter24                                               |    1|   0|    1|          0|
    |ap_enable_reg_pp0_iter25                                               |    1|   0|    1|          0|
    |ap_enable_reg_pp0_iter26                                               |    1|   0|    1|          0|
    |ap_enable_reg_pp0_iter27                                               |    1|   0|    1|          0|
    |ap_enable_reg_pp0_iter28                                               |    1|   0|    1|          0|
    |ap_enable_reg_pp0_iter29                                               |    1|   0|    1|          0|
    |ap_enable_reg_pp0_iter3                                                |    1|   0|    1|          0|
    |ap_enable_reg_pp0_iter30                                               |    1|   0|    1|          0|
    |ap_enable_reg_pp0_iter31                                               |    1|   0|    1|          0|
    |ap_enable_reg_pp0_iter32                                               |    1|   0|    1|          0|
    |ap_enable_reg_pp0_iter33                                               |    1|   0|    1|          0|
    |ap_enable_reg_pp0_iter34                                               |    1|   0|    1|          0|
    |ap_enable_reg_pp0_iter35                                               |    1|   0|    1|          0|
    |ap_enable_reg_pp0_iter36                                               |    1|   0|    1|          0|
    |ap_enable_reg_pp0_iter37                                               |    1|   0|    1|          0|
    |ap_enable_reg_pp0_iter38                                               |    1|   0|    1|          0|
    |ap_enable_reg_pp0_iter39                                               |    1|   0|    1|          0|
    |ap_enable_reg_pp0_iter4                                                |    1|   0|    1|          0|
    |ap_enable_reg_pp0_iter40                                               |    1|   0|    1|          0|
    |ap_enable_reg_pp0_iter41                                               |    1|   0|    1|          0|
    |ap_enable_reg_pp0_iter42                                               |    1|   0|    1|          0|
    |ap_enable_reg_pp0_iter43                                               |    1|   0|    1|          0|
    |ap_enable_reg_pp0_iter44                                               |    1|   0|    1|          0|
    |ap_enable_reg_pp0_iter45                                               |    1|   0|    1|          0|
    |ap_enable_reg_pp0_iter46                                               |    1|   0|    1|          0|
    |ap_enable_reg_pp0_iter47                                               |    1|   0|    1|          0|
    |ap_enable_reg_pp0_iter48                                               |    1|   0|    1|          0|
    |ap_enable_reg_pp0_iter49                                               |    1|   0|    1|          0|
    |ap_enable_reg_pp0_iter5                                                |    1|   0|    1|          0|
    |ap_enable_reg_pp0_iter50                                               |    1|   0|    1|          0|
    |ap_enable_reg_pp0_iter51                                               |    1|   0|    1|          0|
    |ap_enable_reg_pp0_iter52                                               |    1|   0|    1|          0|
    |ap_enable_reg_pp0_iter53                                               |    1|   0|    1|          0|
    |ap_enable_reg_pp0_iter54                                               |    1|   0|    1|          0|
    |ap_enable_reg_pp0_iter55                                               |    1|   0|    1|          0|
    |ap_enable_reg_pp0_iter56                                               |    1|   0|    1|          0|
    |ap_enable_reg_pp0_iter57                                               |    1|   0|    1|          0|
    |ap_enable_reg_pp0_iter58                                               |    1|   0|    1|          0|
    |ap_enable_reg_pp0_iter59                                               |    1|   0|    1|          0|
    |ap_enable_reg_pp0_iter6                                                |    1|   0|    1|          0|
    |ap_enable_reg_pp0_iter60                                               |    1|   0|    1|          0|
    |ap_enable_reg_pp0_iter61                                               |    1|   0|    1|          0|
    |ap_enable_reg_pp0_iter62                                               |    1|   0|    1|          0|
    |ap_enable_reg_pp0_iter63                                               |    1|   0|    1|          0|
    |ap_enable_reg_pp0_iter64                                               |    1|   0|    1|          0|
    |ap_enable_reg_pp0_iter65                                               |    1|   0|    1|          0|
    |ap_enable_reg_pp0_iter66                                               |    1|   0|    1|          0|
    |ap_enable_reg_pp0_iter67                                               |    1|   0|    1|          0|
    |ap_enable_reg_pp0_iter68                                               |    1|   0|    1|          0|
    |ap_enable_reg_pp0_iter69                                               |    1|   0|    1|          0|
    |ap_enable_reg_pp0_iter7                                                |    1|   0|    1|          0|
    |ap_enable_reg_pp0_iter70                                               |    1|   0|    1|          0|
    |ap_enable_reg_pp0_iter71                                               |    1|   0|    1|          0|
    |ap_enable_reg_pp0_iter72                                               |    1|   0|    1|          0|
    |ap_enable_reg_pp0_iter73                                               |    1|   0|    1|          0|
    |ap_enable_reg_pp0_iter74                                               |    1|   0|    1|          0|
    |ap_enable_reg_pp0_iter75                                               |    1|   0|    1|          0|
    |ap_enable_reg_pp0_iter76                                               |    1|   0|    1|          0|
    |ap_enable_reg_pp0_iter77                                               |    1|   0|    1|          0|
    |ap_enable_reg_pp0_iter78                                               |    1|   0|    1|          0|
    |ap_enable_reg_pp0_iter79                                               |    1|   0|    1|          0|
    |ap_enable_reg_pp0_iter8                                                |    1|   0|    1|          0|
    |ap_enable_reg_pp0_iter80                                               |    1|   0|    1|          0|
    |ap_enable_reg_pp0_iter81                                               |    1|   0|    1|          0|
    |ap_enable_reg_pp0_iter82                                               |    1|   0|    1|          0|
    |ap_enable_reg_pp0_iter83                                               |    1|   0|    1|          0|
    |ap_enable_reg_pp0_iter84                                               |    1|   0|    1|          0|
    |ap_enable_reg_pp0_iter85                                               |    1|   0|    1|          0|
    |ap_enable_reg_pp0_iter86                                               |    1|   0|    1|          0|
    |ap_enable_reg_pp0_iter87                                               |    1|   0|    1|          0|
    |ap_enable_reg_pp0_iter88                                               |    1|   0|    1|          0|
    |ap_enable_reg_pp0_iter89                                               |    1|   0|    1|          0|
    |ap_enable_reg_pp0_iter9                                                |    1|   0|    1|          0|
    |ap_enable_reg_pp0_iter90                                               |    1|   0|    1|          0|
    |ap_enable_reg_pp0_iter91                                               |    1|   0|    1|          0|
    |ap_enable_reg_pp0_iter92                                               |    1|   0|    1|          0|
    |ap_enable_reg_pp0_iter93                                               |    1|   0|    1|          0|
    |ap_enable_reg_pp0_iter94                                               |    1|   0|    1|          0|
    |ap_enable_reg_pp0_iter95                                               |    1|   0|    1|          0|
    |ap_enable_reg_pp0_iter96                                               |    1|   0|    1|          0|
    |ap_enable_reg_pp0_iter97                                               |    1|   0|    1|          0|
    |ap_enable_reg_pp0_iter98                                               |    1|   0|    1|          0|
    |ap_enable_reg_pp0_iter99                                               |    1|   0|    1|          0|
    |ap_rst_n_inv                                                           |    1|   0|    1|          0|
    |ap_rst_reg_1                                                           |    1|   0|    1|          0|
    |ap_rst_reg_2                                                           |    1|   0|    1|          0|
    |bias_to_vm_read_reg_4631                                               |   32|   0|   32|          0|
    |cmp233_reg_4680                                                        |    1|   0|    1|          0|
    |current_synapse_count_reg_5265                                         |   32|   0|   32|          0|
    |empty_418_reg_4661                                                     |   32|   0|   32|          0|
    |empty_419_reg_4667                                                     |   32|   0|   32|          0|
    |empty_420_reg_4675                                                     |   22|   0|   22|          0|
    |empty_reg_4656                                                         |   16|   0|   16|          0|
    |grp_NeuroRing_Pipeline_VITIS_LOOP_224_6_fu_1977_ap_start_reg           |    1|   0|    1|          0|
    |grp_NeuroRing_Pipeline_VITIS_LOOP_94_1_fu_1660_ap_start_reg            |    1|   0|    1|          0|
    |grp_NeuroRing_Pipeline_update_membrane_potential_fu_1746_ap_start_reg  |    1|   0|    1|          0|
    |grp_NeuroRing_Pipeline_write_spike_status_fu_1989_ap_start_reg         |    1|   0|    1|          0|
    |i_424_reg_1625                                                         |    8|   0|    8|          0|
    |i_reg_5241                                                             |    8|   0|    8|          0|
    |icmp_ln115_reg_4690                                                    |    1|   0|    1|          0|
    |icmp_ln164_reg_5237                                                    |    1|   0|    1|          0|
    |icmp_ln166_reg_5246                                                    |    1|   0|    1|          0|
    |icmp_ln181_reg_5337                                                    |    1|   0|    1|          0|
    |icmp_ln181_reg_5337_pp0_iter112_reg                                    |    1|   0|    1|          0|
    |icmp_ln53_reg_5307                                                     |    1|   0|    1|          0|
    |j23_reg_1637                                                           |    5|   0|    5|          0|
    |j_reg_5250                                                             |    5|   0|    5|          0|
    |k_reg_1649                                                             |   32|   0|   32|          0|
    |next_mul33_reg_4699                                                    |   32|   0|   32|          0|
    |phi_mul32_reg_1613                                                     |   32|   0|   32|          0|
    |syn_to_vm_read_reg_4636                                                |   32|   0|   32|          0|
    |sync_packet_data_cast_cast_cast_cast_reg_4684                          |   22|   0|  256|        234|
    |t_reg_1602                                                             |   32|   0|   32|          0|
    |tmp_48_reg_5301                                                        |   24|   0|   24|          0|
    |tmp_reg_5232                                                           |   32|   0|   32|          0|
    |trunc_ln6_reg_5279                                                     |   59|   0|   59|          0|
    |udiv_ln54_cast_cast_reg_5322                                           |   15|   0|   15|          0|
    |val_temp_reg_5295                                                      |  256|   0|  256|          0|
    |zext_ln170_reg_5270                                                    |   27|   0|   32|          5|
    |icmp_ln53_reg_5307                                                     |   64|  32|    1|          0|
    |val_temp_reg_5295                                                      |   64|  32|  256|          0|
    +-----------------------------------------------------------------------+-----+----+-----+-----------+
    |Total                                                                  | 1417|  64| 1785|        239|
    +-----------------------------------------------------------------------+-----+----+-----+-----------+



================================================================
== Interface
================================================================
* Summary: 
+---------------------------+-----+-----+---------------+-----------------------------+--------------+
|         RTL Ports         | Dir | Bits|    Protocol   |        Source Object        |    C Type    |
+---------------------------+-----+-----+---------------+-----------------------------+--------------+
|s_axi_control_AWVALID      |   in|    1|          s_axi|                      control|        scalar|
|s_axi_control_AWREADY      |  out|    1|          s_axi|                      control|        scalar|
|s_axi_control_AWADDR       |   in|    8|          s_axi|                      control|        scalar|
|s_axi_control_WVALID       |   in|    1|          s_axi|                      control|        scalar|
|s_axi_control_WREADY       |  out|    1|          s_axi|                      control|        scalar|
|s_axi_control_WDATA        |   in|   32|          s_axi|                      control|        scalar|
|s_axi_control_WSTRB        |   in|    4|          s_axi|                      control|        scalar|
|s_axi_control_ARVALID      |   in|    1|          s_axi|                      control|        scalar|
|s_axi_control_ARREADY      |  out|    1|          s_axi|                      control|        scalar|
|s_axi_control_ARADDR       |   in|    8|          s_axi|                      control|        scalar|
|s_axi_control_RVALID       |  out|    1|          s_axi|                      control|        scalar|
|s_axi_control_RREADY       |   in|    1|          s_axi|                      control|        scalar|
|s_axi_control_RDATA        |  out|   32|          s_axi|                      control|        scalar|
|s_axi_control_RRESP        |  out|    2|          s_axi|                      control|        scalar|
|s_axi_control_BVALID       |  out|    1|          s_axi|                      control|        scalar|
|s_axi_control_BREADY       |   in|    1|          s_axi|                      control|        scalar|
|s_axi_control_BRESP        |  out|    2|          s_axi|                      control|        scalar|
|ap_clk                     |   in|    1|  ap_ctrl_chain|                    NeuroRing|  return value|
|ap_rst_n                   |   in|    1|  ap_ctrl_chain|                    NeuroRing|  return value|
|interrupt                  |  out|    1|  ap_ctrl_chain|                    NeuroRing|  return value|
|m_axi_gmem_syn_AWVALID     |  out|    1|          m_axi|                     gmem_syn|       pointer|
|m_axi_gmem_syn_AWREADY     |   in|    1|          m_axi|                     gmem_syn|       pointer|
|m_axi_gmem_syn_AWADDR      |  out|   64|          m_axi|                     gmem_syn|       pointer|
|m_axi_gmem_syn_AWID        |  out|    1|          m_axi|                     gmem_syn|       pointer|
|m_axi_gmem_syn_AWLEN       |  out|    8|          m_axi|                     gmem_syn|       pointer|
|m_axi_gmem_syn_AWSIZE      |  out|    3|          m_axi|                     gmem_syn|       pointer|
|m_axi_gmem_syn_AWBURST     |  out|    2|          m_axi|                     gmem_syn|       pointer|
|m_axi_gmem_syn_AWLOCK      |  out|    2|          m_axi|                     gmem_syn|       pointer|
|m_axi_gmem_syn_AWCACHE     |  out|    4|          m_axi|                     gmem_syn|       pointer|
|m_axi_gmem_syn_AWPROT      |  out|    3|          m_axi|                     gmem_syn|       pointer|
|m_axi_gmem_syn_AWQOS       |  out|    4|          m_axi|                     gmem_syn|       pointer|
|m_axi_gmem_syn_AWREGION    |  out|    4|          m_axi|                     gmem_syn|       pointer|
|m_axi_gmem_syn_AWUSER      |  out|    1|          m_axi|                     gmem_syn|       pointer|
|m_axi_gmem_syn_WVALID      |  out|    1|          m_axi|                     gmem_syn|       pointer|
|m_axi_gmem_syn_WREADY      |   in|    1|          m_axi|                     gmem_syn|       pointer|
|m_axi_gmem_syn_WDATA       |  out|  256|          m_axi|                     gmem_syn|       pointer|
|m_axi_gmem_syn_WSTRB       |  out|   32|          m_axi|                     gmem_syn|       pointer|
|m_axi_gmem_syn_WLAST       |  out|    1|          m_axi|                     gmem_syn|       pointer|
|m_axi_gmem_syn_WID         |  out|    1|          m_axi|                     gmem_syn|       pointer|
|m_axi_gmem_syn_WUSER       |  out|    1|          m_axi|                     gmem_syn|       pointer|
|m_axi_gmem_syn_ARVALID     |  out|    1|          m_axi|                     gmem_syn|       pointer|
|m_axi_gmem_syn_ARREADY     |   in|    1|          m_axi|                     gmem_syn|       pointer|
|m_axi_gmem_syn_ARADDR      |  out|   64|          m_axi|                     gmem_syn|       pointer|
|m_axi_gmem_syn_ARID        |  out|    1|          m_axi|                     gmem_syn|       pointer|
|m_axi_gmem_syn_ARLEN       |  out|    8|          m_axi|                     gmem_syn|       pointer|
|m_axi_gmem_syn_ARSIZE      |  out|    3|          m_axi|                     gmem_syn|       pointer|
|m_axi_gmem_syn_ARBURST     |  out|    2|          m_axi|                     gmem_syn|       pointer|
|m_axi_gmem_syn_ARLOCK      |  out|    2|          m_axi|                     gmem_syn|       pointer|
|m_axi_gmem_syn_ARCACHE     |  out|    4|          m_axi|                     gmem_syn|       pointer|
|m_axi_gmem_syn_ARPROT      |  out|    3|          m_axi|                     gmem_syn|       pointer|
|m_axi_gmem_syn_ARQOS       |  out|    4|          m_axi|                     gmem_syn|       pointer|
|m_axi_gmem_syn_ARREGION    |  out|    4|          m_axi|                     gmem_syn|       pointer|
|m_axi_gmem_syn_ARUSER      |  out|    1|          m_axi|                     gmem_syn|       pointer|
|m_axi_gmem_syn_RVALID      |   in|    1|          m_axi|                     gmem_syn|       pointer|
|m_axi_gmem_syn_RREADY      |  out|    1|          m_axi|                     gmem_syn|       pointer|
|m_axi_gmem_syn_RDATA       |   in|  256|          m_axi|                     gmem_syn|       pointer|
|m_axi_gmem_syn_RLAST       |   in|    1|          m_axi|                     gmem_syn|       pointer|
|m_axi_gmem_syn_RID         |   in|    1|          m_axi|                     gmem_syn|       pointer|
|m_axi_gmem_syn_RUSER       |   in|    1|          m_axi|                     gmem_syn|       pointer|
|m_axi_gmem_syn_RRESP       |   in|    2|          m_axi|                     gmem_syn|       pointer|
|m_axi_gmem_syn_BVALID      |   in|    1|          m_axi|                     gmem_syn|       pointer|
|m_axi_gmem_syn_BREADY      |  out|    1|          m_axi|                     gmem_syn|       pointer|
|m_axi_gmem_syn_BRESP       |   in|    2|          m_axi|                     gmem_syn|       pointer|
|m_axi_gmem_syn_BID         |   in|    1|          m_axi|                     gmem_syn|       pointer|
|m_axi_gmem_syn_BUSER       |   in|    1|          m_axi|                     gmem_syn|       pointer|
|SpikeInWeight_TDATA        |   in|  256|           axis|       SpikeInWeight_V_data_V|       pointer|
|SpikeInWeight_TVALID       |   in|    1|           axis|       SpikeInWeight_V_last_V|       pointer|
|SpikeInWeight_TREADY       |  out|    1|           axis|       SpikeInWeight_V_last_V|       pointer|
|SpikeInWeight_TLAST        |   in|    1|           axis|       SpikeInWeight_V_last_V|       pointer|
|SpikeInWeight_TKEEP        |   in|   32|           axis|       SpikeInWeight_V_keep_V|       pointer|
|SpikeInWeight_TSTRB        |   in|   32|           axis|       SpikeInWeight_V_strb_V|       pointer|
|SynapseStreamRight_TDATA   |  out|  256|           axis|  SynapseStreamRight_V_data_V|       pointer|
|SynapseStreamRight_TVALID  |  out|    1|           axis|  SynapseStreamRight_V_last_V|       pointer|
|SynapseStreamRight_TREADY  |   in|    1|           axis|  SynapseStreamRight_V_last_V|       pointer|
|SynapseStreamRight_TLAST   |  out|    1|           axis|  SynapseStreamRight_V_last_V|       pointer|
|SynapseStreamRight_TKEEP   |  out|   32|           axis|  SynapseStreamRight_V_keep_V|       pointer|
|SynapseStreamRight_TSTRB   |  out|   32|           axis|  SynapseStreamRight_V_strb_V|       pointer|
|SynapseStreamLeft_TDATA    |  out|  256|           axis|   SynapseStreamLeft_V_data_V|       pointer|
|SynapseStreamLeft_TVALID   |  out|    1|           axis|   SynapseStreamLeft_V_last_V|       pointer|
|SynapseStreamLeft_TREADY   |   in|    1|           axis|   SynapseStreamLeft_V_last_V|       pointer|
|SynapseStreamLeft_TLAST    |  out|    1|           axis|   SynapseStreamLeft_V_last_V|       pointer|
|SynapseStreamLeft_TKEEP    |  out|   32|           axis|   SynapseStreamLeft_V_keep_V|       pointer|
|SynapseStreamLeft_TSTRB    |  out|   32|           axis|   SynapseStreamLeft_V_strb_V|       pointer|
+---------------------------+-----+-----+---------------+-----------------------------+--------------+

