INFO: [v++ 60-1306] Additional information associated with this v++ link can be found at:
	Reports: /home/miahafiz/NeuroRing_a_2048/_x.hw.NUM_2048.CORE_10.FREQ_300/reports/link
	Log files: /home/miahafiz/NeuroRing_a_2048/_x.hw.NUM_2048.CORE_10.FREQ_300/logs/link
INFO: [v++ 60-1548] Creating build summary session with primary output /home/miahafiz/NeuroRing_a_2048/_build_dir.hw.NUM_2048.CORE_10.FREQ_300/krnl_neuroring_hw.xclbin.link_summary, at Fri Feb 27 12:45:08 2026
INFO: [v++ 60-1315] Creating rulecheck session with output '/home/miahafiz/NeuroRing_a_2048/_x.hw.NUM_2048.CORE_10.FREQ_300/reports/link/v++_link_krnl_neuroring_hw_guidance.html', at Fri Feb 27 12:45:08 2026
INFO: [v++ 60-895]   Target platform: /opt/xilinx/platforms/xilinx_u55c_gen3x16_xdma_3_202210_1/xilinx_u55c_gen3x16_xdma_3_202210_1.xpfm
INFO: [v++ 60-1578]   This platform contains Xilinx Shell Archive '/opt/xilinx/platforms/xilinx_u55c_gen3x16_xdma_3_202210_1/hw/hw.xsa'
INFO: [v++ 74-78] Compiler Version string: 2025.1
INFO: [v++ 60-1302] Platform 'xilinx_u55c_gen3x16_xdma_3_202210_1.xpfm' has been explicitly enabled for this release.
INFO: [v++ 60-629] Linking for hardware target
INFO: [v++ 60-423]   Target device: xilinx_u55c_gen3x16_xdma_3_202210_1
WARNING: [v++ 60-889] User-specified kernel frequency for ID 0 is the same as the default frequency 300 MHz, so it will be ignored
INFO: [v++ 60-1332] Run 'run_link' status: Not started
INFO: [v++ 60-1443] [12:45:19] Run run_link: Step system_link: Started
INFO: [v++ 60-1453] Command Line: system_link --xo /home/miahafiz/NeuroRing_a_2048/_x.hw.NUM_2048.CORE_10.FREQ_300/krnl_neuroring.xo --xo /home/miahafiz/NeuroRing_a_2048/_x.hw.NUM_2048.CORE_10.FREQ_300/krnl_synapserouter.xo --xo /home/miahafiz/NeuroRing_a_2048/_x.hw.NUM_2048.CORE_10.FREQ_300/krnl_aurora.xo -keep --config /home/miahafiz/NeuroRing_a_2048/_x.hw.NUM_2048.CORE_10.FREQ_300/link/int/syslinkConfig.ini --xpfm /opt/xilinx/platforms/xilinx_u55c_gen3x16_xdma_3_202210_1/xilinx_u55c_gen3x16_xdma_3_202210_1.xpfm --target hw --output_dir /home/miahafiz/NeuroRing_a_2048/_x.hw.NUM_2048.CORE_10.FREQ_300/link/int --temp_dir /home/miahafiz/NeuroRing_a_2048/_x.hw.NUM_2048.CORE_10.FREQ_300/link/sys_link
INFO: [v++ 60-1454] Run Directory: /home/miahafiz/NeuroRing_a_2048/_x.hw.NUM_2048.CORE_10.FREQ_300/link/run_link
INFO: [SYSTEM_LINK 82-70] Extracting xo v3 file /home/miahafiz/NeuroRing_a_2048/_x.hw.NUM_2048.CORE_10.FREQ_300/krnl_neuroring.xo
INFO: [SYSTEM_LINK 82-70] Extracting xo v3 file /home/miahafiz/NeuroRing_a_2048/_x.hw.NUM_2048.CORE_10.FREQ_300/krnl_synapserouter.xo
INFO: [SYSTEM_LINK 82-70] Extracting xo v3 file /home/miahafiz/NeuroRing_a_2048/_x.hw.NUM_2048.CORE_10.FREQ_300/krnl_aurora.xo
INFO: [SYSTEM_LINK 82-53] Creating IP database /home/miahafiz/NeuroRing_a_2048/_x.hw.NUM_2048.CORE_10.FREQ_300/link/sys_link/_sysl/.cdb/xd_ip_db.xml
INFO: [SYSTEM_LINK 82-38] [12:45:29] build_xd_ip_db started: /opt/xilinx/2025.1/Vitis/bin/build_xd_ip_db -ip_search 0  -sds-pf /home/miahafiz/NeuroRing_a_2048/_x.hw.NUM_2048.CORE_10.FREQ_300/link/sys_link/hw.hpfm -clkid 0 -ip /home/miahafiz/NeuroRing_a_2048/_x.hw.NUM_2048.CORE_10.FREQ_300/link/sys_link/iprepo/xilinx_com_hls_NeuroRing_1_0,NeuroRing -ip /home/miahafiz/NeuroRing_a_2048/_x.hw.NUM_2048.CORE_10.FREQ_300/link/sys_link/iprepo/xilinx_com_hls_SynapseRouter_1_0,SynapseRouter -ip /home/miahafiz/NeuroRing_a_2048/_x.hw.NUM_2048.CORE_10.FREQ_300/link/sys_link/iprepo/xilinx_com_user_krnl_aurora_1_0,krnl_aurora -o /home/miahafiz/NeuroRing_a_2048/_x.hw.NUM_2048.CORE_10.FREQ_300/link/sys_link/_sysl/.cdb/xd_ip_db.xml
INFO: [SYSTEM_LINK 82-37] [12:45:31] build_xd_ip_db finished successfully
Time (s): cpu = 00:00:00.75 ; elapsed = 00:00:01 . Memory (MB): peak = 498.840 ; gain = 0.000 ; free physical = 54441 ; free virtual = 114248
INFO: [SYSTEM_LINK 82-51] Create system connectivity graph
INFO: [SYSTEM_LINK 82-102] Applying explicit connections to the system connectivity graph: /home/miahafiz/NeuroRing_a_2048/_x.hw.NUM_2048.CORE_10.FREQ_300/link/sys_link/cfgraph/cfgen_cfgraph.xml
INFO: [SYSTEM_LINK 82-38] [12:45:31] cfgen started: /opt/xilinx/2025.1/Vitis/bin/cfgen  -nk NeuroRing:10:NeuroRing_0,NeuroRing_1,NeuroRing_2,NeuroRing_3,NeuroRing_4,NeuroRing_5,NeuroRing_6,NeuroRing_7,NeuroRing_8,NeuroRing_9 -nk SynapseRouter:10:SynapseRouter_0,SynapseRouter_1,SynapseRouter_2,SynapseRouter_3,SynapseRouter_4,SynapseRouter_5,SynapseRouter_6,SynapseRouter_7,SynapseRouter_8,SynapseRouter_9 -nk krnl_aurora:2:krnl_aurora_0,krnl_aurora_1 -sc NeuroRing_0.SynapseStreamRight:SynapseRouter_0.synapse_stream_right:256 -sc NeuroRing_1.SynapseStreamRight:SynapseRouter_1.synapse_stream_right:256 -sc NeuroRing_2.SynapseStreamRight:SynapseRouter_2.synapse_stream_right:256 -sc NeuroRing_3.SynapseStreamRight:SynapseRouter_3.synapse_stream_right:256 -sc NeuroRing_4.SynapseStreamRight:SynapseRouter_4.synapse_stream_right:256 -sc NeuroRing_5.SynapseStreamRight:SynapseRouter_5.synapse_stream_right:256 -sc NeuroRing_6.SynapseStreamRight:SynapseRouter_6.synapse_stream_right:256 -sc NeuroRing_7.SynapseStreamRight:SynapseRouter_7.synapse_stream_right:256 -sc NeuroRing_8.SynapseStreamRight:SynapseRouter_8.synapse_stream_right:256 -sc NeuroRing_9.SynapseStreamRight:SynapseRouter_9.synapse_stream_right:256 -sc NeuroRing_0.SynapseStreamLeft:SynapseRouter_0.synapse_stream_left:256 -sc NeuroRing_1.SynapseStreamLeft:SynapseRouter_1.synapse_stream_left:256 -sc NeuroRing_2.SynapseStreamLeft:SynapseRouter_2.synapse_stream_left:256 -sc NeuroRing_3.SynapseStreamLeft:SynapseRouter_3.synapse_stream_left:256 -sc NeuroRing_4.SynapseStreamLeft:SynapseRouter_4.synapse_stream_left:256 -sc NeuroRing_5.SynapseStreamLeft:SynapseRouter_5.synapse_stream_left:256 -sc NeuroRing_6.SynapseStreamLeft:SynapseRouter_6.synapse_stream_left:256 -sc NeuroRing_7.SynapseStreamLeft:SynapseRouter_7.synapse_stream_left:256 -sc NeuroRing_8.SynapseStreamLeft:SynapseRouter_8.synapse_stream_left:256 -sc NeuroRing_9.SynapseStreamLeft:SynapseRouter_9.synapse_stream_left:256 -sc SynapseRouter_0.SpikeOutWeight:NeuroRing_0.SpikeInWeight:64 -sc SynapseRouter_1.SpikeOutWeight:NeuroRing_1.SpikeInWeight:64 -sc SynapseRouter_2.SpikeOutWeight:NeuroRing_2.SpikeInWeight:64 -sc SynapseRouter_3.SpikeOutWeight:NeuroRing_3.SpikeInWeight:64 -sc SynapseRouter_4.SpikeOutWeight:NeuroRing_4.SpikeInWeight:64 -sc SynapseRouter_5.SpikeOutWeight:NeuroRing_5.SpikeInWeight:64 -sc SynapseRouter_6.SpikeOutWeight:NeuroRing_6.SpikeInWeight:64 -sc SynapseRouter_7.SpikeOutWeight:NeuroRing_7.SpikeInWeight:64 -sc SynapseRouter_8.SpikeOutWeight:NeuroRing_8.SpikeInWeight:64 -sc SynapseRouter_9.SpikeOutWeight:NeuroRing_9.SpikeInWeight:64 -sc SynapseRouter_0.syn_forward_rt_right:SynapseRouter_1.syn_route_in_right:2048 -sc SynapseRouter_1.syn_forward_rt_right:SynapseRouter_2.syn_route_in_right:2048 -sc SynapseRouter_2.syn_forward_rt_right:SynapseRouter_3.syn_route_in_right:2048 -sc SynapseRouter_3.syn_forward_rt_right:SynapseRouter_4.syn_route_in_right:2048 -sc SynapseRouter_4.syn_forward_rt_right:SynapseRouter_5.syn_route_in_right:2048 -sc SynapseRouter_5.syn_forward_rt_right:SynapseRouter_6.syn_route_in_right:2048 -sc SynapseRouter_6.syn_forward_rt_right:SynapseRouter_7.syn_route_in_right:2048 -sc SynapseRouter_7.syn_forward_rt_right:SynapseRouter_8.syn_route_in_right:2048 -sc SynapseRouter_8.syn_forward_rt_right:SynapseRouter_9.syn_route_in_right:2048 -sc SynapseRouter_9.syn_forward_rt_right:krnl_aurora_1.tx_axis:8192 -sc krnl_aurora_0.rx_axis:SynapseRouter_0.syn_route_in_right:8192 -sc SynapseRouter_0.syn_forward_rt_left:krnl_aurora_0.tx_axis:8192 -sc krnl_aurora_1.rx_axis:SynapseRouter_9.syn_route_in_left:8192 -sc SynapseRouter_9.syn_forward_rt_left:SynapseRouter_8.syn_route_in_left:2048 -sc SynapseRouter_8.syn_forward_rt_left:SynapseRouter_7.syn_route_in_left:2048 -sc SynapseRouter_7.syn_forward_rt_left:SynapseRouter_6.syn_route_in_left:2048 -sc SynapseRouter_6.syn_forward_rt_left:SynapseRouter_5.syn_route_in_left:2048 -sc SynapseRouter_5.syn_forward_rt_left:SynapseRouter_4.syn_route_in_left:2048 -sc SynapseRouter_4.syn_forward_rt_left:SynapseRouter_3.syn_route_in_left:2048 -sc SynapseRouter_3.syn_forward_rt_left:SynapseRouter_2.syn_route_in_left:2048 -sc SynapseRouter_2.syn_forward_rt_left:SynapseRouter_1.syn_route_in_left:2048 -sc SynapseRouter_1.syn_forward_rt_left:SynapseRouter_0.syn_route_in_left:2048 -slr krnl_aurora_0:SLR1 -slr krnl_aurora_1:SLR1 -sp NeuroRing_0.SpikeRecorder_SynapseList:HBM[2] -sp NeuroRing_1.SpikeRecorder_SynapseList:HBM[4] -sp NeuroRing_2.SpikeRecorder_SynapseList:HBM[8] -sp NeuroRing_3.SpikeRecorder_SynapseList:HBM[10] -sp NeuroRing_4.SpikeRecorder_SynapseList:HBM[12] -sp NeuroRing_5.SpikeRecorder_SynapseList:HBM[14] -sp NeuroRing_6.SpikeRecorder_SynapseList:HBM[16] -sp NeuroRing_7.SpikeRecorder_SynapseList:HBM[18] -sp NeuroRing_8.SpikeRecorder_SynapseList:HBM[20] -sp NeuroRing_9.SpikeRecorder_SynapseList:HBM[22] -connect io_clk_qsfp0_refclka_00:krnl_aurora_0/gt_refclk -connect krnl_aurora_0/gt_port:io_gt_qsfp0_00 -connect krnl_aurora_0/init_clk:ii_level0_wire/ulp_m_aclk_freerun_ref_00 -connect io_clk_qsfp1_refclka_00:krnl_aurora_1/gt_refclk -connect krnl_aurora_1/gt_port:io_gt_qsfp1_00 -connect krnl_aurora_1/init_clk:ii_level0_wire/ulp_m_aclk_freerun_ref_00 -dpa_mem_offload false -dpa_aie_mem_offload false -dmclkid 0 -r /home/miahafiz/NeuroRing_a_2048/_x.hw.NUM_2048.CORE_10.FREQ_300/link/sys_link/_sysl/.cdb/xd_ip_db.xml -o /home/miahafiz/NeuroRing_a_2048/_x.hw.NUM_2048.CORE_10.FREQ_300/link/sys_link/cfgraph/cfgen_cfgraph.xml
INFO: [CFGEN 83-0] Kernel Specs: 
INFO: [CFGEN 83-0]   kernel: NeuroRing, num: 10  {NeuroRing_0 NeuroRing_1 NeuroRing_2 NeuroRing_3 NeuroRing_4 NeuroRing_5 NeuroRing_6 NeuroRing_7 NeuroRing_8 NeuroRing_9}
INFO: [CFGEN 83-0]   kernel: SynapseRouter, num: 10  {SynapseRouter_0 SynapseRouter_1 SynapseRouter_2 SynapseRouter_3 SynapseRouter_4 SynapseRouter_5 SynapseRouter_6 SynapseRouter_7 SynapseRouter_8 SynapseRouter_9}
INFO: [CFGEN 83-0]   kernel: krnl_aurora, num: 2  {krnl_aurora_0 krnl_aurora_1}
INFO: [CFGEN 83-0] Port Specs: 
INFO: [CFGEN 83-0]   kernel: NeuroRing_0, k_port: SpikeRecorder_SynapseList, sptag: HBM[2]
INFO: [CFGEN 83-0]   kernel: NeuroRing_1, k_port: SpikeRecorder_SynapseList, sptag: HBM[4]
INFO: [CFGEN 83-0]   kernel: NeuroRing_2, k_port: SpikeRecorder_SynapseList, sptag: HBM[8]
INFO: [CFGEN 83-0]   kernel: NeuroRing_3, k_port: SpikeRecorder_SynapseList, sptag: HBM[10]
INFO: [CFGEN 83-0]   kernel: NeuroRing_4, k_port: SpikeRecorder_SynapseList, sptag: HBM[12]
INFO: [CFGEN 83-0]   kernel: NeuroRing_5, k_port: SpikeRecorder_SynapseList, sptag: HBM[14]
INFO: [CFGEN 83-0]   kernel: NeuroRing_6, k_port: SpikeRecorder_SynapseList, sptag: HBM[16]
INFO: [CFGEN 83-0]   kernel: NeuroRing_7, k_port: SpikeRecorder_SynapseList, sptag: HBM[18]
INFO: [CFGEN 83-0]   kernel: NeuroRing_8, k_port: SpikeRecorder_SynapseList, sptag: HBM[20]
INFO: [CFGEN 83-0]   kernel: NeuroRing_9, k_port: SpikeRecorder_SynapseList, sptag: HBM[22]
INFO: [CFGEN 83-0] Stream Specs: 
INFO: [CFGEN 83-0]   NeuroRing_0.SynapseStreamRight => SynapseRouter_0.synapse_stream_right
INFO: [CFGEN 83-0]   NeuroRing_1.SynapseStreamRight => SynapseRouter_1.synapse_stream_right
INFO: [CFGEN 83-0]   NeuroRing_2.SynapseStreamRight => SynapseRouter_2.synapse_stream_right
INFO: [CFGEN 83-0]   NeuroRing_3.SynapseStreamRight => SynapseRouter_3.synapse_stream_right
INFO: [CFGEN 83-0]   NeuroRing_4.SynapseStreamRight => SynapseRouter_4.synapse_stream_right
INFO: [CFGEN 83-0]   NeuroRing_5.SynapseStreamRight => SynapseRouter_5.synapse_stream_right
INFO: [CFGEN 83-0]   NeuroRing_6.SynapseStreamRight => SynapseRouter_6.synapse_stream_right
INFO: [CFGEN 83-0]   NeuroRing_7.SynapseStreamRight => SynapseRouter_7.synapse_stream_right
INFO: [CFGEN 83-0]   NeuroRing_8.SynapseStreamRight => SynapseRouter_8.synapse_stream_right
INFO: [CFGEN 83-0]   NeuroRing_9.SynapseStreamRight => SynapseRouter_9.synapse_stream_right
INFO: [CFGEN 83-0]   NeuroRing_0.SynapseStreamLeft => SynapseRouter_0.synapse_stream_left
INFO: [CFGEN 83-0]   NeuroRing_1.SynapseStreamLeft => SynapseRouter_1.synapse_stream_left
INFO: [CFGEN 83-0]   NeuroRing_2.SynapseStreamLeft => SynapseRouter_2.synapse_stream_left
INFO: [CFGEN 83-0]   NeuroRing_3.SynapseStreamLeft => SynapseRouter_3.synapse_stream_left
INFO: [CFGEN 83-0]   NeuroRing_4.SynapseStreamLeft => SynapseRouter_4.synapse_stream_left
INFO: [CFGEN 83-0]   NeuroRing_5.SynapseStreamLeft => SynapseRouter_5.synapse_stream_left
INFO: [CFGEN 83-0]   NeuroRing_6.SynapseStreamLeft => SynapseRouter_6.synapse_stream_left
INFO: [CFGEN 83-0]   NeuroRing_7.SynapseStreamLeft => SynapseRouter_7.synapse_stream_left
INFO: [CFGEN 83-0]   NeuroRing_8.SynapseStreamLeft => SynapseRouter_8.synapse_stream_left
INFO: [CFGEN 83-0]   NeuroRing_9.SynapseStreamLeft => SynapseRouter_9.synapse_stream_left
INFO: [CFGEN 83-0]   SynapseRouter_0.SpikeOutWeight => NeuroRing_0.SpikeInWeight
INFO: [CFGEN 83-0]   SynapseRouter_1.SpikeOutWeight => NeuroRing_1.SpikeInWeight
INFO: [CFGEN 83-0]   SynapseRouter_2.SpikeOutWeight => NeuroRing_2.SpikeInWeight
INFO: [CFGEN 83-0]   SynapseRouter_3.SpikeOutWeight => NeuroRing_3.SpikeInWeight
INFO: [CFGEN 83-0]   SynapseRouter_4.SpikeOutWeight => NeuroRing_4.SpikeInWeight
INFO: [CFGEN 83-0]   SynapseRouter_5.SpikeOutWeight => NeuroRing_5.SpikeInWeight
INFO: [CFGEN 83-0]   SynapseRouter_6.SpikeOutWeight => NeuroRing_6.SpikeInWeight
INFO: [CFGEN 83-0]   SynapseRouter_7.SpikeOutWeight => NeuroRing_7.SpikeInWeight
INFO: [CFGEN 83-0]   SynapseRouter_8.SpikeOutWeight => NeuroRing_8.SpikeInWeight
INFO: [CFGEN 83-0]   SynapseRouter_9.SpikeOutWeight => NeuroRing_9.SpikeInWeight
INFO: [CFGEN 83-0]   SynapseRouter_0.syn_forward_rt_right => SynapseRouter_1.syn_route_in_right
INFO: [CFGEN 83-0]   SynapseRouter_1.syn_forward_rt_right => SynapseRouter_2.syn_route_in_right
INFO: [CFGEN 83-0]   SynapseRouter_2.syn_forward_rt_right => SynapseRouter_3.syn_route_in_right
INFO: [CFGEN 83-0]   SynapseRouter_3.syn_forward_rt_right => SynapseRouter_4.syn_route_in_right
INFO: [CFGEN 83-0]   SynapseRouter_4.syn_forward_rt_right => SynapseRouter_5.syn_route_in_right
INFO: [CFGEN 83-0]   SynapseRouter_5.syn_forward_rt_right => SynapseRouter_6.syn_route_in_right
INFO: [CFGEN 83-0]   SynapseRouter_6.syn_forward_rt_right => SynapseRouter_7.syn_route_in_right
INFO: [CFGEN 83-0]   SynapseRouter_7.syn_forward_rt_right => SynapseRouter_8.syn_route_in_right
INFO: [CFGEN 83-0]   SynapseRouter_8.syn_forward_rt_right => SynapseRouter_9.syn_route_in_right
INFO: [CFGEN 83-0]   SynapseRouter_9.syn_forward_rt_right => krnl_aurora_1.tx_axis
INFO: [CFGEN 83-0]   krnl_aurora_0.rx_axis => SynapseRouter_0.syn_route_in_right
INFO: [CFGEN 83-0]   SynapseRouter_0.syn_forward_rt_left => krnl_aurora_0.tx_axis
INFO: [CFGEN 83-0]   krnl_aurora_1.rx_axis => SynapseRouter_9.syn_route_in_left
INFO: [CFGEN 83-0]   SynapseRouter_9.syn_forward_rt_left => SynapseRouter_8.syn_route_in_left
INFO: [CFGEN 83-0]   SynapseRouter_8.syn_forward_rt_left => SynapseRouter_7.syn_route_in_left
INFO: [CFGEN 83-0]   SynapseRouter_7.syn_forward_rt_left => SynapseRouter_6.syn_route_in_left
INFO: [CFGEN 83-0]   SynapseRouter_6.syn_forward_rt_left => SynapseRouter_5.syn_route_in_left
INFO: [CFGEN 83-0]   SynapseRouter_5.syn_forward_rt_left => SynapseRouter_4.syn_route_in_left
INFO: [CFGEN 83-0]   SynapseRouter_4.syn_forward_rt_left => SynapseRouter_3.syn_route_in_left
INFO: [CFGEN 83-0]   SynapseRouter_3.syn_forward_rt_left => SynapseRouter_2.syn_route_in_left
INFO: [CFGEN 83-0]   SynapseRouter_2.syn_forward_rt_left => SynapseRouter_1.syn_route_in_left
INFO: [CFGEN 83-0]   SynapseRouter_1.syn_forward_rt_left => SynapseRouter_0.syn_route_in_left
INFO: [CFGEN 83-0] BD Connection Specs: 
INFO: [CFGEN 83-0]   io_clk_qsfp0_refclka_00:krnl_aurora_0/gt_refclk
INFO: [CFGEN 83-0]   krnl_aurora_0/gt_port:io_gt_qsfp0_00
INFO: [CFGEN 83-0]   krnl_aurora_0/init_clk:ii_level0_wire/ulp_m_aclk_freerun_ref_00
INFO: [CFGEN 83-0]   io_clk_qsfp1_refclka_00:krnl_aurora_1/gt_refclk
INFO: [CFGEN 83-0]   krnl_aurora_1/gt_port:io_gt_qsfp1_00
INFO: [CFGEN 83-0]   krnl_aurora_1/init_clk:ii_level0_wire/ulp_m_aclk_freerun_ref_00
INFO: [CFGEN 83-0] SLR Specs: 
INFO: [CFGEN 83-0]   instance: krnl_aurora_0, SLR: SLR1
INFO: [CFGEN 83-0]   instance: krnl_aurora_1, SLR: SLR1
INFO: [SYSTEM_LINK 82-37] [12:45:41] cfgen finished successfully
Time (s): cpu = 00:00:10 ; elapsed = 00:00:11 . Memory (MB): peak = 498.840 ; gain = 0.000 ; free physical = 54446 ; free virtual = 114252
INFO: [SYSTEM_LINK 82-52] Create top-level block diagram
INFO: [SYSTEM_LINK 82-38] [12:45:41] cf2bd started: /opt/xilinx/2025.1/Vitis/bin/cf2bd  --linux --trace_buffer 1024 --input_file /home/miahafiz/NeuroRing_a_2048/_x.hw.NUM_2048.CORE_10.FREQ_300/link/sys_link/cfgraph/cfgen_cfgraph.xml --ip_db /home/miahafiz/NeuroRing_a_2048/_x.hw.NUM_2048.CORE_10.FREQ_300/link/sys_link/_sysl/.cdb/xd_ip_db.xml --cf_name dr --working_dir /home/miahafiz/NeuroRing_a_2048/_x.hw.NUM_2048.CORE_10.FREQ_300/link/sys_link/_sysl/.xsd --temp_dir /home/miahafiz/NeuroRing_a_2048/_x.hw.NUM_2048.CORE_10.FREQ_300/link/sys_link --output_dir /home/miahafiz/NeuroRing_a_2048/_x.hw.NUM_2048.CORE_10.FREQ_300/link/int --target_bd ulp.bd
INFO: [CF2BD 82-31] Launching cf2xd: cf2xd -linux -trace-buffer 1024 -i /home/miahafiz/NeuroRing_a_2048/_x.hw.NUM_2048.CORE_10.FREQ_300/link/sys_link/cfgraph/cfgen_cfgraph.xml -r /home/miahafiz/NeuroRing_a_2048/_x.hw.NUM_2048.CORE_10.FREQ_300/link/sys_link/_sysl/.cdb/xd_ip_db.xml -o dr.xml
INFO: [CF2BD 82-28] cf2xd finished successfully
INFO: [CF2BD 82-31] Launching cf_xsd: cf_xsd -disable-address-gen -bd ulp.bd -dn dr -dp /home/miahafiz/NeuroRing_a_2048/_x.hw.NUM_2048.CORE_10.FREQ_300/link/sys_link/_sysl/.xsd
rlwrap: warning: your $TERM is 'screen.xterm-256color' but rlwrap couldn't find it in the terminfo database. Expect some problems.: Inappropriate ioctl for device
INFO: [CF2BD 82-28] cf_xsd finished successfully
INFO: [SYSTEM_LINK 82-37] [12:46:37] cf2bd finished successfully
Time (s): cpu = 00:00:55 ; elapsed = 00:00:55 . Memory (MB): peak = 498.840 ; gain = 0.000 ; free physical = 54401 ; free virtual = 114213
INFO: [v++ 60-1441] [12:46:37] Run run_link: Step system_link: Completed
Time (s): cpu = 00:01:10 ; elapsed = 00:01:17 . Memory (MB): peak = 515.875 ; gain = 0.000 ; free physical = 54515 ; free virtual = 114327
INFO: [v++ 60-1443] [12:46:37] Run run_link: Step cf2sw: Started
INFO: [v++ 60-1453] Command Line: cf2sw -sdsl /home/miahafiz/NeuroRing_a_2048/_x.hw.NUM_2048.CORE_10.FREQ_300/link/int/sdsl.dat -rtd /home/miahafiz/NeuroRing_a_2048/_x.hw.NUM_2048.CORE_10.FREQ_300/link/int/cf2sw.rtd -nofilter /home/miahafiz/NeuroRing_a_2048/_x.hw.NUM_2048.CORE_10.FREQ_300/link/int/cf2sw_full.rtd -xclbin /home/miahafiz/NeuroRing_a_2048/_x.hw.NUM_2048.CORE_10.FREQ_300/link/int/xclbin_orig.xml -o /home/miahafiz/NeuroRing_a_2048/_x.hw.NUM_2048.CORE_10.FREQ_300/link/int/xclbin_orig.1.xml
INFO: [v++ 60-1454] Run Directory: /home/miahafiz/NeuroRing_a_2048/_x.hw.NUM_2048.CORE_10.FREQ_300/link/run_link
INFO: [v++ 60-1441] [12:47:36] Run run_link: Step cf2sw: Completed
Time (s): cpu = 00:00:59 ; elapsed = 00:00:59 . Memory (MB): peak = 515.875 ; gain = 0.000 ; free physical = 54539 ; free virtual = 114352
INFO: [v++ 60-1443] [12:47:36] Run run_link: Step rtd2_system_diagram: Started
INFO: [v++ 60-1453] Command Line: rtd2SystemDiagram
INFO: [v++ 60-1454] Run Directory: /home/miahafiz/NeuroRing_a_2048/_x.hw.NUM_2048.CORE_10.FREQ_300/link/run_link
INFO: [v++ 60-1441] [12:47:37] Run run_link: Step rtd2_system_diagram: Completed
Time (s): cpu = 00:00:00 ; elapsed = 00:00:00.71 . Memory (MB): peak = 515.875 ; gain = 0.000 ; free physical = 54517 ; free virtual = 114329
INFO: [v++ 60-1443] [12:47:37] Run run_link: Step vpl: Started
INFO: [v++ 60-1453] Command Line: vpl -t hw -f xilinx_u55c_gen3x16_xdma_3_202210_1 -s --kernel_frequency 300 --remote_ip_cache /home/miahafiz/NeuroRing_a_2048/.ipcache --output_dir /home/miahafiz/NeuroRing_a_2048/_x.hw.NUM_2048.CORE_10.FREQ_300/link/int --log_dir /home/miahafiz/NeuroRing_a_2048/_x.hw.NUM_2048.CORE_10.FREQ_300/logs/link --report_dir /home/miahafiz/NeuroRing_a_2048/_x.hw.NUM_2048.CORE_10.FREQ_300/reports/link --config /home/miahafiz/NeuroRing_a_2048/_x.hw.NUM_2048.CORE_10.FREQ_300/link/int/vplConfig.ini -k /home/miahafiz/NeuroRing_a_2048/_x.hw.NUM_2048.CORE_10.FREQ_300/link/int/kernel_info.dat --webtalk_flag Vitis --temp_dir /home/miahafiz/NeuroRing_a_2048/_x.hw.NUM_2048.CORE_10.FREQ_300/link --no-info --iprepo /home/miahafiz/NeuroRing_a_2048/_x.hw.NUM_2048.CORE_10.FREQ_300/link/int/xo/ip_repo/xilinx_com_hls_SynapseRouter_1_0 --iprepo /home/miahafiz/NeuroRing_a_2048/_x.hw.NUM_2048.CORE_10.FREQ_300/link/int/xo/ip_repo/xilinx_com_user_krnl_aurora_1_0 --iprepo /home/miahafiz/NeuroRing_a_2048/_x.hw.NUM_2048.CORE_10.FREQ_300/link/int/xo/ip_repo/xilinx_com_hls_NeuroRing_1_0 --messageDb /home/miahafiz/NeuroRing_a_2048/_x.hw.NUM_2048.CORE_10.FREQ_300/link/run_link/vpl.pb /home/miahafiz/NeuroRing_a_2048/_x.hw.NUM_2048.CORE_10.FREQ_300/link/int/dr.bd.tcl
INFO: [v++ 60-1454] Run Directory: /home/miahafiz/NeuroRing_a_2048/_x.hw.NUM_2048.CORE_10.FREQ_300/link/run_link

****** vpl v2025.1 (64-bit)
  **** SW Build 6137779 on 2025-05-21-18:10:03
  **** Start of session at: Fri Feb 27 12:47:40 2026
    ** Copyright 1986-2022 Xilinx, Inc. All Rights Reserved.
    ** Copyright 2022-2025 Advanced Micro Devices, Inc. All Rights Reserved.

INFO: [VPL 60-839] Read in kernel information from file '/home/miahafiz/NeuroRing_a_2048/_x.hw.NUM_2048.CORE_10.FREQ_300/link/int/kernel_info.dat'.
INFO: [VPL 74-78] Compiler Version string: 2025.1
INFO: [VPL 60-423]   Target device: xilinx_u55c_gen3x16_xdma_3_202210_1
WARNING: [VPL 60-889] User-specified kernel frequency for ID 0 is the same as the default frequency 300 MHz, so it will be ignored
INFO: [VPL 60-1032] Extracting hardware platform to /home/miahafiz/NeuroRing_a_2048/_x.hw.NUM_2048.CORE_10.FREQ_300/link/vivado/vpl/.local/hw_platform
[12:48:04] Run vpl: Step create_project: Started
Creating Vivado project.
[12:48:08] Run vpl: Step create_project: Completed
[12:48:08] Run vpl: Step create_bd: Started
[12:49:25] Run vpl: Step create_bd: Completed
[12:49:25] Run vpl: Step update_bd: Started
[12:49:28] Run vpl: Step update_bd: Completed
[12:49:28] Run vpl: Step generate_target: Started
[12:50:44] Run vpl: Step generate_target: RUNNING...
[12:52:01] Run vpl: Step generate_target: RUNNING...
[12:53:17] Run vpl: Step generate_target: RUNNING...
[12:54:35] Run vpl: Step generate_target: RUNNING...
[12:55:15] Run vpl: Step generate_target: Completed
[12:55:15] Run vpl: Step config_hw_runs: Started
[12:56:33] Run vpl: Step config_hw_runs: RUNNING...
[12:57:52] Run vpl: Step config_hw_runs: RUNNING...
[12:59:09] Run vpl: Step config_hw_runs: RUNNING...
[13:00:27] Run vpl: Step config_hw_runs: RUNNING...
[13:00:47] Run vpl: Step config_hw_runs: Completed
[13:00:47] Run vpl: Step synth: Started
[13:02:23] Block-level synthesis in progress, 0 of 280 jobs complete, 16 jobs running.
[13:03:12] Block-level synthesis in progress, 0 of 280 jobs complete, 16 jobs running.
[13:03:51] Block-level synthesis in progress, 0 of 280 jobs complete, 16 jobs running.
[13:04:26] Block-level synthesis in progress, 15 of 280 jobs complete, 1 job running.
[13:04:59] Block-level synthesis in progress, 16 of 280 jobs complete, 15 jobs running.
[13:05:36] Block-level synthesis in progress, 21 of 280 jobs complete, 13 jobs running.
[13:06:08] Block-level synthesis in progress, 27 of 280 jobs complete, 10 jobs running.
[13:06:40] Block-level synthesis in progress, 34 of 280 jobs complete, 10 jobs running.
[13:07:11] Block-level synthesis in progress, 40 of 280 jobs complete, 11 jobs running.
[13:07:43] Block-level synthesis in progress, 49 of 280 jobs complete, 9 jobs running.
[13:08:15] Block-level synthesis in progress, 55 of 280 jobs complete, 10 jobs running.
[13:08:47] Block-level synthesis in progress, 63 of 280 jobs complete, 9 jobs running.
[13:09:22] Block-level synthesis in progress, 73 of 280 jobs complete, 7 jobs running.
[13:09:54] Block-level synthesis in progress, 80 of 280 jobs complete, 10 jobs running.
[13:10:27] Block-level synthesis in progress, 88 of 280 jobs complete, 10 jobs running.
[13:10:59] Block-level synthesis in progress, 98 of 280 jobs complete, 7 jobs running.
[13:11:31] Block-level synthesis in progress, 103 of 280 jobs complete, 11 jobs running.
[13:12:03] Block-level synthesis in progress, 109 of 280 jobs complete, 10 jobs running.
[13:12:35] Block-level synthesis in progress, 114 of 280 jobs complete, 11 jobs running.
[13:13:08] Block-level synthesis in progress, 124 of 280 jobs complete, 9 jobs running.
[13:13:42] Block-level synthesis in progress, 133 of 280 jobs complete, 8 jobs running.
[13:14:14] Block-level synthesis in progress, 140 of 280 jobs complete, 11 jobs running.
[13:14:47] Block-level synthesis in progress, 148 of 280 jobs complete, 11 jobs running.
[13:15:20] Block-level synthesis in progress, 159 of 280 jobs complete, 9 jobs running.
[13:15:55] Block-level synthesis in progress, 170 of 280 jobs complete, 6 jobs running.
[13:16:30] Block-level synthesis in progress, 173 of 280 jobs complete, 14 jobs running.
[13:17:06] Block-level synthesis in progress, 176 of 280 jobs complete, 13 jobs running.
[13:17:39] Block-level synthesis in progress, 185 of 280 jobs complete, 8 jobs running.
[13:18:13] Block-level synthesis in progress, 191 of 280 jobs complete, 11 jobs running.
[13:18:48] Block-level synthesis in progress, 200 of 280 jobs complete, 9 jobs running.
[13:19:21] Block-level synthesis in progress, 211 of 280 jobs complete, 6 jobs running.
[13:19:55] Block-level synthesis in progress, 222 of 280 jobs complete, 7 jobs running.
[13:20:29] Block-level synthesis in progress, 236 of 280 jobs complete, 5 jobs running.
[13:21:02] Block-level synthesis in progress, 245 of 280 jobs complete, 8 jobs running.
[13:21:36] Block-level synthesis in progress, 258 of 280 jobs complete, 6 jobs running.
[13:22:12] Block-level synthesis in progress, 267 of 280 jobs complete, 7 jobs running.
[13:22:46] Block-level synthesis in progress, 271 of 280 jobs complete, 6 jobs running.
[13:23:19] Block-level synthesis in progress, 273 of 280 jobs complete, 4 jobs running.
[13:23:52] Block-level synthesis in progress, 275 of 280 jobs complete, 3 jobs running.
[13:24:25] Block-level synthesis in progress, 277 of 280 jobs complete, 2 jobs running.
[13:24:57] Block-level synthesis in progress, 277 of 280 jobs complete, 2 jobs running.
[13:25:30] Block-level synthesis in progress, 279 of 280 jobs complete, 0 jobs running.
[13:26:02] Block-level synthesis in progress, 279 of 280 jobs complete, 1 job running.
[13:26:35] Block-level synthesis in progress, 279 of 280 jobs complete, 1 job running.
[13:27:08] Block-level synthesis in progress, 280 of 280 jobs complete, 0 jobs running.
[13:27:41] Top-level synthesis in progress.
[13:28:14] Top-level synthesis in progress.
[13:28:49] Top-level synthesis in progress.
[13:29:22] Top-level synthesis in progress.
[13:29:55] Top-level synthesis in progress.
[13:30:27] Top-level synthesis in progress.
[13:31:00] Top-level synthesis in progress.
[13:32:18] Run vpl: Step synth: Completed
[13:32:18] Run vpl: Step impl: Started
[14:00:08] Finished 2nd of 6 tasks (FPGA linking synthesized kernels to platform). Elapsed time: 01h 12m 28s 

[14:00:08] Starting logic optimization..
[14:00:41] Phase 1 Initialization
[14:00:41] Phase 1.1 Core Generation And Design Setup
[14:01:46] Phase 1.2 Setup Constraints And Sort Netlist
[14:01:46] Phase 2 Timer Update And Timing Data Collection
[14:01:46] Phase 2.1 Timer Update
[14:02:18] Phase 2.2 Timing Data Collection
[14:02:18] Phase 3 Retarget
[14:02:51] Phase 4 Constant propagation
[14:03:23] Phase 5 Sweep
[14:04:28] Phase 6 BUFG optimization
[14:05:01] Phase 7 Shift Register Optimization
[14:05:01] Phase 8 Post Processing Netlist
[14:05:33] Phase 9 Finalization
[14:05:33] Phase 9.1 Finalizing Design Cores and Updating Shapes
[14:06:06] Phase 9.2 Verifying Netlist Connectivity
[14:06:38] Finished 3rd of 6 tasks (FPGA logic optimization). Elapsed time: 00h 06m 30s 

[14:06:38] Starting logic placement..
[14:07:44] Phase 1 Placer Initialization
[14:07:44] Phase 1.1 Placer Initialization Netlist Sorting
[14:14:14] Phase 1.2 IO Placement/ Clock Placement/ Build Placer Device
[14:16:25] Phase 1.3 Build Placer Netlist Model
[14:23:00] Phase 1.4 Constrain Clocks/Macros
[14:24:06] Phase 2 Global Placement
[14:24:06] Phase 2.1 Floorplanning
[14:27:28] Phase 2.1.1 Partition Driven Placement
[14:27:28] Phase 2.1.1.1 PBP: Partition Driven Placement
[14:38:16] Phase 2.1.1.2 PBP: Clock Region Placement
[14:39:55] Phase 2.1.1.3 PBP: Discrete Incremental
[14:39:55] Phase 2.1.1.4 PBP: Compute Congestion
[14:40:28] Phase 2.1.1.5 PBP: Macro Placement
[14:41:01] Phase 2.1.1.6 PBP: UpdateTiming
[14:42:07] Phase 2.1.1.7 PBP: Add part constraints
[14:42:07] Phase 2.2 Physical Synthesis After Floorplan
[14:43:46] Phase 2.3 Update Timing before SLR Path Opt
[14:44:19] Phase 2.4 Post-Processing in Floorplanning
[14:44:19] Phase 2.5 Global Place Phase1
[15:08:24] Phase 2.6 Global Place Phase2
[15:08:24] Phase 2.6.1 UpdateTiming Before Physical Synthesis
[15:10:03] Phase 2.6.2 Physical Synthesis In Placer
[15:18:48] Phase 3 Detail Placement
[15:19:21] Phase 3.1 Commit Multi Column Macros
[15:19:54] Phase 3.2 Commit Most Macros & LUTRAMs
[15:25:21] Phase 3.3 Small Shape DP
[15:25:21] Phase 3.3.1 Small Shape Clustering
[15:25:53] Phase 3.3.2 Slice Area Swap
[15:25:53] Phase 3.3.2.1 Slice Area Swap Initial
[15:31:52] Phase 3.4 Place Remaining
[15:32:25] Phase 3.5 Re-assign LUT pins
[15:33:30] Phase 3.6 Pipeline Register Optimization
[15:34:03] Phase 3.7 Fast Optimization
[15:37:52] Phase 4 Post Placement Optimization and Clean-Up
[15:37:52] Phase 4.1 Post Commit Optimization
[15:42:13] Phase 4.1.1 Post Placement Optimization
[15:42:13] Phase 4.1.1.1 BUFG Insertion
[15:42:13] Phase 1 Physical Synthesis Initialization
[15:46:02] Phase 4.1.1.2 BUFG Replication
[15:46:02] Phase 4.1.1.3 Post Placement Timing Optimization
[15:53:30] Phase 4.1.1.4 Replication
[15:56:55] Phase 4.2 Post Placement Cleanup
[15:56:55] Phase 4.3 Placer Reporting
[15:56:55] Phase 4.3.1 Print Estimated Congestion
[15:56:55] Phase 4.4 Final Placement Cleanup
[17:08:11] Finished 4th of 6 tasks (FPGA logic placement). Elapsed time: 03h 01m 32s 

[17:08:11] Starting logic routing..
[17:08:11] Phase 1 Build RT Design
[17:12:02] Phase 2 Router Initialization
[17:12:02] Phase 2.1 Fix Topology Constraints
[17:12:02] Phase 2.2 Pre Route Cleanup
[17:12:35] Phase 2.3 Global Clock Net Routing
[17:13:41] Phase 2.4 Update Timing
[17:19:44] Phase 2.5 Update Timing for Bus Skew
[17:19:44] Phase 2.5.1 Update Timing
[17:21:24] Phase 2.6 Soft Constraint Pins - Fast Budgeting
[17:21:59] Phase 3 Global Routing
[17:21:59] Phase 3.1 SLL Assignment
[17:23:05] Phase 4 Initial Routing
[17:23:05] Phase 4.1 Initial Net Routing Pass
[17:25:52] Phase 5 Rip-up And Reroute
[17:25:52] Phase 5.1 Global Iteration 0
[18:11:18] Phase 5.2 Global Iteration 1
[18:16:18] Phase 5.3 Global Iteration 2
[18:19:04] Phase 5.4 Global Iteration 3
[18:21:50] Phase 5.5 Global Iteration 4
[18:22:23] Phase 6 Delay and Skew Optimization
[18:22:23] Phase 6.1 Delay CleanUp
[18:25:10] Phase 6.2 Clock Skew Optimization
[18:25:10] Phase 7 Post Hold Fix
[18:25:10] Phase 7.1 Hold Fix Iter
[18:26:51] Phase 8 Route finalize
[18:27:24] Phase 9 Verifying routed nets
[18:27:24] Phase 10 Depositing Routes
[18:28:37] Phase 11 Leaf Clock Prog Delay Opt
[18:30:21] Phase 11.1 Optimize Skews
[18:30:21] Phase 11.1.1 Leaf ClockOpt Init
[18:35:16] Phase 11.2 Post SkewOpt Delay Cleanup
[18:35:16] Phase 11.2.1 Delay CleanUp
[18:37:29] Phase 11.3 Post SkewOpt Hold Fix
[18:37:29] Phase 11.3.1 Hold Fix Iter
[18:41:53] Phase 12 Depositing Routes
[18:42:59] Phase 13 Resolve XTalk
[18:43:32] Phase 14 Post Process Routing
[18:44:04] Phase 15 Post Router Timing
[18:46:16] Phase 16 Physical Synthesis in Router
[18:46:16] Phase 16.1 Physical Synthesis Initialization
[18:50:40] Phase 16.2 Critical Path Optimization
[18:53:25] Phase 17 Route finalize
[18:53:25] Phase 18 Post-Route Event Processing
[18:55:37] Finished 5th of 6 tasks (FPGA routing). Elapsed time: 01h 47m 25s 

[18:55:37] Starting bitstream generation..
[19:22:37] Creating bitmap...
[19:28:39] Writing bitstream ./level0_i_ulp_my_rm_partial.bit...
[19:28:39] Finished 6th of 6 tasks (FPGA bitstream generation). Elapsed time: 00h 33m 02s 
Check VPL, containing 12 checks, has run: 0 errors, 1 warning violation, 1 advisory violation
WARNING: [AUTO-FREQ-SCALING-04] One or more timing paths failed timing requirements. The kernel clock ulp_ucs/aclk_kernel_00 has an original frequency equal to 300.000000 MHz. The frequency has been automatically changed to 268.3 MHz to enable proper functionality. The clock Id is 0.
ADVISORY: [AUTO-FREQ-SCALING-08] For clock hbm_aclk, the auto scaled frequency 460.4 MHz exceeds the original specified frequency. The compiler will select the original specified frequency of 450.0 MHz.
[19:30:12] Run vpl: Step impl: Completed
[19:30:16] Run vpl: FINISHED. Run Status: impl Complete!
INFO: [v++ 60-1441] [19:30:27] Run run_link: Step vpl: Completed
Time (s): cpu = 00:14:10 ; elapsed = 06:42:50 . Memory (MB): peak = 515.875 ; gain = 0.000 ; free physical = 119669 ; free virtual = 190061
INFO: [v++ 60-1443] [19:30:27] Run run_link: Step rtdgen: Started
INFO: [v++ 60-1453] Command Line: rtdgen
INFO: [v++ 60-1454] Run Directory: /home/miahafiz/NeuroRing_a_2048/_x.hw.NUM_2048.CORE_10.FREQ_300/link/run_link
INFO: [v++ 60-991] clock name 'ulp_ucs/aclk_kernel_01' (clock ID '1') is being mapped to clock name 'KERNEL_CLK' in the xclbin
INFO: [v++ 60-991] clock name 'ulp_ucs/aclk_kernel_00' (clock ID '0') is being mapped to clock name 'DATA_CLK' in the xclbin
INFO: [v++ 60-991] clock name 'hbm_aclk' (clock ID '') is being mapped to clock name 'hbm_aclk' in the xclbin
INFO: [v++ 60-1230] The compiler selected the following frequencies for the runtime controllable kernel clock(s) and scalable system clock(s): System (SYSTEM) clock: hbm_aclk = 450, Kernel (KERNEL) clock: ulp_ucs/aclk_kernel_01 = 500, Kernel (DATA) clock: ulp_ucs/aclk_kernel_00 = 268
INFO: [v++ 60-1453] Command Line: cf2sw -a /home/miahafiz/NeuroRing_a_2048/_x.hw.NUM_2048.CORE_10.FREQ_300/link/int/address_map.xml -sdsl /home/miahafiz/NeuroRing_a_2048/_x.hw.NUM_2048.CORE_10.FREQ_300/link/int/sdsl.dat -xclbin /home/miahafiz/NeuroRing_a_2048/_x.hw.NUM_2048.CORE_10.FREQ_300/link/int/xclbin_orig.xml -rtd /home/miahafiz/NeuroRing_a_2048/_x.hw.NUM_2048.CORE_10.FREQ_300/link/int/krnl_neuroring_hw.rtd -o /home/miahafiz/NeuroRing_a_2048/_x.hw.NUM_2048.CORE_10.FREQ_300/link/int/krnl_neuroring_hw.xml
INFO: [v++ 60-1652] Cf2sw returned exit code: 0
INFO: [v++ 60-1441] [19:31:15] Run run_link: Step rtdgen: Completed
Time (s): cpu = 00:00:47 ; elapsed = 00:00:47 . Memory (MB): peak = 515.875 ; gain = 0.000 ; free physical = 123405 ; free virtual = 193798
INFO: [v++ 60-1443] [19:31:15] Run run_link: Step xclbinutil: Started
INFO: [v++ 60-1453] Command Line: xclbinutil --add-section BITSTREAM:RAW:/home/miahafiz/NeuroRing_a_2048/_x.hw.NUM_2048.CORE_10.FREQ_300/link/int/partial.bit --force --target hw --key-value SYS:dfx_enable:true --add-section :JSON:/home/miahafiz/NeuroRing_a_2048/_x.hw.NUM_2048.CORE_10.FREQ_300/link/int/krnl_neuroring_hw.rtd --append-section :JSON:/home/miahafiz/NeuroRing_a_2048/_x.hw.NUM_2048.CORE_10.FREQ_300/link/int/appendSection.rtd --add-section CLOCK_FREQ_TOPOLOGY:JSON:/home/miahafiz/NeuroRing_a_2048/_x.hw.NUM_2048.CORE_10.FREQ_300/link/int/krnl_neuroring_hw_xml.rtd --add-section BUILD_METADATA:JSON:/home/miahafiz/NeuroRing_a_2048/_x.hw.NUM_2048.CORE_10.FREQ_300/link/int/krnl_neuroring_hw_build.rtd --add-section EMBEDDED_METADATA:RAW:/home/miahafiz/NeuroRing_a_2048/_x.hw.NUM_2048.CORE_10.FREQ_300/link/int/krnl_neuroring_hw.xml --add-section SYSTEM_METADATA:RAW:/home/miahafiz/NeuroRing_a_2048/_x.hw.NUM_2048.CORE_10.FREQ_300/link/int/systemDiagramModelSlrBaseAddress.json --key-value SYS:PlatformVBNV:xilinx_u55c_gen3x16_xdma_3_202210_1 --output /home/miahafiz/NeuroRing_a_2048/_build_dir.hw.NUM_2048.CORE_10.FREQ_300/krnl_neuroring_hw.xclbin
INFO: [v++ 60-1454] Run Directory: /home/miahafiz/NeuroRing_a_2048/_x.hw.NUM_2048.CORE_10.FREQ_300/link/run_link
XRT Build Version: 2.18.179 (2024.2)
       Build Date: 2024-11-05 13:57:47
          Hash ID: 3ade2e671e5ab463400813fc2846c57edf82bb10
Creating a default 'in-memory' xclbin image.

Section: 'BITSTREAM'(0) was successfully added.
Size   : 78917994 bytes
Format : RAW
File   : '/home/miahafiz/NeuroRing_a_2048/_x.hw.NUM_2048.CORE_10.FREQ_300/link/int/partial.bit'

Section: 'MEM_TOPOLOGY'(6) was successfully added.
Format : JSON
File   : 'mem_topology'

Section: 'IP_LAYOUT'(8) was successfully added.
Format : JSON
File   : 'ip_layout'

Section: 'CONNECTIVITY'(7) was successfully added.
Format : JSON
File   : 'connectivity'

Section: 'CLOCK_FREQ_TOPOLOGY'(11) was successfully added.
Size   : 410 bytes
Format : JSON
File   : '/home/miahafiz/NeuroRing_a_2048/_x.hw.NUM_2048.CORE_10.FREQ_300/link/int/krnl_neuroring_hw_xml.rtd'

Section: 'BUILD_METADATA'(14) was successfully added.
Size   : 16465 bytes
Format : JSON
File   : '/home/miahafiz/NeuroRing_a_2048/_x.hw.NUM_2048.CORE_10.FREQ_300/link/int/krnl_neuroring_hw_build.rtd'

Section: 'EMBEDDED_METADATA'(2) was successfully added.
Size   : 67892 bytes
Format : RAW
File   : '/home/miahafiz/NeuroRing_a_2048/_x.hw.NUM_2048.CORE_10.FREQ_300/link/int/krnl_neuroring_hw.xml'

Section: 'SYSTEM_METADATA'(22) was successfully added.
Size   : 276386 bytes
Format : RAW
File   : '/home/miahafiz/NeuroRing_a_2048/_x.hw.NUM_2048.CORE_10.FREQ_300/link/int/systemDiagramModelSlrBaseAddress.json'

Section: 'PARTITION_METADATA'(20) was successfully appended to.
Format : JSON
File   : 'partition_metadata'

Section: 'IP_LAYOUT'(8) was successfully appended to.
Format : JSON
File   : 'ip_layout'
Successfully wrote (79366317 bytes) to the output file: /home/miahafiz/NeuroRing_a_2048/_build_dir.hw.NUM_2048.CORE_10.FREQ_300/krnl_neuroring_hw.xclbin
Leaving xclbinutil.
INFO: [v++ 60-1441] [19:31:17] Run run_link: Step xclbinutil: Completed
Time (s): cpu = 00:00:00.1 ; elapsed = 00:00:02 . Memory (MB): peak = 515.875 ; gain = 0.000 ; free physical = 123334 ; free virtual = 193802
INFO: [v++ 60-1443] [19:31:17] Run run_link: Step xclbinutilinfo: Started
INFO: [v++ 60-1453] Command Line: xclbinutil --quiet --force --info /home/miahafiz/NeuroRing_a_2048/_build_dir.hw.NUM_2048.CORE_10.FREQ_300/krnl_neuroring_hw.xclbin.info --input /home/miahafiz/NeuroRing_a_2048/_build_dir.hw.NUM_2048.CORE_10.FREQ_300/krnl_neuroring_hw.xclbin
INFO: [v++ 60-1454] Run Directory: /home/miahafiz/NeuroRing_a_2048/_x.hw.NUM_2048.CORE_10.FREQ_300/link/run_link
INFO: [v++ 60-1441] [19:31:18] Run run_link: Step xclbinutilinfo: Completed
Time (s): cpu = 00:00:01 ; elapsed = 00:00:01 . Memory (MB): peak = 515.875 ; gain = 0.000 ; free physical = 123332 ; free virtual = 193800
INFO: [v++ 60-2331] SLR1 was specfied for compute unit krnl_aurora_0, and verified as such in implementation.
INFO: [v++ 60-2331] SLR1 was specfied for compute unit krnl_aurora_1, and verified as such in implementation.
INFO: [v++ 60-244] Generating system estimate report...
INFO: [v++ 60-1092] Generated system estimate report: /home/miahafiz/NeuroRing_a_2048/_x.hw.NUM_2048.CORE_10.FREQ_300/reports/link/system_estimate_krnl_neuroring_hw.xtxt
INFO: [v++ 60-586] Created /home/miahafiz/NeuroRing_a_2048/_build_dir.hw.NUM_2048.CORE_10.FREQ_300/krnl_neuroring_hw.ltx
INFO: [v++ 60-586] Created _build_dir.hw.NUM_2048.CORE_10.FREQ_300/krnl_neuroring_hw.xclbin
INFO: [v++ 60-1307] Run completed. Additional information can be found in:
	Guidance: /home/miahafiz/NeuroRing_a_2048/_x.hw.NUM_2048.CORE_10.FREQ_300/reports/link/v++_link_krnl_neuroring_hw_guidance.html
	Timing Report: /home/miahafiz/NeuroRing_a_2048/_x.hw.NUM_2048.CORE_10.FREQ_300/reports/link/imp/impl_1_hw_bb_locked_timing_summary_routed.rpt
	Vivado Log: /home/miahafiz/NeuroRing_a_2048/_x.hw.NUM_2048.CORE_10.FREQ_300/logs/link/vivado.log
	Steps Log File: /home/miahafiz/NeuroRing_a_2048/_x.hw.NUM_2048.CORE_10.FREQ_300/logs/link/link.steps.log

INFO: [v++ 60-2343] Use the Vitis Unified IDE to visualize and navigate the reports. Run the following command. 
    vitis --analyze /home/miahafiz/NeuroRing_a_2048/_build_dir.hw.NUM_2048.CORE_10.FREQ_300/krnl_neuroring_hw.xclbin.link_summary 
INFO: [v++ 60-791] Total elapsed time: 6h 46m 13s
