
*** Running vivado
    with args -log bd_097b_user_debug_bridge_0.vds -m64 -product Vivado -mode batch -messageDb vivado.pb -notrace -source bd_097b_user_debug_bridge_0.tcl


****** Vivado v2025.1 (64-bit)
  **** SW Build 6140274 on Wed May 21 22:58:25 MDT 2025
  **** IP Build 6138677 on Thu May 22 03:10:11 MDT 2025
  **** SharedData Build 6139179 on Tue May 20 17:58:58 MDT 2025
  **** Start of session at: Fri Feb 27 13:22:00 2026
    ** Copyright 1986-2022 Xilinx, Inc. All Rights Reserved.
    ** Copyright 2022-2025 Advanced Micro Devices, Inc. All Rights Reserved.

source bd_097b_user_debug_bridge_0.tcl -notrace
INFO: Dispatch client connection id - 35645
create_project: Time (s): cpu = 00:00:10 ; elapsed = 00:00:11 . Memory (MB): peak = 1540.023 ; gain = 0.023 ; free physical = 42815 ; free virtual = 89358
INFO: [IP_Flow 19-234] Refreshing IP repositories
INFO: [IP_Flow 19-1700] Loaded user IP repository '/home/miahafiz/NeuroRing_a_2048/_x.hw.NUM_2048.CORE_10.FREQ_300/link/int/xo/ip_repo/xilinx_com_hls_SynapseRouter_1_0'.
INFO: [IP_Flow 19-1700] Loaded user IP repository '/home/miahafiz/NeuroRing_a_2048/_x.hw.NUM_2048.CORE_10.FREQ_300/link/int/xo/ip_repo/xilinx_com_user_krnl_aurora_1_0'.
INFO: [IP_Flow 19-1700] Loaded user IP repository '/home/miahafiz/NeuroRing_a_2048/_x.hw.NUM_2048.CORE_10.FREQ_300/link/int/xo/ip_repo/xilinx_com_hls_NeuroRing_1_0'.
INFO: [IP_Flow 19-1700] Loaded user IP repository '/home/miahafiz/NeuroRing_a_2048/_x.hw.NUM_2048.CORE_10.FREQ_300/link/vivado/vpl/.local/hw_platform/iprepo'.
INFO: [IP_Flow 19-1700] Loaded user IP repository '/opt/xilinx/2025.1/Vitis/data/cache/xilinx'.
INFO: [IP_Flow 19-1700] Loaded user IP repository '/home/miahafiz/NeuroRing_a_2048/_x.hw.NUM_2048.CORE_10.FREQ_300/link/vivado/vpl/.local/hw_platform/ipcache'.
INFO: [IP_Flow 19-1700] Loaded user IP repository '/opt/xilinx/2025.1/Vitis/data/vitis/ip'.
INFO: [IP_Flow 19-2313] Loaded Vivado IP repository '/opt/xilinx/2025.1/Vivado/data/ip'.
WARNING: [IP_Flow 19-1663] Duplicate IP found for 'xilinx.com:ip:axi_clk_metadata_adapter:1.0'. The one found in IP location '/home/miahafiz/NeuroRing_a_2048/_x.hw.NUM_2048.CORE_10.FREQ_300/link/vivado/vpl/.local/hw_platform/iprepo/ipdefs/other_ipdefs/axi_clk_metadata_adapter_v1_0' will take precedence over the same IP in location /home/miahafiz/NeuroRing_a_2048/_x.hw.NUM_2048.CORE_10.FREQ_300/link/vivado/vpl/.local/hw_platform/iprepo/ipdefs/pxi_ii_infra/axi_clk_metadata_adapter_v1_0
WARNING: [IP_Flow 19-1663] Duplicate IP found for 'xilinx.com:ip:axis_clk_metadata_adapter:1.0'. The one found in IP location '/home/miahafiz/NeuroRing_a_2048/_x.hw.NUM_2048.CORE_10.FREQ_300/link/vivado/vpl/.local/hw_platform/iprepo/ipdefs/other_ipdefs/axis_clk_metadata_adapter_v1_0' will take precedence over the same IP in location /home/miahafiz/NeuroRing_a_2048/_x.hw.NUM_2048.CORE_10.FREQ_300/link/vivado/vpl/.local/hw_platform/iprepo/ipdefs/pxi_ii_infra/axis_clk_metadata_adapter_v1_0
WARNING: [IP_Flow 19-1663] Duplicate IP found for 'xilinx.com:ip:clk_metadata_adapter:1.0'. The one found in IP location '/home/miahafiz/NeuroRing_a_2048/_x.hw.NUM_2048.CORE_10.FREQ_300/link/vivado/vpl/.local/hw_platform/iprepo/ipdefs/other_ipdefs/clk_metadata_adapter_v1_0' will take precedence over the same IP in location /home/miahafiz/NeuroRing_a_2048/_x.hw.NUM_2048.CORE_10.FREQ_300/link/vivado/vpl/.local/hw_platform/iprepo/ipdefs/pxi_ii_infra/clk_metadata_adapter_v1_0
WARNING: [IP_Flow 19-1663] Duplicate IP found for 'xilinx.com:ip:pipeline_reg:1.0'. The one found in IP location '/home/miahafiz/NeuroRing_a_2048/_x.hw.NUM_2048.CORE_10.FREQ_300/link/vivado/vpl/.local/hw_platform/iprepo/ipdefs/other_ipdefs/pipeline_reg_v1_0' will take precedence over the same IP in location /home/miahafiz/NeuroRing_a_2048/_x.hw.NUM_2048.CORE_10.FREQ_300/link/vivado/vpl/.local/hw_platform/iprepo/ipdefs/pxi_ii_infra/pipeline_reg_v1_0
Command: synth_design -top bd_097b_user_debug_bridge_0 -part xcu55c-fsvh2892-2L-e -incremental_mode off -mode out_of_context
Starting synth_design
Attempting to get a license for feature 'Synthesis' and/or device 'xcu55c'
INFO: [Common 17-349] Got license for feature 'Synthesis' and/or device 'xcu55c'
INFO: [Device 21-403] Loading part xcu55c-fsvh2892-2L-e
INFO: [Synth 8-7079] Multithreading enabled for synth_design using a maximum of 1 processes.
INFO: [Synth 8-7078] Launching helper process for spawning children vivado processes
INFO: [Synth 8-7075] Helper process launched with PID 2770878
---------------------------------------------------------------------------------
Starting RTL Elaboration : Time (s): cpu = 00:00:05 ; elapsed = 00:00:05 . Memory (MB): peak = 3240.430 ; gain = 289.691 ; free physical = 42205 ; free virtual = 88772
---------------------------------------------------------------------------------
INFO: [Synth 8-6157] synthesizing module 'bd_097b_user_debug_bridge_0' [/home/miahafiz/NeuroRing_a_2048/_x.hw.NUM_2048.CORE_10.FREQ_300/link/vivado/vpl/prj/prj.gen/my_rm/bd/ulp/ip/ulp_ulp_cmp_0/bd_0/ip/ip_2/synth/bd_097b_user_debug_bridge_0.v:53]
INFO: [Synth 8-6157] synthesizing module 'bd_7cf0' [/home/miahafiz/NeuroRing_a_2048/_x.hw.NUM_2048.CORE_10.FREQ_300/link/vivado/vpl/prj/prj.gen/my_rm/bd/ulp/ip/ulp_ulp_cmp_0/bd_1/synth/bd_7cf0.v:10]
INFO: [Synth 8-6157] synthesizing module 'bd_7cf0_axi_jtag_0' [/home/miahafiz/NeuroRing_a_2048/_x.hw.NUM_2048.CORE_10.FREQ_300/link/vivado/vpl/prj/prj.runs/bd_097b_user_debug_bridge_0_synth_1/.Xil/Vivado-2770070-cyberdeck/realtime/bd_7cf0_axi_jtag_0_stub.v:6]
INFO: [Synth 8-6155] done synthesizing module 'bd_7cf0_axi_jtag_0' (0#1) [/home/miahafiz/NeuroRing_a_2048/_x.hw.NUM_2048.CORE_10.FREQ_300/link/vivado/vpl/prj/prj.runs/bd_097b_user_debug_bridge_0_synth_1/.Xil/Vivado-2770070-cyberdeck/realtime/bd_7cf0_axi_jtag_0_stub.v:6]
INFO: [Synth 8-6157] synthesizing module 'bd_7cf0_bs_switch_1_0' [/home/miahafiz/NeuroRing_a_2048/_x.hw.NUM_2048.CORE_10.FREQ_300/link/vivado/vpl/prj/prj.runs/bd_097b_user_debug_bridge_0_synth_1/.Xil/Vivado-2770070-cyberdeck/realtime/bd_7cf0_bs_switch_1_0_stub.v:6]
INFO: [Synth 8-6155] done synthesizing module 'bd_7cf0_bs_switch_1_0' (0#1) [/home/miahafiz/NeuroRing_a_2048/_x.hw.NUM_2048.CORE_10.FREQ_300/link/vivado/vpl/prj/prj.runs/bd_097b_user_debug_bridge_0_synth_1/.Xil/Vivado-2770070-cyberdeck/realtime/bd_7cf0_bs_switch_1_0_stub.v:6]
INFO: [Synth 8-6157] synthesizing module 'bd_7cf0_bsip_0' [/home/miahafiz/NeuroRing_a_2048/_x.hw.NUM_2048.CORE_10.FREQ_300/link/vivado/vpl/prj/prj.runs/bd_097b_user_debug_bridge_0_synth_1/.Xil/Vivado-2770070-cyberdeck/realtime/bd_7cf0_bsip_0_stub.v:6]
INFO: [Synth 8-6155] done synthesizing module 'bd_7cf0_bsip_0' (0#1) [/home/miahafiz/NeuroRing_a_2048/_x.hw.NUM_2048.CORE_10.FREQ_300/link/vivado/vpl/prj/prj.runs/bd_097b_user_debug_bridge_0_synth_1/.Xil/Vivado-2770070-cyberdeck/realtime/bd_7cf0_bsip_0_stub.v:6]
INFO: [Synth 8-6155] done synthesizing module 'bd_7cf0' (0#1) [/home/miahafiz/NeuroRing_a_2048/_x.hw.NUM_2048.CORE_10.FREQ_300/link/vivado/vpl/prj/prj.gen/my_rm/bd/ulp/ip/ulp_ulp_cmp_0/bd_1/synth/bd_7cf0.v:10]
INFO: [Synth 8-6155] done synthesizing module 'bd_097b_user_debug_bridge_0' (0#1) [/home/miahafiz/NeuroRing_a_2048/_x.hw.NUM_2048.CORE_10.FREQ_300/link/vivado/vpl/prj/prj.gen/my_rm/bd/ulp/ip/ulp_ulp_cmp_0/bd_0/ip/ip_2/synth/bd_097b_user_debug_bridge_0.v:53]
---------------------------------------------------------------------------------
Finished RTL Elaboration : Time (s): cpu = 00:00:07 ; elapsed = 00:00:08 . Memory (MB): peak = 3321.367 ; gain = 370.629 ; free physical = 41687 ; free virtual = 88249
---------------------------------------------------------------------------------
---------------------------------------------------------------------------------
Start Handling Custom Attributes
---------------------------------------------------------------------------------
---------------------------------------------------------------------------------
Finished Handling Custom Attributes : Time (s): cpu = 00:00:07 ; elapsed = 00:00:08 . Memory (MB): peak = 3333.242 ; gain = 382.504 ; free physical = 41644 ; free virtual = 88205
---------------------------------------------------------------------------------
---------------------------------------------------------------------------------
Finished RTL Optimization Phase 1 : Time (s): cpu = 00:00:07 ; elapsed = 00:00:08 . Memory (MB): peak = 3333.242 ; gain = 382.504 ; free physical = 41644 ; free virtual = 88205
---------------------------------------------------------------------------------
Netlist sorting complete. Time (s): cpu = 00:00:00.01 ; elapsed = 00:00:00 . Memory (MB): peak = 3333.242 ; gain = 0.000 ; free physical = 41629 ; free virtual = 88190
INFO: [Project 1-570] Preparing netlist for logic optimization

Processing XDC Constraints
Initializing timing engine
Parsing XDC File [/home/miahafiz/NeuroRing_a_2048/_x.hw.NUM_2048.CORE_10.FREQ_300/link/vivado/vpl/prj/prj.gen/my_rm/bd/ulp/ip/ulp_ulp_cmp_0/bd_1/ip/ip_0/bd_7cf0_axi_jtag_0/bd_7cf0_axi_jtag_0_in_context.xdc] for cell 'inst/axi_jtag'
create_generated_clock: Time (s): cpu = 00:00:08 ; elapsed = 00:00:08 . Memory (MB): peak = 3353.273 ; gain = 0.000 ; free physical = 39008 ; free virtual = 85572
Finished Parsing XDC File [/home/miahafiz/NeuroRing_a_2048/_x.hw.NUM_2048.CORE_10.FREQ_300/link/vivado/vpl/prj/prj.gen/my_rm/bd/ulp/ip/ulp_ulp_cmp_0/bd_1/ip/ip_0/bd_7cf0_axi_jtag_0/bd_7cf0_axi_jtag_0_in_context.xdc] for cell 'inst/axi_jtag'
Parsing XDC File [/home/miahafiz/NeuroRing_a_2048/_x.hw.NUM_2048.CORE_10.FREQ_300/link/vivado/vpl/prj/prj.gen/my_rm/bd/ulp/ip/ulp_ulp_cmp_0/bd_1/ip/ip_1/bd_7cf0_bsip_0/bd_7cf0_bsip_0_in_context.xdc] for cell 'inst/bsip'
Finished Parsing XDC File [/home/miahafiz/NeuroRing_a_2048/_x.hw.NUM_2048.CORE_10.FREQ_300/link/vivado/vpl/prj/prj.gen/my_rm/bd/ulp/ip/ulp_ulp_cmp_0/bd_1/ip/ip_1/bd_7cf0_bsip_0/bd_7cf0_bsip_0_in_context.xdc] for cell 'inst/bsip'
Parsing XDC File [/home/miahafiz/NeuroRing_a_2048/_x.hw.NUM_2048.CORE_10.FREQ_300/link/vivado/vpl/prj/prj.gen/my_rm/bd/ulp/ip/ulp_ulp_cmp_0/bd_1/ip/ip_2/bd_7cf0_bs_switch_1_0/bd_7cf0_bs_switch_1_0_in_context.xdc] for cell 'inst/bs_switch_1'
Finished Parsing XDC File [/home/miahafiz/NeuroRing_a_2048/_x.hw.NUM_2048.CORE_10.FREQ_300/link/vivado/vpl/prj/prj.gen/my_rm/bd/ulp/ip/ulp_ulp_cmp_0/bd_1/ip/ip_2/bd_7cf0_bs_switch_1_0/bd_7cf0_bs_switch_1_0_in_context.xdc] for cell 'inst/bs_switch_1'
Parsing XDC File [/home/miahafiz/NeuroRing_a_2048/_x.hw.NUM_2048.CORE_10.FREQ_300/link/vivado/vpl/prj/prj.gen/my_rm/bd/ulp/ip/ulp_ulp_cmp_0/bd_0/ip/ip_2/bd_097b_user_debug_bridge_0_ooc.xdc] for cell 'inst'
Finished Parsing XDC File [/home/miahafiz/NeuroRing_a_2048/_x.hw.NUM_2048.CORE_10.FREQ_300/link/vivado/vpl/prj/prj.gen/my_rm/bd/ulp/ip/ulp_ulp_cmp_0/bd_0/ip/ip_2/bd_097b_user_debug_bridge_0_ooc.xdc] for cell 'inst'
Parsing XDC File [/home/miahafiz/NeuroRing_a_2048/_x.hw.NUM_2048.CORE_10.FREQ_300/link/vivado/vpl/prj/prj.runs/bd_097b_user_debug_bridge_0_synth_1/dont_touch.xdc]
Finished Parsing XDC File [/home/miahafiz/NeuroRing_a_2048/_x.hw.NUM_2048.CORE_10.FREQ_300/link/vivado/vpl/prj/prj.runs/bd_097b_user_debug_bridge_0_synth_1/dont_touch.xdc]
Completed Processing XDC Constraints

Netlist sorting complete. Time (s): cpu = 00:00:00 ; elapsed = 00:00:00 . Memory (MB): peak = 3353.273 ; gain = 0.000 ; free physical = 39003 ; free virtual = 85567
INFO: [Project 1-111] Unisim Transformation Summary:
No Unisim elements were transformed.

Constraint Validation Runtime : Time (s): cpu = 00:00:00.03 ; elapsed = 00:00:00.03 . Memory (MB): peak = 3353.309 ; gain = 0.000 ; free physical = 38968 ; free virtual = 85532
INFO: [Designutils 20-5008] Incremental synthesis strategy off
---------------------------------------------------------------------------------
Finished Constraint Validation : Time (s): cpu = 00:00:23 ; elapsed = 00:00:25 . Memory (MB): peak = 3353.309 ; gain = 402.570 ; free physical = 41077 ; free virtual = 87645
---------------------------------------------------------------------------------
---------------------------------------------------------------------------------
Start Loading Part and Timing Information
---------------------------------------------------------------------------------
Loading part: xcu55c-fsvh2892-2L-e
INFO: [Synth 8-6742] Reading net delay rules and data
---------------------------------------------------------------------------------
Finished Loading Part and Timing Information : Time (s): cpu = 00:00:23 ; elapsed = 00:00:25 . Memory (MB): peak = 3361.277 ; gain = 410.539 ; free physical = 41076 ; free virtual = 87644
---------------------------------------------------------------------------------
---------------------------------------------------------------------------------
Start Applying 'set_property' XDC Constraints
---------------------------------------------------------------------------------
---------------------------------------------------------------------------------
Finished applying 'set_property' XDC Constraints : Time (s): cpu = 00:00:23 ; elapsed = 00:00:25 . Memory (MB): peak = 3361.277 ; gain = 410.539 ; free physical = 41071 ; free virtual = 87639
---------------------------------------------------------------------------------
---------------------------------------------------------------------------------
Finished RTL Optimization Phase 2 : Time (s): cpu = 00:00:24 ; elapsed = 00:00:26 . Memory (MB): peak = 3361.277 ; gain = 410.539 ; free physical = 42599 ; free virtual = 89167
---------------------------------------------------------------------------------
---------------------------------------------------------------------------------
Start RTL Component Statistics 
---------------------------------------------------------------------------------
Detailed RTL Component Info : 
---------------------------------------------------------------------------------
Finished RTL Component Statistics 
---------------------------------------------------------------------------------
---------------------------------------------------------------------------------
Start Part Resource Summary
---------------------------------------------------------------------------------
Part Resources:
DSPs: 9024 (col length:94)
BRAMs: 4032 (col length: RAMB18 288 RAMB36 144)
---------------------------------------------------------------------------------
Finished Part Resource Summary
---------------------------------------------------------------------------------
---------------------------------------------------------------------------------
Start Cross Boundary and Area Optimization
---------------------------------------------------------------------------------
WARNING: [Synth 8-7080] Parallel synthesis criteria is not met
---------------------------------------------------------------------------------
Finished Cross Boundary and Area Optimization : Time (s): cpu = 00:00:26 ; elapsed = 00:00:28 . Memory (MB): peak = 3361.277 ; gain = 410.539 ; free physical = 44185 ; free virtual = 90754
---------------------------------------------------------------------------------
---------------------------------------------------------------------------------
Start Applying XDC Timing Constraints
---------------------------------------------------------------------------------
---------------------------------------------------------------------------------
Finished Applying XDC Timing Constraints : Time (s): cpu = 00:00:33 ; elapsed = 00:00:36 . Memory (MB): peak = 3861.969 ; gain = 911.230 ; free physical = 43215 ; free virtual = 89784
---------------------------------------------------------------------------------
---------------------------------------------------------------------------------
Start Timing Optimization
---------------------------------------------------------------------------------
---------------------------------------------------------------------------------
Finished Timing Optimization : Time (s): cpu = 00:00:33 ; elapsed = 00:00:36 . Memory (MB): peak = 3861.969 ; gain = 911.230 ; free physical = 43215 ; free virtual = 89784
---------------------------------------------------------------------------------
---------------------------------------------------------------------------------
Start Technology Mapping
---------------------------------------------------------------------------------
---------------------------------------------------------------------------------
Finished Technology Mapping : Time (s): cpu = 00:00:33 ; elapsed = 00:00:36 . Memory (MB): peak = 3870.984 ; gain = 920.246 ; free physical = 43202 ; free virtual = 89772
---------------------------------------------------------------------------------
---------------------------------------------------------------------------------
Start IO Insertion
---------------------------------------------------------------------------------
---------------------------------------------------------------------------------
Start Flattening Before IO Insertion
---------------------------------------------------------------------------------
---------------------------------------------------------------------------------
Finished Flattening Before IO Insertion
---------------------------------------------------------------------------------
---------------------------------------------------------------------------------
Start Final Netlist Cleanup
---------------------------------------------------------------------------------
---------------------------------------------------------------------------------
Finished Final Netlist Cleanup
---------------------------------------------------------------------------------
---------------------------------------------------------------------------------
Finished IO Insertion : Time (s): cpu = 00:00:37 ; elapsed = 00:00:40 . Memory (MB): peak = 4046.797 ; gain = 1096.059 ; free physical = 43083 ; free virtual = 89653
---------------------------------------------------------------------------------
---------------------------------------------------------------------------------
Start Renaming Generated Instances
---------------------------------------------------------------------------------
---------------------------------------------------------------------------------
Finished Renaming Generated Instances : Time (s): cpu = 00:00:37 ; elapsed = 00:00:40 . Memory (MB): peak = 4046.797 ; gain = 1096.059 ; free physical = 43083 ; free virtual = 89653
---------------------------------------------------------------------------------
---------------------------------------------------------------------------------
Start Rebuilding User Hierarchy
---------------------------------------------------------------------------------
---------------------------------------------------------------------------------
Finished Rebuilding User Hierarchy : Time (s): cpu = 00:00:37 ; elapsed = 00:00:40 . Memory (MB): peak = 4046.797 ; gain = 1096.059 ; free physical = 43083 ; free virtual = 89653
---------------------------------------------------------------------------------
---------------------------------------------------------------------------------
Start Renaming Generated Ports
---------------------------------------------------------------------------------
---------------------------------------------------------------------------------
Finished Renaming Generated Ports : Time (s): cpu = 00:00:37 ; elapsed = 00:00:40 . Memory (MB): peak = 4046.797 ; gain = 1096.059 ; free physical = 43083 ; free virtual = 89653
---------------------------------------------------------------------------------
---------------------------------------------------------------------------------
Start Handling Custom Attributes
---------------------------------------------------------------------------------
---------------------------------------------------------------------------------
Finished Handling Custom Attributes : Time (s): cpu = 00:00:37 ; elapsed = 00:00:40 . Memory (MB): peak = 4046.797 ; gain = 1096.059 ; free physical = 43083 ; free virtual = 89653
---------------------------------------------------------------------------------
---------------------------------------------------------------------------------
Start Renaming Generated Nets
---------------------------------------------------------------------------------
---------------------------------------------------------------------------------
Finished Renaming Generated Nets : Time (s): cpu = 00:00:37 ; elapsed = 00:00:40 . Memory (MB): peak = 4046.797 ; gain = 1096.059 ; free physical = 43083 ; free virtual = 89653
---------------------------------------------------------------------------------
---------------------------------------------------------------------------------
Start Writing Synthesis Report
---------------------------------------------------------------------------------

Report BlackBoxes: 
+------+----------------------+----------+
|      |BlackBox name         |Instances |
+------+----------------------+----------+
|1     |bd_7cf0_axi_jtag_0    |         1|
|2     |bd_7cf0_bs_switch_1_0 |         1|
|3     |bd_7cf0_bsip_0        |         1|
+------+----------------------+----------+

Report Cell Usage: 
+------+--------------------+------+
|      |Cell                |Count |
+------+--------------------+------+
|1     |bd_7cf0_axi_jtag    |     1|
|2     |bd_7cf0_bs_switch_1 |     1|
|3     |bd_7cf0_bsip        |     1|
+------+--------------------+------+
---------------------------------------------------------------------------------
Finished Writing Synthesis Report : Time (s): cpu = 00:00:37 ; elapsed = 00:00:40 . Memory (MB): peak = 4046.797 ; gain = 1096.059 ; free physical = 43083 ; free virtual = 89653
---------------------------------------------------------------------------------
Synthesis finished with 0 errors, 0 critical warnings and 1 warnings.
Synthesis Optimization Runtime : Time (s): cpu = 00:00:27 ; elapsed = 00:00:30 . Memory (MB): peak = 4046.797 ; gain = 1075.992 ; free physical = 43088 ; free virtual = 89657
Synthesis Optimization Complete : Time (s): cpu = 00:00:38 ; elapsed = 00:00:41 . Memory (MB): peak = 4046.797 ; gain = 1096.059 ; free physical = 43088 ; free virtual = 89657
INFO: [Project 1-571] Translating synthesized netlist
Netlist sorting complete. Time (s): cpu = 00:00:00 ; elapsed = 00:00:00 . Memory (MB): peak = 4046.797 ; gain = 0.000 ; free physical = 43088 ; free virtual = 89656
INFO: [Project 1-570] Preparing netlist for logic optimization
INFO: [Opt 31-138] Pushed 0 inverter(s) to 0 load pin(s).
Netlist sorting complete. Time (s): cpu = 00:00:00 ; elapsed = 00:00:00 . Memory (MB): peak = 4046.797 ; gain = 0.000 ; free physical = 43242 ; free virtual = 89812
INFO: [Project 1-111] Unisim Transformation Summary:
No Unisim elements were transformed.

Synth Design complete | Checksum: 2ca306ae
INFO: [Common 17-83] Releasing license: Synthesis
33 Infos, 5 Warnings, 0 Critical Warnings and 0 Errors encountered.
synth_design completed successfully
synth_design: Time (s): cpu = 00:00:57 ; elapsed = 00:00:58 . Memory (MB): peak = 4046.797 ; gain = 2468.992 ; free physical = 43250 ; free virtual = 89820
INFO: [Common 17-2834] synth_design peak Physical Memory [PSS] (MB): overall = 3168.884; main = 2984.805; forked = 184.079
INFO: [Common 17-2834] synth_design peak Virtual Memory [VSS] (MB): overall = 5002.008; main = 4046.801; forked = 955.207
INFO: [Common 17-1381] The checkpoint '/home/miahafiz/NeuroRing_a_2048/_x.hw.NUM_2048.CORE_10.FREQ_300/link/vivado/vpl/prj/prj.runs/bd_097b_user_debug_bridge_0_synth_1/bd_097b_user_debug_bridge_0.dcp' has been generated.
INFO: [Coretcl 2-1648] Added synthesis output to IP cache for IP bd_097b_user_debug_bridge_0, cache-ID = e3f1f50e71a2fa8e
INFO: [Coretcl 2-1174] Renamed 4 cell refs.
INFO: [Common 17-1381] The checkpoint '/home/miahafiz/NeuroRing_a_2048/_x.hw.NUM_2048.CORE_10.FREQ_300/link/vivado/vpl/prj/prj.runs/bd_097b_user_debug_bridge_0_synth_1/bd_097b_user_debug_bridge_0.dcp' has been generated.
INFO: [Vivado 12-24828] Executing command : report_utilization -file bd_097b_user_debug_bridge_0_utilization_synth.rpt -pb bd_097b_user_debug_bridge_0_utilization_synth.pb
INFO: [Common 17-206] Exiting Vivado at Fri Feb 27 13:23:26 2026...
