
*** Running vivado
    with args -log bd_85ad_axi_apb_bridge_inst_0.vds -m64 -product Vivado -mode batch -messageDb vivado.pb -notrace -source bd_85ad_axi_apb_bridge_inst_0.tcl


****** Vivado v2025.1 (64-bit)
  **** SW Build 6140274 on Wed May 21 22:58:25 MDT 2025
  **** IP Build 6138677 on Thu May 22 03:10:11 MDT 2025
  **** SharedData Build 6139179 on Tue May 20 17:58:58 MDT 2025
  **** Start of session at: Fri Feb 27 13:21:47 2026
    ** Copyright 1986-2022 Xilinx, Inc. All Rights Reserved.
    ** Copyright 2022-2025 Advanced Micro Devices, Inc. All Rights Reserved.

source bd_85ad_axi_apb_bridge_inst_0.tcl -notrace
INFO: Dispatch client connection id - 35645
create_project: Time (s): cpu = 00:00:10 ; elapsed = 00:00:11 . Memory (MB): peak = 1535.875 ; gain = 38.836 ; free physical = 43870 ; free virtual = 90410
INFO: [IP_Flow 19-234] Refreshing IP repositories
INFO: [IP_Flow 19-1700] Loaded user IP repository '/home/miahafiz/NeuroRing_a_2048/_x.hw.NUM_2048.CORE_10.FREQ_300/link/int/xo/ip_repo/xilinx_com_hls_SynapseRouter_1_0'.
INFO: [IP_Flow 19-1700] Loaded user IP repository '/home/miahafiz/NeuroRing_a_2048/_x.hw.NUM_2048.CORE_10.FREQ_300/link/int/xo/ip_repo/xilinx_com_user_krnl_aurora_1_0'.
INFO: [IP_Flow 19-1700] Loaded user IP repository '/home/miahafiz/NeuroRing_a_2048/_x.hw.NUM_2048.CORE_10.FREQ_300/link/int/xo/ip_repo/xilinx_com_hls_NeuroRing_1_0'.
INFO: [IP_Flow 19-1700] Loaded user IP repository '/home/miahafiz/NeuroRing_a_2048/_x.hw.NUM_2048.CORE_10.FREQ_300/link/vivado/vpl/.local/hw_platform/iprepo'.
INFO: [IP_Flow 19-1700] Loaded user IP repository '/opt/xilinx/2025.1/Vitis/data/cache/xilinx'.
INFO: [IP_Flow 19-1700] Loaded user IP repository '/home/miahafiz/NeuroRing_a_2048/_x.hw.NUM_2048.CORE_10.FREQ_300/link/vivado/vpl/.local/hw_platform/ipcache'.
INFO: [IP_Flow 19-1700] Loaded user IP repository '/opt/xilinx/2025.1/Vitis/data/vitis/ip'.
INFO: [IP_Flow 19-2313] Loaded Vivado IP repository '/opt/xilinx/2025.1/Vivado/data/ip'.
WARNING: [IP_Flow 19-1663] Duplicate IP found for 'xilinx.com:ip:axi_clk_metadata_adapter:1.0'. The one found in IP location '/home/miahafiz/NeuroRing_a_2048/_x.hw.NUM_2048.CORE_10.FREQ_300/link/vivado/vpl/.local/hw_platform/iprepo/ipdefs/other_ipdefs/axi_clk_metadata_adapter_v1_0' will take precedence over the same IP in location /home/miahafiz/NeuroRing_a_2048/_x.hw.NUM_2048.CORE_10.FREQ_300/link/vivado/vpl/.local/hw_platform/iprepo/ipdefs/pxi_ii_infra/axi_clk_metadata_adapter_v1_0
WARNING: [IP_Flow 19-1663] Duplicate IP found for 'xilinx.com:ip:axis_clk_metadata_adapter:1.0'. The one found in IP location '/home/miahafiz/NeuroRing_a_2048/_x.hw.NUM_2048.CORE_10.FREQ_300/link/vivado/vpl/.local/hw_platform/iprepo/ipdefs/other_ipdefs/axis_clk_metadata_adapter_v1_0' will take precedence over the same IP in location /home/miahafiz/NeuroRing_a_2048/_x.hw.NUM_2048.CORE_10.FREQ_300/link/vivado/vpl/.local/hw_platform/iprepo/ipdefs/pxi_ii_infra/axis_clk_metadata_adapter_v1_0
WARNING: [IP_Flow 19-1663] Duplicate IP found for 'xilinx.com:ip:clk_metadata_adapter:1.0'. The one found in IP location '/home/miahafiz/NeuroRing_a_2048/_x.hw.NUM_2048.CORE_10.FREQ_300/link/vivado/vpl/.local/hw_platform/iprepo/ipdefs/other_ipdefs/clk_metadata_adapter_v1_0' will take precedence over the same IP in location /home/miahafiz/NeuroRing_a_2048/_x.hw.NUM_2048.CORE_10.FREQ_300/link/vivado/vpl/.local/hw_platform/iprepo/ipdefs/pxi_ii_infra/clk_metadata_adapter_v1_0
WARNING: [IP_Flow 19-1663] Duplicate IP found for 'xilinx.com:ip:pipeline_reg:1.0'. The one found in IP location '/home/miahafiz/NeuroRing_a_2048/_x.hw.NUM_2048.CORE_10.FREQ_300/link/vivado/vpl/.local/hw_platform/iprepo/ipdefs/other_ipdefs/pipeline_reg_v1_0' will take precedence over the same IP in location /home/miahafiz/NeuroRing_a_2048/_x.hw.NUM_2048.CORE_10.FREQ_300/link/vivado/vpl/.local/hw_platform/iprepo/ipdefs/pxi_ii_infra/pipeline_reg_v1_0
Command: synth_design -top bd_85ad_axi_apb_bridge_inst_0 -part xcu55c-fsvh2892-2L-e -incremental_mode off -mode out_of_context
Starting synth_design
Attempting to get a license for feature 'Synthesis' and/or device 'xcu55c'
INFO: [Common 17-349] Got license for feature 'Synthesis' and/or device 'xcu55c'
INFO: [Device 21-403] Loading part xcu55c-fsvh2892-2L-e
INFO: [Synth 8-7079] Multithreading enabled for synth_design using a maximum of 1 processes.
INFO: [Synth 8-7078] Launching helper process for spawning children vivado processes
INFO: [Synth 8-7075] Helper process launched with PID 2770724
---------------------------------------------------------------------------------
Starting RTL Elaboration : Time (s): cpu = 00:00:05 ; elapsed = 00:00:05 . Memory (MB): peak = 3237.555 ; gain = 288.777 ; free physical = 43507 ; free virtual = 90073
---------------------------------------------------------------------------------
INFO: [Synth 8-638] synthesizing module 'bd_85ad_axi_apb_bridge_inst_0' [/home/miahafiz/NeuroRing_a_2048/_x.hw.NUM_2048.CORE_10.FREQ_300/link/vivado/vpl/prj/prj.gen/my_rm/bd/ulp/ip/ulp_hmss_0_0/bd_0/ip/ip_36/synth/bd_85ad_axi_apb_bridge_inst_0.vhd:91]
	Parameter C_FAMILY bound to: virtexuplusHBM - type: string 
	Parameter C_INSTANCE bound to: axi_apb_bridge_inst - type: string 
	Parameter C_S_AXI_ADDR_WIDTH bound to: 23 - type: integer 
	Parameter C_S_AXI_DATA_WIDTH bound to: 32 - type: integer 
	Parameter C_M_APB_ADDR_WIDTH bound to: 23 - type: integer 
	Parameter C_M_APB_DATA_WIDTH bound to: 32 - type: integer 
	Parameter C_APB_NUM_SLAVES bound to: 2 - type: integer 
	Parameter C_M_APB_PROTOCOL bound to: apb3 - type: string 
	Parameter C_BASEADDR bound to: 64'b0000000000000000000000000000000000000000000000000000000000000000 
	Parameter C_HIGHADDR bound to: 64'b0000000000000000000000000000000000000000001111111111111111111111 
	Parameter C_S_AXI_RNG2_BASEADDR bound to: 64'b0000000000000000000000000000000000000000010000000000000000000000 
	Parameter C_S_AXI_RNG2_HIGHADDR bound to: 64'b0000000000000000000000000000000000000000011111111111111111111111 
	Parameter C_S_AXI_RNG3_BASEADDR bound to: 64'b0000000000000000000000000000000000100000000000000000000000000000 
	Parameter C_S_AXI_RNG3_HIGHADDR bound to: 64'b0000000000000000000000000000000000101111111111111111111111111111 
	Parameter C_S_AXI_RNG4_BASEADDR bound to: 64'b0000000000000000000000000000000000110000000000000000000000000000 
	Parameter C_S_AXI_RNG4_HIGHADDR bound to: 64'b0000000000000000000000000000000000111111111111111111111111111111 
	Parameter C_S_AXI_RNG5_BASEADDR bound to: 64'b0000000000000000000000000000000001000000000000000000000000000000 
	Parameter C_S_AXI_RNG5_HIGHADDR bound to: 64'b0000000000000000000000000000000001001111111111111111111111111111 
	Parameter C_S_AXI_RNG6_BASEADDR bound to: 64'b0000000000000000000000000000000001010000000000000000000000000000 
	Parameter C_S_AXI_RNG6_HIGHADDR bound to: 64'b0000000000000000000000000000000001011111111111111111111111111111 
	Parameter C_S_AXI_RNG7_BASEADDR bound to: 64'b0000000000000000000000000000000001100000000000000000000000000000 
	Parameter C_S_AXI_RNG7_HIGHADDR bound to: 64'b0000000000000000000000000000000001101111111111111111111111111111 
	Parameter C_S_AXI_RNG8_BASEADDR bound to: 64'b0000000000000000000000000000000001110000000000000000000000000000 
	Parameter C_S_AXI_RNG8_HIGHADDR bound to: 64'b0000000000000000000000000000000001111111111111111111111111111111 
	Parameter C_S_AXI_RNG9_BASEADDR bound to: 64'b0000000000000000000000000000000010000000000000000000000000000000 
	Parameter C_S_AXI_RNG9_HIGHADDR bound to: 64'b0000000000000000000000000000000010001111111111111111111111111111 
	Parameter C_S_AXI_RNG10_BASEADDR bound to: 64'b0000000000000000000000000000000010010000000000000000000000000000 
	Parameter C_S_AXI_RNG10_HIGHADDR bound to: 64'b0000000000000000000000000000000010011111111111111111111111111111 
	Parameter C_S_AXI_RNG11_BASEADDR bound to: 64'b0000000000000000000000000000000010100000000000000000000000000000 
	Parameter C_S_AXI_RNG11_HIGHADDR bound to: 64'b0000000000000000000000000000000010101111111111111111111111111111 
	Parameter C_S_AXI_RNG12_BASEADDR bound to: 64'b0000000000000000000000000000000010110000000000000000000000000000 
	Parameter C_S_AXI_RNG12_HIGHADDR bound to: 64'b0000000000000000000000000000000010111111111111111111111111111111 
	Parameter C_S_AXI_RNG13_BASEADDR bound to: 64'b0000000000000000000000000000000011000000000000000000000000000000 
	Parameter C_S_AXI_RNG13_HIGHADDR bound to: 64'b0000000000000000000000000000000011001111111111111111111111111111 
	Parameter C_S_AXI_RNG14_BASEADDR bound to: 64'b0000000000000000000000000000000011010000000000000000000000000000 
	Parameter C_S_AXI_RNG14_HIGHADDR bound to: 64'b0000000000000000000000000000000011011111111111111111111111111111 
	Parameter C_S_AXI_RNG15_BASEADDR bound to: 64'b0000000000000000000000000000000011100000000000000000000000000000 
	Parameter C_S_AXI_RNG15_HIGHADDR bound to: 64'b0000000000000000000000000000000011101111111111111111111111111111 
	Parameter C_S_AXI_RNG16_BASEADDR bound to: 64'b0000000000000000000000000000000011110000000000000000000000000000 
	Parameter C_S_AXI_RNG16_HIGHADDR bound to: 64'b0000000000000000000000000000000011111111111111111111111111111111 
	Parameter C_DPHASE_TIMEOUT bound to: 0 - type: integer 
INFO: [Synth 8-3491] module 'axi_apb_bridge' declared at '/home/miahafiz/NeuroRing_a_2048/_x.hw.NUM_2048.CORE_10.FREQ_300/link/vivado/vpl/prj/prj.gen/my_rm/bd/ulp/ipshared/6670/hdl/axi_apb_bridge_v3_0_vh_rfs.vhd:7177' bound to instance 'U0' of component 'axi_apb_bridge' [/home/miahafiz/NeuroRing_a_2048/_x.hw.NUM_2048.CORE_10.FREQ_300/link/vivado/vpl/prj/prj.gen/my_rm/bd/ulp/ip/ulp_hmss_0_0/bd_0/ip/ip_36/synth/bd_85ad_axi_apb_bridge_inst_0.vhd:235]
INFO: [Synth 8-638] synthesizing module 'axi_apb_bridge' [/home/miahafiz/NeuroRing_a_2048/_x.hw.NUM_2048.CORE_10.FREQ_300/link/vivado/vpl/prj/prj.gen/my_rm/bd/ulp/ipshared/6670/hdl/axi_apb_bridge_v3_0_vh_rfs.vhd:7286]
INFO: [Synth 8-638] synthesizing module 'psel_decoder' [/home/miahafiz/NeuroRing_a_2048/_x.hw.NUM_2048.CORE_10.FREQ_300/link/vivado/vpl/prj/prj.gen/my_rm/bd/ulp/ipshared/6670/hdl/axi_apb_bridge_v3_0_vh_rfs.vhd:546]
INFO: [Synth 8-638] synthesizing module 'pselect_f' [/home/miahafiz/NeuroRing_a_2048/_x.hw.NUM_2048.CORE_10.FREQ_300/link/vivado/vpl/prj/prj.gen/my_rm/bd/ulp/ipshared/6670/hdl/axi_apb_bridge_v3_0_vh_rfs.vhd:142]
INFO: [Synth 8-256] done synthesizing module 'pselect_f' (0#1) [/home/miahafiz/NeuroRing_a_2048/_x.hw.NUM_2048.CORE_10.FREQ_300/link/vivado/vpl/prj/prj.gen/my_rm/bd/ulp/ipshared/6670/hdl/axi_apb_bridge_v3_0_vh_rfs.vhd:142]
INFO: [Synth 8-638] synthesizing module 'pselect_f__parameterized0' [/home/miahafiz/NeuroRing_a_2048/_x.hw.NUM_2048.CORE_10.FREQ_300/link/vivado/vpl/prj/prj.gen/my_rm/bd/ulp/ipshared/6670/hdl/axi_apb_bridge_v3_0_vh_rfs.vhd:142]
INFO: [Synth 8-256] done synthesizing module 'pselect_f__parameterized0' (0#1) [/home/miahafiz/NeuroRing_a_2048/_x.hw.NUM_2048.CORE_10.FREQ_300/link/vivado/vpl/prj/prj.gen/my_rm/bd/ulp/ipshared/6670/hdl/axi_apb_bridge_v3_0_vh_rfs.vhd:142]
INFO: [Synth 8-256] done synthesizing module 'psel_decoder' (0#1) [/home/miahafiz/NeuroRing_a_2048/_x.hw.NUM_2048.CORE_10.FREQ_300/link/vivado/vpl/prj/prj.gen/my_rm/bd/ulp/ipshared/6670/hdl/axi_apb_bridge_v3_0_vh_rfs.vhd:546]
INFO: [Synth 8-638] synthesizing module 'multiplexor' [/home/miahafiz/NeuroRing_a_2048/_x.hw.NUM_2048.CORE_10.FREQ_300/link/vivado/vpl/prj/prj.gen/my_rm/bd/ulp/ipshared/6670/hdl/axi_apb_bridge_v3_0_vh_rfs.vhd:4132]
INFO: [Synth 8-256] done synthesizing module 'multiplexor' (0#1) [/home/miahafiz/NeuroRing_a_2048/_x.hw.NUM_2048.CORE_10.FREQ_300/link/vivado/vpl/prj/prj.gen/my_rm/bd/ulp/ipshared/6670/hdl/axi_apb_bridge_v3_0_vh_rfs.vhd:4132]
INFO: [Synth 8-638] synthesizing module 'axilite_sif' [/home/miahafiz/NeuroRing_a_2048/_x.hw.NUM_2048.CORE_10.FREQ_300/link/vivado/vpl/prj/prj.gen/my_rm/bd/ulp/ipshared/6670/hdl/axi_apb_bridge_v3_0_vh_rfs.vhd:6082]
INFO: [Synth 8-226] default block is never used [/home/miahafiz/NeuroRing_a_2048/_x.hw.NUM_2048.CORE_10.FREQ_300/link/vivado/vpl/prj/prj.gen/my_rm/bd/ulp/ipshared/6670/hdl/axi_apb_bridge_v3_0_vh_rfs.vhd:6344]
INFO: [Synth 8-256] done synthesizing module 'axilite_sif' (0#1) [/home/miahafiz/NeuroRing_a_2048/_x.hw.NUM_2048.CORE_10.FREQ_300/link/vivado/vpl/prj/prj.gen/my_rm/bd/ulp/ipshared/6670/hdl/axi_apb_bridge_v3_0_vh_rfs.vhd:6082]
INFO: [Synth 8-638] synthesizing module 'apb_mif' [/home/miahafiz/NeuroRing_a_2048/_x.hw.NUM_2048.CORE_10.FREQ_300/link/vivado/vpl/prj/prj.gen/my_rm/bd/ulp/ipshared/6670/hdl/axi_apb_bridge_v3_0_vh_rfs.vhd:6674]
INFO: [Synth 8-256] done synthesizing module 'apb_mif' (0#1) [/home/miahafiz/NeuroRing_a_2048/_x.hw.NUM_2048.CORE_10.FREQ_300/link/vivado/vpl/prj/prj.gen/my_rm/bd/ulp/ipshared/6670/hdl/axi_apb_bridge_v3_0_vh_rfs.vhd:6674]
INFO: [Synth 8-256] done synthesizing module 'axi_apb_bridge' (0#1) [/home/miahafiz/NeuroRing_a_2048/_x.hw.NUM_2048.CORE_10.FREQ_300/link/vivado/vpl/prj/prj.gen/my_rm/bd/ulp/ipshared/6670/hdl/axi_apb_bridge_v3_0_vh_rfs.vhd:7286]
INFO: [Synth 8-256] done synthesizing module 'bd_85ad_axi_apb_bridge_inst_0' (0#1) [/home/miahafiz/NeuroRing_a_2048/_x.hw.NUM_2048.CORE_10.FREQ_300/link/vivado/vpl/prj/prj.gen/my_rm/bd/ulp/ip/ulp_hmss_0_0/bd_0/ip/ip_36/synth/bd_85ad_axi_apb_bridge_inst_0.vhd:91]
WARNING: [Synth 8-7129] Port axi_awprot[2] in module apb_mif is either unconnected or has no load
WARNING: [Synth 8-7129] Port axi_awprot[1] in module apb_mif is either unconnected or has no load
WARNING: [Synth 8-7129] Port axi_awprot[0] in module apb_mif is either unconnected or has no load
WARNING: [Synth 8-7129] Port S_AXI_WSTRB[3] in module apb_mif is either unconnected or has no load
WARNING: [Synth 8-7129] Port S_AXI_WSTRB[2] in module apb_mif is either unconnected or has no load
WARNING: [Synth 8-7129] Port S_AXI_WSTRB[1] in module apb_mif is either unconnected or has no load
WARNING: [Synth 8-7129] Port S_AXI_WSTRB[0] in module apb_mif is either unconnected or has no load
WARNING: [Synth 8-7129] Port S_AXI_ARPROT[2] in module apb_mif is either unconnected or has no load
WARNING: [Synth 8-7129] Port S_AXI_ARPROT[1] in module apb_mif is either unconnected or has no load
WARNING: [Synth 8-7129] Port S_AXI_ARPROT[0] in module apb_mif is either unconnected or has no load
WARNING: [Synth 8-7129] Port S_AXI_AWPROT[2] in module axilite_sif is either unconnected or has no load
WARNING: [Synth 8-7129] Port S_AXI_AWPROT[1] in module axilite_sif is either unconnected or has no load
WARNING: [Synth 8-7129] Port S_AXI_AWPROT[0] in module axilite_sif is either unconnected or has no load
WARNING: [Synth 8-7129] Port M_APB_PRDATA3[31] in module multiplexor is either unconnected or has no load
WARNING: [Synth 8-7129] Port M_APB_PRDATA3[30] in module multiplexor is either unconnected or has no load
WARNING: [Synth 8-7129] Port M_APB_PRDATA3[29] in module multiplexor is either unconnected or has no load
WARNING: [Synth 8-7129] Port M_APB_PRDATA3[28] in module multiplexor is either unconnected or has no load
WARNING: [Synth 8-7129] Port M_APB_PRDATA3[27] in module multiplexor is either unconnected or has no load
WARNING: [Synth 8-7129] Port M_APB_PRDATA3[26] in module multiplexor is either unconnected or has no load
WARNING: [Synth 8-7129] Port M_APB_PRDATA3[25] in module multiplexor is either unconnected or has no load
WARNING: [Synth 8-7129] Port M_APB_PRDATA3[24] in module multiplexor is either unconnected or has no load
WARNING: [Synth 8-7129] Port M_APB_PRDATA3[23] in module multiplexor is either unconnected or has no load
WARNING: [Synth 8-7129] Port M_APB_PRDATA3[22] in module multiplexor is either unconnected or has no load
WARNING: [Synth 8-7129] Port M_APB_PRDATA3[21] in module multiplexor is either unconnected or has no load
WARNING: [Synth 8-7129] Port M_APB_PRDATA3[20] in module multiplexor is either unconnected or has no load
WARNING: [Synth 8-7129] Port M_APB_PRDATA3[19] in module multiplexor is either unconnected or has no load
WARNING: [Synth 8-7129] Port M_APB_PRDATA3[18] in module multiplexor is either unconnected or has no load
WARNING: [Synth 8-7129] Port M_APB_PRDATA3[17] in module multiplexor is either unconnected or has no load
WARNING: [Synth 8-7129] Port M_APB_PRDATA3[16] in module multiplexor is either unconnected or has no load
WARNING: [Synth 8-7129] Port M_APB_PRDATA3[15] in module multiplexor is either unconnected or has no load
WARNING: [Synth 8-7129] Port M_APB_PRDATA3[14] in module multiplexor is either unconnected or has no load
WARNING: [Synth 8-7129] Port M_APB_PRDATA3[13] in module multiplexor is either unconnected or has no load
WARNING: [Synth 8-7129] Port M_APB_PRDATA3[12] in module multiplexor is either unconnected or has no load
WARNING: [Synth 8-7129] Port M_APB_PRDATA3[11] in module multiplexor is either unconnected or has no load
WARNING: [Synth 8-7129] Port M_APB_PRDATA3[10] in module multiplexor is either unconnected or has no load
WARNING: [Synth 8-7129] Port M_APB_PRDATA3[9] in module multiplexor is either unconnected or has no load
WARNING: [Synth 8-7129] Port M_APB_PRDATA3[8] in module multiplexor is either unconnected or has no load
WARNING: [Synth 8-7129] Port M_APB_PRDATA3[7] in module multiplexor is either unconnected or has no load
WARNING: [Synth 8-7129] Port M_APB_PRDATA3[6] in module multiplexor is either unconnected or has no load
WARNING: [Synth 8-7129] Port M_APB_PRDATA3[5] in module multiplexor is either unconnected or has no load
WARNING: [Synth 8-7129] Port M_APB_PRDATA3[4] in module multiplexor is either unconnected or has no load
WARNING: [Synth 8-7129] Port M_APB_PRDATA3[3] in module multiplexor is either unconnected or has no load
WARNING: [Synth 8-7129] Port M_APB_PRDATA3[2] in module multiplexor is either unconnected or has no load
WARNING: [Synth 8-7129] Port M_APB_PRDATA3[1] in module multiplexor is either unconnected or has no load
WARNING: [Synth 8-7129] Port M_APB_PRDATA3[0] in module multiplexor is either unconnected or has no load
WARNING: [Synth 8-7129] Port M_APB_PRDATA4[31] in module multiplexor is either unconnected or has no load
WARNING: [Synth 8-7129] Port M_APB_PRDATA4[30] in module multiplexor is either unconnected or has no load
WARNING: [Synth 8-7129] Port M_APB_PRDATA4[29] in module multiplexor is either unconnected or has no load
WARNING: [Synth 8-7129] Port M_APB_PRDATA4[28] in module multiplexor is either unconnected or has no load
WARNING: [Synth 8-7129] Port M_APB_PRDATA4[27] in module multiplexor is either unconnected or has no load
WARNING: [Synth 8-7129] Port M_APB_PRDATA4[26] in module multiplexor is either unconnected or has no load
WARNING: [Synth 8-7129] Port M_APB_PRDATA4[25] in module multiplexor is either unconnected or has no load
WARNING: [Synth 8-7129] Port M_APB_PRDATA4[24] in module multiplexor is either unconnected or has no load
WARNING: [Synth 8-7129] Port M_APB_PRDATA4[23] in module multiplexor is either unconnected or has no load
WARNING: [Synth 8-7129] Port M_APB_PRDATA4[22] in module multiplexor is either unconnected or has no load
WARNING: [Synth 8-7129] Port M_APB_PRDATA4[21] in module multiplexor is either unconnected or has no load
WARNING: [Synth 8-7129] Port M_APB_PRDATA4[20] in module multiplexor is either unconnected or has no load
WARNING: [Synth 8-7129] Port M_APB_PRDATA4[19] in module multiplexor is either unconnected or has no load
WARNING: [Synth 8-7129] Port M_APB_PRDATA4[18] in module multiplexor is either unconnected or has no load
WARNING: [Synth 8-7129] Port M_APB_PRDATA4[17] in module multiplexor is either unconnected or has no load
WARNING: [Synth 8-7129] Port M_APB_PRDATA4[16] in module multiplexor is either unconnected or has no load
WARNING: [Synth 8-7129] Port M_APB_PRDATA4[15] in module multiplexor is either unconnected or has no load
WARNING: [Synth 8-7129] Port M_APB_PRDATA4[14] in module multiplexor is either unconnected or has no load
WARNING: [Synth 8-7129] Port M_APB_PRDATA4[13] in module multiplexor is either unconnected or has no load
WARNING: [Synth 8-7129] Port M_APB_PRDATA4[12] in module multiplexor is either unconnected or has no load
WARNING: [Synth 8-7129] Port M_APB_PRDATA4[11] in module multiplexor is either unconnected or has no load
WARNING: [Synth 8-7129] Port M_APB_PRDATA4[10] in module multiplexor is either unconnected or has no load
WARNING: [Synth 8-7129] Port M_APB_PRDATA4[9] in module multiplexor is either unconnected or has no load
WARNING: [Synth 8-7129] Port M_APB_PRDATA4[8] in module multiplexor is either unconnected or has no load
WARNING: [Synth 8-7129] Port M_APB_PRDATA4[7] in module multiplexor is either unconnected or has no load
WARNING: [Synth 8-7129] Port M_APB_PRDATA4[6] in module multiplexor is either unconnected or has no load
WARNING: [Synth 8-7129] Port M_APB_PRDATA4[5] in module multiplexor is either unconnected or has no load
WARNING: [Synth 8-7129] Port M_APB_PRDATA4[4] in module multiplexor is either unconnected or has no load
WARNING: [Synth 8-7129] Port M_APB_PRDATA4[3] in module multiplexor is either unconnected or has no load
WARNING: [Synth 8-7129] Port M_APB_PRDATA4[2] in module multiplexor is either unconnected or has no load
WARNING: [Synth 8-7129] Port M_APB_PRDATA4[1] in module multiplexor is either unconnected or has no load
WARNING: [Synth 8-7129] Port M_APB_PRDATA4[0] in module multiplexor is either unconnected or has no load
WARNING: [Synth 8-7129] Port M_APB_PRDATA5[31] in module multiplexor is either unconnected or has no load
WARNING: [Synth 8-7129] Port M_APB_PRDATA5[30] in module multiplexor is either unconnected or has no load
WARNING: [Synth 8-7129] Port M_APB_PRDATA5[29] in module multiplexor is either unconnected or has no load
WARNING: [Synth 8-7129] Port M_APB_PRDATA5[28] in module multiplexor is either unconnected or has no load
WARNING: [Synth 8-7129] Port M_APB_PRDATA5[27] in module multiplexor is either unconnected or has no load
WARNING: [Synth 8-7129] Port M_APB_PRDATA5[26] in module multiplexor is either unconnected or has no load
WARNING: [Synth 8-7129] Port M_APB_PRDATA5[25] in module multiplexor is either unconnected or has no load
WARNING: [Synth 8-7129] Port M_APB_PRDATA5[24] in module multiplexor is either unconnected or has no load
WARNING: [Synth 8-7129] Port M_APB_PRDATA5[23] in module multiplexor is either unconnected or has no load
WARNING: [Synth 8-7129] Port M_APB_PRDATA5[22] in module multiplexor is either unconnected or has no load
WARNING: [Synth 8-7129] Port M_APB_PRDATA5[21] in module multiplexor is either unconnected or has no load
WARNING: [Synth 8-7129] Port M_APB_PRDATA5[20] in module multiplexor is either unconnected or has no load
WARNING: [Synth 8-7129] Port M_APB_PRDATA5[19] in module multiplexor is either unconnected or has no load
WARNING: [Synth 8-7129] Port M_APB_PRDATA5[18] in module multiplexor is either unconnected or has no load
WARNING: [Synth 8-7129] Port M_APB_PRDATA5[17] in module multiplexor is either unconnected or has no load
WARNING: [Synth 8-7129] Port M_APB_PRDATA5[16] in module multiplexor is either unconnected or has no load
WARNING: [Synth 8-7129] Port M_APB_PRDATA5[15] in module multiplexor is either unconnected or has no load
WARNING: [Synth 8-7129] Port M_APB_PRDATA5[14] in module multiplexor is either unconnected or has no load
WARNING: [Synth 8-7129] Port M_APB_PRDATA5[13] in module multiplexor is either unconnected or has no load
WARNING: [Synth 8-7129] Port M_APB_PRDATA5[12] in module multiplexor is either unconnected or has no load
WARNING: [Synth 8-7129] Port M_APB_PRDATA5[11] in module multiplexor is either unconnected or has no load
WARNING: [Synth 8-7129] Port M_APB_PRDATA5[10] in module multiplexor is either unconnected or has no load
WARNING: [Synth 8-7129] Port M_APB_PRDATA5[9] in module multiplexor is either unconnected or has no load
INFO: [Common 17-14] Message 'Synth 8-7129' appears 100 times and further instances of the messages will be disabled.
---------------------------------------------------------------------------------
Finished RTL Elaboration : Time (s): cpu = 00:00:07 ; elapsed = 00:00:08 . Memory (MB): peak = 3322.492 ; gain = 373.715 ; free physical = 43428 ; free virtual = 89982
---------------------------------------------------------------------------------
---------------------------------------------------------------------------------
Start Handling Custom Attributes
---------------------------------------------------------------------------------
---------------------------------------------------------------------------------
Finished Handling Custom Attributes : Time (s): cpu = 00:00:07 ; elapsed = 00:00:08 . Memory (MB): peak = 3334.367 ; gain = 385.590 ; free physical = 43403 ; free virtual = 89957
---------------------------------------------------------------------------------
---------------------------------------------------------------------------------
Finished RTL Optimization Phase 1 : Time (s): cpu = 00:00:07 ; elapsed = 00:00:08 . Memory (MB): peak = 3334.367 ; gain = 385.590 ; free physical = 43403 ; free virtual = 89957
---------------------------------------------------------------------------------
Netlist sorting complete. Time (s): cpu = 00:00:00.01 ; elapsed = 00:00:00.02 . Memory (MB): peak = 3334.367 ; gain = 0.000 ; free physical = 43401 ; free virtual = 89955
INFO: [Project 1-570] Preparing netlist for logic optimization

Processing XDC Constraints
Initializing timing engine
Parsing XDC File [/home/miahafiz/NeuroRing_a_2048/_x.hw.NUM_2048.CORE_10.FREQ_300/link/vivado/vpl/prj/prj.gen/my_rm/bd/ulp/ip/ulp_hmss_0_0/bd_0/ip/ip_36/bd_85ad_axi_apb_bridge_inst_0_ooc.xdc] for cell 'U0'
create_clock: Time (s): cpu = 00:00:06 ; elapsed = 00:00:06 . Memory (MB): peak = 3431.297 ; gain = 3.117 ; free physical = 42497 ; free virtual = 89085
Finished Parsing XDC File [/home/miahafiz/NeuroRing_a_2048/_x.hw.NUM_2048.CORE_10.FREQ_300/link/vivado/vpl/prj/prj.gen/my_rm/bd/ulp/ip/ulp_hmss_0_0/bd_0/ip/ip_36/bd_85ad_axi_apb_bridge_inst_0_ooc.xdc] for cell 'U0'
Parsing XDC File [/home/miahafiz/NeuroRing_a_2048/_x.hw.NUM_2048.CORE_10.FREQ_300/link/vivado/vpl/prj/prj.runs/bd_85ad_axi_apb_bridge_inst_0_synth_1/dont_touch.xdc]
Finished Parsing XDC File [/home/miahafiz/NeuroRing_a_2048/_x.hw.NUM_2048.CORE_10.FREQ_300/link/vivado/vpl/prj/prj.runs/bd_85ad_axi_apb_bridge_inst_0_synth_1/dont_touch.xdc]
Completed Processing XDC Constraints

Netlist sorting complete. Time (s): cpu = 00:00:00 ; elapsed = 00:00:00 . Memory (MB): peak = 3431.297 ; gain = 0.000 ; free physical = 42485 ; free virtual = 89072
INFO: [Project 1-111] Unisim Transformation Summary:
No Unisim elements were transformed.

Constraint Validation Runtime : Time (s): cpu = 00:00:00.05 ; elapsed = 00:00:00.27 . Memory (MB): peak = 3431.332 ; gain = 0.000 ; free physical = 41947 ; free virtual = 88508
INFO: [Designutils 20-5008] Incremental synthesis strategy off
---------------------------------------------------------------------------------
Finished Constraint Validation : Time (s): cpu = 00:00:21 ; elapsed = 00:00:24 . Memory (MB): peak = 3431.332 ; gain = 482.555 ; free physical = 40714 ; free virtual = 87275
---------------------------------------------------------------------------------
---------------------------------------------------------------------------------
Start Loading Part and Timing Information
---------------------------------------------------------------------------------
Loading part: xcu55c-fsvh2892-2L-e
INFO: [Synth 8-6742] Reading net delay rules and data
---------------------------------------------------------------------------------
Finished Loading Part and Timing Information : Time (s): cpu = 00:00:21 ; elapsed = 00:00:24 . Memory (MB): peak = 3439.301 ; gain = 490.523 ; free physical = 40709 ; free virtual = 87270
---------------------------------------------------------------------------------
---------------------------------------------------------------------------------
Start Applying 'set_property' XDC Constraints
---------------------------------------------------------------------------------
---------------------------------------------------------------------------------
Finished applying 'set_property' XDC Constraints : Time (s): cpu = 00:00:21 ; elapsed = 00:00:24 . Memory (MB): peak = 3439.301 ; gain = 490.523 ; free physical = 40711 ; free virtual = 87273
---------------------------------------------------------------------------------
INFO: [Synth 8-802] inferred FSM for state register 'axi_wr_rd_cs_reg' in module 'axilite_sif'
INFO: [Synth 8-802] inferred FSM for state register 'apb_wr_rd_cs_reg' in module 'apb_mif'
---------------------------------------------------------------------------------------------------
                   State |                     New Encoding |                Previous Encoding 
---------------------------------------------------------------------------------------------------
                axi_idle |                              000 |                              000
               read_wait |                              001 |                              110
                    read |                              010 |                              101
                 rd_resp |                              011 |                              111
              write_wait |                              100 |                              011
            write_w_wait |                              101 |                              010
                   write |                              110 |                              001
                 wr_resp |                              111 |                              100
---------------------------------------------------------------------------------------------------
INFO: [Synth 8-3354] encoded FSM with state register 'axi_wr_rd_cs_reg' using encoding 'sequential' in module 'axilite_sif'
---------------------------------------------------------------------------------------------------
                   State |                     New Encoding |                Previous Encoding 
---------------------------------------------------------------------------------------------------
                apb_idle |                              001 |                               00
               apb_setup |                              010 |                               01
              apb_access |                              100 |                               10
---------------------------------------------------------------------------------------------------
INFO: [Synth 8-3354] encoded FSM with state register 'apb_wr_rd_cs_reg' using encoding 'one-hot' in module 'apb_mif'
---------------------------------------------------------------------------------
Finished RTL Optimization Phase 2 : Time (s): cpu = 00:00:22 ; elapsed = 00:00:25 . Memory (MB): peak = 3439.301 ; gain = 490.523 ; free physical = 39926 ; free virtual = 86488
---------------------------------------------------------------------------------
---------------------------------------------------------------------------------
Start RTL Component Statistics 
---------------------------------------------------------------------------------
Detailed RTL Component Info : 
+---Registers : 
	               32 Bit    Registers := 2     
	               23 Bit    Registers := 2     
	                2 Bit    Registers := 1     
	                1 Bit    Registers := 9     
+---Muxes : 
	   3 Input   32 Bit        Muxes := 2     
	   2 Input   32 Bit        Muxes := 3     
	   2 Input   23 Bit        Muxes := 4     
	   8 Input    3 Bit        Muxes := 1     
	   2 Input    3 Bit        Muxes := 5     
	   3 Input    2 Bit        Muxes := 1     
	   3 Input    1 Bit        Muxes := 7     
	   2 Input    1 Bit        Muxes := 13    
	   8 Input    1 Bit        Muxes := 8     
---------------------------------------------------------------------------------
Finished RTL Component Statistics 
---------------------------------------------------------------------------------
---------------------------------------------------------------------------------
Start Part Resource Summary
---------------------------------------------------------------------------------
Part Resources:
DSPs: 9024 (col length:94)
BRAMs: 4032 (col length: RAMB18 288 RAMB36 144)
---------------------------------------------------------------------------------
Finished Part Resource Summary
---------------------------------------------------------------------------------
---------------------------------------------------------------------------------
Start Cross Boundary and Area Optimization
---------------------------------------------------------------------------------
WARNING: [Synth 8-7080] Parallel synthesis criteria is not met
---------------------------------------------------------------------------------
Finished Cross Boundary and Area Optimization : Time (s): cpu = 00:00:24 ; elapsed = 00:00:27 . Memory (MB): peak = 3439.301 ; gain = 490.523 ; free physical = 39609 ; free virtual = 86174
---------------------------------------------------------------------------------
---------------------------------------------------------------------------------
Start Applying XDC Timing Constraints
---------------------------------------------------------------------------------
---------------------------------------------------------------------------------
Finished Applying XDC Timing Constraints : Time (s): cpu = 00:00:31 ; elapsed = 00:00:35 . Memory (MB): peak = 3880.648 ; gain = 931.871 ; free physical = 38636 ; free virtual = 85204
---------------------------------------------------------------------------------
---------------------------------------------------------------------------------
Start Timing Optimization
---------------------------------------------------------------------------------
---------------------------------------------------------------------------------
Finished Timing Optimization : Time (s): cpu = 00:00:32 ; elapsed = 00:00:35 . Memory (MB): peak = 3905.680 ; gain = 956.902 ; free physical = 40269 ; free virtual = 86835
---------------------------------------------------------------------------------
---------------------------------------------------------------------------------
Start Technology Mapping
---------------------------------------------------------------------------------
---------------------------------------------------------------------------------
Finished Technology Mapping : Time (s): cpu = 00:00:32 ; elapsed = 00:00:35 . Memory (MB): peak = 3905.680 ; gain = 956.902 ; free physical = 41504 ; free virtual = 88070
---------------------------------------------------------------------------------
---------------------------------------------------------------------------------
Start IO Insertion
---------------------------------------------------------------------------------
---------------------------------------------------------------------------------
Start Flattening Before IO Insertion
---------------------------------------------------------------------------------
---------------------------------------------------------------------------------
Finished Flattening Before IO Insertion
---------------------------------------------------------------------------------
---------------------------------------------------------------------------------
Start Final Netlist Cleanup
---------------------------------------------------------------------------------
---------------------------------------------------------------------------------
Finished Final Netlist Cleanup
---------------------------------------------------------------------------------
---------------------------------------------------------------------------------
Finished IO Insertion : Time (s): cpu = 00:00:36 ; elapsed = 00:00:40 . Memory (MB): peak = 4067.492 ; gain = 1118.715 ; free physical = 43966 ; free virtual = 90535
---------------------------------------------------------------------------------
---------------------------------------------------------------------------------
Start Renaming Generated Instances
---------------------------------------------------------------------------------
---------------------------------------------------------------------------------
Finished Renaming Generated Instances : Time (s): cpu = 00:00:36 ; elapsed = 00:00:40 . Memory (MB): peak = 4067.492 ; gain = 1118.715 ; free physical = 43997 ; free virtual = 90565
---------------------------------------------------------------------------------
---------------------------------------------------------------------------------
Start Rebuilding User Hierarchy
---------------------------------------------------------------------------------
---------------------------------------------------------------------------------
Finished Rebuilding User Hierarchy : Time (s): cpu = 00:00:36 ; elapsed = 00:00:40 . Memory (MB): peak = 4067.492 ; gain = 1118.715 ; free physical = 44064 ; free virtual = 90632
---------------------------------------------------------------------------------
---------------------------------------------------------------------------------
Start Renaming Generated Ports
---------------------------------------------------------------------------------
---------------------------------------------------------------------------------
Finished Renaming Generated Ports : Time (s): cpu = 00:00:36 ; elapsed = 00:00:40 . Memory (MB): peak = 4067.492 ; gain = 1118.715 ; free physical = 44080 ; free virtual = 90648
---------------------------------------------------------------------------------
---------------------------------------------------------------------------------
Start Handling Custom Attributes
---------------------------------------------------------------------------------
---------------------------------------------------------------------------------
Finished Handling Custom Attributes : Time (s): cpu = 00:00:36 ; elapsed = 00:00:40 . Memory (MB): peak = 4067.492 ; gain = 1118.715 ; free physical = 44107 ; free virtual = 90675
---------------------------------------------------------------------------------
---------------------------------------------------------------------------------
Start Renaming Generated Nets
---------------------------------------------------------------------------------
---------------------------------------------------------------------------------
Finished Renaming Generated Nets : Time (s): cpu = 00:00:36 ; elapsed = 00:00:40 . Memory (MB): peak = 4067.492 ; gain = 1118.715 ; free physical = 44106 ; free virtual = 90674
---------------------------------------------------------------------------------
---------------------------------------------------------------------------------
Start Writing Synthesis Report
---------------------------------------------------------------------------------

Report BlackBoxes: 
+-+--------------+----------+
| |BlackBox name |Instances |
+-+--------------+----------+
+-+--------------+----------+

Report Cell Usage: 
+------+-----+------+
|      |Cell |Count |
+------+-----+------+
|1     |LUT1 |     2|
|2     |LUT2 |    32|
|3     |LUT3 |    26|
|4     |LUT4 |     4|
|5     |LUT5 |    14|
|6     |LUT6 |    77|
|7     |FDRE |   126|
|8     |FDSE |     1|
+------+-----+------+
---------------------------------------------------------------------------------
Finished Writing Synthesis Report : Time (s): cpu = 00:00:36 ; elapsed = 00:00:40 . Memory (MB): peak = 4067.492 ; gain = 1118.715 ; free physical = 44106 ; free virtual = 90674
---------------------------------------------------------------------------------
Synthesis finished with 0 errors, 0 critical warnings and 459 warnings.
Synthesis Optimization Runtime : Time (s): cpu = 00:00:29 ; elapsed = 00:00:32 . Memory (MB): peak = 4067.492 ; gain = 1021.750 ; free physical = 44099 ; free virtual = 90667
Synthesis Optimization Complete : Time (s): cpu = 00:00:37 ; elapsed = 00:00:40 . Memory (MB): peak = 4067.492 ; gain = 1118.715 ; free physical = 44099 ; free virtual = 90668
INFO: [Project 1-571] Translating synthesized netlist
Netlist sorting complete. Time (s): cpu = 00:00:00.01 ; elapsed = 00:00:00.01 . Memory (MB): peak = 4067.492 ; gain = 0.000 ; free physical = 44254 ; free virtual = 90824
INFO: [Project 1-570] Preparing netlist for logic optimization
INFO: [Opt 31-138] Pushed 0 inverter(s) to 0 load pin(s).
Netlist sorting complete. Time (s): cpu = 00:00:00 ; elapsed = 00:00:00 . Memory (MB): peak = 4067.492 ; gain = 0.000 ; free physical = 44067 ; free virtual = 90636
INFO: [Project 1-111] Unisim Transformation Summary:
No Unisim elements were transformed.

Synth Design complete | Checksum: 183327f
INFO: [Common 17-83] Releasing license: Synthesis
46 Infos, 105 Warnings, 0 Critical Warnings and 0 Errors encountered.
synth_design completed successfully
synth_design: Time (s): cpu = 00:00:55 ; elapsed = 00:00:57 . Memory (MB): peak = 4067.492 ; gain = 2489.867 ; free physical = 43914 ; free virtual = 90482
INFO: [Common 17-2834] synth_design peak Physical Memory [PSS] (MB): overall = 3192.605; main = 3027.936; forked = 183.572
INFO: [Common 17-2834] synth_design peak Virtual Memory [VSS] (MB): overall = 4994.988; main = 4039.797; forked = 955.207
Write ShapeDB Complete: Time (s): cpu = 00:00:00 ; elapsed = 00:00:00.01 . Memory (MB): peak = 4067.492 ; gain = 0.000 ; free physical = 43852 ; free virtual = 90420
INFO: [Common 17-1381] The checkpoint '/home/miahafiz/NeuroRing_a_2048/_x.hw.NUM_2048.CORE_10.FREQ_300/link/vivado/vpl/prj/prj.runs/bd_85ad_axi_apb_bridge_inst_0_synth_1/bd_85ad_axi_apb_bridge_inst_0.dcp' has been generated.
INFO: [Coretcl 2-1648] Added synthesis output to IP cache for IP bd_85ad_axi_apb_bridge_inst_0, cache-ID = 8c9554591b833c20
INFO: [Coretcl 2-1174] Renamed 4 cell refs.
Write ShapeDB Complete: Time (s): cpu = 00:00:00 ; elapsed = 00:00:00 . Memory (MB): peak = 4067.492 ; gain = 0.000 ; free physical = 43310 ; free virtual = 89879
INFO: [Common 17-1381] The checkpoint '/home/miahafiz/NeuroRing_a_2048/_x.hw.NUM_2048.CORE_10.FREQ_300/link/vivado/vpl/prj/prj.runs/bd_85ad_axi_apb_bridge_inst_0_synth_1/bd_85ad_axi_apb_bridge_inst_0.dcp' has been generated.
INFO: [Vivado 12-24828] Executing command : report_utilization -file bd_85ad_axi_apb_bridge_inst_0_utilization_synth.rpt -pb bd_85ad_axi_apb_bridge_inst_0_utilization_synth.pb
INFO: [Common 17-206] Exiting Vivado at Fri Feb 27 13:23:10 2026...
