
*** Running vivado
    with args -log ulp_buffer_SynapseRouter_9_syn_forward_rt_right_0.vds -m64 -product Vivado -mode batch -messageDb vivado.pb -notrace -source ulp_buffer_SynapseRouter_9_syn_forward_rt_right_0.tcl


****** Vivado v2025.1 (64-bit)
  **** SW Build 6140274 on Wed May 21 22:58:25 MDT 2025
  **** IP Build 6138677 on Thu May 22 03:10:11 MDT 2025
  **** SharedData Build 6139179 on Tue May 20 17:58:58 MDT 2025
  **** Start of session at: Fri Feb 27 13:13:20 2026
    ** Copyright 1986-2022 Xilinx, Inc. All Rights Reserved.
    ** Copyright 2022-2025 Advanced Micro Devices, Inc. All Rights Reserved.

source ulp_buffer_SynapseRouter_9_syn_forward_rt_right_0.tcl -notrace
INFO: Dispatch client connection id - 35645
create_project: Time (s): cpu = 00:00:10 ; elapsed = 00:00:11 . Memory (MB): peak = 1541.742 ; gain = 0.023 ; free physical = 39509 ; free virtual = 84683
INFO: [IP_Flow 19-234] Refreshing IP repositories
INFO: [IP_Flow 19-1700] Loaded user IP repository '/home/miahafiz/NeuroRing_a_2048/_x.hw.NUM_2048.CORE_10.FREQ_300/link/int/xo/ip_repo/xilinx_com_hls_SynapseRouter_1_0'.
INFO: [IP_Flow 19-1700] Loaded user IP repository '/home/miahafiz/NeuroRing_a_2048/_x.hw.NUM_2048.CORE_10.FREQ_300/link/int/xo/ip_repo/xilinx_com_user_krnl_aurora_1_0'.
INFO: [IP_Flow 19-1700] Loaded user IP repository '/home/miahafiz/NeuroRing_a_2048/_x.hw.NUM_2048.CORE_10.FREQ_300/link/int/xo/ip_repo/xilinx_com_hls_NeuroRing_1_0'.
INFO: [IP_Flow 19-1700] Loaded user IP repository '/home/miahafiz/NeuroRing_a_2048/_x.hw.NUM_2048.CORE_10.FREQ_300/link/vivado/vpl/.local/hw_platform/iprepo'.
INFO: [IP_Flow 19-1700] Loaded user IP repository '/opt/xilinx/2025.1/Vitis/data/cache/xilinx'.
INFO: [IP_Flow 19-1700] Loaded user IP repository '/home/miahafiz/NeuroRing_a_2048/_x.hw.NUM_2048.CORE_10.FREQ_300/link/vivado/vpl/.local/hw_platform/ipcache'.
INFO: [IP_Flow 19-1700] Loaded user IP repository '/opt/xilinx/2025.1/Vitis/data/vitis/ip'.
INFO: [IP_Flow 19-2313] Loaded Vivado IP repository '/opt/xilinx/2025.1/Vivado/data/ip'.
WARNING: [IP_Flow 19-1663] Duplicate IP found for 'xilinx.com:ip:axi_clk_metadata_adapter:1.0'. The one found in IP location '/home/miahafiz/NeuroRing_a_2048/_x.hw.NUM_2048.CORE_10.FREQ_300/link/vivado/vpl/.local/hw_platform/iprepo/ipdefs/other_ipdefs/axi_clk_metadata_adapter_v1_0' will take precedence over the same IP in location /home/miahafiz/NeuroRing_a_2048/_x.hw.NUM_2048.CORE_10.FREQ_300/link/vivado/vpl/.local/hw_platform/iprepo/ipdefs/pxi_ii_infra/axi_clk_metadata_adapter_v1_0
WARNING: [IP_Flow 19-1663] Duplicate IP found for 'xilinx.com:ip:axis_clk_metadata_adapter:1.0'. The one found in IP location '/home/miahafiz/NeuroRing_a_2048/_x.hw.NUM_2048.CORE_10.FREQ_300/link/vivado/vpl/.local/hw_platform/iprepo/ipdefs/other_ipdefs/axis_clk_metadata_adapter_v1_0' will take precedence over the same IP in location /home/miahafiz/NeuroRing_a_2048/_x.hw.NUM_2048.CORE_10.FREQ_300/link/vivado/vpl/.local/hw_platform/iprepo/ipdefs/pxi_ii_infra/axis_clk_metadata_adapter_v1_0
WARNING: [IP_Flow 19-1663] Duplicate IP found for 'xilinx.com:ip:clk_metadata_adapter:1.0'. The one found in IP location '/home/miahafiz/NeuroRing_a_2048/_x.hw.NUM_2048.CORE_10.FREQ_300/link/vivado/vpl/.local/hw_platform/iprepo/ipdefs/other_ipdefs/clk_metadata_adapter_v1_0' will take precedence over the same IP in location /home/miahafiz/NeuroRing_a_2048/_x.hw.NUM_2048.CORE_10.FREQ_300/link/vivado/vpl/.local/hw_platform/iprepo/ipdefs/pxi_ii_infra/clk_metadata_adapter_v1_0
WARNING: [IP_Flow 19-1663] Duplicate IP found for 'xilinx.com:ip:pipeline_reg:1.0'. The one found in IP location '/home/miahafiz/NeuroRing_a_2048/_x.hw.NUM_2048.CORE_10.FREQ_300/link/vivado/vpl/.local/hw_platform/iprepo/ipdefs/other_ipdefs/pipeline_reg_v1_0' will take precedence over the same IP in location /home/miahafiz/NeuroRing_a_2048/_x.hw.NUM_2048.CORE_10.FREQ_300/link/vivado/vpl/.local/hw_platform/iprepo/ipdefs/pxi_ii_infra/pipeline_reg_v1_0
Command: synth_design -top ulp_buffer_SynapseRouter_9_syn_forward_rt_right_0 -part xcu55c-fsvh2892-2L-e -incremental_mode off -mode out_of_context
Starting synth_design
Attempting to get a license for feature 'Synthesis' and/or device 'xcu55c'
INFO: [Common 17-349] Got license for feature 'Synthesis' and/or device 'xcu55c'
INFO: [Device 21-403] Loading part xcu55c-fsvh2892-2L-e
INFO: [Synth 8-7079] Multithreading enabled for synth_design using a maximum of 1 processes.
INFO: [Synth 8-7078] Launching helper process for spawning children vivado processes
INFO: [Synth 8-7075] Helper process launched with PID 2744961
---------------------------------------------------------------------------------
Starting RTL Elaboration : Time (s): cpu = 00:00:06 ; elapsed = 00:00:06 . Memory (MB): peak = 3237.266 ; gain = 288.777 ; free physical = 36971 ; free virtual = 82174
---------------------------------------------------------------------------------
INFO: [Synth 8-6157] synthesizing module 'ulp_buffer_SynapseRouter_9_syn_forward_rt_right_0' [/home/miahafiz/NeuroRing_a_2048/_x.hw.NUM_2048.CORE_10.FREQ_300/link/vivado/vpl/prj/prj.gen/my_rm/bd/ulp/ip/ulp_buffer_SynapseRouter_9_syn_forward_rt_right_0/synth/ulp_buffer_SynapseRouter_9_syn_forward_rt_right_0.v:53]
INFO: [Synth 8-6157] synthesizing module 'axis_data_fifo_v2_0_17_top' [/home/miahafiz/NeuroRing_a_2048/_x.hw.NUM_2048.CORE_10.FREQ_300/link/vivado/vpl/prj/prj.gen/my_rm/bd/ulp/ipshared/e1e3/hdl/axis_data_fifo_v2_0_vl_rfs.v:53]
INFO: [Synth 8-6157] synthesizing module 'axis_infrastructure_v1_1_1_util_aclken_converter_wrapper' [/home/miahafiz/NeuroRing_a_2048/_x.hw.NUM_2048.CORE_10.FREQ_300/link/vivado/vpl/prj/prj.gen/my_rm/bd/ulp/ipshared/434f/hdl/axis_infrastructure_v1_1_vl_rfs.v:596]
INFO: [Synth 8-6157] synthesizing module 'axis_infrastructure_v1_1_1_util_axis2vector' [/home/miahafiz/NeuroRing_a_2048/_x.hw.NUM_2048.CORE_10.FREQ_300/link/vivado/vpl/prj/prj.gen/my_rm/bd/ulp/ipshared/434f/hdl/axis_infrastructure_v1_1_vl_rfs.v:805]
INFO: [Synth 8-6155] done synthesizing module 'axis_infrastructure_v1_1_1_util_axis2vector' (0#1) [/home/miahafiz/NeuroRing_a_2048/_x.hw.NUM_2048.CORE_10.FREQ_300/link/vivado/vpl/prj/prj.gen/my_rm/bd/ulp/ipshared/434f/hdl/axis_infrastructure_v1_1_vl_rfs.v:805]
INFO: [Synth 8-6157] synthesizing module 'axis_infrastructure_v1_1_1_util_vector2axis' [/home/miahafiz/NeuroRing_a_2048/_x.hw.NUM_2048.CORE_10.FREQ_300/link/vivado/vpl/prj/prj.gen/my_rm/bd/ulp/ipshared/434f/hdl/axis_infrastructure_v1_1_vl_rfs.v:986]
INFO: [Synth 8-6155] done synthesizing module 'axis_infrastructure_v1_1_1_util_vector2axis' (0#1) [/home/miahafiz/NeuroRing_a_2048/_x.hw.NUM_2048.CORE_10.FREQ_300/link/vivado/vpl/prj/prj.gen/my_rm/bd/ulp/ipshared/434f/hdl/axis_infrastructure_v1_1_vl_rfs.v:986]
INFO: [Synth 8-6155] done synthesizing module 'axis_infrastructure_v1_1_1_util_aclken_converter_wrapper' (0#1) [/home/miahafiz/NeuroRing_a_2048/_x.hw.NUM_2048.CORE_10.FREQ_300/link/vivado/vpl/prj/prj.gen/my_rm/bd/ulp/ipshared/434f/hdl/axis_infrastructure_v1_1_vl_rfs.v:596]
INFO: [Synth 8-6157] synthesizing module 'xpm_fifo_axis' [/opt/xilinx/2025.1/Vivado/data/ip/xpm/xpm_fifo/hdl/xpm_fifo.sv:2373]
INFO: [Synth 8-6157] synthesizing module 'xpm_cdc_sync_rst' [/opt/xilinx/2025.1/Vivado/data/ip/xpm/xpm_cdc/hdl/xpm_cdc.sv:1059]
INFO: [Synth 8-6155] done synthesizing module 'xpm_cdc_sync_rst' (0#1) [/opt/xilinx/2025.1/Vivado/data/ip/xpm/xpm_cdc/hdl/xpm_cdc.sv:1059]
INFO: [Synth 8-6157] synthesizing module 'xpm_fifo_base' [/opt/xilinx/2025.1/Vivado/data/ip/xpm/xpm_fifo/hdl/xpm_fifo.sv:53]
INFO: [Synth 8-6157] synthesizing module 'xpm_memory_base' [/opt/xilinx/2025.1/Vivado/data/ip/xpm/xpm_memory/hdl/xpm_memory.sv:54]
INFO: [Synth 8-6059] Synth Info: [XPM_MEMORY 20-1] MEMORY_PRIMITIVE (0) instructs Vivado Synthesis to choose the memory primitive type. Depending on their values, other XPM_MEMORY parameters may preclude the choice of certain memory primitive types. Review XPM_MEMORY documentation and parameter values to understand any limitations, or set MEMORY_PRIMITIVE to a different value.   [/opt/xilinx/2025.1/Vivado/data/ip/xpm/xpm_memory/hdl/xpm_memory.sv:522]
INFO: [Synth 8-6155] done synthesizing module 'xpm_memory_base' (0#1) [/opt/xilinx/2025.1/Vivado/data/ip/xpm/xpm_memory/hdl/xpm_memory.sv:54]
INFO: [Synth 8-226] default block is never used [/opt/xilinx/2025.1/Vivado/data/ip/xpm/xpm_fifo/hdl/xpm_fifo.sv:1220]
INFO: [Synth 8-226] default block is never used [/opt/xilinx/2025.1/Vivado/data/ip/xpm/xpm_fifo/hdl/xpm_fifo.sv:1287]
INFO: [Synth 8-226] default block is never used [/opt/xilinx/2025.1/Vivado/data/ip/xpm/xpm_fifo/hdl/xpm_fifo.sv:1309]
INFO: [Synth 8-6157] synthesizing module 'xpm_fifo_reg_bit' [/opt/xilinx/2025.1/Vivado/data/ip/xpm/xpm_fifo/hdl/xpm_fifo.sv:1927]
INFO: [Synth 8-6155] done synthesizing module 'xpm_fifo_reg_bit' (0#1) [/opt/xilinx/2025.1/Vivado/data/ip/xpm/xpm_fifo/hdl/xpm_fifo.sv:1927]
INFO: [Synth 8-6157] synthesizing module 'xpm_counter_updn' [/opt/xilinx/2025.1/Vivado/data/ip/xpm/xpm_fifo/hdl/xpm_fifo.sv:1879]
INFO: [Synth 8-6155] done synthesizing module 'xpm_counter_updn' (0#1) [/opt/xilinx/2025.1/Vivado/data/ip/xpm/xpm_fifo/hdl/xpm_fifo.sv:1879]
INFO: [Synth 8-6157] synthesizing module 'xpm_fifo_rst' [/opt/xilinx/2025.1/Vivado/data/ip/xpm/xpm_fifo/hdl/xpm_fifo.sv:1639]
INFO: [Synth 8-6155] done synthesizing module 'xpm_fifo_rst' (0#1) [/opt/xilinx/2025.1/Vivado/data/ip/xpm/xpm_fifo/hdl/xpm_fifo.sv:1639]
INFO: [Synth 8-6157] synthesizing module 'xpm_counter_updn__parameterized0' [/opt/xilinx/2025.1/Vivado/data/ip/xpm/xpm_fifo/hdl/xpm_fifo.sv:1879]
INFO: [Synth 8-6155] done synthesizing module 'xpm_counter_updn__parameterized0' (0#1) [/opt/xilinx/2025.1/Vivado/data/ip/xpm/xpm_fifo/hdl/xpm_fifo.sv:1879]
INFO: [Synth 8-6157] synthesizing module 'xpm_counter_updn__parameterized1' [/opt/xilinx/2025.1/Vivado/data/ip/xpm/xpm_fifo/hdl/xpm_fifo.sv:1879]
INFO: [Synth 8-6155] done synthesizing module 'xpm_counter_updn__parameterized1' (0#1) [/opt/xilinx/2025.1/Vivado/data/ip/xpm/xpm_fifo/hdl/xpm_fifo.sv:1879]
INFO: [Synth 8-6157] synthesizing module 'xpm_counter_updn__parameterized2' [/opt/xilinx/2025.1/Vivado/data/ip/xpm/xpm_fifo/hdl/xpm_fifo.sv:1879]
INFO: [Synth 8-6155] done synthesizing module 'xpm_counter_updn__parameterized2' (0#1) [/opt/xilinx/2025.1/Vivado/data/ip/xpm/xpm_fifo/hdl/xpm_fifo.sv:1879]
INFO: [Synth 8-6155] done synthesizing module 'xpm_fifo_base' (0#1) [/opt/xilinx/2025.1/Vivado/data/ip/xpm/xpm_fifo/hdl/xpm_fifo.sv:53]
INFO: [Synth 8-6155] done synthesizing module 'xpm_fifo_axis' (0#1) [/opt/xilinx/2025.1/Vivado/data/ip/xpm/xpm_fifo/hdl/xpm_fifo.sv:2373]
INFO: [Synth 8-6155] done synthesizing module 'axis_data_fifo_v2_0_17_top' (0#1) [/home/miahafiz/NeuroRing_a_2048/_x.hw.NUM_2048.CORE_10.FREQ_300/link/vivado/vpl/prj/prj.gen/my_rm/bd/ulp/ipshared/e1e3/hdl/axis_data_fifo_v2_0_vl_rfs.v:53]
INFO: [Synth 8-6155] done synthesizing module 'ulp_buffer_SynapseRouter_9_syn_forward_rt_right_0' (0#1) [/home/miahafiz/NeuroRing_a_2048/_x.hw.NUM_2048.CORE_10.FREQ_300/link/vivado/vpl/prj/prj.gen/my_rm/bd/ulp/ip/ulp_buffer_SynapseRouter_9_syn_forward_rt_right_0/synth/ulp_buffer_SynapseRouter_9_syn_forward_rt_right_0.v:53]
WARNING: [Synth 8-6014] Unused sequential element gen_rd_b.gen_doutb_pipe.enb_pipe_reg[0] was removed.  [/opt/xilinx/2025.1/Vivado/data/ip/xpm/xpm_memory/hdl/xpm_memory.sv:3085]
WARNING: [Synth 8-6014] Unused sequential element gdvld.data_valid_std_reg was removed.  [/opt/xilinx/2025.1/Vivado/data/ip/xpm/xpm_fifo/hdl/xpm_fifo.sv:550]
WARNING: [Synth 8-6014] Unused sequential element gen_fwft.empty_fwft_fb_reg was removed.  [/opt/xilinx/2025.1/Vivado/data/ip/xpm/xpm_fifo/hdl/xpm_fifo.sv:1404]
WARNING: [Synth 8-7129] Port ACLK in module axis_infrastructure_v1_1_1_util_aclken_converter_wrapper is either unconnected or has no load
WARNING: [Synth 8-7129] Port ARESETN in module axis_infrastructure_v1_1_1_util_aclken_converter_wrapper is either unconnected or has no load
WARNING: [Synth 8-7129] Port S_ACLKEN in module axis_infrastructure_v1_1_1_util_aclken_converter_wrapper is either unconnected or has no load
WARNING: [Synth 8-7129] Port M_ACLKEN in module axis_infrastructure_v1_1_1_util_aclken_converter_wrapper is either unconnected or has no load
WARNING: [Synth 8-7129] Port rd_clk in module xpm_fifo_rst is either unconnected or has no load
WARNING: [Synth 8-7129] Port sleep in module xpm_memory_base is either unconnected or has no load
WARNING: [Synth 8-7129] Port rsta in module xpm_memory_base is either unconnected or has no load
WARNING: [Synth 8-7129] Port regcea in module xpm_memory_base is either unconnected or has no load
WARNING: [Synth 8-7129] Port injectsbiterra in module xpm_memory_base is either unconnected or has no load
WARNING: [Synth 8-7129] Port injectdbiterra in module xpm_memory_base is either unconnected or has no load
WARNING: [Synth 8-7129] Port clkb in module xpm_memory_base is either unconnected or has no load
WARNING: [Synth 8-7129] Port dinb[323] in module xpm_memory_base is either unconnected or has no load
WARNING: [Synth 8-7129] Port dinb[322] in module xpm_memory_base is either unconnected or has no load
WARNING: [Synth 8-7129] Port dinb[321] in module xpm_memory_base is either unconnected or has no load
WARNING: [Synth 8-7129] Port dinb[320] in module xpm_memory_base is either unconnected or has no load
WARNING: [Synth 8-7129] Port dinb[319] in module xpm_memory_base is either unconnected or has no load
WARNING: [Synth 8-7129] Port dinb[318] in module xpm_memory_base is either unconnected or has no load
WARNING: [Synth 8-7129] Port dinb[317] in module xpm_memory_base is either unconnected or has no load
WARNING: [Synth 8-7129] Port dinb[316] in module xpm_memory_base is either unconnected or has no load
WARNING: [Synth 8-7129] Port dinb[315] in module xpm_memory_base is either unconnected or has no load
WARNING: [Synth 8-7129] Port dinb[314] in module xpm_memory_base is either unconnected or has no load
WARNING: [Synth 8-7129] Port dinb[313] in module xpm_memory_base is either unconnected or has no load
WARNING: [Synth 8-7129] Port dinb[312] in module xpm_memory_base is either unconnected or has no load
WARNING: [Synth 8-7129] Port dinb[311] in module xpm_memory_base is either unconnected or has no load
WARNING: [Synth 8-7129] Port dinb[310] in module xpm_memory_base is either unconnected or has no load
WARNING: [Synth 8-7129] Port dinb[309] in module xpm_memory_base is either unconnected or has no load
WARNING: [Synth 8-7129] Port dinb[308] in module xpm_memory_base is either unconnected or has no load
WARNING: [Synth 8-7129] Port dinb[307] in module xpm_memory_base is either unconnected or has no load
WARNING: [Synth 8-7129] Port dinb[306] in module xpm_memory_base is either unconnected or has no load
WARNING: [Synth 8-7129] Port dinb[305] in module xpm_memory_base is either unconnected or has no load
WARNING: [Synth 8-7129] Port dinb[304] in module xpm_memory_base is either unconnected or has no load
WARNING: [Synth 8-7129] Port dinb[303] in module xpm_memory_base is either unconnected or has no load
WARNING: [Synth 8-7129] Port dinb[302] in module xpm_memory_base is either unconnected or has no load
WARNING: [Synth 8-7129] Port dinb[301] in module xpm_memory_base is either unconnected or has no load
WARNING: [Synth 8-7129] Port dinb[300] in module xpm_memory_base is either unconnected or has no load
WARNING: [Synth 8-7129] Port dinb[299] in module xpm_memory_base is either unconnected or has no load
WARNING: [Synth 8-7129] Port dinb[298] in module xpm_memory_base is either unconnected or has no load
WARNING: [Synth 8-7129] Port dinb[297] in module xpm_memory_base is either unconnected or has no load
WARNING: [Synth 8-7129] Port dinb[296] in module xpm_memory_base is either unconnected or has no load
WARNING: [Synth 8-7129] Port dinb[295] in module xpm_memory_base is either unconnected or has no load
WARNING: [Synth 8-7129] Port dinb[294] in module xpm_memory_base is either unconnected or has no load
WARNING: [Synth 8-7129] Port dinb[293] in module xpm_memory_base is either unconnected or has no load
WARNING: [Synth 8-7129] Port dinb[292] in module xpm_memory_base is either unconnected or has no load
WARNING: [Synth 8-7129] Port dinb[291] in module xpm_memory_base is either unconnected or has no load
WARNING: [Synth 8-7129] Port dinb[290] in module xpm_memory_base is either unconnected or has no load
WARNING: [Synth 8-7129] Port dinb[289] in module xpm_memory_base is either unconnected or has no load
WARNING: [Synth 8-7129] Port dinb[288] in module xpm_memory_base is either unconnected or has no load
WARNING: [Synth 8-7129] Port dinb[287] in module xpm_memory_base is either unconnected or has no load
WARNING: [Synth 8-7129] Port dinb[286] in module xpm_memory_base is either unconnected or has no load
WARNING: [Synth 8-7129] Port dinb[285] in module xpm_memory_base is either unconnected or has no load
WARNING: [Synth 8-7129] Port dinb[284] in module xpm_memory_base is either unconnected or has no load
WARNING: [Synth 8-7129] Port dinb[283] in module xpm_memory_base is either unconnected or has no load
WARNING: [Synth 8-7129] Port dinb[282] in module xpm_memory_base is either unconnected or has no load
WARNING: [Synth 8-7129] Port dinb[281] in module xpm_memory_base is either unconnected or has no load
WARNING: [Synth 8-7129] Port dinb[280] in module xpm_memory_base is either unconnected or has no load
WARNING: [Synth 8-7129] Port dinb[279] in module xpm_memory_base is either unconnected or has no load
WARNING: [Synth 8-7129] Port dinb[278] in module xpm_memory_base is either unconnected or has no load
WARNING: [Synth 8-7129] Port dinb[277] in module xpm_memory_base is either unconnected or has no load
WARNING: [Synth 8-7129] Port dinb[276] in module xpm_memory_base is either unconnected or has no load
WARNING: [Synth 8-7129] Port dinb[275] in module xpm_memory_base is either unconnected or has no load
WARNING: [Synth 8-7129] Port dinb[274] in module xpm_memory_base is either unconnected or has no load
WARNING: [Synth 8-7129] Port dinb[273] in module xpm_memory_base is either unconnected or has no load
WARNING: [Synth 8-7129] Port dinb[272] in module xpm_memory_base is either unconnected or has no load
WARNING: [Synth 8-7129] Port dinb[271] in module xpm_memory_base is either unconnected or has no load
WARNING: [Synth 8-7129] Port dinb[270] in module xpm_memory_base is either unconnected or has no load
WARNING: [Synth 8-7129] Port dinb[269] in module xpm_memory_base is either unconnected or has no load
WARNING: [Synth 8-7129] Port dinb[268] in module xpm_memory_base is either unconnected or has no load
WARNING: [Synth 8-7129] Port dinb[267] in module xpm_memory_base is either unconnected or has no load
WARNING: [Synth 8-7129] Port dinb[266] in module xpm_memory_base is either unconnected or has no load
WARNING: [Synth 8-7129] Port dinb[265] in module xpm_memory_base is either unconnected or has no load
WARNING: [Synth 8-7129] Port dinb[264] in module xpm_memory_base is either unconnected or has no load
WARNING: [Synth 8-7129] Port dinb[263] in module xpm_memory_base is either unconnected or has no load
WARNING: [Synth 8-7129] Port dinb[262] in module xpm_memory_base is either unconnected or has no load
WARNING: [Synth 8-7129] Port dinb[261] in module xpm_memory_base is either unconnected or has no load
WARNING: [Synth 8-7129] Port dinb[260] in module xpm_memory_base is either unconnected or has no load
WARNING: [Synth 8-7129] Port dinb[259] in module xpm_memory_base is either unconnected or has no load
WARNING: [Synth 8-7129] Port dinb[258] in module xpm_memory_base is either unconnected or has no load
WARNING: [Synth 8-7129] Port dinb[257] in module xpm_memory_base is either unconnected or has no load
WARNING: [Synth 8-7129] Port dinb[256] in module xpm_memory_base is either unconnected or has no load
WARNING: [Synth 8-7129] Port dinb[255] in module xpm_memory_base is either unconnected or has no load
WARNING: [Synth 8-7129] Port dinb[254] in module xpm_memory_base is either unconnected or has no load
WARNING: [Synth 8-7129] Port dinb[253] in module xpm_memory_base is either unconnected or has no load
WARNING: [Synth 8-7129] Port dinb[252] in module xpm_memory_base is either unconnected or has no load
WARNING: [Synth 8-7129] Port dinb[251] in module xpm_memory_base is either unconnected or has no load
WARNING: [Synth 8-7129] Port dinb[250] in module xpm_memory_base is either unconnected or has no load
WARNING: [Synth 8-7129] Port dinb[249] in module xpm_memory_base is either unconnected or has no load
WARNING: [Synth 8-7129] Port dinb[248] in module xpm_memory_base is either unconnected or has no load
WARNING: [Synth 8-7129] Port dinb[247] in module xpm_memory_base is either unconnected or has no load
WARNING: [Synth 8-7129] Port dinb[246] in module xpm_memory_base is either unconnected or has no load
WARNING: [Synth 8-7129] Port dinb[245] in module xpm_memory_base is either unconnected or has no load
WARNING: [Synth 8-7129] Port dinb[244] in module xpm_memory_base is either unconnected or has no load
WARNING: [Synth 8-7129] Port dinb[243] in module xpm_memory_base is either unconnected or has no load
WARNING: [Synth 8-7129] Port dinb[242] in module xpm_memory_base is either unconnected or has no load
WARNING: [Synth 8-7129] Port dinb[241] in module xpm_memory_base is either unconnected or has no load
WARNING: [Synth 8-7129] Port dinb[240] in module xpm_memory_base is either unconnected or has no load
WARNING: [Synth 8-7129] Port dinb[239] in module xpm_memory_base is either unconnected or has no load
WARNING: [Synth 8-7129] Port dinb[238] in module xpm_memory_base is either unconnected or has no load
WARNING: [Synth 8-7129] Port dinb[237] in module xpm_memory_base is either unconnected or has no load
WARNING: [Synth 8-7129] Port dinb[236] in module xpm_memory_base is either unconnected or has no load
WARNING: [Synth 8-7129] Port dinb[235] in module xpm_memory_base is either unconnected or has no load
INFO: [Common 17-14] Message 'Synth 8-7129' appears 100 times and further instances of the messages will be disabled.
---------------------------------------------------------------------------------
Finished RTL Elaboration : Time (s): cpu = 00:00:09 ; elapsed = 00:00:10 . Memory (MB): peak = 3345.766 ; gain = 397.277 ; free physical = 36479 ; free virtual = 81685
---------------------------------------------------------------------------------
---------------------------------------------------------------------------------
Start Handling Custom Attributes
---------------------------------------------------------------------------------
---------------------------------------------------------------------------------
Finished Handling Custom Attributes : Time (s): cpu = 00:00:09 ; elapsed = 00:00:10 . Memory (MB): peak = 3345.766 ; gain = 397.277 ; free physical = 36370 ; free virtual = 81583
---------------------------------------------------------------------------------
---------------------------------------------------------------------------------
Finished RTL Optimization Phase 1 : Time (s): cpu = 00:00:09 ; elapsed = 00:00:10 . Memory (MB): peak = 3345.766 ; gain = 397.277 ; free physical = 36370 ; free virtual = 81582
---------------------------------------------------------------------------------
Netlist sorting complete. Time (s): cpu = 00:00:00.03 ; elapsed = 00:00:00.02 . Memory (MB): peak = 3345.766 ; gain = 0.000 ; free physical = 36336 ; free virtual = 81555
INFO: [Project 1-570] Preparing netlist for logic optimization

Processing XDC Constraints
Initializing timing engine
Parsing XDC File [/home/miahafiz/NeuroRing_a_2048/_x.hw.NUM_2048.CORE_10.FREQ_300/link/vivado/vpl/prj/prj.gen/my_rm/bd/ulp/ip/ulp_buffer_SynapseRouter_9_syn_forward_rt_right_0/ulp_buffer_SynapseRouter_9_syn_forward_rt_right_0_ooc.xdc] for cell 'inst'
create_clock: Time (s): cpu = 00:00:08 ; elapsed = 00:00:08 . Memory (MB): peak = 3441.891 ; gain = 6.234 ; free physical = 39123 ; free virtual = 84480
Finished Parsing XDC File [/home/miahafiz/NeuroRing_a_2048/_x.hw.NUM_2048.CORE_10.FREQ_300/link/vivado/vpl/prj/prj.gen/my_rm/bd/ulp/ip/ulp_buffer_SynapseRouter_9_syn_forward_rt_right_0/ulp_buffer_SynapseRouter_9_syn_forward_rt_right_0_ooc.xdc] for cell 'inst'
Parsing XDC File [/home/miahafiz/NeuroRing_a_2048/_x.hw.NUM_2048.CORE_10.FREQ_300/link/vivado/vpl/prj/prj.runs/ulp_buffer_SynapseRouter_9_syn_forward_rt_right_0_synth_1/dont_touch.xdc]
Finished Parsing XDC File [/home/miahafiz/NeuroRing_a_2048/_x.hw.NUM_2048.CORE_10.FREQ_300/link/vivado/vpl/prj/prj.runs/ulp_buffer_SynapseRouter_9_syn_forward_rt_right_0_synth_1/dont_touch.xdc]
INFO: [Project 1-236] Implementation specific constraints were found while reading constraint file [/opt/xilinx/2025.1/Vivado/data/ip/xpm/xpm_fifo/tcl/xpm_fifo_rst_axis.tcl]. These constraints will be ignored for synthesis but will be used in implementation. Impacted constraints are listed in the file [.Xil/ulp_buffer_SynapseRouter_9_syn_forward_rt_right_0_propImpl.xdc].
Resolution: To avoid this warning, move constraints listed in [.Xil/ulp_buffer_SynapseRouter_9_syn_forward_rt_right_0_propImpl.xdc] to another XDC file and exclude this new file from synthesis with the used_in_synthesis property (File Properties dialog in GUI) and re-run elaboration/synthesis.
INFO: [Project 1-1714] 2 XPM XDC files have been applied to the design.
Completed Processing XDC Constraints

Netlist sorting complete. Time (s): cpu = 00:00:00 ; elapsed = 00:00:00 . Memory (MB): peak = 3441.891 ; gain = 0.000 ; free physical = 39117 ; free virtual = 84474
INFO: [Project 1-111] Unisim Transformation Summary:
No Unisim elements were transformed.

Constraint Validation Runtime : Time (s): cpu = 00:00:00.08 ; elapsed = 00:00:00.1 . Memory (MB): peak = 3441.926 ; gain = 0.000 ; free physical = 38815 ; free virtual = 84172
INFO: [Designutils 20-5008] Incremental synthesis strategy off
---------------------------------------------------------------------------------
Finished Constraint Validation : Time (s): cpu = 00:00:27 ; elapsed = 00:00:29 . Memory (MB): peak = 3441.926 ; gain = 493.438 ; free physical = 39201 ; free virtual = 84557
---------------------------------------------------------------------------------
---------------------------------------------------------------------------------
Start Loading Part and Timing Information
---------------------------------------------------------------------------------
Loading part: xcu55c-fsvh2892-2L-e
INFO: [Synth 8-6742] Reading net delay rules and data
---------------------------------------------------------------------------------
Finished Loading Part and Timing Information : Time (s): cpu = 00:00:27 ; elapsed = 00:00:29 . Memory (MB): peak = 3449.895 ; gain = 501.406 ; free physical = 39200 ; free virtual = 84556
---------------------------------------------------------------------------------
---------------------------------------------------------------------------------
Start Applying 'set_property' XDC Constraints
---------------------------------------------------------------------------------
---------------------------------------------------------------------------------
Finished applying 'set_property' XDC Constraints : Time (s): cpu = 00:00:27 ; elapsed = 00:00:29 . Memory (MB): peak = 3449.895 ; gain = 501.406 ; free physical = 39199 ; free virtual = 84556
---------------------------------------------------------------------------------
INFO: [Synth 8-802] inferred FSM for state register 'gen_fwft.curr_fwft_state_reg' in module 'xpm_fifo_base'
INFO: [Synth 8-6792] Large memory block ("xpm_memory_base:/gen_wr_a.gen_word_narrow.mem_reg") is implemented using BRAM instead of URAM due to insufficient pipeline registers. Use of ram_style="ultra" and/or providing sufficient pipeline registers is recommended
INFO: [Synth 8-6793] RAM ("xpm_memory_base:/gen_wr_a.gen_word_narrow.mem_reg") is implemented using BRAM instead of URAM due to insufficient pipeline registers. Available pipeline stages = 0, Minimum required pipeline stages = 1 
INFO: [Synth 8-6792] Large memory block ("xpm_memory_base:/gen_wr_a.gen_word_narrow.mem_reg") is implemented using BRAM instead of URAM due to insufficient pipeline registers. Use of ram_style="ultra" and/or providing sufficient pipeline registers is recommended
INFO: [Synth 8-6793] RAM ("xpm_memory_base:/gen_wr_a.gen_word_narrow.mem_reg") is implemented using BRAM instead of URAM due to insufficient pipeline registers. Available pipeline stages = 0, Minimum required pipeline stages = 1 
---------------------------------------------------------------------------------------------------
                   State |                     New Encoding |                Previous Encoding 
---------------------------------------------------------------------------------------------------
                 invalid |                               00 |                               00
            stage1_valid |                               01 |                               10
       both_stages_valid |                               10 |                               11
            stage2_valid |                               11 |                               01
---------------------------------------------------------------------------------------------------
INFO: [Synth 8-3354] encoded FSM with state register 'gen_fwft.curr_fwft_state_reg' using encoding 'sequential' in module 'xpm_fifo_base'
---------------------------------------------------------------------------------
Finished RTL Optimization Phase 2 : Time (s): cpu = 00:00:27 ; elapsed = 00:00:30 . Memory (MB): peak = 3449.895 ; gain = 501.406 ; free physical = 38950 ; free virtual = 84306
---------------------------------------------------------------------------------
---------------------------------------------------------------------------------
Start RTL Component Statistics 
---------------------------------------------------------------------------------
Detailed RTL Component Info : 
+---Adders : 
	   4 Input   14 Bit       Adders := 2     
	   4 Input   13 Bit       Adders := 3     
	   4 Input    2 Bit       Adders := 1     
+---Registers : 
	              324 Bit    Registers := 2     
	               14 Bit    Registers := 2     
	               13 Bit    Registers := 3     
	                4 Bit    Registers := 1     
	                3 Bit    Registers := 1     
	                2 Bit    Registers := 2     
	                1 Bit    Registers := 10    
+---RAMs : 
	            2592K Bit	(8192 X 324 bit)          RAMs := 1     
+---Muxes : 
	   2 Input    2 Bit        Muxes := 31    
	   4 Input    2 Bit        Muxes := 7     
	   4 Input    1 Bit        Muxes := 2     
	   2 Input    1 Bit        Muxes := 4     
---------------------------------------------------------------------------------
Finished RTL Component Statistics 
---------------------------------------------------------------------------------
---------------------------------------------------------------------------------
Start Part Resource Summary
---------------------------------------------------------------------------------
Part Resources:
DSPs: 9024 (col length:94)
BRAMs: 4032 (col length: RAMB18 288 RAMB36 144)
---------------------------------------------------------------------------------
Finished Part Resource Summary
---------------------------------------------------------------------------------
---------------------------------------------------------------------------------
Start Cross Boundary and Area Optimization
---------------------------------------------------------------------------------
WARNING: [Synth 8-7080] Parallel synthesis criteria is not met
INFO: [Synth 8-5784] Optimized 3 bits of RAM "gen_wr_a.gen_word_narrow.mem_reg" due to constant propagation. Old ram width 324 bits, new ram width 321 bits.
INFO: [Synth 8-6792] Large memory block ("inst/\gen_fifo.xpm_fifo_axis_inst /xpm_fifo_base_inst/\gen_sdpram.xpm_memory_base_inst /gen_wr_a.gen_word_narrow.mem_reg") is implemented using BRAM instead of URAM due to insufficient pipeline registers. Use of ram_style="ultra" and/or providing sufficient pipeline registers is recommended
INFO: [Synth 8-6793] RAM ("inst/\gen_fifo.xpm_fifo_axis_inst /xpm_fifo_base_inst/\gen_sdpram.xpm_memory_base_inst /gen_wr_a.gen_word_narrow.mem_reg") is implemented using BRAM instead of URAM due to insufficient pipeline registers. Available pipeline stages = 0, Minimum required pipeline stages = 1 
---------------------------------------------------------------------------------
Finished Cross Boundary and Area Optimization : Time (s): cpu = 00:00:31 ; elapsed = 00:00:34 . Memory (MB): peak = 3449.895 ; gain = 501.406 ; free physical = 39225 ; free virtual = 84582
---------------------------------------------------------------------------------
---------------------------------------------------------------------------------
Start ROM, RAM, DSP, Shift Register and Retiming Reporting
---------------------------------------------------------------------------------

Block RAM: Preliminary Mapping Report (see note below)
+----------------------------------------------------------------------------------------+----------------------------------+------------------------+---+---+------------------------+---+---+------------------+--------+--------+-------------------------+
|Module Name                                                                             | RTL Object                       | PORT A (Depth x Width) | W | R | PORT B (Depth x Width) | W | R | Ports driving FF | RAMB18 | RAMB36 | Cascade Heights         | 
+----------------------------------------------------------------------------------------+----------------------------------+------------------------+---+---+------------------------+---+---+------------------+--------+--------+-------------------------+
|inst/\gen_fifo.xpm_fifo_axis_inst /xpm_fifo_base_inst/\gen_sdpram.xpm_memory_base_inst  | gen_wr_a.gen_word_narrow.mem_reg | 8 K x 324(READ_FIRST)  | W |   | 8 K x 324(WRITE_FIRST) |   | R | Port A and B     | 1      | 71     | 8,8,8,8,8,8,8,8,4,2,1,1 | 
+----------------------------------------------------------------------------------------+----------------------------------+------------------------+---+---+------------------------+---+---+------------------+--------+--------+-------------------------+

Note: The table above is a preliminary report that shows the Block RAMs at the current stage of the synthesis flow. Some Block RAMs may be reimplemented as non Block RAM primitives later in the synthesis flow. Multiple instantiated Block RAMs are reported only once. 
---------------------------------------------------------------------------------
Finished ROM, RAM, DSP, Shift Register and Retiming Reporting
---------------------------------------------------------------------------------
---------------------------------------------------------------------------------
Start Applying XDC Timing Constraints
---------------------------------------------------------------------------------
---------------------------------------------------------------------------------
Finished Applying XDC Timing Constraints : Time (s): cpu = 00:00:39 ; elapsed = 00:00:42 . Memory (MB): peak = 3911.273 ; gain = 962.785 ; free physical = 41071 ; free virtual = 86495
---------------------------------------------------------------------------------
---------------------------------------------------------------------------------
Start Timing Optimization
---------------------------------------------------------------------------------
INFO: [Synth 8-5784] Optimized 3 bits of RAM "gen_wr_a.gen_word_narrow.mem_reg" due to constant propagation. Old ram width 324 bits, new ram width 321 bits.
INFO: [Synth 8-5556] The block RAM "inst/\gen_fifo.xpm_fifo_axis_inst /xpm_fifo_base_inst/\gen_sdpram.xpm_memory_base_inst /gen_wr_a.gen_word_narrow.mem_reg" may be mapped as a cascade chain, because it is not timing critical.
INFO: [Synth 8-6792] Large memory block ("inst/\gen_fifo.xpm_fifo_axis_inst /xpm_fifo_base_inst/\gen_sdpram.xpm_memory_base_inst /gen_wr_a.gen_word_narrow.mem_reg") is implemented using BRAM instead of URAM due to insufficient pipeline registers. Use of ram_style="ultra" and/or providing sufficient pipeline registers is recommended
INFO: [Synth 8-6793] RAM ("inst/\gen_fifo.xpm_fifo_axis_inst /xpm_fifo_base_inst/\gen_sdpram.xpm_memory_base_inst /gen_wr_a.gen_word_narrow.mem_reg") is implemented using BRAM instead of URAM due to insufficient pipeline registers. Available pipeline stages = 0, Minimum required pipeline stages = 1 
---------------------------------------------------------------------------------
Finished Timing Optimization : Time (s): cpu = 00:00:41 ; elapsed = 00:00:45 . Memory (MB): peak = 3955.305 ; gain = 1006.816 ; free physical = 40856 ; free virtual = 86292
---------------------------------------------------------------------------------
---------------------------------------------------------------------------------
Start ROM, RAM, DSP, Shift Register and Retiming Reporting
---------------------------------------------------------------------------------

Block RAM: Final Mapping Report
+----------------------------------------------------------------------------------------+----------------------------------+------------------------+---+---+------------------------+---+---+------------------+--------+--------+-------------------------+
|Module Name                                                                             | RTL Object                       | PORT A (Depth x Width) | W | R | PORT B (Depth x Width) | W | R | Ports driving FF | RAMB18 | RAMB36 | Cascade Heights         | 
+----------------------------------------------------------------------------------------+----------------------------------+------------------------+---+---+------------------------+---+---+------------------+--------+--------+-------------------------+
|inst/\gen_fifo.xpm_fifo_axis_inst /xpm_fifo_base_inst/\gen_sdpram.xpm_memory_base_inst  | gen_wr_a.gen_word_narrow.mem_reg | 8 K x 324(READ_FIRST)  | W |   | 8 K x 324(WRITE_FIRST) |   | R | Port A and B     | 1      | 71     | 8,8,8,8,8,8,8,8,4,2,1,1 | 
+----------------------------------------------------------------------------------------+----------------------------------+------------------------+---+---+------------------------+---+---+------------------+--------+--------+-------------------------+

---------------------------------------------------------------------------------
Finished ROM, RAM, DSP, Shift Register and Retiming Reporting
---------------------------------------------------------------------------------
---------------------------------------------------------------------------------
Start Technology Mapping
---------------------------------------------------------------------------------
---------------------------------------------------------------------------------
Finished Technology Mapping : Time (s): cpu = 00:00:42 ; elapsed = 00:00:45 . Memory (MB): peak = 3963.312 ; gain = 1014.824 ; free physical = 40642 ; free virtual = 86079
---------------------------------------------------------------------------------
---------------------------------------------------------------------------------
Start IO Insertion
---------------------------------------------------------------------------------
---------------------------------------------------------------------------------
Start Flattening Before IO Insertion
---------------------------------------------------------------------------------
---------------------------------------------------------------------------------
Finished Flattening Before IO Insertion
---------------------------------------------------------------------------------
---------------------------------------------------------------------------------
Start Final Netlist Cleanup
---------------------------------------------------------------------------------
---------------------------------------------------------------------------------
Finished Final Netlist Cleanup
---------------------------------------------------------------------------------
---------------------------------------------------------------------------------
Finished IO Insertion : Time (s): cpu = 00:00:46 ; elapsed = 00:00:50 . Memory (MB): peak = 4129.125 ; gain = 1180.637 ; free physical = 38819 ; free virtual = 84264
---------------------------------------------------------------------------------
---------------------------------------------------------------------------------
Start Renaming Generated Instances
---------------------------------------------------------------------------------
---------------------------------------------------------------------------------
Finished Renaming Generated Instances : Time (s): cpu = 00:00:46 ; elapsed = 00:00:50 . Memory (MB): peak = 4129.125 ; gain = 1180.637 ; free physical = 38823 ; free virtual = 84268
---------------------------------------------------------------------------------
---------------------------------------------------------------------------------
Start Rebuilding User Hierarchy
---------------------------------------------------------------------------------
---------------------------------------------------------------------------------
Finished Rebuilding User Hierarchy : Time (s): cpu = 00:00:47 ; elapsed = 00:00:50 . Memory (MB): peak = 4129.125 ; gain = 1180.637 ; free physical = 38676 ; free virtual = 84116
---------------------------------------------------------------------------------
---------------------------------------------------------------------------------
Start Renaming Generated Ports
---------------------------------------------------------------------------------
---------------------------------------------------------------------------------
Finished Renaming Generated Ports : Time (s): cpu = 00:00:47 ; elapsed = 00:00:50 . Memory (MB): peak = 4129.125 ; gain = 1180.637 ; free physical = 38671 ; free virtual = 84112
---------------------------------------------------------------------------------
---------------------------------------------------------------------------------
Start Handling Custom Attributes
---------------------------------------------------------------------------------
---------------------------------------------------------------------------------
Finished Handling Custom Attributes : Time (s): cpu = 00:00:47 ; elapsed = 00:00:50 . Memory (MB): peak = 4129.125 ; gain = 1180.637 ; free physical = 38660 ; free virtual = 84101
---------------------------------------------------------------------------------
---------------------------------------------------------------------------------
Start Renaming Generated Nets
---------------------------------------------------------------------------------
---------------------------------------------------------------------------------
Finished Renaming Generated Nets : Time (s): cpu = 00:00:47 ; elapsed = 00:00:50 . Memory (MB): peak = 4129.125 ; gain = 1180.637 ; free physical = 38657 ; free virtual = 84097
---------------------------------------------------------------------------------
---------------------------------------------------------------------------------
Start Writing Synthesis Report
---------------------------------------------------------------------------------

Report BlackBoxes: 
+-+--------------+----------+
| |BlackBox name |Instances |
+-+--------------+----------+
+-+--------------+----------+

Report Cell Usage: 
+------+---------+------+
|      |Cell     |Count |
+------+---------+------+
|1     |LUT1     |     5|
|2     |LUT2     |    15|
|3     |LUT3     |    29|
|4     |LUT4     |    36|
|5     |LUT5     |    19|
|6     |LUT6     |    45|
|7     |RAMB18E2 |     1|
|8     |RAMB36E2 |    71|
|17    |FDRE     |    61|
|18    |FDSE     |     8|
+------+---------+------+
---------------------------------------------------------------------------------
Finished Writing Synthesis Report : Time (s): cpu = 00:00:47 ; elapsed = 00:00:50 . Memory (MB): peak = 4129.125 ; gain = 1180.637 ; free physical = 38653 ; free virtual = 84093
---------------------------------------------------------------------------------
Synthesis finished with 0 errors, 0 critical warnings and 339 warnings.
Synthesis Optimization Runtime : Time (s): cpu = 00:00:36 ; elapsed = 00:00:39 . Memory (MB): peak = 4129.125 ; gain = 1084.477 ; free physical = 38475 ; free virtual = 83916
Synthesis Optimization Complete : Time (s): cpu = 00:00:47 ; elapsed = 00:00:51 . Memory (MB): peak = 4129.125 ; gain = 1180.637 ; free physical = 38472 ; free virtual = 83913
INFO: [Project 1-571] Translating synthesized netlist
Netlist sorting complete. Time (s): cpu = 00:00:00.03 ; elapsed = 00:00:00.03 . Memory (MB): peak = 4129.125 ; gain = 0.000 ; free physical = 38986 ; free virtual = 84422
INFO: [Project 1-570] Preparing netlist for logic optimization
INFO: [Opt 31-138] Pushed 0 inverter(s) to 0 load pin(s).
Netlist sorting complete. Time (s): cpu = 00:00:00 ; elapsed = 00:00:00 . Memory (MB): peak = 4129.125 ; gain = 0.000 ; free physical = 41756 ; free virtual = 87192
INFO: [Project 1-111] Unisim Transformation Summary:
No Unisim elements were transformed.

Synth Design complete | Checksum: 5c4ea5d6
INFO: [Common 17-83] Releasing license: Synthesis
73 Infos, 108 Warnings, 0 Critical Warnings and 0 Errors encountered.
synth_design completed successfully
synth_design: Time (s): cpu = 00:01:07 ; elapsed = 00:01:09 . Memory (MB): peak = 4129.125 ; gain = 2551.570 ; free physical = 41699 ; free virtual = 87135
INFO: [Common 17-2834] synth_design peak Physical Memory [PSS] (MB): overall = 3237.172; main = 3062.217; forked = 176.787
INFO: [Common 17-2834] synth_design peak Virtual Memory [VSS] (MB): overall = 5084.336; main = 4129.129; forked = 955.207
Write ShapeDB Complete: Time (s): cpu = 00:00:00 ; elapsed = 00:00:00 . Memory (MB): peak = 4129.125 ; gain = 0.000 ; free physical = 42227 ; free virtual = 87667
INFO: [Common 17-1381] The checkpoint '/home/miahafiz/NeuroRing_a_2048/_x.hw.NUM_2048.CORE_10.FREQ_300/link/vivado/vpl/prj/prj.runs/ulp_buffer_SynapseRouter_9_syn_forward_rt_right_0_synth_1/ulp_buffer_SynapseRouter_9_syn_forward_rt_right_0.dcp' has been generated.
INFO: [Coretcl 2-1648] Added synthesis output to IP cache for IP ulp_buffer_SynapseRouter_9_syn_forward_rt_right_0, cache-ID = b8206d27bd39e18d
INFO: [Coretcl 2-1174] Renamed 11 cell refs.
Write ShapeDB Complete: Time (s): cpu = 00:00:00 ; elapsed = 00:00:00 . Memory (MB): peak = 4129.125 ; gain = 0.000 ; free physical = 41091 ; free virtual = 86557
INFO: [Common 17-1381] The checkpoint '/home/miahafiz/NeuroRing_a_2048/_x.hw.NUM_2048.CORE_10.FREQ_300/link/vivado/vpl/prj/prj.runs/ulp_buffer_SynapseRouter_9_syn_forward_rt_right_0_synth_1/ulp_buffer_SynapseRouter_9_syn_forward_rt_right_0.dcp' has been generated.
INFO: [Vivado 12-24828] Executing command : report_utilization -file ulp_buffer_SynapseRouter_9_syn_forward_rt_right_0_utilization_synth.rpt -pb ulp_buffer_SynapseRouter_9_syn_forward_rt_right_0_utilization_synth.pb
INFO: [Common 17-206] Exiting Vivado at Fri Feb 27 13:14:55 2026...
