INFO: [v++ 60-1306] Additional information associated with this v++ link can be found at:
	Reports: /home/miahafiz/NeuroRing_a_4096_5c/_x.hw.NUM_4096.CORE_5.FREQ_300/reports/link
	Log files: /home/miahafiz/NeuroRing_a_4096_5c/_x.hw.NUM_4096.CORE_5.FREQ_300/logs/link
INFO: [v++ 60-1548] Creating build summary session with primary output /home/miahafiz/NeuroRing_a_4096_5c/_build_dir.hw.NUM_4096.CORE_5.FREQ_300/krnl_neuroring_hw.xclbin.link_summary, at Fri Feb 27 05:36:46 2026
INFO: [v++ 60-1315] Creating rulecheck session with output '/home/miahafiz/NeuroRing_a_4096_5c/_x.hw.NUM_4096.CORE_5.FREQ_300/reports/link/v++_link_krnl_neuroring_hw_guidance.html', at Fri Feb 27 05:36:46 2026
INFO: [v++ 60-895]   Target platform: /opt/xilinx/platforms/xilinx_u55c_gen3x16_xdma_3_202210_1/xilinx_u55c_gen3x16_xdma_3_202210_1.xpfm
INFO: [v++ 60-1578]   This platform contains Xilinx Shell Archive '/opt/xilinx/platforms/xilinx_u55c_gen3x16_xdma_3_202210_1/hw/hw.xsa'
INFO: [v++ 74-78] Compiler Version string: 2025.1
INFO: [v++ 60-1302] Platform 'xilinx_u55c_gen3x16_xdma_3_202210_1.xpfm' has been explicitly enabled for this release.
INFO: [v++ 60-629] Linking for hardware target
INFO: [v++ 60-423]   Target device: xilinx_u55c_gen3x16_xdma_3_202210_1
WARNING: [v++ 60-889] User-specified kernel frequency for ID 0 is the same as the default frequency 300 MHz, so it will be ignored
INFO: [v++ 60-1332] Run 'run_link' status: Not started
INFO: [v++ 60-1443] [05:36:57] Run run_link: Step system_link: Started
INFO: [v++ 60-1453] Command Line: system_link --xo /home/miahafiz/NeuroRing_a_4096_5c/_x.hw.NUM_4096.CORE_5.FREQ_300/krnl_neuroring.xo --xo /home/miahafiz/NeuroRing_a_4096_5c/_x.hw.NUM_4096.CORE_5.FREQ_300/krnl_synapserouter.xo -keep --config /home/miahafiz/NeuroRing_a_4096_5c/_x.hw.NUM_4096.CORE_5.FREQ_300/link/int/syslinkConfig.ini --xpfm /opt/xilinx/platforms/xilinx_u55c_gen3x16_xdma_3_202210_1/xilinx_u55c_gen3x16_xdma_3_202210_1.xpfm --target hw --output_dir /home/miahafiz/NeuroRing_a_4096_5c/_x.hw.NUM_4096.CORE_5.FREQ_300/link/int --temp_dir /home/miahafiz/NeuroRing_a_4096_5c/_x.hw.NUM_4096.CORE_5.FREQ_300/link/sys_link
INFO: [v++ 60-1454] Run Directory: /home/miahafiz/NeuroRing_a_4096_5c/_x.hw.NUM_4096.CORE_5.FREQ_300/link/run_link
INFO: [SYSTEM_LINK 82-70] Extracting xo v3 file /home/miahafiz/NeuroRing_a_4096_5c/_x.hw.NUM_4096.CORE_5.FREQ_300/krnl_neuroring.xo
INFO: [SYSTEM_LINK 82-70] Extracting xo v3 file /home/miahafiz/NeuroRing_a_4096_5c/_x.hw.NUM_4096.CORE_5.FREQ_300/krnl_synapserouter.xo
INFO: [SYSTEM_LINK 82-53] Creating IP database /home/miahafiz/NeuroRing_a_4096_5c/_x.hw.NUM_4096.CORE_5.FREQ_300/link/sys_link/_sysl/.cdb/xd_ip_db.xml
INFO: [SYSTEM_LINK 82-38] [05:37:07] build_xd_ip_db started: /opt/xilinx/2025.1/Vitis/bin/build_xd_ip_db -ip_search 0  -sds-pf /home/miahafiz/NeuroRing_a_4096_5c/_x.hw.NUM_4096.CORE_5.FREQ_300/link/sys_link/hw.hpfm -clkid 0 -ip /home/miahafiz/NeuroRing_a_4096_5c/_x.hw.NUM_4096.CORE_5.FREQ_300/link/sys_link/iprepo/xilinx_com_hls_NeuroRing_1_0,NeuroRing -ip /home/miahafiz/NeuroRing_a_4096_5c/_x.hw.NUM_4096.CORE_5.FREQ_300/link/sys_link/iprepo/xilinx_com_hls_SynapseRouter_1_0,SynapseRouter -o /home/miahafiz/NeuroRing_a_4096_5c/_x.hw.NUM_4096.CORE_5.FREQ_300/link/sys_link/_sysl/.cdb/xd_ip_db.xml
INFO: [SYSTEM_LINK 82-37] [05:37:08] build_xd_ip_db finished successfully
Time (s): cpu = 00:00:00.71 ; elapsed = 00:00:01 . Memory (MB): peak = 498.840 ; gain = 0.000 ; free physical = 123373 ; free virtual = 207393
INFO: [SYSTEM_LINK 82-51] Create system connectivity graph
INFO: [SYSTEM_LINK 82-102] Applying explicit connections to the system connectivity graph: /home/miahafiz/NeuroRing_a_4096_5c/_x.hw.NUM_4096.CORE_5.FREQ_300/link/sys_link/cfgraph/cfgen_cfgraph.xml
INFO: [SYSTEM_LINK 82-38] [05:37:08] cfgen started: /opt/xilinx/2025.1/Vitis/bin/cfgen  -nk NeuroRing:5:NeuroRing_0,NeuroRing_1,NeuroRing_2,NeuroRing_3,NeuroRing_4 -nk SynapseRouter:5:SynapseRouter_0,SynapseRouter_1,SynapseRouter_2,SynapseRouter_3,SynapseRouter_4 -sc NeuroRing_0.SynapseStreamRight:SynapseRouter_0.synapse_stream_right:256 -sc NeuroRing_1.SynapseStreamRight:SynapseRouter_1.synapse_stream_right:256 -sc NeuroRing_2.SynapseStreamRight:SynapseRouter_2.synapse_stream_right:256 -sc NeuroRing_3.SynapseStreamRight:SynapseRouter_3.synapse_stream_right:256 -sc NeuroRing_4.SynapseStreamRight:SynapseRouter_4.synapse_stream_right:256 -sc NeuroRing_0.SynapseStreamLeft:SynapseRouter_0.synapse_stream_left:256 -sc NeuroRing_1.SynapseStreamLeft:SynapseRouter_1.synapse_stream_left:256 -sc NeuroRing_2.SynapseStreamLeft:SynapseRouter_2.synapse_stream_left:256 -sc NeuroRing_3.SynapseStreamLeft:SynapseRouter_3.synapse_stream_left:256 -sc NeuroRing_4.SynapseStreamLeft:SynapseRouter_4.synapse_stream_left:256 -sc SynapseRouter_0.SpikeOutWeight:NeuroRing_0.SpikeInWeight:64 -sc SynapseRouter_1.SpikeOutWeight:NeuroRing_1.SpikeInWeight:64 -sc SynapseRouter_2.SpikeOutWeight:NeuroRing_2.SpikeInWeight:64 -sc SynapseRouter_3.SpikeOutWeight:NeuroRing_3.SpikeInWeight:64 -sc SynapseRouter_4.SpikeOutWeight:NeuroRing_4.SpikeInWeight:64 -sc SynapseRouter_0.syn_forward_rt_right:SynapseRouter_1.syn_route_in_right:2048 -sc SynapseRouter_1.syn_forward_rt_right:SynapseRouter_2.syn_route_in_right:2048 -sc SynapseRouter_2.syn_forward_rt_right:SynapseRouter_3.syn_route_in_right:2048 -sc SynapseRouter_3.syn_forward_rt_right:SynapseRouter_4.syn_route_in_right:2048 -sc SynapseRouter_4.syn_forward_rt_right:SynapseRouter_0.syn_route_in_right:2048 -sc SynapseRouter_0.syn_forward_rt_left:SynapseRouter_4.syn_route_in_left:2048 -sc SynapseRouter_4.syn_forward_rt_left:SynapseRouter_3.syn_route_in_left:2048 -sc SynapseRouter_3.syn_forward_rt_left:SynapseRouter_2.syn_route_in_left:2048 -sc SynapseRouter_2.syn_forward_rt_left:SynapseRouter_1.syn_route_in_left:2048 -sc SynapseRouter_1.syn_forward_rt_left:SynapseRouter_0.syn_route_in_left:2048 -sp NeuroRing_0.SpikeRecorder_SynapseList:HBM[2] -sp NeuroRing_1.SpikeRecorder_SynapseList:HBM[4] -sp NeuroRing_2.SpikeRecorder_SynapseList:HBM[8] -sp NeuroRing_3.SpikeRecorder_SynapseList:HBM[10] -sp NeuroRing_4.SpikeRecorder_SynapseList:HBM[12] -dpa_mem_offload false -dpa_aie_mem_offload false -dmclkid 0 -r /home/miahafiz/NeuroRing_a_4096_5c/_x.hw.NUM_4096.CORE_5.FREQ_300/link/sys_link/_sysl/.cdb/xd_ip_db.xml -o /home/miahafiz/NeuroRing_a_4096_5c/_x.hw.NUM_4096.CORE_5.FREQ_300/link/sys_link/cfgraph/cfgen_cfgraph.xml
INFO: [CFGEN 83-0] Kernel Specs: 
INFO: [CFGEN 83-0]   kernel: NeuroRing, num: 5  {NeuroRing_0 NeuroRing_1 NeuroRing_2 NeuroRing_3 NeuroRing_4}
INFO: [CFGEN 83-0]   kernel: SynapseRouter, num: 5  {SynapseRouter_0 SynapseRouter_1 SynapseRouter_2 SynapseRouter_3 SynapseRouter_4}
INFO: [CFGEN 83-0] Port Specs: 
INFO: [CFGEN 83-0]   kernel: NeuroRing_0, k_port: SpikeRecorder_SynapseList, sptag: HBM[2]
INFO: [CFGEN 83-0]   kernel: NeuroRing_1, k_port: SpikeRecorder_SynapseList, sptag: HBM[4]
INFO: [CFGEN 83-0]   kernel: NeuroRing_2, k_port: SpikeRecorder_SynapseList, sptag: HBM[8]
INFO: [CFGEN 83-0]   kernel: NeuroRing_3, k_port: SpikeRecorder_SynapseList, sptag: HBM[10]
INFO: [CFGEN 83-0]   kernel: NeuroRing_4, k_port: SpikeRecorder_SynapseList, sptag: HBM[12]
INFO: [CFGEN 83-0] Stream Specs: 
INFO: [CFGEN 83-0]   NeuroRing_0.SynapseStreamRight => SynapseRouter_0.synapse_stream_right
INFO: [CFGEN 83-0]   NeuroRing_1.SynapseStreamRight => SynapseRouter_1.synapse_stream_right
INFO: [CFGEN 83-0]   NeuroRing_2.SynapseStreamRight => SynapseRouter_2.synapse_stream_right
INFO: [CFGEN 83-0]   NeuroRing_3.SynapseStreamRight => SynapseRouter_3.synapse_stream_right
INFO: [CFGEN 83-0]   NeuroRing_4.SynapseStreamRight => SynapseRouter_4.synapse_stream_right
INFO: [CFGEN 83-0]   NeuroRing_0.SynapseStreamLeft => SynapseRouter_0.synapse_stream_left
INFO: [CFGEN 83-0]   NeuroRing_1.SynapseStreamLeft => SynapseRouter_1.synapse_stream_left
INFO: [CFGEN 83-0]   NeuroRing_2.SynapseStreamLeft => SynapseRouter_2.synapse_stream_left
INFO: [CFGEN 83-0]   NeuroRing_3.SynapseStreamLeft => SynapseRouter_3.synapse_stream_left
INFO: [CFGEN 83-0]   NeuroRing_4.SynapseStreamLeft => SynapseRouter_4.synapse_stream_left
INFO: [CFGEN 83-0]   SynapseRouter_0.SpikeOutWeight => NeuroRing_0.SpikeInWeight
INFO: [CFGEN 83-0]   SynapseRouter_1.SpikeOutWeight => NeuroRing_1.SpikeInWeight
INFO: [CFGEN 83-0]   SynapseRouter_2.SpikeOutWeight => NeuroRing_2.SpikeInWeight
INFO: [CFGEN 83-0]   SynapseRouter_3.SpikeOutWeight => NeuroRing_3.SpikeInWeight
INFO: [CFGEN 83-0]   SynapseRouter_4.SpikeOutWeight => NeuroRing_4.SpikeInWeight
INFO: [CFGEN 83-0]   SynapseRouter_0.syn_forward_rt_right => SynapseRouter_1.syn_route_in_right
INFO: [CFGEN 83-0]   SynapseRouter_1.syn_forward_rt_right => SynapseRouter_2.syn_route_in_right
INFO: [CFGEN 83-0]   SynapseRouter_2.syn_forward_rt_right => SynapseRouter_3.syn_route_in_right
INFO: [CFGEN 83-0]   SynapseRouter_3.syn_forward_rt_right => SynapseRouter_4.syn_route_in_right
INFO: [CFGEN 83-0]   SynapseRouter_4.syn_forward_rt_right => SynapseRouter_0.syn_route_in_right
INFO: [CFGEN 83-0]   SynapseRouter_0.syn_forward_rt_left => SynapseRouter_4.syn_route_in_left
INFO: [CFGEN 83-0]   SynapseRouter_4.syn_forward_rt_left => SynapseRouter_3.syn_route_in_left
INFO: [CFGEN 83-0]   SynapseRouter_3.syn_forward_rt_left => SynapseRouter_2.syn_route_in_left
INFO: [CFGEN 83-0]   SynapseRouter_2.syn_forward_rt_left => SynapseRouter_1.syn_route_in_left
INFO: [CFGEN 83-0]   SynapseRouter_1.syn_forward_rt_left => SynapseRouter_0.syn_route_in_left
INFO: [SYSTEM_LINK 82-37] [05:37:19] cfgen finished successfully
Time (s): cpu = 00:00:10 ; elapsed = 00:00:10 . Memory (MB): peak = 498.840 ; gain = 0.000 ; free physical = 122521 ; free virtual = 206588
INFO: [SYSTEM_LINK 82-52] Create top-level block diagram
INFO: [SYSTEM_LINK 82-38] [05:37:19] cf2bd started: /opt/xilinx/2025.1/Vitis/bin/cf2bd  --linux --trace_buffer 1024 --input_file /home/miahafiz/NeuroRing_a_4096_5c/_x.hw.NUM_4096.CORE_5.FREQ_300/link/sys_link/cfgraph/cfgen_cfgraph.xml --ip_db /home/miahafiz/NeuroRing_a_4096_5c/_x.hw.NUM_4096.CORE_5.FREQ_300/link/sys_link/_sysl/.cdb/xd_ip_db.xml --cf_name dr --working_dir /home/miahafiz/NeuroRing_a_4096_5c/_x.hw.NUM_4096.CORE_5.FREQ_300/link/sys_link/_sysl/.xsd --temp_dir /home/miahafiz/NeuroRing_a_4096_5c/_x.hw.NUM_4096.CORE_5.FREQ_300/link/sys_link --output_dir /home/miahafiz/NeuroRing_a_4096_5c/_x.hw.NUM_4096.CORE_5.FREQ_300/link/int --target_bd ulp.bd
INFO: [CF2BD 82-31] Launching cf2xd: cf2xd -linux -trace-buffer 1024 -i /home/miahafiz/NeuroRing_a_4096_5c/_x.hw.NUM_4096.CORE_5.FREQ_300/link/sys_link/cfgraph/cfgen_cfgraph.xml -r /home/miahafiz/NeuroRing_a_4096_5c/_x.hw.NUM_4096.CORE_5.FREQ_300/link/sys_link/_sysl/.cdb/xd_ip_db.xml -o dr.xml
INFO: [CF2BD 82-28] cf2xd finished successfully
INFO: [CF2BD 82-31] Launching cf_xsd: cf_xsd -disable-address-gen -bd ulp.bd -dn dr -dp /home/miahafiz/NeuroRing_a_4096_5c/_x.hw.NUM_4096.CORE_5.FREQ_300/link/sys_link/_sysl/.xsd
rlwrap: warning: your $TERM is 'screen.xterm-256color' but rlwrap couldn't find it in the terminfo database. Expect some problems.: Inappropriate ioctl for device
INFO: [CF2BD 82-28] cf_xsd finished successfully
INFO: [SYSTEM_LINK 82-37] [05:37:44] cf2bd finished successfully
Time (s): cpu = 00:00:24 ; elapsed = 00:00:25 . Memory (MB): peak = 498.840 ; gain = 0.000 ; free physical = 121012 ; free virtual = 205160
INFO: [v++ 60-1441] [05:37:44] Run run_link: Step system_link: Completed
Time (s): cpu = 00:00:38 ; elapsed = 00:00:46 . Memory (MB): peak = 515.875 ; gain = 0.000 ; free physical = 121121 ; free virtual = 205268
INFO: [v++ 60-1443] [05:37:44] Run run_link: Step cf2sw: Started
INFO: [v++ 60-1453] Command Line: cf2sw -sdsl /home/miahafiz/NeuroRing_a_4096_5c/_x.hw.NUM_4096.CORE_5.FREQ_300/link/int/sdsl.dat -rtd /home/miahafiz/NeuroRing_a_4096_5c/_x.hw.NUM_4096.CORE_5.FREQ_300/link/int/cf2sw.rtd -nofilter /home/miahafiz/NeuroRing_a_4096_5c/_x.hw.NUM_4096.CORE_5.FREQ_300/link/int/cf2sw_full.rtd -xclbin /home/miahafiz/NeuroRing_a_4096_5c/_x.hw.NUM_4096.CORE_5.FREQ_300/link/int/xclbin_orig.xml -o /home/miahafiz/NeuroRing_a_4096_5c/_x.hw.NUM_4096.CORE_5.FREQ_300/link/int/xclbin_orig.1.xml
INFO: [v++ 60-1454] Run Directory: /home/miahafiz/NeuroRing_a_4096_5c/_x.hw.NUM_4096.CORE_5.FREQ_300/link/run_link
INFO: [v++ 60-1441] [05:38:13] Run run_link: Step cf2sw: Completed
Time (s): cpu = 00:00:29 ; elapsed = 00:00:29 . Memory (MB): peak = 515.875 ; gain = 0.000 ; free physical = 120393 ; free virtual = 204639
INFO: [v++ 60-1443] [05:38:13] Run run_link: Step rtd2_system_diagram: Started
INFO: [v++ 60-1453] Command Line: rtd2SystemDiagram
INFO: [v++ 60-1454] Run Directory: /home/miahafiz/NeuroRing_a_4096_5c/_x.hw.NUM_4096.CORE_5.FREQ_300/link/run_link
INFO: [v++ 60-1441] [05:38:13] Run run_link: Step rtd2_system_diagram: Completed
Time (s): cpu = 00:00:00 ; elapsed = 00:00:00.64 . Memory (MB): peak = 515.875 ; gain = 0.000 ; free physical = 120358 ; free virtual = 204605
INFO: [v++ 60-1443] [05:38:13] Run run_link: Step vpl: Started
INFO: [v++ 60-1453] Command Line: vpl -t hw -f xilinx_u55c_gen3x16_xdma_3_202210_1 -s --kernel_frequency 300 --remote_ip_cache /home/miahafiz/NeuroRing_a_4096_5c/.ipcache --output_dir /home/miahafiz/NeuroRing_a_4096_5c/_x.hw.NUM_4096.CORE_5.FREQ_300/link/int --log_dir /home/miahafiz/NeuroRing_a_4096_5c/_x.hw.NUM_4096.CORE_5.FREQ_300/logs/link --report_dir /home/miahafiz/NeuroRing_a_4096_5c/_x.hw.NUM_4096.CORE_5.FREQ_300/reports/link --config /home/miahafiz/NeuroRing_a_4096_5c/_x.hw.NUM_4096.CORE_5.FREQ_300/link/int/vplConfig.ini -k /home/miahafiz/NeuroRing_a_4096_5c/_x.hw.NUM_4096.CORE_5.FREQ_300/link/int/kernel_info.dat --webtalk_flag Vitis --temp_dir /home/miahafiz/NeuroRing_a_4096_5c/_x.hw.NUM_4096.CORE_5.FREQ_300/link --no-info --iprepo /home/miahafiz/NeuroRing_a_4096_5c/_x.hw.NUM_4096.CORE_5.FREQ_300/link/int/xo/ip_repo/xilinx_com_hls_SynapseRouter_1_0 --iprepo /home/miahafiz/NeuroRing_a_4096_5c/_x.hw.NUM_4096.CORE_5.FREQ_300/link/int/xo/ip_repo/xilinx_com_hls_NeuroRing_1_0 --messageDb /home/miahafiz/NeuroRing_a_4096_5c/_x.hw.NUM_4096.CORE_5.FREQ_300/link/run_link/vpl.pb /home/miahafiz/NeuroRing_a_4096_5c/_x.hw.NUM_4096.CORE_5.FREQ_300/link/int/dr.bd.tcl
INFO: [v++ 60-1454] Run Directory: /home/miahafiz/NeuroRing_a_4096_5c/_x.hw.NUM_4096.CORE_5.FREQ_300/link/run_link

****** vpl v2025.1 (64-bit)
  **** SW Build 6137779 on 2025-05-21-18:10:03
  **** Start of session at: Fri Feb 27 05:38:15 2026
    ** Copyright 1986-2022 Xilinx, Inc. All Rights Reserved.
    ** Copyright 2022-2025 Advanced Micro Devices, Inc. All Rights Reserved.

INFO: [VPL 60-839] Read in kernel information from file '/home/miahafiz/NeuroRing_a_4096_5c/_x.hw.NUM_4096.CORE_5.FREQ_300/link/int/kernel_info.dat'.
INFO: [VPL 74-78] Compiler Version string: 2025.1
INFO: [VPL 60-423]   Target device: xilinx_u55c_gen3x16_xdma_3_202210_1
WARNING: [VPL 60-889] User-specified kernel frequency for ID 0 is the same as the default frequency 300 MHz, so it will be ignored
INFO: [VPL 60-1032] Extracting hardware platform to /home/miahafiz/NeuroRing_a_4096_5c/_x.hw.NUM_4096.CORE_5.FREQ_300/link/vivado/vpl/.local/hw_platform
[05:38:35] Run vpl: Step create_project: Started
Creating Vivado project.
[05:38:38] Run vpl: Step create_project: Completed
[05:38:38] Run vpl: Step create_bd: Started
[05:39:35] Run vpl: Step create_bd: Completed
[05:39:35] Run vpl: Step update_bd: Started
[05:39:37] Run vpl: Step update_bd: Completed
[05:39:37] Run vpl: Step generate_target: Started
[05:40:55] Run vpl: Step generate_target: RUNNING...
[05:42:12] Run vpl: Step generate_target: RUNNING...
[05:42:26] Run vpl: Step generate_target: Completed
[05:42:26] Run vpl: Step config_hw_runs: Started
[05:43:45] Run vpl: Step config_hw_runs: RUNNING...
[05:45:06] Run vpl: Step config_hw_runs: RUNNING...
[05:45:21] Run vpl: Step config_hw_runs: Completed
[05:45:21] Run vpl: Step synth: Started
[05:46:56] Block-level synthesis in progress, 0 of 198 jobs complete, 16 jobs running.
[05:47:30] Block-level synthesis in progress, 0 of 198 jobs complete, 16 jobs running.
[05:48:04] Block-level synthesis in progress, 11 of 198 jobs complete, 5 jobs running.
[05:48:37] Block-level synthesis in progress, 15 of 198 jobs complete, 15 jobs running.
[05:49:09] Block-level synthesis in progress, 20 of 198 jobs complete, 12 jobs running.
[05:49:41] Block-level synthesis in progress, 27 of 198 jobs complete, 9 jobs running.
[05:50:15] Block-level synthesis in progress, 35 of 198 jobs complete, 8 jobs running.
[05:50:47] Block-level synthesis in progress, 40 of 198 jobs complete, 11 jobs running.
[05:51:19] Block-level synthesis in progress, 44 of 198 jobs complete, 14 jobs running.
[05:51:53] Block-level synthesis in progress, 48 of 198 jobs complete, 14 jobs running.
[05:52:26] Block-level synthesis in progress, 55 of 198 jobs complete, 12 jobs running.
[05:53:02] Block-level synthesis in progress, 63 of 198 jobs complete, 10 jobs running.
[05:53:34] Block-level synthesis in progress, 70 of 198 jobs complete, 10 jobs running.
[05:54:09] Block-level synthesis in progress, 81 of 198 jobs complete, 7 jobs running.
[05:54:47] Block-level synthesis in progress, 88 of 198 jobs complete, 10 jobs running.
[05:55:21] Block-level synthesis in progress, 95 of 198 jobs complete, 11 jobs running.
[05:55:53] Block-level synthesis in progress, 103 of 198 jobs complete, 9 jobs running.
[05:56:32] Block-level synthesis in progress, 106 of 198 jobs complete, 14 jobs running.
[05:57:06] Block-level synthesis in progress, 113 of 198 jobs complete, 11 jobs running.
[05:57:39] Block-level synthesis in progress, 123 of 198 jobs complete, 7 jobs running.
[05:58:12] Block-level synthesis in progress, 128 of 198 jobs complete, 12 jobs running.
[05:58:46] Block-level synthesis in progress, 137 of 198 jobs complete, 9 jobs running.
[05:59:18] Block-level synthesis in progress, 148 of 198 jobs complete, 5 jobs running.
[05:59:49] Block-level synthesis in progress, 155 of 198 jobs complete, 9 jobs running.
[06:00:23] Block-level synthesis in progress, 164 of 198 jobs complete, 9 jobs running.
[06:00:56] Block-level synthesis in progress, 167 of 198 jobs complete, 14 jobs running.
[06:01:30] Block-level synthesis in progress, 173 of 198 jobs complete, 13 jobs running.
[06:02:03] Block-level synthesis in progress, 183 of 198 jobs complete, 5 jobs running.
[06:02:35] Block-level synthesis in progress, 193 of 198 jobs complete, 3 jobs running.
[06:03:08] Block-level synthesis in progress, 193 of 198 jobs complete, 4 jobs running.
[06:03:41] Block-level synthesis in progress, 194 of 198 jobs complete, 3 jobs running.
[06:04:13] Block-level synthesis in progress, 196 of 198 jobs complete, 1 job running.
[06:04:46] Block-level synthesis in progress, 197 of 198 jobs complete, 1 job running.
[06:05:17] Block-level synthesis in progress, 197 of 198 jobs complete, 1 job running.
[06:05:51] Block-level synthesis in progress, 198 of 198 jobs complete, 0 jobs running.
[06:06:24] Top-level synthesis in progress.
[06:06:56] Top-level synthesis in progress.
[06:07:27] Top-level synthesis in progress.
[06:07:59] Top-level synthesis in progress.
[06:08:32] Top-level synthesis in progress.
[06:09:18] Run vpl: Step synth: Completed
[06:09:19] Run vpl: Step impl: Started
[06:23:08] Finished 2nd of 6 tasks (FPGA linking synthesized kernels to platform). Elapsed time: 00h 44m 52s 

[06:23:08] Starting logic optimization..
[06:23:40] Phase 1 Initialization
[06:23:40] Phase 1.1 Core Generation And Design Setup
[06:24:12] Phase 1.2 Setup Constraints And Sort Netlist
[06:24:12] Phase 2 Timer Update And Timing Data Collection
[06:24:12] Phase 2.1 Timer Update
[06:24:12] Phase 2.2 Timing Data Collection
[06:24:44] Phase 3 Retarget
[06:24:44] Phase 4 Constant propagation
[06:25:17] Phase 5 Sweep
[06:25:49] Phase 6 BUFG optimization
[06:25:49] Phase 7 Shift Register Optimization
[06:26:21] Phase 8 Post Processing Netlist
[06:26:21] Phase 9 Finalization
[06:26:21] Phase 9.1 Finalizing Design Cores and Updating Shapes
[06:26:21] Phase 9.2 Verifying Netlist Connectivity
[06:26:53] Finished 3rd of 6 tasks (FPGA logic optimization). Elapsed time: 00h 03m 44s 

[06:26:53] Starting logic placement..
[06:27:25] Phase 1 Placer Initialization
[06:27:25] Phase 1.1 Placer Initialization Netlist Sorting
[06:32:48] Phase 1.2 IO Placement/ Clock Placement/ Build Placer Device
[06:33:53] Phase 1.3 Build Placer Netlist Model
[06:37:36] Phase 1.4 Constrain Clocks/Macros
[06:37:36] Phase 2 Global Placement
[06:37:36] Phase 2.1 Floorplanning
[06:39:44] Phase 2.1.1 Partition Driven Placement
[06:39:44] Phase 2.1.1.1 PBP: Partition Driven Placement
[06:45:06] Phase 2.1.1.2 PBP: Clock Region Placement
[06:46:11] Phase 2.1.1.3 PBP: Compute Congestion
[06:46:11] Phase 2.1.1.4 PBP: UpdateTiming
[06:47:15] Phase 2.1.1.5 PBP: Add part constraints
[06:47:15] Phase 2.2 Physical Synthesis After Floorplan
[06:47:47] Phase 2.3 Update Timing before SLR Path Opt
[06:47:47] Phase 2.4 Post-Processing in Floorplanning
[06:48:19] Phase 2.5 Global Place Phase1
[07:06:43] Phase 2.6 Global Place Phase2
[07:06:43] Phase 2.6.1 UpdateTiming Before Physical Synthesis
[07:07:16] Phase 2.6.2 Physical Synthesis In Placer
[07:12:39] Phase 3 Detail Placement
[07:13:44] Phase 3.1 Commit Multi Column Macros
[07:13:44] Phase 3.2 Commit Most Macros & LUTRAMs
[07:17:30] Phase 3.3 Small Shape DP
[07:17:30] Phase 3.3.1 Small Shape Clustering
[07:18:03] Phase 3.3.2 Slice Area Swap
[07:18:03] Phase 3.3.2.1 Slice Area Swap Initial
[07:22:53] Phase 3.4 Place Remaining
[07:23:25] Phase 3.5 Re-assign LUT pins
[07:23:57] Phase 3.6 Pipeline Register Optimization
[07:24:30] Phase 3.7 Fast Optimization
[07:26:38] Phase 4 Post Placement Optimization and Clean-Up
[07:26:38] Phase 4.1 Post Commit Optimization
[07:28:47] Phase 4.1.1 Post Placement Optimization
[07:29:19] Phase 4.1.1.1 BUFG Insertion
[07:29:19] Phase 1 Physical Synthesis Initialization
[07:30:24] Phase 4.1.1.2 BUFG Replication
[07:30:24] Phase 4.1.1.3 Post Placement Timing Optimization
[07:38:59] Phase 4.1.1.4 Replication
[07:41:07] Phase 4.2 Post Placement Cleanup
[07:41:07] Phase 4.3 Placer Reporting
[07:41:07] Phase 4.3.1 Print Estimated Congestion
[07:41:07] Phase 4.4 Final Placement Cleanup
[07:47:34] Finished 4th of 6 tasks (FPGA logic placement). Elapsed time: 01h 20m 41s 

[07:47:34] Starting logic routing..
[07:47:34] Phase 1 Build RT Design
[07:50:15] Phase 2 Router Initialization
[07:50:15] Phase 2.1 Fix Topology Constraints
[07:50:15] Phase 2.2 Pre Route Cleanup
[07:50:47] Phase 2.3 Global Clock Net Routing
[07:51:19] Phase 2.4 Update Timing
[07:54:33] Phase 2.5 Update Timing for Bus Skew
[07:54:33] Phase 2.5.1 Update Timing
[07:55:38] Phase 2.6 Soft Constraint Pins - Fast Budgeting
[07:56:10] Phase 3 Global Routing
[07:56:10] Phase 4 Initial Routing
[07:56:10] Phase 4.1 Initial Net Routing Pass
[07:58:19] Phase 5 Rip-up And Reroute
[07:58:19] Phase 5.1 Global Iteration 0
[08:22:34] Phase 5.2 Global Iteration 1
[08:30:42] Phase 5.3 Global Iteration 2
[08:36:38] Phase 5.4 Global Iteration 3
[08:40:54] Phase 6 Delay and Skew Optimization
[08:40:54] Phase 6.1 Delay CleanUp
[08:41:59] Phase 6.2 Clock Skew Optimization
[08:42:31] Phase 7 Post Hold Fix
[08:42:31] Phase 7.1 Hold Fix Iter
[08:43:03] Phase 8 Route finalize
[08:43:35] Phase 9 Verifying routed nets
[08:43:35] Phase 10 Depositing Routes
[08:44:08] Phase 11 Leaf Clock Prog Delay Opt
[08:44:40] Phase 11.1 Optimize Skews
[08:44:40] Phase 11.1.1 Leaf ClockOpt Init
[08:46:16] Phase 11.2 Post SkewOpt Delay Cleanup
[08:46:16] Phase 11.2.1 Delay CleanUp
[08:47:20] Phase 11.3 Post SkewOpt Hold Fix
[08:47:20] Phase 11.3.1 Hold Fix Iter
[08:49:29] Phase 12 Depositing Routes
[08:50:33] Phase 13 Resolve XTalk
[08:50:33] Phase 14 Post Process Routing
[08:50:33] Phase 15 Post Router Timing
[08:52:09] Phase 16 Route finalize
[08:52:09] Phase 17 Post-Route Event Processing
[08:53:13] Finished 5th of 6 tasks (FPGA routing). Elapsed time: 01h 05m 39s 

[08:53:13] Starting bitstream generation..
[09:10:28] Creating bitmap...
[09:14:13] Writing bitstream ./level0_i_ulp_my_rm_partial.bit...
[09:14:13] Finished 6th of 6 tasks (FPGA bitstream generation). Elapsed time: 00h 21m 00s 
Check VPL, containing 12 checks, has run: 0 errors, 2 advisory violations
ADVISORY: [AUTO-FREQ-SCALING-08] For clock clk_kernel_00_unbuffered_net, the auto scaled frequency 304.1 MHz exceeds the original specified frequency. The compiler will select the original specified frequency of 300.0 MHz.
ADVISORY: [AUTO-FREQ-SCALING-08] For clock hbm_aclk, the auto scaled frequency 472.1 MHz exceeds the original specified frequency. The compiler will select the original specified frequency of 450.0 MHz.
[09:15:17] Run vpl: Step impl: Completed
[09:15:21] Run vpl: FINISHED. Run Status: impl Complete!
INFO: [v++ 60-1441] [09:15:28] Run run_link: Step vpl: Completed
Time (s): cpu = 00:06:02 ; elapsed = 03:37:15 . Memory (MB): peak = 515.875 ; gain = 0.000 ; free physical = 74877 ; free virtual = 126437
INFO: [v++ 60-1443] [09:15:28] Run run_link: Step rtdgen: Started
INFO: [v++ 60-1453] Command Line: rtdgen
INFO: [v++ 60-1454] Run Directory: /home/miahafiz/NeuroRing_a_4096_5c/_x.hw.NUM_4096.CORE_5.FREQ_300/link/run_link
INFO: [v++ 60-991] clock name 'ulp_ucs/aclk_kernel_01' (clock ID '1') is being mapped to clock name 'KERNEL_CLK' in the xclbin
INFO: [v++ 60-991] clock name 'ulp_ucs/aclk_kernel_00' (clock ID '0') is being mapped to clock name 'DATA_CLK' in the xclbin
INFO: [v++ 60-991] clock name 'hbm_aclk' (clock ID '') is being mapped to clock name 'hbm_aclk' in the xclbin
INFO: [v++ 60-1230] The compiler selected the following frequencies for the runtime controllable kernel clock(s) and scalable system clock(s): System (SYSTEM) clock: hbm_aclk = 450, Kernel (KERNEL) clock: ulp_ucs/aclk_kernel_01 = 500, Kernel (DATA) clock: ulp_ucs/aclk_kernel_00 = 300
INFO: [v++ 60-1453] Command Line: cf2sw -a /home/miahafiz/NeuroRing_a_4096_5c/_x.hw.NUM_4096.CORE_5.FREQ_300/link/int/address_map.xml -sdsl /home/miahafiz/NeuroRing_a_4096_5c/_x.hw.NUM_4096.CORE_5.FREQ_300/link/int/sdsl.dat -xclbin /home/miahafiz/NeuroRing_a_4096_5c/_x.hw.NUM_4096.CORE_5.FREQ_300/link/int/xclbin_orig.xml -rtd /home/miahafiz/NeuroRing_a_4096_5c/_x.hw.NUM_4096.CORE_5.FREQ_300/link/int/krnl_neuroring_hw.rtd -o /home/miahafiz/NeuroRing_a_4096_5c/_x.hw.NUM_4096.CORE_5.FREQ_300/link/int/krnl_neuroring_hw.xml
INFO: [v++ 60-1652] Cf2sw returned exit code: 0
INFO: [v++ 60-1441] [09:15:51] Run run_link: Step rtdgen: Completed
Time (s): cpu = 00:00:21 ; elapsed = 00:00:23 . Memory (MB): peak = 515.875 ; gain = 0.000 ; free physical = 77709 ; free virtual = 129337
INFO: [v++ 60-1443] [09:15:51] Run run_link: Step xclbinutil: Started
INFO: [v++ 60-1453] Command Line: xclbinutil --add-section BITSTREAM:RAW:/home/miahafiz/NeuroRing_a_4096_5c/_x.hw.NUM_4096.CORE_5.FREQ_300/link/int/partial.bit --force --target hw --key-value SYS:dfx_enable:true --add-section :JSON:/home/miahafiz/NeuroRing_a_4096_5c/_x.hw.NUM_4096.CORE_5.FREQ_300/link/int/krnl_neuroring_hw.rtd --append-section :JSON:/home/miahafiz/NeuroRing_a_4096_5c/_x.hw.NUM_4096.CORE_5.FREQ_300/link/int/appendSection.rtd --add-section CLOCK_FREQ_TOPOLOGY:JSON:/home/miahafiz/NeuroRing_a_4096_5c/_x.hw.NUM_4096.CORE_5.FREQ_300/link/int/krnl_neuroring_hw_xml.rtd --add-section BUILD_METADATA:JSON:/home/miahafiz/NeuroRing_a_4096_5c/_x.hw.NUM_4096.CORE_5.FREQ_300/link/int/krnl_neuroring_hw_build.rtd --add-section EMBEDDED_METADATA:RAW:/home/miahafiz/NeuroRing_a_4096_5c/_x.hw.NUM_4096.CORE_5.FREQ_300/link/int/krnl_neuroring_hw.xml --add-section SYSTEM_METADATA:RAW:/home/miahafiz/NeuroRing_a_4096_5c/_x.hw.NUM_4096.CORE_5.FREQ_300/link/int/systemDiagramModelSlrBaseAddress.json --key-value SYS:PlatformVBNV:xilinx_u55c_gen3x16_xdma_3_202210_1 --output /home/miahafiz/NeuroRing_a_4096_5c/_build_dir.hw.NUM_4096.CORE_5.FREQ_300/krnl_neuroring_hw.xclbin
INFO: [v++ 60-1454] Run Directory: /home/miahafiz/NeuroRing_a_4096_5c/_x.hw.NUM_4096.CORE_5.FREQ_300/link/run_link
XRT Build Version: 2.18.179 (2024.2)
       Build Date: 2024-11-05 13:57:47
          Hash ID: 3ade2e671e5ab463400813fc2846c57edf82bb10
Creating a default 'in-memory' xclbin image.

Section: 'BITSTREAM'(0) was successfully added.
Size   : 60710222 bytes
Format : RAW
File   : '/home/miahafiz/NeuroRing_a_4096_5c/_x.hw.NUM_4096.CORE_5.FREQ_300/link/int/partial.bit'

Section: 'MEM_TOPOLOGY'(6) was successfully added.
Format : JSON
File   : 'mem_topology'

Section: 'IP_LAYOUT'(8) was successfully added.
Format : JSON
File   : 'ip_layout'

Section: 'CONNECTIVITY'(7) was successfully added.
Format : JSON
File   : 'connectivity'

Section: 'CLOCK_FREQ_TOPOLOGY'(11) was successfully added.
Size   : 410 bytes
Format : JSON
File   : '/home/miahafiz/NeuroRing_a_4096_5c/_x.hw.NUM_4096.CORE_5.FREQ_300/link/int/krnl_neuroring_hw_xml.rtd'

Section: 'BUILD_METADATA'(14) was successfully added.
Size   : 11700 bytes
Format : JSON
File   : '/home/miahafiz/NeuroRing_a_4096_5c/_x.hw.NUM_4096.CORE_5.FREQ_300/link/int/krnl_neuroring_hw_build.rtd'

Section: 'EMBEDDED_METADATA'(2) was successfully added.
Size   : 69332 bytes
Format : RAW
File   : '/home/miahafiz/NeuroRing_a_4096_5c/_x.hw.NUM_4096.CORE_5.FREQ_300/link/int/krnl_neuroring_hw.xml'

Section: 'SYSTEM_METADATA'(22) was successfully added.
Size   : 143142 bytes
Format : RAW
File   : '/home/miahafiz/NeuroRing_a_4096_5c/_x.hw.NUM_4096.CORE_5.FREQ_300/link/int/systemDiagramModelSlrBaseAddress.json'

Section: 'PARTITION_METADATA'(20) was successfully appended to.
Format : JSON
File   : 'partition_metadata'

Section: 'IP_LAYOUT'(8) was successfully appended to.
Format : JSON
File   : 'ip_layout'
Successfully wrote (60992646 bytes) to the output file: /home/miahafiz/NeuroRing_a_4096_5c/_build_dir.hw.NUM_4096.CORE_5.FREQ_300/krnl_neuroring_hw.xclbin
Leaving xclbinutil.
INFO: [v++ 60-1441] [09:15:52] Run run_link: Step xclbinutil: Completed
Time (s): cpu = 00:00:00.1 ; elapsed = 00:00:02 . Memory (MB): peak = 515.875 ; gain = 0.000 ; free physical = 77608 ; free virtual = 129294
INFO: [v++ 60-1443] [09:15:52] Run run_link: Step xclbinutilinfo: Started
INFO: [v++ 60-1453] Command Line: xclbinutil --quiet --force --info /home/miahafiz/NeuroRing_a_4096_5c/_build_dir.hw.NUM_4096.CORE_5.FREQ_300/krnl_neuroring_hw.xclbin.info --input /home/miahafiz/NeuroRing_a_4096_5c/_build_dir.hw.NUM_4096.CORE_5.FREQ_300/krnl_neuroring_hw.xclbin
INFO: [v++ 60-1454] Run Directory: /home/miahafiz/NeuroRing_a_4096_5c/_x.hw.NUM_4096.CORE_5.FREQ_300/link/run_link
INFO: [v++ 60-1441] [09:15:53] Run run_link: Step xclbinutilinfo: Completed
Time (s): cpu = 00:00:00.79 ; elapsed = 00:00:01 . Memory (MB): peak = 515.875 ; gain = 0.000 ; free physical = 77597 ; free virtual = 129283
INFO: [v++ 60-244] Generating system estimate report...
INFO: [v++ 60-1092] Generated system estimate report: /home/miahafiz/NeuroRing_a_4096_5c/_x.hw.NUM_4096.CORE_5.FREQ_300/reports/link/system_estimate_krnl_neuroring_hw.xtxt
INFO: [v++ 60-586] Created /home/miahafiz/NeuroRing_a_4096_5c/_build_dir.hw.NUM_4096.CORE_5.FREQ_300/krnl_neuroring_hw.ltx
INFO: [v++ 60-586] Created _build_dir.hw.NUM_4096.CORE_5.FREQ_300/krnl_neuroring_hw.xclbin
INFO: [v++ 60-1307] Run completed. Additional information can be found in:
	Guidance: /home/miahafiz/NeuroRing_a_4096_5c/_x.hw.NUM_4096.CORE_5.FREQ_300/reports/link/v++_link_krnl_neuroring_hw_guidance.html
	Timing Report: /home/miahafiz/NeuroRing_a_4096_5c/_x.hw.NUM_4096.CORE_5.FREQ_300/reports/link/imp/impl_1_hw_bb_locked_timing_summary_routed.rpt
	Vivado Log: /home/miahafiz/NeuroRing_a_4096_5c/_x.hw.NUM_4096.CORE_5.FREQ_300/logs/link/vivado.log
	Steps Log File: /home/miahafiz/NeuroRing_a_4096_5c/_x.hw.NUM_4096.CORE_5.FREQ_300/logs/link/link.steps.log

INFO: [v++ 60-2343] Use the Vitis Unified IDE to visualize and navigate the reports. Run the following command. 
    vitis --analyze /home/miahafiz/NeuroRing_a_4096_5c/_build_dir.hw.NUM_4096.CORE_5.FREQ_300/krnl_neuroring_hw.xclbin.link_summary 
INFO: [v++ 60-791] Total elapsed time: 3h 39m 11s
